Archive member included because of file (symbol)

c:/altera/12.1sp1/nios2eds/bin/gnu/h-i686-mingw32/bin/../lib/gcc/nios2-elf/4.1.2\libgcc.a(lib2-divmod.o)
                              obj/default/hello_ucosii.o (__modsi3)
c:/altera/12.1sp1/nios2eds/bin/gnu/h-i686-mingw32/bin/../lib/gcc/nios2-elf/4.1.2/../../../../nios2-elf/lib\libc.a(lib_a-printf.o)
                              obj/default/hello_ucosii.o (printf)
c:/altera/12.1sp1/nios2eds/bin/gnu/h-i686-mingw32/bin/../lib/gcc/nios2-elf/4.1.2/../../../../nios2-elf/lib\libc.a(lib_a-putchar.o)
                              obj/default/hello_ucosii.o (putchar)
c:/altera/12.1sp1/nios2eds/bin/gnu/h-i686-mingw32/bin/../lib/gcc/nios2-elf/4.1.2/../../../../nios2-elf/lib\libc.a(lib_a-vfprintf.o)
                              c:/altera/12.1sp1/nios2eds/bin/gnu/h-i686-mingw32/bin/../lib/gcc/nios2-elf/4.1.2/../../../../nios2-elf/lib\libc.a(lib_a-printf.o) (___vfprintf_internal_r)
c:/altera/12.1sp1/nios2eds/bin/gnu/h-i686-mingw32/bin/../lib/gcc/nios2-elf/4.1.2/../../../../nios2-elf/lib\libc.a(lib_a-wsetup.o)
                              c:/altera/12.1sp1/nios2eds/bin/gnu/h-i686-mingw32/bin/../lib/gcc/nios2-elf/4.1.2/../../../../nios2-elf/lib\libc.a(lib_a-vfprintf.o) (__swsetup_r)
c:/altera/12.1sp1/nios2eds/bin/gnu/h-i686-mingw32/bin/../lib/gcc/nios2-elf/4.1.2/../../../../nios2-elf/lib\libc.a(lib_a-dtoa.o)
                              c:/altera/12.1sp1/nios2eds/bin/gnu/h-i686-mingw32/bin/../lib/gcc/nios2-elf/4.1.2/../../../../nios2-elf/lib\libc.a(lib_a-vfprintf.o) (_dtoa_r)
c:/altera/12.1sp1/nios2eds/bin/gnu/h-i686-mingw32/bin/../lib/gcc/nios2-elf/4.1.2/../../../../nios2-elf/lib\libc.a(lib_a-fflush.o)
                              c:/altera/12.1sp1/nios2eds/bin/gnu/h-i686-mingw32/bin/../lib/gcc/nios2-elf/4.1.2/../../../../nios2-elf/lib\libc.a(lib_a-vfprintf.o) (_fflush_r)
c:/altera/12.1sp1/nios2eds/bin/gnu/h-i686-mingw32/bin/../lib/gcc/nios2-elf/4.1.2/../../../../nios2-elf/lib\libc.a(lib_a-findfp.o)
                              c:/altera/12.1sp1/nios2eds/bin/gnu/h-i686-mingw32/bin/../lib/gcc/nios2-elf/4.1.2/../../../../nios2-elf/lib\libc.a(lib_a-vfprintf.o) (__sinit)
c:/altera/12.1sp1/nios2eds/bin/gnu/h-i686-mingw32/bin/../lib/gcc/nios2-elf/4.1.2/../../../../nios2-elf/lib\libc.a(lib_a-freer.o)
                              c:/altera/12.1sp1/nios2eds/bin/gnu/h-i686-mingw32/bin/../lib/gcc/nios2-elf/4.1.2/../../../../nios2-elf/lib\libc.a(lib_a-wsetup.o) (_free_r)
c:/altera/12.1sp1/nios2eds/bin/gnu/h-i686-mingw32/bin/../lib/gcc/nios2-elf/4.1.2/../../../../nios2-elf/lib\libc.a(lib_a-fvwrite.o)
                              c:/altera/12.1sp1/nios2eds/bin/gnu/h-i686-mingw32/bin/../lib/gcc/nios2-elf/4.1.2/../../../../nios2-elf/lib\libc.a(lib_a-vfprintf.o) (__sfvwrite_r)
c:/altera/12.1sp1/nios2eds/bin/gnu/h-i686-mingw32/bin/../lib/gcc/nios2-elf/4.1.2/../../../../nios2-elf/lib\libc.a(lib_a-fwalk.o)
                              c:/altera/12.1sp1/nios2eds/bin/gnu/h-i686-mingw32/bin/../lib/gcc/nios2-elf/4.1.2/../../../../nios2-elf/lib\libc.a(lib_a-fflush.o) (_fwalk_reent)
c:/altera/12.1sp1/nios2eds/bin/gnu/h-i686-mingw32/bin/../lib/gcc/nios2-elf/4.1.2/../../../../nios2-elf/lib\libc.a(lib_a-impure.o)
                              c:/altera/12.1sp1/nios2eds/bin/gnu/h-i686-mingw32/bin/../lib/gcc/nios2-elf/4.1.2/../../../../nios2-elf/lib\libc.a(lib_a-printf.o) (_impure_ptr)
c:/altera/12.1sp1/nios2eds/bin/gnu/h-i686-mingw32/bin/../lib/gcc/nios2-elf/4.1.2/../../../../nios2-elf/lib\libc.a(lib_a-locale.o)
                              c:/altera/12.1sp1/nios2eds/bin/gnu/h-i686-mingw32/bin/../lib/gcc/nios2-elf/4.1.2/../../../../nios2-elf/lib\libc.a(lib_a-vfprintf.o) (_localeconv_r)
c:/altera/12.1sp1/nios2eds/bin/gnu/h-i686-mingw32/bin/../lib/gcc/nios2-elf/4.1.2/../../../../nios2-elf/lib\libc.a(lib_a-makebuf.o)
                              c:/altera/12.1sp1/nios2eds/bin/gnu/h-i686-mingw32/bin/../lib/gcc/nios2-elf/4.1.2/../../../../nios2-elf/lib\libc.a(lib_a-wsetup.o) (__smakebuf_r)
c:/altera/12.1sp1/nios2eds/bin/gnu/h-i686-mingw32/bin/../lib/gcc/nios2-elf/4.1.2/../../../../nios2-elf/lib\libc.a(lib_a-mallocr.o)
                              c:/altera/12.1sp1/nios2eds/bin/gnu/h-i686-mingw32/bin/../lib/gcc/nios2-elf/4.1.2/../../../../nios2-elf/lib\libc.a(lib_a-findfp.o) (_malloc_r)
c:/altera/12.1sp1/nios2eds/bin/gnu/h-i686-mingw32/bin/../lib/gcc/nios2-elf/4.1.2/../../../../nios2-elf/lib\libc.a(lib_a-memchr.o)
                              c:/altera/12.1sp1/nios2eds/bin/gnu/h-i686-mingw32/bin/../lib/gcc/nios2-elf/4.1.2/../../../../nios2-elf/lib\libc.a(lib_a-vfprintf.o) (memchr)
c:/altera/12.1sp1/nios2eds/bin/gnu/h-i686-mingw32/bin/../lib/gcc/nios2-elf/4.1.2/../../../../nios2-elf/lib\libc.a(lib_a-memcpy.o)
                              c:/altera/12.1sp1/nios2eds/bin/gnu/h-i686-mingw32/bin/../lib/gcc/nios2-elf/4.1.2/../../../../nios2-elf/lib\libc.a(lib_a-dtoa.o) (memcpy)
[...]
Memory Configuration

Name             Origin             Length             Attributes
sdram_0          0x00800000         0x00800000
sram_0           0x01080000         0x00080000
reset            0x01104000         0x00000020
onchip_memory2_0 0x01104020         0x00003fe0
*default*        0x00000000         0xffffffff

Linker script and memory map

LOAD ../SynthUnitTest_bsp//obj/HAL/src/crt0.o
LOAD obj/default/hello_ucosii.o
LOAD c:/altera/12.1sp1/nios2eds/bin/gnu/h-i686-mingw32/bin/../lib/gcc/nios2-elf/4.1.2/../../../../nios2-elf/lib\libstdc++.a
LOAD c:/altera/12.1sp1/nios2eds/bin/gnu/h-i686-mingw32/bin/../lib/gcc/nios2-elf/4.1.2/../../../../nios2-elf/lib\libm.a
LOAD c:/altera/12.1sp1/nios2eds/bin/gnu/h-i686-mingw32/bin/../lib/gcc/nios2-elf/4.1.2\libgcc.a
START GROUP
LOAD c:/altera/12.1sp1/nios2eds/bin/gnu/h-i686-mingw32/bin/../lib/gcc/nios2-elf/4.1.2/../../../../nios2-elf/lib\libc.a
LOAD c:/altera/12.1sp1/nios2eds/bin/gnu/h-i686-mingw32/bin/../lib/gcc/nios2-elf/4.1.2\libgcc.a
LOAD ../SynthUnitTest_bsp/\libucosii_bsp.a
END GROUP
LOAD c:/altera/12.1sp1/nios2eds/bin/gnu/h-i686-mingw32/bin/../lib/gcc/nios2-elf/4.1.2\libgcc.a
                0x00800000                __alt_mem_sdram_0 = 0x800000
                0x01080000                __alt_mem_sram_0 = 0x1080000
                0x01104000                __alt_mem_onchip_memory2_0 = 0x1104000

.entry          0x01104000       0x20
 *(.entry)
 .entry         0x01104000       0x20 ../SynthUnitTest_bsp//obj/HAL/src/crt0.o
                0x01104000                __reset

.exceptions     0x01104020      0x19c load address 0x00800000
                0x01104020                PROVIDE (__ram_exceptions_start, ABSOLUTE (.))
                0x01104020                . = ALIGN (0x20)
 *(.irq)
 *(.exceptions.entry.label)
 .exceptions.entry.label
                0x01104020        0x0 ../SynthUnitTest_bsp/\libucosii_bsp.a(alt_irq_entry.o)
                0x01104020                alt_irq_entry
 .exceptions.entry.label
                0x01104020        0x0 ../SynthUnitTest_bsp/\libucosii_bsp.a(alt_exception_entry.o)
                0x01104020                alt_exception
 *(.exceptions.entry.user)
 *(.exceptions.entry)
 .exceptions.entry
                0x01104020       0x54 ../SynthUnitTest_bsp/\libucosii_bsp.a(alt_exception_entry.o)
 *(.exceptions.irqtest.user)
 *(.exceptions.irqtest)
 .exceptions.irqtest
                0x01104074       0x10 ../SynthUnitTest_bsp/\libucosii_bsp.a(alt_irq_entry.o)
 *(.exceptions.irqhandler.user)
 *(.exceptions.irqhandler)
 .exceptions.irqhandler
                0x01104084        0x4 ../SynthUnitTest_bsp/\libucosii_bsp.a(alt_irq_entry.o)
 *(.exceptions.irqreturn.user)
 *(.exceptions.irqreturn)
 .exceptions.irqreturn
                0x01104088        0x4 ../SynthUnitTest_bsp/\libucosii_bsp.a(alt_irq_entry.o)
 *(.exceptions.notirq.label)
 .exceptions.notirq.label
                0x0110408c        0x0 ../SynthUnitTest_bsp/\libucosii_bsp.a(alt_irq_entry.o)
 *(.exceptions.notirq.user)
 *(.exceptions.notirq)
 .exceptions.notirq
                0x0110408c        0x8 ../SynthUnitTest_bsp/\libucosii_bsp.a(alt_exception_entry.o)
 *(.exceptions.soft.user)
 *(.exceptions.soft)
 *(.exceptions.unknown.user)
 *(.exceptions.unknown)
 .exceptions.unknown
                0x01104094        0x4 ../SynthUnitTest_bsp/\libucosii_bsp.a(alt_exception_entry.o)
 *(.exceptions.exit.label)
 .exceptions.exit.label
                0x01104098        0x0 ../SynthUnitTest_bsp/\libucosii_bsp.a(alt_irq_entry.o)
 .exceptions.exit.label
                0x01104098        0x0 ../SynthUnitTest_bsp/\libucosii_bsp.a(alt_exception_entry.o)
 *(.exceptions.exit.user)
 *(.exceptions.exit)
 .exceptions.exit
                0x01104098       0x54 ../SynthUnitTest_bsp/\libucosii_bsp.a(alt_exception_entry.o)
 *(.exceptions)
 .exceptions    0x011040ec       0xd0 ../SynthUnitTest_bsp/\libucosii_bsp.a(alt_irq_handler.o)
                0x011040ec                alt_irq_handler
                0x011041bc                PROVIDE (__ram_exceptions_end, ABSOLUTE (.))
                0x00800000                PROVIDE (__flash_exceptions_start, LOADADDR (.exceptions))

.text           0x0080019c    0x15e2c
                0x0080019c                PROVIDE (stext, ABSOLUTE (.))
 *(.interp)
 *(.hash)
 *(.dynsym)
 *(.dynstr)
 *(.gnu.version)
 *(.gnu.version_d)
 *(.gnu.version_r)
 *(.rel.init)
 *(.rela.init)
 *(.rel.text .rel.text.* .rel.gnu.linkonce.t.*)
 *(.rela.text .rela.text.* .rela.gnu.linkonce.t.*)
 *(.rel.fini)
 *(.rela.fini)
 *(.rel.rodata .rel.rodata.* .rel.gnu.linkonce.r.*)
 *(.rela.rodata .rela.rodata.* .rela.gnu.linkonce.r.*)
 *(.rel.data .rel.data.* .rel.gnu.linkonce.d.*)
 *(.rela.data .rela.data.* .rela.gnu.linkonce.d.*)
 *(.rel.tdata .rel.tdata.* .rel.gnu.linkonce.td.*)
 *(.rela.tdata .rela.tdata.* .rela.gnu.linkonce.td.*)
 *(.rel.tbss .rel.tbss.* .rel.gnu.linkonce.tb.*)
 *(.rela.tbss .rela.tbss.* .rela.gnu.linkonce.tb.*)
 *(.rel.ctors)
 *(.rela.ctors)
 *(.rel.dtors)
 *(.rela.dtors)
 *(.rel.got)
 *(.rela.got)
 *(.rel.sdata .rel.sdata.* .rel.gnu.linkonce.s.*)
 *(.rela.sdata .rela.sdata.* .rela.gnu.linkonce.s.*)
 *(.rel.sbss .rel.sbss.* .rel.gnu.linkonce.sb.*)
 *(.rela.sbss .rela.sbss.* .rela.gnu.linkonce.sb.*)
 *(.rel.sdata2 .rel.sdata2.* .rel.gnu.linkonce.s2.*)
 *(.rela.sdata2 .rela.sdata2.* .rela.gnu.linkonce.s2.*)
 *(.rel.sbss2 .rel.sbss2.* .rel.gnu.linkonce.sb2.*)
 *(.rela.sbss2 .rela.sbss2.* .rela.gnu.linkonce.sb2.*)
 *(.rel.bss .rel.bss.* .rel.gnu.linkonce.b.*)
 *(.rela.bss .rela.bss.* .rela.gnu.linkonce.b.*)
 *(.rel.plt)
 *(.rela.plt)
 *(.rel.dyn)
 *(.init)
 *(.plt)
 *(.text .stub .text.* .gnu.linkonce.t.*)
 .text          0x0080019c       0x4c ../SynthUnitTest_bsp//obj/HAL/src/crt0.o
                0x0080019c                _start
 .text          0x008001e8      0x110 obj/default/hello_ucosii.o
                0x008001e8                task1
                0x0080028c                main
 .text          0x008002f8      0x14c c:/altera/12.1sp1/nios2eds/bin/gnu/h-i686-mingw32/bin/../lib/gcc/nios2-elf/4.1.2\libgcc.a(lib2-divmod.o)
                0x00800374                __divsi3
                0x008003d4                __modsi3
                0x00800434                __udivsi3
                0x0080043c                __umodsi3
 .text          0x00800444       0x78 c:/altera/12.1sp1/nios2eds/bin/gnu/h-i686-mingw32/bin/../lib/gcc/nios2-elf/4.1.2/../../../../nios2-elf/lib\libc.a(lib_a-printf.o)
                0x00800444                printf
                0x00800488                _printf_r
 .text          0x008004bc       0x24 c:/altera/12.1sp1/nios2eds/bin/gnu/h-i686-mingw32/bin/../lib/gcc/nios2-elf/4.1.2/../../../../nios2-elf/lib\libc.a(lib_a-putchar.o)
                0x008004bc                putchar
                0x008004d8                _putchar_r
 .text          0x008004e0     0x1f28 c:/altera/12.1sp1/nios2eds/bin/gnu/h-i686-mingw32/bin/../lib/gcc/nios2-elf/4.1.2/../../../../nios2-elf/lib\libc.a(lib_a-vfprintf.o)
                0x00800538                ___vfprintf_internal_r
                0x008023e4                __vfprintf_internal
 .text          0x00802408      0x13c c:/altera/12.1sp1/nios2eds/bin/gnu/h-i686-mingw32/bin/../lib/gcc/nios2-elf/4.1.2/../../../../nios2-elf/lib\libc.a(lib_a-wsetup.o)
                0x00802408                __swsetup_r
 .text          0x00802544     0x17cc c:/altera/12.1sp1/nios2eds/bin/gnu/h-i686-mingw32/bin/../lib/gcc/nios2-elf/4.1.2/../../../../nios2-elf/lib\libc.a(lib_a-dtoa.o)
                0x0080275c                _dtoa_r
 .text          0x00803d10      0x230 c:/altera/12.1sp1/nios2eds/bin/gnu/h-i686-mingw32/bin/../lib/gcc/nios2-elf/4.1.2/../../../../nios2-elf/lib\libc.a(lib_a-fflush.o)
                0x00803d10                _fflush_r
                0x00803f0c                fflush
 .text          0x00803f40      0x2c0 c:/altera/12.1sp1/nios2eds/bin/gnu/h-i686-mingw32/bin/../lib/gcc/nios2-elf/4.1.2/../../../../nios2-elf/lib\libc.a(lib_a-findfp.o)
                0x00803f98                __sfp_lock_acquire
                0x00803f9c                __sfp_lock_release
                0x00803fa0                __sinit_lock_acquire
                0x00803fa4                __sinit_lock_release
                0x00803fa8                __sinit
                0x0080405c                __fp_unlock_all
                0x00804074                __fp_lock_all
                0x0080408c                _cleanup_r
                0x00804098                _cleanup
                0x008040a8                __sfmoreglue
                0x00804110                __sfp
 .text          0x00804200      0x440 c:/altera/12.1sp1/nios2eds/bin/gnu/h-i686-mingw32/bin/../lib/gcc/nios2-elf/4.1.2/../../../../nios2-elf/lib\libc.a(lib_a-freer.o)
                0x00804200                _malloc_trim_r
                0x0080432c                _free_r
 .text          0x00804640      0x49c c:/altera/12.1sp1/nios2eds/bin/gnu/h-i686-mingw32/bin/../lib/gcc/nios2-elf/4.1.2/../../../../nios2-elf/lib\libc.a(lib_a-fvwrite.o)
                0x00804640                __sfvwrite_r
 .text          0x00804adc      0x180 c:/altera/12.1sp1/nios2eds/bin/gnu/h-i686-mingw32/bin/../lib/gcc/nios2-elf/4.1.2/../../../../nios2-elf/lib\libc.a(lib_a-fwalk.o)
                0x00804adc                _fwalk_reent
                0x00804ba4                _fwalk
 .text          0x00804c5c        0x0 c:/altera/12.1sp1/nios2eds/bin/gnu/h-i686-mingw32/bin/../lib/gcc/nios2-elf/4.1.2/../../../../nios2-elf/lib\libc.a(lib_a-impure.o)
 .text          0x00804c5c       0xc4 c:/altera/12.1sp1/nios2eds/bin/gnu/h-i686-mingw32/bin/../lib/gcc/nios2-elf/4.1.2/../../../../nios2-elf/lib\libc.a(lib_a-locale.o)
                0x00804c5c                __locale_charset
                0x00804c64                _localeconv_r
                0x00804c70                localeconv
                0x00804c80                _setlocale_r
                0x00804d04                setlocale
 .text          0x00804d20      0x194 c:/altera/12.1sp1/nios2eds/bin/gnu/h-i686-mingw32/bin/../lib/gcc/nios2-elf/4.1.2/../../../../nios2-elf/lib\libc.a(lib_a-makebuf.o)
                0x00804d20                __smakebuf_r
 .text          0x00804eb4      0x740 c:/altera/12.1sp1/nios2eds/bin/gnu/h-i686-mingw32/bin/../lib/gcc/nios2-elf/4.1.2/../../../../nios2-elf/lib\libc.a(lib_a-mallocr.o)
                0x00804eb4                _malloc_r
 .text          0x008055f4       0xe4 c:/altera/12.1sp1/nios2eds/bin/gnu/h-i686-mingw32/bin/../lib/gcc/nios2-elf/4.1.2/../../../../nios2-elf/lib\libc.a(lib_a-memchr.o)
                0x008055f4                memchr
 .text          0x008056d8       0xa0 c:/altera/12.1sp1/nios2eds/bin/gnu/h-i686-mingw32/bin/../lib/gcc/nios2-elf/4.1.2/../../../../nios2-elf/lib\libc.a(lib_a-memcpy.o)
                0x008056d8                memcpy
 .text          0x00805778       0xe0 c:/altera/12.1sp1/nios2eds/bin/gnu/h-i686-mingw32/bin/../lib/gcc/nios2-elf/4.1.2/../../../../nios2-elf/lib\libc.a(lib_a-memmove.o)
                0x00805778                memmove
 .text          0x00805858       0x98 c:/altera/12.1sp1/nios2eds/bin/gnu/h-i686-mingw32/bin/../lib/gcc/nios2-elf/4.1.2/../../../../nios2-elf/lib\libc.a(lib_a-memset.o)
                0x00805858                memset
 .text          0x008058f0      0xff4 c:/altera/12.1sp1/nios2eds/bin/gnu/h-i686-mingw32/bin/../lib/gcc/nios2-elf/4.1.2/../../../../nios2-elf/lib\libc.a(lib_a-mprec.o)
                0x008058f0                _Bfree
                0x00805918                __hi0bits
                0x00805988                __lo0bits
                0x00805a4c                __mcmp
                0x00805aac                __ulp
                0x00805b2c                __b2d
                0x00805c4c                __ratio
                0x00805cfc                _mprec_log10
                0x00805d90                __copybits
                0x00805de8                __any_on
                0x00805e70                _Balloc
                0x00805f2c                __d2b
                0x008060a8                __mdiff
                0x00806234                __lshift
                0x00806380                __multiply
                0x00806568                __i2b
                0x008065a4                __multadd
                0x008066a4                __pow5mult
                0x008067c4                __s2b
 .text          0x008068e4      0x1ec c:/altera/12.1sp1/nios2eds/bin/gnu/h-i686-mingw32/bin/../lib/gcc/nios2-elf/4.1.2/../../../../nios2-elf/lib\libc.a(lib_a-putc.o)
                0x008068e4                putc
                0x008069e8                _putc_r
 .text          0x00806ad0      0x5f4 c:/altera/12.1sp1/nios2eds/bin/gnu/h-i686-mingw32/bin/../lib/gcc/nios2-elf/4.1.2/../../../../nios2-elf/lib\libc.a(lib_a-reallocr.o)
                0x00806ad0                _realloc_r
 .text          0x008070c4       0x40 c:/altera/12.1sp1/nios2eds/bin/gnu/h-i686-mingw32/bin/../lib/gcc/nios2-elf/4.1.2/../../../../nios2-elf/lib\libc.a(lib_a-s_isinfd.o)
                0x008070c4                __isinfd
 .text          0x00807104       0x30 c:/altera/12.1sp1/nios2eds/bin/gnu/h-i686-mingw32/bin/../lib/gcc/nios2-elf/4.1.2/../../../../nios2-elf/lib\libc.a(lib_a-s_isnand.o)
                0x00807104                __isnand
 .text          0x00807134       0x70 c:/altera/12.1sp1/nios2eds/bin/gnu/h-i686-mingw32/bin/../lib/gcc/nios2-elf/4.1.2/../../../../nios2-elf/lib\libc.a(lib_a-sbrkr.o)
                0x00807134                _sbrk_r
 .text          0x008071a4      0x14c c:/altera/12.1sp1/nios2eds/bin/gnu/h-i686-mingw32/bin/../lib/gcc/nios2-elf/4.1.2/../../../../nios2-elf/lib\libc.a(lib_a-stdio.o)
                0x008071a4                __sclose
                0x008071ac                __sseek
                0x00807214                __swrite
                0x00807290                __sread
 .text          0x008072f0       0xbc c:/altera/12.1sp1/nios2eds/bin/gnu/h-i686-mingw32/bin/../lib/gcc/nios2-elf/4.1.2/../../../../nios2-elf/lib\libc.a(lib_a-strcmp.o)
                0x008072f0                strcmp
 .text          0x008073ac       0x74 c:/altera/12.1sp1/nios2eds/bin/gnu/h-i686-mingw32/bin/../lib/gcc/nios2-elf/4.1.2/../../../../nios2-elf/lib\libc.a(lib_a-strlen.o)
                0x008073ac                strlen
 .text          0x00807420      0x14c c:/altera/12.1sp1/nios2eds/bin/gnu/h-i686-mingw32/bin/../lib/gcc/nios2-elf/4.1.2/../../../../nios2-elf/lib\libc.a(lib_a-wbuf.o)
                0x00807420                __swbuf_r
                0x00807550                __swbuf
 .text          0x0080756c       0x78 c:/altera/12.1sp1/nios2eds/bin/gnu/h-i686-mingw32/bin/../lib/gcc/nios2-elf/4.1.2/../../../../nios2-elf/lib\libc.a(lib_a-writer.o)
                0x0080756c                _write_r
 .text          0x008075e4       0xb4 c:/altera/12.1sp1/nios2eds/bin/gnu/h-i686-mingw32/bin/../lib/gcc/nios2-elf/4.1.2/../../../../nios2-elf/lib\libc.a(lib_a-callocr.o)
                0x008075e4                _calloc_r
 .text          0x00807698       0x70 c:/altera/12.1sp1/nios2eds/bin/gnu/h-i686-mingw32/bin/../lib/gcc/nios2-elf/4.1.2/../../../../nios2-elf/lib\libc.a(lib_a-closer.o)
                0x00807698                _close_r
 .text          0x00807708      0x124 c:/altera/12.1sp1/nios2eds/bin/gnu/h-i686-mingw32/bin/../lib/gcc/nios2-elf/4.1.2/../../../../nios2-elf/lib\libc.a(lib_a-fclose.o)
                0x00807708                _fclose_r
                0x00807818                fclose
 .text          0x0080782c       0x74 c:/altera/12.1sp1/nios2eds/bin/gnu/h-i686-mingw32/bin/../lib/gcc/nios2-elf/4.1.2/../../../../nios2-elf/lib\libc.a(lib_a-fstatr.o)
                0x0080782c                _fstat_r
 .text          0x008078a0        0x0 c:/altera/12.1sp1/nios2eds/bin/gnu/h-i686-mingw32/bin/../lib/gcc/nios2-elf/4.1.2/../../../../nios2-elf/lib\libc.a(lib_a-int_errno.o)
 .text          0x008078a0       0x70 c:/altera/12.1sp1/nios2eds/bin/gnu/h-i686-mingw32/bin/../lib/gcc/nios2-elf/4.1.2/../../../../nios2-elf/lib\libc.a(lib_a-isattyr.o)
                0x008078a0                _isatty_r
 .text          0x00807910       0x78 c:/altera/12.1sp1/nios2eds/bin/gnu/h-i686-mingw32/bin/../lib/gcc/nios2-elf/4.1.2/../../../../nios2-elf/lib\libc.a(lib_a-lseekr.o)
                0x00807910                _lseek_r
 .text          0x00807988       0x78 c:/altera/12.1sp1/nios2eds/bin/gnu/h-i686-mingw32/bin/../lib/gcc/nios2-elf/4.1.2/../../../../nios2-elf/lib\libc.a(lib_a-readr.o)
                0x00807988                _read_r
 .text          0x00807a00      0x5dc c:/altera/12.1sp1/nios2eds/bin/gnu/h-i686-mingw32/bin/../lib/gcc/nios2-elf/4.1.2\libgcc.a(_udivdi3.o)
                0x00807a00                __udivdi3
 .text          0x00807fdc      0x5b0 c:/altera/12.1sp1/nios2eds/bin/gnu/h-i686-mingw32/bin/../lib/gcc/nios2-elf/4.1.2\libgcc.a(_umoddi3.o)
                0x00807fdc                __umoddi3
 .text          0x0080858c      0x504 c:/altera/12.1sp1/nios2eds/bin/gnu/h-i686-mingw32/bin/../lib/gcc/nios2-elf/4.1.2\libgcc.a(_addsub_df.o)
                0x0080899c                __subdf3
                0x00808a1c                __adddf3
 .text          0x00808a90      0x3c4 c:/altera/12.1sp1/nios2eds/bin/gnu/h-i686-mingw32/bin/../lib/gcc/nios2-elf/4.1.2\libgcc.a(_mul_df.o)
                0x00808a90                __muldf3
 .text          0x00808e54      0x258 c:/altera/12.1sp1/nios2eds/bin/gnu/h-i686-mingw32/bin/../lib/gcc/nios2-elf/4.1.2\libgcc.a(_div_df.o)
                0x00808e54                __divdf3
 .text          0x008090ac       0x88 c:/altera/12.1sp1/nios2eds/bin/gnu/h-i686-mingw32/bin/../lib/gcc/nios2-elf/4.1.2\libgcc.a(_eq_df.o)
                0x008090ac                __eqdf2
 .text          0x00809134       0x88 c:/altera/12.1sp1/nios2eds/bin/gnu/h-i686-mingw32/bin/../lib/gcc/nios2-elf/4.1.2\libgcc.a(_ne_df.o)
                0x00809134                __nedf2
 .text          0x008091bc       0x88 c:/altera/12.1sp1/nios2eds/bin/gnu/h-i686-mingw32/bin/../lib/gcc/nios2-elf/4.1.2\libgcc.a(_gt_df.o)
                0x008091bc                __gtdf2
 .text          0x00809244       0x88 c:/altera/12.1sp1/nios2eds/bin/gnu/h-i686-mingw32/bin/../lib/gcc/nios2-elf/4.1.2\libgcc.a(_ge_df.o)
                0x00809244                __gedf2
 .text          0x008092cc       0x88 c:/altera/12.1sp1/nios2eds/bin/gnu/h-i686-mingw32/bin/../lib/gcc/nios2-elf/4.1.2\libgcc.a(_lt_df.o)
                0x008092cc                __ltdf2
 .text          0x00809354       0xf8 c:/altera/12.1sp1/nios2eds/bin/gnu/h-i686-mingw32/bin/../lib/gcc/nios2-elf/4.1.2\libgcc.a(_si_to_df.o)
                0x00809354                __floatsidf
 .text          0x0080944c       0xd8 c:/altera/12.1sp1/nios2eds/bin/gnu/h-i686-mingw32/bin/../lib/gcc/nios2-elf/4.1.2\libgcc.a(_df_to_si.o)
                0x0080944c                __fixdfsi
 .text          0x00809524        0x0 c:/altera/12.1sp1/nios2eds/bin/gnu/h-i686-mingw32/bin/../lib/gcc/nios2-elf/4.1.2\libgcc.a(_thenan_df.o)
 .text          0x00809524      0x194 c:/altera/12.1sp1/nios2eds/bin/gnu/h-i686-mingw32/bin/../lib/gcc/nios2-elf/4.1.2\libgcc.a(_usi_to_df.o)
                0x00809524                __floatunsidf
 .text          0x008096b8       0x98 c:/altera/12.1sp1/nios2eds/bin/gnu/h-i686-mingw32/bin/../lib/gcc/nios2-elf/4.1.2\libgcc.a(_muldi3.o)
                0x008096b8                __muldi3
 .text          0x00809750        0x0 c:/altera/12.1sp1/nios2eds/bin/gnu/h-i686-mingw32/bin/../lib/gcc/nios2-elf/4.1.2\libgcc.a(_clz.o)
 .text          0x00809750       0x80 c:/altera/12.1sp1/nios2eds/bin/gnu/h-i686-mingw32/bin/../lib/gcc/nios2-elf/4.1.2\libgcc.a(_clzsi2.o)
                0x00809750                __clzsi2
 .text          0x008097d0      0x314 c:/altera/12.1sp1/nios2eds/bin/gnu/h-i686-mingw32/bin/../lib/gcc/nios2-elf/4.1.2\libgcc.a(_pack_df.o)
                0x008097d0                __pack_d
 .text          0x00809ae4      0x138 c:/altera/12.1sp1/nios2eds/bin/gnu/h-i686-mingw32/bin/../lib/gcc/nios2-elf/4.1.2\libgcc.a(_unpack_df.o)
                0x00809ae4                __unpack_d
 .text          0x00809c1c       0xc8 c:/altera/12.1sp1/nios2eds/bin/gnu/h-i686-mingw32/bin/../lib/gcc/nios2-elf/4.1.2\libgcc.a(_fpcmp_parts_df.o)
                0x00809c1c                __fpcmp_parts_d
 .text          0x00809ce4      0x15c ../SynthUnitTest_bsp/\libucosii_bsp.a(alt_close.o)
                0x00809ce4                close
 .text          0x00809e40       0x2c ../SynthUnitTest_bsp/\libucosii_bsp.a(alt_dev.o)
 .text          0x00809e6c        0x0 ../SynthUnitTest_bsp/\libucosii_bsp.a(alt_errno.o)
 .text          0x00809e6c      0x134 ../SynthUnitTest_bsp/\libucosii_bsp.a(alt_fstat.o)
                0x00809e6c                fstat
 .text          0x00809fa0      0x120 ../SynthUnitTest_bsp/\libucosii_bsp.a(alt_isatty.o)
                0x00809fa0                isatty
 .text          0x0080a0c0       0xec ../SynthUnitTest_bsp/\libucosii_bsp.a(alt_load.o)
                0x0080a0c0                alt_load
 .text          0x0080a1ac      0x150 ../SynthUnitTest_bsp/\libucosii_bsp.a(alt_lseek.o)
                0x0080a1ac                lseek
 .text          0x0080a2fc       0xc8 ../SynthUnitTest_bsp/\libucosii_bsp.a(alt_main.o)
                0x0080a2fc                alt_main
 .text          0x0080a3c4      0x180 ../SynthUnitTest_bsp/\libucosii_bsp.a(alt_read.o)
                0x0080a3c4                read
 .text          0x0080a544       0x60 ../SynthUnitTest_bsp/\libucosii_bsp.a(alt_release_fd.o)
                0x0080a544                alt_release_fd
 .text          0x0080a5a4       0xbc ../SynthUnitTest_bsp/\libucosii_bsp.a(alt_sbrk.o)
                0x0080a5a4                sbrk
 .text          0x0080a660      0x180 ../SynthUnitTest_bsp/\libucosii_bsp.a(alt_write.o)
                0x0080a660                write
 .text          0x0080a7e0      0x108 ../SynthUnitTest_bsp/\libucosii_bsp.a(alt_env_lock.o)
                0x0080a7e0                __env_lock
                0x0080a88c                __env_unlock
 .text          0x0080a8e8      0x1d8 ../SynthUnitTest_bsp/\libucosii_bsp.a(alt_malloc_lock.o)
                0x0080a8e8                __malloc_lock
                0x0080a9f0                __malloc_unlock
 .text          0x0080aac0     0x2128 ../SynthUnitTest_bsp/\libucosii_bsp.a(os_core.o)
                0x0080aac0                OSEventNameGet
                0x0080abf0                OSEventNameSet
                0x0080ad34                OSEventPendMulti
                0x0080b3e8                OSInit
                0x0080b43c                OSIntEnter
                0x0080b4b8                OSIntExit
                0x0080b5b8                OSSchedLock
                0x0080b644                OSSchedUnlock
                0x0080b728                OSStart
                0x0080b798                OSStatInit
                0x0080b844                OSTimeTick
                0x0080ba84                OSVersion
                0x0080baa4                OS_Dummy
                0x0080bac0                OS_EventTaskRdy
                0x0080bc54                OS_EventTaskWait
                0x0080bd64                OS_EventTaskWaitMulti
                0x0080beb8                OS_EventTaskRemove
                0x0080bf70                OS_EventTaskRemoveMulti
                0x0080c074                OS_EventWaitListInit
                0x0080c440                OS_MemClr
                0x0080c494                OS_MemCopy
                0x0080c500                OS_Sched
                0x0080c644                OS_StrCopy
                0x0080c6c4                OS_StrLen
                0x0080c71c                OS_TaskIdle
                0x0080c778                OS_TaskStat
                0x0080c840                OS_TaskStatStkChk
                0x0080c908                OS_TCBInit
 .text          0x0080cbe8      0x18c ../SynthUnitTest_bsp/\libucosii_bsp.a(os_dbg.o)
                0x0080cbe8                OSDebugInit
 .text          0x0080cd74     0x193c ../SynthUnitTest_bsp/\libucosii_bsp.a(os_flag.o)
                0x0080cd74                OSFlagAccept
                0x0080d0a8                OSFlagCreate
                0x0080d1e4                OSFlagDel
                0x0080d48c                OSFlagNameGet
                0x0080d5d0                OSFlagNameSet
                0x0080d724                OSFlagPend
                0x0080dd68                OSFlagPendGetFlagsRdy
                0x0080ddd0                OSFlagPost
                0x0080e178                OSFlagQuery
                0x0080e410                OS_FlagInit
                0x0080e604                OS_FlagUnlink
 .text          0x0080e6b0      0x808 ../SynthUnitTest_bsp/\libucosii_bsp.a(os_mem.o)
                0x0080e6b0                OSMemCreate
                0x0080e8cc                OSMemGet
                0x0080e9d0                OSMemNameGet
                0x0080eadc                OSMemNameSet
                0x0080ebfc                OSMemPut
                0x0080ecec                OSMemQuery
                0x0080ede8                OS_MemInit
 .text          0x0080eeb8     0x1334 ../SynthUnitTest_bsp/\libucosii_bsp.a(os_q.o)
                0x0080eeb8                OSQAccept
                0x0080f00c                OSQCreate
                0x0080f220                OSQDel
                0x0080f520                OSQFlush
                0x0080f5e8                OSQPend
                0x0080f908                OSQPendAbort
                0x0080fa84                OSQPost
                0x0080fc04                OSQPostFront
                0x0080fd8c                OSQPostOpt
                0x0080ffc0                OSQQuery
                0x00810140                OS_QInit
 .text          0x008101ec      0xbc8 ../SynthUnitTest_bsp/\libucosii_bsp.a(os_sem.o)
                0x008101ec                OSSemAccept
                0x008102ac                OSSemCreate
                0x008103c0                OSSemDel
                0x00810660                OSSemPend
                0x008108dc                OSSemPendAbort
                0x00810a58                OSSemPost
                0x00810b80                OSSemQuery
                0x00810cb0                OSSemSet
 .text          0x00810db4     0x1a40 ../SynthUnitTest_bsp/\libucosii_bsp.a(os_task.o)
                0x00810db4                OSTaskChangePrio
                0x00811328                OSTaskCreate
                0x008114fc                OSTaskCreateExt
                0x008116fc                OSTaskDel
                0x00811b08                OSTaskDelReq
                0x00811c78                OSTaskNameGet
                0x00811e30                OSTaskNameSet
                0x00811ff4                OSTaskResume
                0x0081220c                OSTaskStkChk
                0x00812408                OSTaskSuspend
                0x00812634                OSTaskQuery
                0x00812778                OS_TaskStkClr
 .text          0x008127f4      0x598 ../SynthUnitTest_bsp/\libucosii_bsp.a(os_time.o)
                0x008127f4                OSTimeDly
                0x00812940                OSTimeDlyHMSM
                0x00812ab4                OSTimeDlyResume
                0x00812cc4                OSTimeGet
                0x00812d28                OSTimeSet
 .text          0x00812d8c       0xe0 ../SynthUnitTest_bsp/\libucosii_bsp.a(alt_sys_init.o)
                0x00812d8c                alt_irq_init
                0x00812dc0                alt_sys_init
 .text          0x00812e6c      0x560 ../SynthUnitTest_bsp/\libucosii_bsp.a(altera_avalon_fifo_util.o)
                0x00812e6c                altera_avalon_fifo_init
                0x00812f28                altera_avalon_fifo_read_status
                0x00812f64                altera_avalon_fifo_read_ienable
                0x00812fa0                altera_avalon_fifo_read_almostfull
                0x00812fcc                altera_avalon_fifo_read_almostempty
                0x00812ff8                altera_avalon_fifo_read_event
                0x00813034                altera_avalon_fifo_read_level
                0x0081305c                altera_avalon_fifo_clear_event
                0x008130c4                altera_avalon_fifo_write_ienable
                0x00813124                altera_avalon_fifo_write_almostfull
                0x00813184                altera_avalon_fifo_write_almostempty
                0x008131e4                altera_avalon_fifo_write_fifo
                0x00813248                altera_avalon_read_fifo
                0x008132b8                altera_avalon_fifo_read_fifo
                0x00813310                altera_avalon_fifo_write_other_info
                0x00813378                altera_avalon_fifo_read_other_info
                0x008133a4                altera_avalon_fifo_read_backpressure
 .text          0x008133cc      0x148 ../SynthUnitTest_bsp/\libucosii_bsp.a(altera_avalon_jtag_uart_fd.o)
                0x008133cc                altera_avalon_jtag_uart_read_fd
                0x00813424                altera_avalon_jtag_uart_write_fd
                0x0081347c                altera_avalon_jtag_uart_close_fd
                0x008134c4                altera_avalon_jtag_uart_ioctl_fd
 .text          0x00813514      0x584 ../SynthUnitTest_bsp/\libucosii_bsp.a(altera_avalon_jtag_uart_init.o)
                0x00813514                altera_avalon_jtag_uart_init
                0x00813a24                altera_avalon_jtag_uart_close
 .text          0x00813a98       0xf4 ../SynthUnitTest_bsp/\libucosii_bsp.a(altera_avalon_jtag_uart_ioctl.o)
                0x00813a98                altera_avalon_jtag_uart_ioctl
 .text          0x00813b8c      0x2c0 ../SynthUnitTest_bsp/\libucosii_bsp.a(altera_avalon_jtag_uart_read.o)
                0x00813b8c                altera_avalon_jtag_uart_read
 .text          0x00813e4c      0x2dc ../SynthUnitTest_bsp/\libucosii_bsp.a(altera_avalon_jtag_uart_write.o)
                0x00813e4c                altera_avalon_jtag_uart_write
 .text          0x00814128      0x100 ../SynthUnitTest_bsp/\libucosii_bsp.a(altera_avalon_timer_sc.o)
                0x00814198                alt_avalon_timer_sc_init
 .text          0x00814228      0x530 ../SynthUnitTest_bsp/\libucosii_bsp.a(altera_up_avalon_character_lcd.o)
                0x00814228                get_DDRAM_addr
                0x008142a4                alt_up_character_lcd_send_cmd
                0x008142d8                alt_up_character_lcd_init
                0x0081430c                alt_up_character_lcd_open_dev
                0x0081434c                alt_up_character_lcd_write
                0x008143c4                alt_up_character_lcd_string
                0x0081443c                alt_up_character_lcd_write_fd
                0x00814488                alt_up_character_lcd_set_cursor_pos
                0x00814500                alt_up_character_lcd_shift_cursor
                0x008145b0                alt_up_character_lcd_shift_display
                0x00814660                alt_up_character_lcd_erase_pos
                0x008146f0                alt_up_character_lcd_cursor_off
                0x00814724                alt_up_character_lcd_cursor_blink_on
 .text          0x00814758      0x154 ../SynthUnitTest_bsp/\libucosii_bsp.a(alt_alarm_start.o)
                0x00814758                alt_alarm_start
 .text          0x008148ac       0x44 ../SynthUnitTest_bsp/\libucosii_bsp.a(alt_dcache_flush_all.o)
                0x008148ac                alt_dcache_flush_all
 .text          0x008148f0      0x114 ../SynthUnitTest_bsp/\libucosii_bsp.a(alt_dev_llist_insert.o)
                0x008148f0                alt_dev_llist_insert
 .text          0x00814a04       0x64 ../SynthUnitTest_bsp/\libucosii_bsp.a(alt_do_ctors.o)
                0x00814a04                _do_ctors
 .text          0x00814a68       0x64 ../SynthUnitTest_bsp/\libucosii_bsp.a(alt_do_dtors.o)
                0x00814a68                _do_dtors
 .text          0x00814acc       0x94 ../SynthUnitTest_bsp/\libucosii_bsp.a(alt_find_dev.o)
                0x00814acc                alt_find_dev
 .text          0x00814b60       0x30 ../SynthUnitTest_bsp/\libucosii_bsp.a(alt_icache_flush_all.o)
                0x00814b60                alt_icache_flush_all
 .text          0x00814b90      0x1d4 ../SynthUnitTest_bsp/\libucosii_bsp.a(alt_iic.o)
                0x00814b90                alt_ic_isr_register
                0x00814be0                alt_ic_irq_enable
                0x00814c7c                alt_ic_irq_disable
                0x00814d1c                alt_ic_irq_enabled
 .text          0x00814d64       0xf8 ../SynthUnitTest_bsp/\libucosii_bsp.a(alt_iic_isr_register.o)
                0x00814d64                alt_iic_isr_register
 .text          0x00814e5c      0x13c ../SynthUnitTest_bsp/\libucosii_bsp.a(alt_io_redirect.o)
                0x00814f20                alt_io_redirect
 .text          0x00814f98        0x0 ../SynthUnitTest_bsp/\libucosii_bsp.a(alt_irq_entry.o)
 .text          0x00814f98        0x0 ../SynthUnitTest_bsp/\libucosii_bsp.a(alt_irq_handler.o)
 .text          0x00814f98        0x0 ../SynthUnitTest_bsp/\libucosii_bsp.a(alt_irq_vars.o)
 .text          0x00814f98      0x2c4 ../SynthUnitTest_bsp/\libucosii_bsp.a(alt_open.o)
                0x00815074                open
 .text          0x0081525c      0x1a8 ../SynthUnitTest_bsp/\libucosii_bsp.a(alt_tick.o)
                0x0081525c                alt_alarm_stop
                0x008152f4                alt_tick
 .text          0x00815404       0x20 ../SynthUnitTest_bsp/\libucosii_bsp.a(altera_nios2_qsys_irq.o)
                0x00815404                altera_nios2_qsys_irq_init
 .text          0x00815424       0xd0 ../SynthUnitTest_bsp/\libucosii_bsp.a(os_cpu_a.o)
                0x00815424                OSCtxSw
                0x00815424                OSIntCtxSw
                0x008154b0                OSStartHighRdy
                0x008154d0                OSStartTsk
 .text          0x008154f4      0x418 ../SynthUnitTest_bsp/\libucosii_bsp.a(os_cpu_c.o)
                0x008154f4                OSTaskStkInit
                0x00815804                OSTaskCreateHook
                0x00815824                OSTaskDelHook
                0x00815844                OSTaskSwHook
                0x00815860                OSTaskStatHook
                0x0081587c                OSTimeTickHook
                0x00815898                OSInitHookBegin
                0x008158b4                OSInitHookEnd
                0x008158d0                OSTaskIdleHook
                0x008158ec                OSTCBInitHook
 .text          0x0081590c        0x0 ../SynthUnitTest_bsp/\libucosii_bsp.a(alt_exception_entry.o)
 .text          0x0081590c      0x120 ../SynthUnitTest_bsp/\libucosii_bsp.a(alt_find_file.o)
                0x0081590c                alt_find_file
 .text          0x00815a2c       0xf4 ../SynthUnitTest_bsp/\libucosii_bsp.a(alt_get_fd.o)
                0x00815a2c                alt_get_fd
 .text          0x00815b20       0x90 ../SynthUnitTest_bsp/\libucosii_bsp.a(alt_icache_flush.o)
                0x00815b20                alt_icache_flush
 .text          0x00815bb0       0x14 c:/altera/12.1sp1/nios2eds/bin/gnu/h-i686-mingw32/bin/../lib/gcc/nios2-elf/4.1.2/../../../../nios2-elf/lib\libc.a(lib_a-atexit.o)
                0x00815bb0                atexit
 .text          0x00815bc4       0x38 c:/altera/12.1sp1/nios2eds/bin/gnu/h-i686-mingw32/bin/../lib/gcc/nios2-elf/4.1.2/../../../../nios2-elf/lib\libc.a(lib_a-exit.o)
                0x00815bc4                exit
 .text          0x00815bfc       0x74 c:/altera/12.1sp1/nios2eds/bin/gnu/h-i686-mingw32/bin/../lib/gcc/nios2-elf/4.1.2/../../../../nios2-elf/lib\libc.a(lib_a-memcmp.o)
                0x00815bfc                memcmp
 .text          0x00815c70      0x134 c:/altera/12.1sp1/nios2eds/bin/gnu/h-i686-mingw32/bin/../lib/gcc/nios2-elf/4.1.2/../../../../nios2-elf/lib\libc.a(lib_a-__atexit.o)
                0x00815c70                __register_exitproc
 .text          0x00815da4      0x1b4 c:/altera/12.1sp1/nios2eds/bin/gnu/h-i686-mingw32/bin/../lib/gcc/nios2-elf/4.1.2/../../../../nios2-elf/lib\libc.a(lib_a-__call_atexit.o)
                0x00815da8                __call_exitprocs
 .text          0x00815f58       0x6c ../SynthUnitTest_bsp/\libucosii_bsp.a(alt_exit.o)
                0x00815f98                _exit
 *(.gnu.warning.*)
 *(.fini)
                0x00815fc4                PROVIDE (__etext, ABSOLUTE (.))
                0x00815fc4                PROVIDE (_etext, ABSOLUTE (.))
                0x00815fc4                PROVIDE (etext, ABSOLUTE (.))
 *(.eh_frame_hdr)
                0x00815fc4                . = ALIGN (0x4)
                0x00815fc4                PROVIDE (__preinit_array_start, ABSOLUTE (.))
 *(.preinit_array)
                0x00815fc4                PROVIDE (__preinit_array_end, ABSOLUTE (.))
                0x00815fc4                PROVIDE (__init_array_start, ABSOLUTE (.))
 *(.init_array)
                0x00815fc4                PROVIDE (__init_array_end, ABSOLUTE (.))
                0x00815fc4                PROVIDE (__fini_array_start, ABSOLUTE (.))
 *(.fini_array)
                0x00815fc4                PROVIDE (__fini_array_end, ABSOLUTE (.))
 *(.eh_frame)
 *(.gcc_except_table)
 *(.dynamic)
                0x00815fc4                PROVIDE (__CTOR_LIST__, ABSOLUTE (.))
 *(.ctors)
 *(SORT(.ctors.*))
 .ctors.65535   0x00815fc4        0x4 c:/altera/12.1sp1/nios2eds/bin/gnu/h-i686-mingw32/bin/../lib/gcc/nios2-elf/4.1.2/../../../../nios2-elf/lib\libc.a(lib_a-__call_atexit.o)
                0x00815fc8                PROVIDE (__CTOR_END__, ABSOLUTE (.))
                0x00815fc8                PROVIDE (__DTOR_LIST__, ABSOLUTE (.))
 *(.dtors)
 *(SORT(.dtors.*))
                0x00815fc8                PROVIDE (__DTOR_END__, ABSOLUTE (.))
 *(.jcr)
                0x00815fc8                . = ALIGN (0x4)

.rodata         0x00815fc8      0x488
                0x00815fc8                PROVIDE (__ram_rodata_start, ABSOLUTE (.))
                0x00815fc8                . = ALIGN (0x4)
 *(.rodata .rodata.* .gnu.linkonce.r.*)
 .rodata        0x00815fc8        0xc obj/default/hello_ucosii.o
 .rodata.str1.4
                0x00815fd4       0x5e c:/altera/12.1sp1/nios2eds/bin/gnu/h-i686-mingw32/bin/../lib/gcc/nios2-elf/4.1.2/../../../../nios2-elf/lib\libc.a(lib_a-vfprintf.o)
                                 0x60 (size before relaxing)
 .rodata        0x00816032       0x20 c:/altera/12.1sp1/nios2eds/bin/gnu/h-i686-mingw32/bin/../lib/gcc/nios2-elf/4.1.2/../../../../nios2-elf/lib\libc.a(lib_a-vfprintf.o)
 *fill*         0x00816052        0x2 00
 .rodata.str1.4
                0x00816054       0x10 c:/altera/12.1sp1/nios2eds/bin/gnu/h-i686-mingw32/bin/../lib/gcc/nios2-elf/4.1.2/../../../../nios2-elf/lib\libc.a(lib_a-dtoa.o)
                                 0x14 (size before relaxing)
 .rodata.str1.4
                0x00816064        0x2 c:/altera/12.1sp1/nios2eds/bin/gnu/h-i686-mingw32/bin/../lib/gcc/nios2-elf/4.1.2/../../../../nios2-elf/lib\libc.a(lib_a-impure.o)
                                  0x4 (size before relaxing)
 *fill*         0x00816066        0x2 00
 .rodata.str1.4
                0x00816068       0x10 c:/altera/12.1sp1/nios2eds/bin/gnu/h-i686-mingw32/bin/../lib/gcc/nios2-elf/4.1.2/../../../../nios2-elf/lib\libc.a(lib_a-locale.o)
                                 0x18 (size before relaxing)
 .rodata        0x00816078       0x30 c:/altera/12.1sp1/nios2eds/bin/gnu/h-i686-mingw32/bin/../lib/gcc/nios2-elf/4.1.2/../../../../nios2-elf/lib\libc.a(lib_a-locale.o)
 .rodata        0x008160a8      0x124 c:/altera/12.1sp1/nios2eds/bin/gnu/h-i686-mingw32/bin/../lib/gcc/nios2-elf/4.1.2/../../../../nios2-elf/lib\libc.a(lib_a-mprec.o)
                0x008160a8                __mprec_tens
                0x00816170                __mprec_bigtens
                0x00816198                __mprec_tinytens
 .rodata        0x008161cc       0x14 c:/altera/12.1sp1/nios2eds/bin/gnu/h-i686-mingw32/bin/../lib/gcc/nios2-elf/4.1.2\libgcc.a(_thenan_df.o)
                0x008161cc                __thenan_df
 .rodata        0x008161e0      0x100 c:/altera/12.1sp1/nios2eds/bin/gnu/h-i686-mingw32/bin/../lib/gcc/nios2-elf/4.1.2\libgcc.a(_clz.o)
                0x008161e0                __clz_tab
 .rodata        0x008162e0        0xc ../SynthUnitTest_bsp/\libucosii_bsp.a(alt_dev.o)
 .rodata        0x008162ec       0x14 ../SynthUnitTest_bsp/\libucosii_bsp.a(alt_main.o)
 .rodata        0x00816300      0x120 ../SynthUnitTest_bsp/\libucosii_bsp.a(os_core.o)
                0x00816300                OSUnMapTbl
 .rodata        0x00816420       0x2c ../SynthUnitTest_bsp/\libucosii_bsp.a(alt_sys_init.o)
 .rodata        0x0081644c        0x4 ../SynthUnitTest_bsp/\libucosii_bsp.a(os_cpu_c.o)
 *(.rodata1)
                0x00816450                . = ALIGN (0x4)
                0x00816450                PROVIDE (__ram_rodata_end, ABSOLUTE (.))
                0x00815fc8                PROVIDE (__flash_rodata_start, LOADADDR (.rodata))

.rwdata         0x00816450     0x1b10 load address 0x00817f60
                0x00816450                PROVIDE (__ram_rwdata_start, ABSOLUTE (.))
                0x00816450                . = ALIGN (0x4)
 *(.got.plt)
 *(.got)
 *(.data1)
 *(.data .data.* .gnu.linkonce.d.*)
 .data          0x00816450        0x0 ../SynthUnitTest_bsp//obj/HAL/src/crt0.o
 .data          0x00816450        0x0 obj/default/hello_ucosii.o
 .data          0x00816450        0x0 c:/altera/12.1sp1/nios2eds/bin/gnu/h-i686-mingw32/bin/../lib/gcc/nios2-elf/4.1.2\libgcc.a(lib2-divmod.o)
 .data          0x00816450        0x0 c:/altera/12.1sp1/nios2eds/bin/gnu/h-i686-mingw32/bin/../lib/gcc/nios2-elf/4.1.2/../../../../nios2-elf/lib\libc.a(lib_a-printf.o)
 .data          0x00816450        0x0 c:/altera/12.1sp1/nios2eds/bin/gnu/h-i686-mingw32/bin/../lib/gcc/nios2-elf/4.1.2/../../../../nios2-elf/lib\libc.a(lib_a-putchar.o)
 .data          0x00816450        0x0 c:/altera/12.1sp1/nios2eds/bin/gnu/h-i686-mingw32/bin/../lib/gcc/nios2-elf/4.1.2/../../../../nios2-elf/lib\libc.a(lib_a-vfprintf.o)
 .data          0x00816450        0x0 c:/altera/12.1sp1/nios2eds/bin/gnu/h-i686-mingw32/bin/../lib/gcc/nios2-elf/4.1.2/../../../../nios2-elf/lib\libc.a(lib_a-wsetup.o)
 .data          0x00816450        0x0 c:/altera/12.1sp1/nios2eds/bin/gnu/h-i686-mingw32/bin/../lib/gcc/nios2-elf/4.1.2/../../../../nios2-elf/lib\libc.a(lib_a-dtoa.o)
 .data          0x00816450        0x0 c:/altera/12.1sp1/nios2eds/bin/gnu/h-i686-mingw32/bin/../lib/gcc/nios2-elf/4.1.2/../../../../nios2-elf/lib\libc.a(lib_a-fflush.o)
 .data          0x00816450        0x0 c:/altera/12.1sp1/nios2eds/bin/gnu/h-i686-mingw32/bin/../lib/gcc/nios2-elf/4.1.2/../../../../nios2-elf/lib\libc.a(lib_a-findfp.o)
 .data          0x00816450        0x0 c:/altera/12.1sp1/nios2eds/bin/gnu/h-i686-mingw32/bin/../lib/gcc/nios2-elf/4.1.2/../../../../nios2-elf/lib\libc.a(lib_a-freer.o)
 .data          0x00816450        0x0 c:/altera/12.1sp1/nios2eds/bin/gnu/h-i686-mingw32/bin/../lib/gcc/nios2-elf/4.1.2/../../../../nios2-elf/lib\libc.a(lib_a-fvwrite.o)
 .data          0x00816450        0x0 c:/altera/12.1sp1/nios2eds/bin/gnu/h-i686-mingw32/bin/../lib/gcc/nios2-elf/4.1.2/../../../../nios2-elf/lib\libc.a(lib_a-fwalk.o)
 .data          0x00816450      0x400 c:/altera/12.1sp1/nios2eds/bin/gnu/h-i686-mingw32/bin/../lib/gcc/nios2-elf/4.1.2/../../../../nios2-elf/lib\libc.a(lib_a-impure.o)
 .data          0x00816850        0xc c:/altera/12.1sp1/nios2eds/bin/gnu/h-i686-mingw32/bin/../lib/gcc/nios2-elf/4.1.2/../../../../nios2-elf/lib\libc.a(lib_a-locale.o)
                0x00816850                __lc_ctype
 .data          0x0081685c        0x0 c:/altera/12.1sp1/nios2eds/bin/gnu/h-i686-mingw32/bin/../lib/gcc/nios2-elf/4.1.2/../../../../nios2-elf/lib\libc.a(lib_a-makebuf.o)
 .data          0x0081685c      0x408 c:/altera/12.1sp1/nios2eds/bin/gnu/h-i686-mingw32/bin/../lib/gcc/nios2-elf/4.1.2/../../../../nios2-elf/lib\libc.a(lib_a-mallocr.o)
                0x0081685c                __malloc_av_
 .data          0x00816c64        0x0 c:/altera/12.1sp1/nios2eds/bin/gnu/h-i686-mingw32/bin/../lib/gcc/nios2-elf/4.1.2/../../../../nios2-elf/lib\libc.a(lib_a-memchr.o)
 .data          0x00816c64        0x0 c:/altera/12.1sp1/nios2eds/bin/gnu/h-i686-mingw32/bin/../lib/gcc/nios2-elf/4.1.2/../../../../nios2-elf/lib\libc.a(lib_a-memcpy.o)
 .data          0x00816c64        0x0 c:/altera/12.1sp1/nios2eds/bin/gnu/h-i686-mingw32/bin/../lib/gcc/nios2-elf/4.1.2/../../../../nios2-elf/lib\libc.a(lib_a-memmove.o)
 .data          0x00816c64        0x0 c:/altera/12.1sp1/nios2eds/bin/gnu/h-i686-mingw32/bin/../lib/gcc/nios2-elf/4.1.2/../../../../nios2-elf/lib\libc.a(lib_a-memset.o)
 .data          0x00816c64        0x0 c:/altera/12.1sp1/nios2eds/bin/gnu/h-i686-mingw32/bin/../lib/gcc/nios2-elf/4.1.2/../../../../nios2-elf/lib\libc.a(lib_a-mprec.o)
 .data          0x00816c64        0x0 c:/altera/12.1sp1/nios2eds/bin/gnu/h-i686-mingw32/bin/../lib/gcc/nios2-elf/4.1.2/../../../../nios2-elf/lib\libc.a(lib_a-putc.o)
 .data          0x00816c64        0x0 c:/altera/12.1sp1/nios2eds/bin/gnu/h-i686-mingw32/bin/../lib/gcc/nios2-elf/4.1.2/../../../../nios2-elf/lib\libc.a(lib_a-reallocr.o)
 .data          0x00816c64        0x0 c:/altera/12.1sp1/nios2eds/bin/gnu/h-i686-mingw32/bin/../lib/gcc/nios2-elf/4.1.2/../../../../nios2-elf/lib\libc.a(lib_a-s_isinfd.o)
 .data          0x00816c64        0x0 c:/altera/12.1sp1/nios2eds/bin/gnu/h-i686-mingw32/bin/../lib/gcc/nios2-elf/4.1.2/../../../../nios2-elf/lib\libc.a(lib_a-s_isnand.o)
 .data          0x00816c64        0x0 c:/altera/12.1sp1/nios2eds/bin/gnu/h-i686-mingw32/bin/../lib/gcc/nios2-elf/4.1.2/../../../../nios2-elf/lib\libc.a(lib_a-sbrkr.o)
 .data          0x00816c64        0x0 c:/altera/12.1sp1/nios2eds/bin/gnu/h-i686-mingw32/bin/../lib/gcc/nios2-elf/4.1.2/../../../../nios2-elf/lib\libc.a(lib_a-stdio.o)
 .data          0x00816c64        0x0 c:/altera/12.1sp1/nios2eds/bin/gnu/h-i686-mingw32/bin/../lib/gcc/nios2-elf/4.1.2/../../../../nios2-elf/lib\libc.a(lib_a-strcmp.o)
 .data          0x00816c64        0x0 c:/altera/12.1sp1/nios2eds/bin/gnu/h-i686-mingw32/bin/../lib/gcc/nios2-elf/4.1.2/../../../../nios2-elf/lib\libc.a(lib_a-strlen.o)
 .data          0x00816c64        0x0 c:/altera/12.1sp1/nios2eds/bin/gnu/h-i686-mingw32/bin/../lib/gcc/nios2-elf/4.1.2/../../../../nios2-elf/lib\libc.a(lib_a-wbuf.o)
 .data          0x00816c64        0x0 c:/altera/12.1sp1/nios2eds/bin/gnu/h-i686-mingw32/bin/../lib/gcc/nios2-elf/4.1.2/../../../../nios2-elf/lib\libc.a(lib_a-writer.o)
 .data          0x00816c64        0x0 c:/altera/12.1sp1/nios2eds/bin/gnu/h-i686-mingw32/bin/../lib/gcc/nios2-elf/4.1.2/../../../../nios2-elf/lib\libc.a(lib_a-callocr.o)
 .data          0x00816c64        0x0 c:/altera/12.1sp1/nios2eds/bin/gnu/h-i686-mingw32/bin/../lib/gcc/nios2-elf/4.1.2/../../../../nios2-elf/lib\libc.a(lib_a-closer.o)
 .data          0x00816c64        0x0 c:/altera/12.1sp1/nios2eds/bin/gnu/h-i686-mingw32/bin/../lib/gcc/nios2-elf/4.1.2/../../../../nios2-elf/lib\libc.a(lib_a-fclose.o)
 .data          0x00816c64        0x0 c:/altera/12.1sp1/nios2eds/bin/gnu/h-i686-mingw32/bin/../lib/gcc/nios2-elf/4.1.2/../../../../nios2-elf/lib\libc.a(lib_a-fstatr.o)
 .data          0x00816c64        0x0 c:/altera/12.1sp1/nios2eds/bin/gnu/h-i686-mingw32/bin/../lib/gcc/nios2-elf/4.1.2/../../../../nios2-elf/lib\libc.a(lib_a-int_errno.o)
 .data          0x00816c64        0x0 c:/altera/12.1sp1/nios2eds/bin/gnu/h-i686-mingw32/bin/../lib/gcc/nios2-elf/4.1.2/../../../../nios2-elf/lib\libc.a(lib_a-isattyr.o)
 .data          0x00816c64        0x0 c:/altera/12.1sp1/nios2eds/bin/gnu/h-i686-mingw32/bin/../lib/gcc/nios2-elf/4.1.2/../../../../nios2-elf/lib\libc.a(lib_a-lseekr.o)
 .data          0x00816c64        0x0 c:/altera/12.1sp1/nios2eds/bin/gnu/h-i686-mingw32/bin/../lib/gcc/nios2-elf/4.1.2/../../../../nios2-elf/lib\libc.a(lib_a-readr.o)
 .data          0x00816c64        0x0 c:/altera/12.1sp1/nios2eds/bin/gnu/h-i686-mingw32/bin/../lib/gcc/nios2-elf/4.1.2\libgcc.a(_udivdi3.o)
 .data          0x00816c64        0x0 c:/altera/12.1sp1/nios2eds/bin/gnu/h-i686-mingw32/bin/../lib/gcc/nios2-elf/4.1.2\libgcc.a(_umoddi3.o)
 .data          0x00816c64        0x0 c:/altera/12.1sp1/nios2eds/bin/gnu/h-i686-mingw32/bin/../lib/gcc/nios2-elf/4.1.2\libgcc.a(_addsub_df.o)
 .data          0x00816c64        0x0 c:/altera/12.1sp1/nios2eds/bin/gnu/h-i686-mingw32/bin/../lib/gcc/nios2-elf/4.1.2\libgcc.a(_mul_df.o)
 .data          0x00816c64        0x0 c:/altera/12.1sp1/nios2eds/bin/gnu/h-i686-mingw32/bin/../lib/gcc/nios2-elf/4.1.2\libgcc.a(_div_df.o)
 .data          0x00816c64        0x0 c:/altera/12.1sp1/nios2eds/bin/gnu/h-i686-mingw32/bin/../lib/gcc/nios2-elf/4.1.2\libgcc.a(_eq_df.o)
 .data          0x00816c64        0x0 c:/altera/12.1sp1/nios2eds/bin/gnu/h-i686-mingw32/bin/../lib/gcc/nios2-elf/4.1.2\libgcc.a(_ne_df.o)
 .data          0x00816c64        0x0 c:/altera/12.1sp1/nios2eds/bin/gnu/h-i686-mingw32/bin/../lib/gcc/nios2-elf/4.1.2\libgcc.a(_gt_df.o)
 .data          0x00816c64        0x0 c:/altera/12.1sp1/nios2eds/bin/gnu/h-i686-mingw32/bin/../lib/gcc/nios2-elf/4.1.2\libgcc.a(_ge_df.o)
 .data          0x00816c64        0x0 c:/altera/12.1sp1/nios2eds/bin/gnu/h-i686-mingw32/bin/../lib/gcc/nios2-elf/4.1.2\libgcc.a(_lt_df.o)
 .data          0x00816c64        0x0 c:/altera/12.1sp1/nios2eds/bin/gnu/h-i686-mingw32/bin/../lib/gcc/nios2-elf/4.1.2\libgcc.a(_si_to_df.o)
 .data          0x00816c64        0x0 c:/altera/12.1sp1/nios2eds/bin/gnu/h-i686-mingw32/bin/../lib/gcc/nios2-elf/4.1.2\libgcc.a(_df_to_si.o)
 .data          0x00816c64        0x0 c:/altera/12.1sp1/nios2eds/bin/gnu/h-i686-mingw32/bin/../lib/gcc/nios2-elf/4.1.2\libgcc.a(_thenan_df.o)
 .data          0x00816c64        0x0 c:/altera/12.1sp1/nios2eds/bin/gnu/h-i686-mingw32/bin/../lib/gcc/nios2-elf/4.1.2\libgcc.a(_usi_to_df.o)
 .data          0x00816c64        0x0 c:/altera/12.1sp1/nios2eds/bin/gnu/h-i686-mingw32/bin/../lib/gcc/nios2-elf/4.1.2\libgcc.a(_muldi3.o)
 .data          0x00816c64        0x0 c:/altera/12.1sp1/nios2eds/bin/gnu/h-i686-mingw32/bin/../lib/gcc/nios2-elf/4.1.2\libgcc.a(_clz.o)
 .data          0x00816c64        0x0 c:/altera/12.1sp1/nios2eds/bin/gnu/h-i686-mingw32/bin/../lib/gcc/nios2-elf/4.1.2\libgcc.a(_clzsi2.o)
 .data          0x00816c64        0x0 c:/altera/12.1sp1/nios2eds/bin/gnu/h-i686-mingw32/bin/../lib/gcc/nios2-elf/4.1.2\libgcc.a(_pack_df.o)
 .data          0x00816c64        0x0 c:/altera/12.1sp1/nios2eds/bin/gnu/h-i686-mingw32/bin/../lib/gcc/nios2-elf/4.1.2\libgcc.a(_unpack_df.o)
 .data          0x00816c64        0x0 c:/altera/12.1sp1/nios2eds/bin/gnu/h-i686-mingw32/bin/../lib/gcc/nios2-elf/4.1.2\libgcc.a(_fpcmp_parts_df.o)
 .data          0x00816c64        0x0 ../SynthUnitTest_bsp/\libucosii_bsp.a(alt_close.o)
 .data          0x00816c64      0x1a8 ../SynthUnitTest_bsp/\libucosii_bsp.a(alt_dev.o)
                0x00816c64                alt_dev_null
                0x00816c8c                alt_fd_list
 .data          0x00816e0c        0x0 ../SynthUnitTest_bsp/\libucosii_bsp.a(alt_errno.o)
 .data          0x00816e0c        0x0 ../SynthUnitTest_bsp/\libucosii_bsp.a(alt_fstat.o)
 .data          0x00816e0c        0x0 ../SynthUnitTest_bsp/\libucosii_bsp.a(alt_isatty.o)
 .data          0x00816e0c        0x0 ../SynthUnitTest_bsp/\libucosii_bsp.a(alt_load.o)
 .data          0x00816e0c        0x0 ../SynthUnitTest_bsp/\libucosii_bsp.a(alt_lseek.o)
 .data          0x00816e0c        0x0 ../SynthUnitTest_bsp/\libucosii_bsp.a(alt_main.o)
 .data          0x00816e0c        0x0 ../SynthUnitTest_bsp/\libucosii_bsp.a(alt_read.o)
 .data          0x00816e0c        0x0 ../SynthUnitTest_bsp/\libucosii_bsp.a(alt_release_fd.o)
 .data          0x00816e0c        0x0 ../SynthUnitTest_bsp/\libucosii_bsp.a(alt_sbrk.o)
 .data          0x00816e0c        0x0 ../SynthUnitTest_bsp/\libucosii_bsp.a(alt_write.o)
 .data          0x00816e0c        0x0 ../SynthUnitTest_bsp/\libucosii_bsp.a(alt_env_lock.o)
 .data          0x00816e0c        0x0 ../SynthUnitTest_bsp/\libucosii_bsp.a(alt_malloc_lock.o)
 .data          0x00816e0c        0x0 ../SynthUnitTest_bsp/\libucosii_bsp.a(os_core.o)
 .data          0x00816e0c        0x0 ../SynthUnitTest_bsp/\libucosii_bsp.a(os_dbg.o)
 .data          0x00816e0c        0x0 ../SynthUnitTest_bsp/\libucosii_bsp.a(os_flag.o)
 .data          0x00816e0c        0x0 ../SynthUnitTest_bsp/\libucosii_bsp.a(os_mem.o)
 .data          0x00816e0c        0x0 ../SynthUnitTest_bsp/\libucosii_bsp.a(os_q.o)
 .data          0x00816e0c        0x0 ../SynthUnitTest_bsp/\libucosii_bsp.a(os_sem.o)
 .data          0x00816e0c        0x0 ../SynthUnitTest_bsp/\libucosii_bsp.a(os_task.o)
 .data          0x00816e0c        0x0 ../SynthUnitTest_bsp/\libucosii_bsp.a(os_time.o)
 .data          0x00816e0c     0x1098 ../SynthUnitTest_bsp/\libucosii_bsp.a(alt_sys_init.o)
 .data          0x00817ea4        0x0 ../SynthUnitTest_bsp/\libucosii_bsp.a(altera_avalon_fifo_util.o)
 .data          0x00817ea4        0x0 ../SynthUnitTest_bsp/\libucosii_bsp.a(altera_avalon_jtag_uart_fd.o)
 .data          0x00817ea4        0x0 ../SynthUnitTest_bsp/\libucosii_bsp.a(altera_avalon_jtag_uart_init.o)
 .data          0x00817ea4        0x0 ../SynthUnitTest_bsp/\libucosii_bsp.a(altera_avalon_jtag_uart_ioctl.o)
 .data          0x00817ea4        0x0 ../SynthUnitTest_bsp/\libucosii_bsp.a(altera_avalon_jtag_uart_read.o)
 .data          0x00817ea4        0x0 ../SynthUnitTest_bsp/\libucosii_bsp.a(altera_avalon_jtag_uart_write.o)
 .data          0x00817ea4        0x0 ../SynthUnitTest_bsp/\libucosii_bsp.a(altera_avalon_timer_sc.o)
 .data          0x00817ea4        0x0 ../SynthUnitTest_bsp/\libucosii_bsp.a(altera_up_avalon_character_lcd.o)
 .data          0x00817ea4        0x0 ../SynthUnitTest_bsp/\libucosii_bsp.a(alt_alarm_start.o)
 .data          0x00817ea4        0x0 ../SynthUnitTest_bsp/\libucosii_bsp.a(alt_dcache_flush_all.o)
 .data          0x00817ea4        0x0 ../SynthUnitTest_bsp/\libucosii_bsp.a(alt_dev_llist_insert.o)
 .data          0x00817ea4        0x0 ../SynthUnitTest_bsp/\libucosii_bsp.a(alt_do_ctors.o)
 .data          0x00817ea4        0x0 ../SynthUnitTest_bsp/\libucosii_bsp.a(alt_do_dtors.o)
 .data          0x00817ea4        0x0 ../SynthUnitTest_bsp/\libucosii_bsp.a(alt_find_dev.o)
 .data          0x00817ea4        0x0 ../SynthUnitTest_bsp/\libucosii_bsp.a(alt_icache_flush_all.o)
 .data          0x00817ea4        0x0 ../SynthUnitTest_bsp/\libucosii_bsp.a(alt_iic.o)
 .data          0x00817ea4        0x0 ../SynthUnitTest_bsp/\libucosii_bsp.a(alt_iic_isr_register.o)
 .data          0x00817ea4        0x0 ../SynthUnitTest_bsp/\libucosii_bsp.a(alt_io_redirect.o)
 .data          0x00817ea4        0x0 ../SynthUnitTest_bsp/\libucosii_bsp.a(alt_irq_entry.o)
 .data          0x00817ea4        0x0 ../SynthUnitTest_bsp/\libucosii_bsp.a(alt_irq_handler.o)
 .data          0x00817ea4        0x0 ../SynthUnitTest_bsp/\libucosii_bsp.a(alt_irq_vars.o)
 .data          0x00817ea4        0x0 ../SynthUnitTest_bsp/\libucosii_bsp.a(alt_open.o)
 .data          0x00817ea4        0x0 ../SynthUnitTest_bsp/\libucosii_bsp.a(alt_tick.o)
 .data          0x00817ea4        0x0 ../SynthUnitTest_bsp/\libucosii_bsp.a(altera_nios2_qsys_irq.o)
 .data          0x00817ea4        0x0 ../SynthUnitTest_bsp/\libucosii_bsp.a(os_cpu_a.o)
 .data          0x00817ea4        0x0 ../SynthUnitTest_bsp/\libucosii_bsp.a(os_cpu_c.o)
 .data          0x00817ea4        0x0 ../SynthUnitTest_bsp/\libucosii_bsp.a(alt_exception_entry.o)
 .data          0x00817ea4        0x0 ../SynthUnitTest_bsp/\libucosii_bsp.a(alt_find_file.o)
 .data          0x00817ea4        0x0 ../SynthUnitTest_bsp/\libucosii_bsp.a(alt_get_fd.o)
 .data          0x00817ea4        0x0 ../SynthUnitTest_bsp/\libucosii_bsp.a(alt_icache_flush.o)
 .data          0x00817ea4        0x0 c:/altera/12.1sp1/nios2eds/bin/gnu/h-i686-mingw32/bin/../lib/gcc/nios2-elf/4.1.2/../../../../nios2-elf/lib\libc.a(lib_a-atexit.o)
 .data          0x00817ea4        0x0 c:/altera/12.1sp1/nios2eds/bin/gnu/h-i686-mingw32/bin/../lib/gcc/nios2-elf/4.1.2/../../../../nios2-elf/lib\libc.a(lib_a-exit.o)
 .data          0x00817ea4        0x0 c:/altera/12.1sp1/nios2eds/bin/gnu/h-i686-mingw32/bin/../lib/gcc/nios2-elf/4.1.2/../../../../nios2-elf/lib\libc.a(lib_a-memcmp.o)
 .data          0x00817ea4        0x0 c:/altera/12.1sp1/nios2eds/bin/gnu/h-i686-mingw32/bin/../lib/gcc/nios2-elf/4.1.2/../../../../nios2-elf/lib\libc.a(lib_a-__atexit.o)
 .data          0x00817ea4        0x0 c:/altera/12.1sp1/nios2eds/bin/gnu/h-i686-mingw32/bin/../lib/gcc/nios2-elf/4.1.2/../../../../nios2-elf/lib\libc.a(lib_a-__call_atexit.o)
 .data          0x00817ea4        0x0 ../SynthUnitTest_bsp/\libucosii_bsp.a(alt_exit.o)
                0x0081fea4                _gp = ABSOLUTE ((. + 0x8000))
                0x0081fea4                PROVIDE (gp, _gp)
 *(.rwdata .rwdata.*)
 *(.sdata .sdata.* .gnu.linkonce.s.*)
 .sdata         0x00817ea4        0x8 c:/altera/12.1sp1/nios2eds/bin/gnu/h-i686-mingw32/bin/../lib/gcc/nios2-elf/4.1.2/../../../../nios2-elf/lib\libc.a(lib_a-impure.o)
                0x00817ea4                _impure_ptr
                0x00817ea8                _global_impure_ptr
 .sdata         0x00817eac        0x8 c:/altera/12.1sp1/nios2eds/bin/gnu/h-i686-mingw32/bin/../lib/gcc/nios2-elf/4.1.2/../../../../nios2-elf/lib\libc.a(lib_a-locale.o)
                0x00817eac                __mb_cur_max
 .sdata         0x00817eb4        0x8 c:/altera/12.1sp1/nios2eds/bin/gnu/h-i686-mingw32/bin/../lib/gcc/nios2-elf/4.1.2/../../../../nios2-elf/lib\libc.a(lib_a-mallocr.o)
                0x00817eb4                __malloc_trim_threshold
                0x00817eb8                __malloc_sbrk_base
 .sdata         0x00817ebc       0x14 ../SynthUnitTest_bsp/\libucosii_bsp.a(alt_dev.o)
                0x00817ebc                alt_fs_list
                0x00817ec4                alt_dev_list
                0x00817ecc                alt_max_fd
 .sdata         0x00817ed0        0x4 ../SynthUnitTest_bsp/\libucosii_bsp.a(alt_errno.o)
                0x00817ed0                alt_errno
 .sdata         0x00817ed4        0x4 ../SynthUnitTest_bsp/\libucosii_bsp.a(alt_sbrk.o)
 .sdata         0x00817ed8        0x4 ../SynthUnitTest_bsp/\libucosii_bsp.a(alt_env_lock.o)
 .sdata         0x00817edc        0x4 ../SynthUnitTest_bsp/\libucosii_bsp.a(alt_malloc_lock.o)
 .sdata         0x00817ee0       0x74 ../SynthUnitTest_bsp/\libucosii_bsp.a(os_dbg.o)
                0x00817ee0                OSDebugEn
                0x00817ee4                OSEndiannessTest
                0x00817ee8                OSEventEn
                0x00817eea                OSEventMax
                0x00817eec                OSEventNameSize
                0x00817eee                OSEventSize
                0x00817ef0                OSEventTblSize
                0x00817ef2                OSEventMultiEn
                0x00817ef4                OSFlagEn
                0x00817ef6                OSFlagGrpSize
                0x00817ef8                OSFlagNodeSize
                0x00817efa                OSFlagWidth
                0x00817efc                OSFlagMax
                0x00817efe                OSFlagNameSize
                0x00817f00                OSLowestPrio
                0x00817f02                OSMboxEn
                0x00817f04                OSMemEn
                0x00817f06                OSMemMax
                0x00817f08                OSMemNameSize
                0x00817f0a                OSMemSize
                0x00817f0c                OSMemTblSize
                0x00817f0e                OSMutexEn
                0x00817f10                OSPtrSize
                0x00817f12                OSQEn
                0x00817f14                OSQMax
                0x00817f16                OSQSize
                0x00817f18                OSRdyTblSize
                0x00817f1a                OSSemEn
                0x00817f1c                OSStkWidth
                0x00817f1e                OSTaskCreateEn
                0x00817f20                OSTaskCreateExtEn
                0x00817f22                OSTaskDelEn
                0x00817f24                OSTaskIdleStkSize
                0x00817f26                OSTaskProfileEn
                0x00817f28                OSTaskMax
                0x00817f2a                OSTaskNameSize
                0x00817f2c                OSTaskStatEn
                0x00817f2e                OSTaskStatStkSize
                0x00817f30                OSTaskStatStkChkEn
                0x00817f32                OSTaskSwHookEn
                0x00817f34                OSTCBPrioTblMax
                0x00817f36                OSTCBSize
                0x00817f38                OSTicksPerSec
                0x00817f3a                OSTimeTickHookEn
                0x00817f3c                OSVersionNbr
                0x00817f3e                OSTmrEn
                0x00817f40                OSTmrCfgMax
                0x00817f42                OSTmrCfgNameSize
                0x00817f44                OSTmrCfgWheelSize
                0x00817f46                OSTmrCfgTicksPerSec
                0x00817f48                OSTmrSize
                0x00817f4a                OSTmrTblSize
                0x00817f4c                OSTmrWheelSize
                0x00817f4e                OSTmrWheelTblSize
                0x00817f50                OSDataSize
 .sdata         0x00817f54        0x4 ../SynthUnitTest_bsp/\libucosii_bsp.a(alt_irq_vars.o)
                0x00817f54                alt_priority_mask
 .sdata         0x00817f58        0x8 ../SynthUnitTest_bsp/\libucosii_bsp.a(alt_tick.o)
                0x00817f58                alt_alarm_list
 *(.sdata2 .sdata2.* .gnu.linkonce.s2.*)
                0x00817f60                . = ALIGN (0x4)
                0x00817f60                _edata = ABSOLUTE (.)
                0x00817f60                PROVIDE (edata, ABSOLUTE (.))
                0x00817f60                PROVIDE (__ram_rwdata_end, ABSOLUTE (.))
                0x00817f60                PROVIDE (__flash_rwdata_start, LOADADDR (.rwdata))

.bss            0x00819a70     0x5574
                0x00819a70                __bss_start = ABSOLUTE (.)
                0x00819a70                PROVIDE (__sbss_start, ABSOLUTE (.))
                0x00819a70                PROVIDE (___sbss_start, ABSOLUTE (.))
 *(.dynsbss)
 *(.sbss .sbss.* .gnu.linkonce.sb.*)
 .sbss          0x00819a70        0xc c:/altera/12.1sp1/nios2eds/bin/gnu/h-i686-mingw32/bin/../lib/gcc/nios2-elf/4.1.2/../../../../nios2-elf/lib\libc.a(lib_a-locale.o)
                0x00819a70                __nlocale_changed
                0x00819a74                __mlocale_changed
                0x00819a78                _PathLocale
 .sbss          0x00819a7c        0xc c:/altera/12.1sp1/nios2eds/bin/gnu/h-i686-mingw32/bin/../lib/gcc/nios2-elf/4.1.2/../../../../nios2-elf/lib\libc.a(lib_a-mallocr.o)
                0x00819a7c                __malloc_top_pad
                0x00819a80                __malloc_max_sbrked_mem
                0x00819a84                __malloc_max_total_mem
 .sbss          0x00819a88        0x4 c:/altera/12.1sp1/nios2eds/bin/gnu/h-i686-mingw32/bin/../lib/gcc/nios2-elf/4.1.2/../../../../nios2-elf/lib\libc.a(lib_a-int_errno.o)
                0x00819a88                errno
 .sbss          0x00819a8c        0x4 ../SynthUnitTest_bsp/\libucosii_bsp.a(alt_dev.o)
                0x00819a8c                alt_fd_list_lock
 .sbss          0x00819a90        0xc ../SynthUnitTest_bsp/\libucosii_bsp.a(alt_main.o)
                0x00819a90                alt_argc
                0x00819a94                alt_argv
                0x00819a98                alt_envp
 .sbss          0x00819a9c        0x8 ../SynthUnitTest_bsp/\libucosii_bsp.a(alt_env_lock.o)
                0x00819aa0                alt_envsem
 .sbss          0x00819aa4        0x8 ../SynthUnitTest_bsp/\libucosii_bsp.a(alt_malloc_lock.o)
                0x00819aa8                alt_heapsem
 .sbss          0x00819aac       0x50 ../SynthUnitTest_bsp/\libucosii_bsp.a(os_core.o)
                0x00819aac                OSLockNesting
                0x00819aad                OSRunning
                0x00819ab0                OSIdleCtr
                0x00819ab4                OSPrioHighRdy
                0x00819ab5                OSPrioCur
                0x00819ab8                OSTCBList
                0x00819abc                OSTickStepState
                0x00819ac0                OSCtxSwCtr
                0x00819ac4                OSIdleCtrMax
                0x00819ac8                OSTCBFreeList
                0x00819acc                OSCPUUsage
                0x00819acd                OSTaskCtr
                0x00819ad0                OSMemFreeList
                0x00819ad4                OSTCBHighRdy
                0x00819ad8                OSQFreeList
                0x00819adc                OSRdyGrp
                0x00819add                OSRdyTbl
                0x00819ae0                OSEventFreeList
                0x00819ae4                OSIntNesting
                0x00819ae8                OSTCBCur
                0x00819aec                OSTime
                0x00819af0                OSFlagFreeList
                0x00819af4                OSStatRdy
                0x00819af8                OSIdleCtrRun
 .sbss          0x00819afc        0x4 ../SynthUnitTest_bsp/\libucosii_bsp.a(alt_irq_vars.o)
                0x00819afc                alt_irq_active
 .sbss          0x00819b00        0x8 ../SynthUnitTest_bsp/\libucosii_bsp.a(alt_tick.o)
                0x00819b00                _alt_tick_rate
                0x00819b04                _alt_nticks
 *(.sbss2 .sbss2.* .gnu.linkonce.sb2.*)
 *(.scommon)
                0x00819b08                PROVIDE (__sbss_end, ABSOLUTE (.))
                0x00819b08                PROVIDE (___sbss_end, ABSOLUTE (.))
 *(.dynbss)
 *(.bss .bss.* .gnu.linkonce.b.*)
 .bss           0x00819b08        0x0 ../SynthUnitTest_bsp//obj/HAL/src/crt0.o
 .bss           0x00819b08        0x0 obj/default/hello_ucosii.o
 .bss           0x00819b08        0x0 c:/altera/12.1sp1/nios2eds/bin/gnu/h-i686-mingw32/bin/../lib/gcc/nios2-elf/4.1.2\libgcc.a(lib2-divmod.o)
 .bss           0x00819b08        0x0 c:/altera/12.1sp1/nios2eds/bin/gnu/h-i686-mingw32/bin/../lib/gcc/nios2-elf/4.1.2/../../../../nios2-elf/lib\libc.a(lib_a-printf.o)
 .bss           0x00819b08        0x0 c:/altera/12.1sp1/nios2eds/bin/gnu/h-i686-mingw32/bin/../lib/gcc/nios2-elf/4.1.2/../../../../nios2-elf/lib\libc.a(lib_a-putchar.o)
 .bss           0x00819b08        0x0 c:/altera/12.1sp1/nios2eds/bin/gnu/h-i686-mingw32/bin/../lib/gcc/nios2-elf/4.1.2/../../../../nios2-elf/lib\libc.a(lib_a-vfprintf.o)
 .bss           0x00819b08        0x0 c:/altera/12.1sp1/nios2eds/bin/gnu/h-i686-mingw32/bin/../lib/gcc/nios2-elf/4.1.2/../../../../nios2-elf/lib\libc.a(lib_a-wsetup.o)
 .bss           0x00819b08        0x0 c:/altera/12.1sp1/nios2eds/bin/gnu/h-i686-mingw32/bin/../lib/gcc/nios2-elf/4.1.2/../../../../nios2-elf/lib\libc.a(lib_a-dtoa.o)
 .bss           0x00819b08        0x0 c:/altera/12.1sp1/nios2eds/bin/gnu/h-i686-mingw32/bin/../lib/gcc/nios2-elf/4.1.2/../../../../nios2-elf/lib\libc.a(lib_a-fflush.o)
 .bss           0x00819b08        0x0 c:/altera/12.1sp1/nios2eds/bin/gnu/h-i686-mingw32/bin/../lib/gcc/nios2-elf/4.1.2/../../../../nios2-elf/lib\libc.a(lib_a-findfp.o)
 .bss           0x00819b08        0x0 c:/altera/12.1sp1/nios2eds/bin/gnu/h-i686-mingw32/bin/../lib/gcc/nios2-elf/4.1.2/../../../../nios2-elf/lib\libc.a(lib_a-freer.o)
 .bss           0x00819b08        0x0 c:/altera/12.1sp1/nios2eds/bin/gnu/h-i686-mingw32/bin/../lib/gcc/nios2-elf/4.1.2/../../../../nios2-elf/lib\libc.a(lib_a-fvwrite.o)
 .bss           0x00819b08        0x0 c:/altera/12.1sp1/nios2eds/bin/gnu/h-i686-mingw32/bin/../lib/gcc/nios2-elf/4.1.2/../../../../nios2-elf/lib\libc.a(lib_a-fwalk.o)
 .bss           0x00819b08        0x0 c:/altera/12.1sp1/nios2eds/bin/gnu/h-i686-mingw32/bin/../lib/gcc/nios2-elf/4.1.2/../../../../nios2-elf/lib\libc.a(lib_a-impure.o)
 .bss           0x00819b08        0x0 c:/altera/12.1sp1/nios2eds/bin/gnu/h-i686-mingw32/bin/../lib/gcc/nios2-elf/4.1.2/../../../../nios2-elf/lib\libc.a(lib_a-locale.o)
 .bss           0x00819b08        0x0 c:/altera/12.1sp1/nios2eds/bin/gnu/h-i686-mingw32/bin/../lib/gcc/nios2-elf/4.1.2/../../../../nios2-elf/lib\libc.a(lib_a-makebuf.o)
 .bss           0x00819b08       0x28 c:/altera/12.1sp1/nios2eds/bin/gnu/h-i686-mingw32/bin/../lib/gcc/nios2-elf/4.1.2/../../../../nios2-elf/lib\libc.a(lib_a-mallocr.o)
                0x00819b08                __malloc_current_mallinfo
 .bss           0x00819b30        0x0 c:/altera/12.1sp1/nios2eds/bin/gnu/h-i686-mingw32/bin/../lib/gcc/nios2-elf/4.1.2/../../../../nios2-elf/lib\libc.a(lib_a-memchr.o)
 .bss           0x00819b30        0x0 c:/altera/12.1sp1/nios2eds/bin/gnu/h-i686-mingw32/bin/../lib/gcc/nios2-elf/4.1.2/../../../../nios2-elf/lib\libc.a(lib_a-memcpy.o)
 .bss           0x00819b30        0x0 c:/altera/12.1sp1/nios2eds/bin/gnu/h-i686-mingw32/bin/../lib/gcc/nios2-elf/4.1.2/../../../../nios2-elf/lib\libc.a(lib_a-memmove.o)
 .bss           0x00819b30        0x0 c:/altera/12.1sp1/nios2eds/bin/gnu/h-i686-mingw32/bin/../lib/gcc/nios2-elf/4.1.2/../../../../nios2-elf/lib\libc.a(lib_a-memset.o)
 .bss           0x00819b30        0x0 c:/altera/12.1sp1/nios2eds/bin/gnu/h-i686-mingw32/bin/../lib/gcc/nios2-elf/4.1.2/../../../../nios2-elf/lib\libc.a(lib_a-mprec.o)
 .bss           0x00819b30        0x0 c:/altera/12.1sp1/nios2eds/bin/gnu/h-i686-mingw32/bin/../lib/gcc/nios2-elf/4.1.2/../../../../nios2-elf/lib\libc.a(lib_a-putc.o)
 .bss           0x00819b30        0x0 c:/altera/12.1sp1/nios2eds/bin/gnu/h-i686-mingw32/bin/../lib/gcc/nios2-elf/4.1.2/../../../../nios2-elf/lib\libc.a(lib_a-reallocr.o)
 .bss           0x00819b30        0x0 c:/altera/12.1sp1/nios2eds/bin/gnu/h-i686-mingw32/bin/../lib/gcc/nios2-elf/4.1.2/../../../../nios2-elf/lib\libc.a(lib_a-s_isinfd.o)
 .bss           0x00819b30        0x0 c:/altera/12.1sp1/nios2eds/bin/gnu/h-i686-mingw32/bin/../lib/gcc/nios2-elf/4.1.2/../../../../nios2-elf/lib\libc.a(lib_a-s_isnand.o)
 .bss           0x00819b30        0x0 c:/altera/12.1sp1/nios2eds/bin/gnu/h-i686-mingw32/bin/../lib/gcc/nios2-elf/4.1.2/../../../../nios2-elf/lib\libc.a(lib_a-sbrkr.o)
 .bss           0x00819b30        0x0 c:/altera/12.1sp1/nios2eds/bin/gnu/h-i686-mingw32/bin/../lib/gcc/nios2-elf/4.1.2/../../../../nios2-elf/lib\libc.a(lib_a-stdio.o)
 .bss           0x00819b30        0x0 c:/altera/12.1sp1/nios2eds/bin/gnu/h-i686-mingw32/bin/../lib/gcc/nios2-elf/4.1.2/../../../../nios2-elf/lib\libc.a(lib_a-strcmp.o)
 .bss           0x00819b30        0x0 c:/altera/12.1sp1/nios2eds/bin/gnu/h-i686-mingw32/bin/../lib/gcc/nios2-elf/4.1.2/../../../../nios2-elf/lib\libc.a(lib_a-strlen.o)
 .bss           0x00819b30        0x0 c:/altera/12.1sp1/nios2eds/bin/gnu/h-i686-mingw32/bin/../lib/gcc/nios2-elf/4.1.2/../../../../nios2-elf/lib\libc.a(lib_a-wbuf.o)
 .bss           0x00819b30        0x0 c:/altera/12.1sp1/nios2eds/bin/gnu/h-i686-mingw32/bin/../lib/gcc/nios2-elf/4.1.2/../../../../nios2-elf/lib\libc.a(lib_a-writer.o)
 .bss           0x00819b30        0x0 c:/altera/12.1sp1/nios2eds/bin/gnu/h-i686-mingw32/bin/../lib/gcc/nios2-elf/4.1.2/../../../../nios2-elf/lib\libc.a(lib_a-callocr.o)
 .bss           0x00819b30        0x0 c:/altera/12.1sp1/nios2eds/bin/gnu/h-i686-mingw32/bin/../lib/gcc/nios2-elf/4.1.2/../../../../nios2-elf/lib\libc.a(lib_a-closer.o)
 .bss           0x00819b30        0x0 c:/altera/12.1sp1/nios2eds/bin/gnu/h-i686-mingw32/bin/../lib/gcc/nios2-elf/4.1.2/../../../../nios2-elf/lib\libc.a(lib_a-fclose.o)
 .bss           0x00819b30        0x0 c:/altera/12.1sp1/nios2eds/bin/gnu/h-i686-mingw32/bin/../lib/gcc/nios2-elf/4.1.2/../../../../nios2-elf/lib\libc.a(lib_a-fstatr.o)
 .bss           0x00819b30        0x0 c:/altera/12.1sp1/nios2eds/bin/gnu/h-i686-mingw32/bin/../lib/gcc/nios2-elf/4.1.2/../../../../nios2-elf/lib\libc.a(lib_a-int_errno.o)
 .bss           0x00819b30        0x0 c:/altera/12.1sp1/nios2eds/bin/gnu/h-i686-mingw32/bin/../lib/gcc/nios2-elf/4.1.2/../../../../nios2-elf/lib\libc.a(lib_a-isattyr.o)
 .bss           0x00819b30        0x0 c:/altera/12.1sp1/nios2eds/bin/gnu/h-i686-mingw32/bin/../lib/gcc/nios2-elf/4.1.2/../../../../nios2-elf/lib\libc.a(lib_a-lseekr.o)
 .bss           0x00819b30        0x0 c:/altera/12.1sp1/nios2eds/bin/gnu/h-i686-mingw32/bin/../lib/gcc/nios2-elf/4.1.2/../../../../nios2-elf/lib\libc.a(lib_a-readr.o)
 .bss           0x00819b30        0x0 c:/altera/12.1sp1/nios2eds/bin/gnu/h-i686-mingw32/bin/../lib/gcc/nios2-elf/4.1.2\libgcc.a(_udivdi3.o)
 .bss           0x00819b30        0x0 c:/altera/12.1sp1/nios2eds/bin/gnu/h-i686-mingw32/bin/../lib/gcc/nios2-elf/4.1.2\libgcc.a(_umoddi3.o)
 .bss           0x00819b30        0x0 c:/altera/12.1sp1/nios2eds/bin/gnu/h-i686-mingw32/bin/../lib/gcc/nios2-elf/4.1.2\libgcc.a(_addsub_df.o)
 .bss           0x00819b30        0x0 c:/altera/12.1sp1/nios2eds/bin/gnu/h-i686-mingw32/bin/../lib/gcc/nios2-elf/4.1.2\libgcc.a(_mul_df.o)
 .bss           0x00819b30        0x0 c:/altera/12.1sp1/nios2eds/bin/gnu/h-i686-mingw32/bin/../lib/gcc/nios2-elf/4.1.2\libgcc.a(_div_df.o)
 .bss           0x00819b30        0x0 c:/altera/12.1sp1/nios2eds/bin/gnu/h-i686-mingw32/bin/../lib/gcc/nios2-elf/4.1.2\libgcc.a(_eq_df.o)
 .bss           0x00819b30        0x0 c:/altera/12.1sp1/nios2eds/bin/gnu/h-i686-mingw32/bin/../lib/gcc/nios2-elf/4.1.2\libgcc.a(_ne_df.o)
 .bss           0x00819b30        0x0 c:/altera/12.1sp1/nios2eds/bin/gnu/h-i686-mingw32/bin/../lib/gcc/nios2-elf/4.1.2\libgcc.a(_gt_df.o)
 .bss           0x00819b30        0x0 c:/altera/12.1sp1/nios2eds/bin/gnu/h-i686-mingw32/bin/../lib/gcc/nios2-elf/4.1.2\libgcc.a(_ge_df.o)
 .bss           0x00819b30        0x0 c:/altera/12.1sp1/nios2eds/bin/gnu/h-i686-mingw32/bin/../lib/gcc/nios2-elf/4.1.2\libgcc.a(_lt_df.o)
 .bss           0x00819b30        0x0 c:/altera/12.1sp1/nios2eds/bin/gnu/h-i686-mingw32/bin/../lib/gcc/nios2-elf/4.1.2\libgcc.a(_si_to_df.o)
 .bss           0x00819b30        0x0 c:/altera/12.1sp1/nios2eds/bin/gnu/h-i686-mingw32/bin/../lib/gcc/nios2-elf/4.1.2\libgcc.a(_df_to_si.o)
 .bss           0x00819b30        0x0 c:/altera/12.1sp1/nios2eds/bin/gnu/h-i686-mingw32/bin/../lib/gcc/nios2-elf/4.1.2\libgcc.a(_thenan_df.o)
 .bss           0x00819b30        0x0 c:/altera/12.1sp1/nios2eds/bin/gnu/h-i686-mingw32/bin/../lib/gcc/nios2-elf/4.1.2\libgcc.a(_usi_to_df.o)
 .bss           0x00819b30        0x0 c:/altera/12.1sp1/nios2eds/bin/gnu/h-i686-mingw32/bin/../lib/gcc/nios2-elf/4.1.2\libgcc.a(_muldi3.o)
 .bss           0x00819b30        0x0 c:/altera/12.1sp1/nios2eds/bin/gnu/h-i686-mingw32/bin/../lib/gcc/nios2-elf/4.1.2\libgcc.a(_clz.o)
 .bss           0x00819b30        0x0 c:/altera/12.1sp1/nios2eds/bin/gnu/h-i686-mingw32/bin/../lib/gcc/nios2-elf/4.1.2\libgcc.a(_clzsi2.o)
 .bss           0x00819b30        0x0 c:/altera/12.1sp1/nios2eds/bin/gnu/h-i686-mingw32/bin/../lib/gcc/nios2-elf/4.1.2\libgcc.a(_pack_df.o)
 .bss           0x00819b30        0x0 c:/altera/12.1sp1/nios2eds/bin/gnu/h-i686-mingw32/bin/../lib/gcc/nios2-elf/4.1.2\libgcc.a(_unpack_df.o)
 .bss           0x00819b30        0x0 c:/altera/12.1sp1/nios2eds/bin/gnu/h-i686-mingw32/bin/../lib/gcc/nios2-elf/4.1.2\libgcc.a(_fpcmp_parts_df.o)
 .bss           0x00819b30        0x0 ../SynthUnitTest_bsp/\libucosii_bsp.a(alt_close.o)
 .bss           0x00819b30        0x0 ../SynthUnitTest_bsp/\libucosii_bsp.a(alt_dev.o)
 .bss           0x00819b30        0x0 ../SynthUnitTest_bsp/\libucosii_bsp.a(alt_errno.o)
 .bss           0x00819b30        0x0 ../SynthUnitTest_bsp/\libucosii_bsp.a(alt_fstat.o)
 .bss           0x00819b30        0x0 ../SynthUnitTest_bsp/\libucosii_bsp.a(alt_isatty.o)
 .bss           0x00819b30        0x0 ../SynthUnitTest_bsp/\libucosii_bsp.a(alt_load.o)
 .bss           0x00819b30        0x0 ../SynthUnitTest_bsp/\libucosii_bsp.a(alt_lseek.o)
 .bss           0x00819b30        0x0 ../SynthUnitTest_bsp/\libucosii_bsp.a(alt_main.o)
 .bss           0x00819b30        0x0 ../SynthUnitTest_bsp/\libucosii_bsp.a(alt_read.o)
 .bss           0x00819b30        0x0 ../SynthUnitTest_bsp/\libucosii_bsp.a(alt_release_fd.o)
 .bss           0x00819b30        0x0 ../SynthUnitTest_bsp/\libucosii_bsp.a(alt_sbrk.o)
 .bss           0x00819b30        0x0 ../SynthUnitTest_bsp/\libucosii_bsp.a(alt_write.o)
 .bss           0x00819b30        0x0 ../SynthUnitTest_bsp/\libucosii_bsp.a(alt_env_lock.o)
 .bss           0x00819b30        0x0 ../SynthUnitTest_bsp/\libucosii_bsp.a(alt_malloc_lock.o)
 .bss           0x00819b30        0x0 ../SynthUnitTest_bsp/\libucosii_bsp.a(os_core.o)
 .bss           0x00819b30        0x0 ../SynthUnitTest_bsp/\libucosii_bsp.a(os_dbg.o)
 .bss           0x00819b30        0x0 ../SynthUnitTest_bsp/\libucosii_bsp.a(os_flag.o)
 .bss           0x00819b30        0x0 ../SynthUnitTest_bsp/\libucosii_bsp.a(os_mem.o)
 .bss           0x00819b30        0x0 ../SynthUnitTest_bsp/\libucosii_bsp.a(os_q.o)
 .bss           0x00819b30        0x0 ../SynthUnitTest_bsp/\libucosii_bsp.a(os_sem.o)
 .bss           0x00819b30        0x0 ../SynthUnitTest_bsp/\libucosii_bsp.a(os_task.o)
 .bss           0x00819b30        0x0 ../SynthUnitTest_bsp/\libucosii_bsp.a(os_time.o)
 .bss           0x00819b30        0x0 ../SynthUnitTest_bsp/\libucosii_bsp.a(alt_sys_init.o)
 .bss           0x00819b30        0x0 ../SynthUnitTest_bsp/\libucosii_bsp.a(altera_avalon_fifo_util.o)
 .bss           0x00819b30        0x0 ../SynthUnitTest_bsp/\libucosii_bsp.a(altera_avalon_jtag_uart_fd.o)
 .bss           0x00819b30        0x0 ../SynthUnitTest_bsp/\libucosii_bsp.a(altera_avalon_jtag_uart_init.o)
 .bss           0x00819b30        0x0 ../SynthUnitTest_bsp/\libucosii_bsp.a(altera_avalon_jtag_uart_ioctl.o)
 .bss           0x00819b30        0x0 ../SynthUnitTest_bsp/\libucosii_bsp.a(altera_avalon_jtag_uart_read.o)
 .bss           0x00819b30        0x0 ../SynthUnitTest_bsp/\libucosii_bsp.a(altera_avalon_jtag_uart_write.o)
 .bss           0x00819b30        0x0 ../SynthUnitTest_bsp/\libucosii_bsp.a(altera_avalon_timer_sc.o)
 .bss           0x00819b30        0x0 ../SynthUnitTest_bsp/\libucosii_bsp.a(altera_up_avalon_character_lcd.o)
 .bss           0x00819b30        0x0 ../SynthUnitTest_bsp/\libucosii_bsp.a(alt_alarm_start.o)
 .bss           0x00819b30        0x0 ../SynthUnitTest_bsp/\libucosii_bsp.a(alt_dcache_flush_all.o)
 .bss           0x00819b30        0x0 ../SynthUnitTest_bsp/\libucosii_bsp.a(alt_dev_llist_insert.o)
 .bss           0x00819b30        0x0 ../SynthUnitTest_bsp/\libucosii_bsp.a(alt_do_ctors.o)
 .bss           0x00819b30        0x0 ../SynthUnitTest_bsp/\libucosii_bsp.a(alt_do_dtors.o)
 .bss           0x00819b30        0x0 ../SynthUnitTest_bsp/\libucosii_bsp.a(alt_find_dev.o)
 .bss           0x00819b30        0x0 ../SynthUnitTest_bsp/\libucosii_bsp.a(alt_icache_flush_all.o)
 .bss           0x00819b30        0x0 ../SynthUnitTest_bsp/\libucosii_bsp.a(alt_iic.o)
 .bss           0x00819b30        0x0 ../SynthUnitTest_bsp/\libucosii_bsp.a(alt_iic_isr_register.o)
 .bss           0x00819b30        0x0 ../SynthUnitTest_bsp/\libucosii_bsp.a(alt_io_redirect.o)
 .bss           0x00819b30        0x0 ../SynthUnitTest_bsp/\libucosii_bsp.a(alt_irq_entry.o)
 .bss           0x00819b30        0x0 ../SynthUnitTest_bsp/\libucosii_bsp.a(alt_irq_handler.o)
 .bss           0x00819b30        0x0 ../SynthUnitTest_bsp/\libucosii_bsp.a(alt_irq_vars.o)
 .bss           0x00819b30        0x0 ../SynthUnitTest_bsp/\libucosii_bsp.a(alt_open.o)
 .bss           0x00819b30        0x0 ../SynthUnitTest_bsp/\libucosii_bsp.a(alt_tick.o)
 .bss           0x00819b30        0x0 ../SynthUnitTest_bsp/\libucosii_bsp.a(altera_nios2_qsys_irq.o)
 .bss           0x00819b30        0x0 ../SynthUnitTest_bsp/\libucosii_bsp.a(os_cpu_a.o)
 .bss           0x00819b30        0x0 ../SynthUnitTest_bsp/\libucosii_bsp.a(os_cpu_c.o)
 .bss           0x00819b30        0x0 ../SynthUnitTest_bsp/\libucosii_bsp.a(alt_exception_entry.o)
 .bss           0x00819b30        0x0 ../SynthUnitTest_bsp/\libucosii_bsp.a(alt_find_file.o)
 .bss           0x00819b30        0x0 ../SynthUnitTest_bsp/\libucosii_bsp.a(alt_get_fd.o)
 .bss           0x00819b30        0x0 ../SynthUnitTest_bsp/\libucosii_bsp.a(alt_icache_flush.o)
 .bss           0x00819b30        0x0 c:/altera/12.1sp1/nios2eds/bin/gnu/h-i686-mingw32/bin/../lib/gcc/nios2-elf/4.1.2/../../../../nios2-elf/lib\libc.a(lib_a-atexit.o)
 .bss           0x00819b30        0x0 c:/altera/12.1sp1/nios2eds/bin/gnu/h-i686-mingw32/bin/../lib/gcc/nios2-elf/4.1.2/../../../../nios2-elf/lib\libc.a(lib_a-exit.o)
 .bss           0x00819b30        0x0 c:/altera/12.1sp1/nios2eds/bin/gnu/h-i686-mingw32/bin/../lib/gcc/nios2-elf/4.1.2/../../../../nios2-elf/lib\libc.a(lib_a-memcmp.o)
 .bss           0x00819b30        0x0 c:/altera/12.1sp1/nios2eds/bin/gnu/h-i686-mingw32/bin/../lib/gcc/nios2-elf/4.1.2/../../../../nios2-elf/lib\libc.a(lib_a-__atexit.o)
 .bss           0x00819b30        0x0 c:/altera/12.1sp1/nios2eds/bin/gnu/h-i686-mingw32/bin/../lib/gcc/nios2-elf/4.1.2/../../../../nios2-elf/lib\libc.a(lib_a-__call_atexit.o)
 .bss           0x00819b30        0x0 ../SynthUnitTest_bsp/\libucosii_bsp.a(alt_exit.o)
 *(COMMON)
 COMMON         0x00819b30     0x2000 obj/default/hello_ucosii.o
                0x00819b30                task1_stk
 COMMON         0x0081bb30     0x3224 ../SynthUnitTest_bsp/\libucosii_bsp.a(os_core.o)
                0x0081bb30                OSFlagTbl
                0x0081bea0                OSMemTbl
                0x0081cad0                OSTaskStatStk
                0x0081d2d0                OSQTbl
                0x0081d4b0                OSTaskIdleStk
                0x0081dcb0                OSEventTbl
                0x0081e7f0                OSTCBTbl
                0x0081ed00                OSTCBPrioTbl
 COMMON         0x0081ed54      0x100 ../SynthUnitTest_bsp/\libucosii_bsp.a(alt_irq_handler.o)
                0x0081ed54                alt_irq
 COMMON         0x0081ee54      0x190 c:/altera/12.1sp1/nios2eds/bin/gnu/h-i686-mingw32/bin/../lib/gcc/nios2-elf/4.1.2/../../../../nios2-elf/lib\libc.a(lib_a-atexit.o)
                0x0081ee54                _atexit0
                0x0081efe4                . = ALIGN (0x4)
                0x0081efe4                __bss_end = ABSOLUTE (.)

.sdram_0        0x0081efe4        0x0
                0x0081efe4                PROVIDE (_alt_partition_sdram_0_start, ABSOLUTE (.))
 *(.sdram_0. sdram_0.*)
                0x0081efe4                . = ALIGN (0x4)
                0x0081efe4                PROVIDE (_alt_partition_sdram_0_end, ABSOLUTE (.))
                0x0081efe4                _end = ABSOLUTE (.)
                0x0081efe4                end = ABSOLUTE (.)
                0x0081efe4                __alt_stack_base = ABSOLUTE (.)
                0x0081efe4                PROVIDE (_alt_partition_sdram_0_load_addr, LOADADDR (.sdram_0))

.sram_0         0x01080000        0x0 load address 0x0081efe4
                0x01080000                PROVIDE (_alt_partition_sram_0_start, ABSOLUTE (.))
 *(.sram_0. sram_0.*)
                0x01080000                . = ALIGN (0x4)
                0x01080000                PROVIDE (_alt_partition_sram_0_end, ABSOLUTE (.))
                0x0081efe4                PROVIDE (_alt_partition_sram_0_load_addr, LOADADDR (.sram_0))

.onchip_memory2_0
                0x011041bc        0x0 load address 0x0081efe4
                0x011041bc                PROVIDE (_alt_partition_onchip_memory2_0_start, ABSOLUTE (.))
 *(.onchip_memory2_0. onchip_memory2_0.*)
                0x011041bc                . = ALIGN (0x4)
                0x011041bc                PROVIDE (_alt_partition_onchip_memory2_0_end, ABSOLUTE (.))
                0x0081efe4                PROVIDE (_alt_partition_onchip_memory2_0_load_addr, LOADADDR (.onchip_memory2_0))

.stab
 *(.stab)

.stabstr
 *(.stabstr)

.stab.excl
 *(.stab.excl)

.stab.exclstr
 *(.stab.exclstr)

.stab.index
 *(.stab.index)

.stab.indexstr
 *(.stab.indexstr)

.comment        0x00000000       0x26
 *(.comment)
 .comment       0x00000000       0x26 obj/default/hello_ucosii.o
                                 0x27 (size before relaxing)
 .comment       0x00000000       0x27 c:/altera/12.1sp1/nios2eds/bin/gnu/h-i686-mingw32/bin/../lib/gcc/nios2-elf/4.1.2\libgcc.a(lib2-divmod.o)
 .comment       0x00000000       0x27 c:/altera/12.1sp1/nios2eds/bin/gnu/h-i686-mingw32/bin/../lib/gcc/nios2-elf/4.1.2/../../../../nios2-elf/lib\libc.a(lib_a-printf.o)
 .comment       0x00000000       0x27 c:/altera/12.1sp1/nios2eds/bin/gnu/h-i686-mingw32/bin/../lib/gcc/nios2-elf/4.1.2/../../../../nios2-elf/lib\libc.a(lib_a-putchar.o)
 .comment       0x00000000       0x27 c:/altera/12.1sp1/nios2eds/bin/gnu/h-i686-mingw32/bin/../lib/gcc/nios2-elf/4.1.2/../../../../nios2-elf/lib\libc.a(lib_a-vfprintf.o)
 .comment       0x00000000       0x27 c:/altera/12.1sp1/nios2eds/bin/gnu/h-i686-mingw32/bin/../lib/gcc/nios2-elf/4.1.2/../../../../nios2-elf/lib\libc.a(lib_a-wsetup.o)
 .comment       0x00000000       0x27 c:/altera/12.1sp1/nios2eds/bin/gnu/h-i686-mingw32/bin/../lib/gcc/nios2-elf/4.1.2/../../../../nios2-elf/lib\libc.a(lib_a-dtoa.o)
 .comment       0x00000000       0x27 c:/altera/12.1sp1/nios2eds/bin/gnu/h-i686-mingw32/bin/../lib/gcc/nios2-elf/4.1.2/../../../../nios2-elf/lib\libc.a(lib_a-fflush.o)
 .comment       0x00000000       0x27 c:/altera/12.1sp1/nios2eds/bin/gnu/h-i686-mingw32/bin/../lib/gcc/nios2-elf/4.1.2/../../../../nios2-elf/lib\libc.a(lib_a-findfp.o)
 .comment       0x00000000       0x27 c:/altera/12.1sp1/nios2eds/bin/gnu/h-i686-mingw32/bin/../lib/gcc/nios2-elf/4.1.2/../../../../nios2-elf/lib\libc.a(lib_a-freer.o)
 .comment       0x00000000       0x27 c:/altera/12.1sp1/nios2eds/bin/gnu/h-i686-mingw32/bin/../lib/gcc/nios2-elf/4.1.2/../../../../nios2-elf/lib\libc.a(lib_a-fvwrite.o)
 .comment       0x00000000       0x27 c:/altera/12.1sp1/nios2eds/bin/gnu/h-i686-mingw32/bin/../lib/gcc/nios2-elf/4.1.2/../../../../nios2-elf/lib\libc.a(lib_a-fwalk.o)
 .comment       0x00000000       0x27 c:/altera/12.1sp1/nios2eds/bin/gnu/h-i686-mingw32/bin/../lib/gcc/nios2-elf/4.1.2/../../../../nios2-elf/lib\libc.a(lib_a-impure.o)
 .comment       0x00000000       0x27 c:/altera/12.1sp1/nios2eds/bin/gnu/h-i686-mingw32/bin/../lib/gcc/nios2-elf/4.1.2/../../../../nios2-elf/lib\libc.a(lib_a-locale.o)
 .comment       0x00000000       0x27 c:/altera/12.1sp1/nios2eds/bin/gnu/h-i686-mingw32/bin/../lib/gcc/nios2-elf/4.1.2/../../../../nios2-elf/lib\libc.a(lib_a-makebuf.o)
 .comment       0x00000000       0x27 c:/altera/12.1sp1/nios2eds/bin/gnu/h-i686-mingw32/bin/../lib/gcc/nios2-elf/4.1.2/../../../../nios2-elf/lib\libc.a(lib_a-mallocr.o)
 .comment       0x00000000       0x27 c:/altera/12.1sp1/nios2eds/bin/gnu/h-i686-mingw32/bin/../lib/gcc/nios2-elf/4.1.2/../../../../nios2-elf/lib\libc.a(lib_a-memchr.o)
 .comment       0x00000000       0x27 c:/altera/12.1sp1/nios2eds/bin/gnu/h-i686-mingw32/bin/../lib/gcc/nios2-elf/4.1.2/../../../../nios2-elf/lib\libc.a(lib_a-memcpy.o)
 .comment       0x00000000       0x27 c:/altera/12.1sp1/nios2eds/bin/gnu/h-i686-mingw32/bin/../lib/gcc/nios2-elf/4.1.2/../../../../nios2-elf/lib\libc.a(lib_a-memmove.o)
 .comment       0x00000000       0x27 c:/altera/12.1sp1/nios2eds/bin/gnu/h-i686-mingw32/bin/../lib/gcc/nios2-elf/4.1.2/../../../../nios2-elf/lib\libc.a(lib_a-memset.o)
 .comment       0x00000000       0x27 c:/altera/12.1sp1/nios2eds/bin/gnu/h-i686-mingw32/bin/../lib/gcc/nios2-elf/4.1.2/../../../../nios2-elf/lib\libc.a(lib_a-mprec.o)
 .comment       0x00000000       0x27 c:/altera/12.1sp1/nios2eds/bin/gnu/h-i686-mingw32/bin/../lib/gcc/nios2-elf/4.1.2/../../../../nios2-elf/lib\libc.a(lib_a-putc.o)
 .comment       0x00000000       0x27 c:/altera/12.1sp1/nios2eds/bin/gnu/h-i686-mingw32/bin/../lib/gcc/nios2-elf/4.1.2/../../../../nios2-elf/lib\libc.a(lib_a-reallocr.o)
 .comment       0x00000000       0x27 c:/altera/12.1sp1/nios2eds/bin/gnu/h-i686-mingw32/bin/../lib/gcc/nios2-elf/4.1.2/../../../../nios2-elf/lib\libc.a(lib_a-s_isinfd.o)
 .comment       0x00000000       0x27 c:/altera/12.1sp1/nios2eds/bin/gnu/h-i686-mingw32/bin/../lib/gcc/nios2-elf/4.1.2/../../../../nios2-elf/lib\libc.a(lib_a-s_isnand.o)
 .comment       0x00000000       0x27 c:/altera/12.1sp1/nios2eds/bin/gnu/h-i686-mingw32/bin/../lib/gcc/nios2-elf/4.1.2/../../../../nios2-elf/lib\libc.a(lib_a-sbrkr.o)
 .comment       0x00000000       0x27 c:/altera/12.1sp1/nios2eds/bin/gnu/h-i686-mingw32/bin/../lib/gcc/nios2-elf/4.1.2/../../../../nios2-elf/lib\libc.a(lib_a-stdio.o)
 .comment       0x00000000       0x27 c:/altera/12.1sp1/nios2eds/bin/gnu/h-i686-mingw32/bin/../lib/gcc/nios2-elf/4.1.2/../../../../nios2-elf/lib\libc.a(lib_a-strcmp.o)
 .comment       0x00000000       0x27 c:/altera/12.1sp1/nios2eds/bin/gnu/h-i686-mingw32/bin/../lib/gcc/nios2-elf/4.1.2/../../../../nios2-elf/lib\libc.a(lib_a-strlen.o)
 .comment       0x00000000       0x27 c:/altera/12.1sp1/nios2eds/bin/gnu/h-i686-mingw32/bin/../lib/gcc/nios2-elf/4.1.2/../../../../nios2-elf/lib\libc.a(lib_a-wbuf.o)
 .comment       0x00000000       0x27 c:/altera/12.1sp1/nios2eds/bin/gnu/h-i686-mingw32/bin/../lib/gcc/nios2-elf/4.1.2/../../../../nios2-elf/lib\libc.a(lib_a-writer.o)
 .comment       0x00000000       0x27 c:/altera/12.1sp1/nios2eds/bin/gnu/h-i686-mingw32/bin/../lib/gcc/nios2-elf/4.1.2/../../../../nios2-elf/lib\libc.a(lib_a-callocr.o)
 .comment       0x00000000       0x27 c:/altera/12.1sp1/nios2eds/bin/gnu/h-i686-mingw32/bin/../lib/gcc/nios2-elf/4.1.2/../../../../nios2-elf/lib\libc.a(lib_a-closer.o)
 .comment       0x00000000       0x27 c:/altera/12.1sp1/nios2eds/bin/gnu/h-i686-mingw32/bin/../lib/gcc/nios2-elf/4.1.2/../../../../nios2-elf/lib\libc.a(lib_a-fclose.o)
 .comment       0x00000000       0x27 c:/altera/12.1sp1/nios2eds/bin/gnu/h-i686-mingw32/bin/../lib/gcc/nios2-elf/4.1.2/../../../../nios2-elf/lib\libc.a(lib_a-fstatr.o)
 .comment       0x00000000       0x27 c:/altera/12.1sp1/nios2eds/bin/gnu/h-i686-mingw32/bin/../lib/gcc/nios2-elf/4.1.2/../../../../nios2-elf/lib\libc.a(lib_a-int_errno.o)
 .comment       0x00000000       0x27 c:/altera/12.1sp1/nios2eds/bin/gnu/h-i686-mingw32/bin/../lib/gcc/nios2-elf/4.1.2/../../../../nios2-elf/lib\libc.a(lib_a-isattyr.o)
 .comment       0x00000000       0x27 c:/altera/12.1sp1/nios2eds/bin/gnu/h-i686-mingw32/bin/../lib/gcc/nios2-elf/4.1.2/../../../../nios2-elf/lib\libc.a(lib_a-lseekr.o)
 .comment       0x00000000       0x27 c:/altera/12.1sp1/nios2eds/bin/gnu/h-i686-mingw32/bin/../lib/gcc/nios2-elf/4.1.2/../../../../nios2-elf/lib\libc.a(lib_a-readr.o)
 .comment       0x00000000       0x27 c:/altera/12.1sp1/nios2eds/bin/gnu/h-i686-mingw32/bin/../lib/gcc/nios2-elf/4.1.2\libgcc.a(_udivdi3.o)
 .comment       0x00000000       0x27 c:/altera/12.1sp1/nios2eds/bin/gnu/h-i686-mingw32/bin/../lib/gcc/nios2-elf/4.1.2\libgcc.a(_umoddi3.o)
 .comment       0x00000000       0x27 c:/altera/12.1sp1/nios2eds/bin/gnu/h-i686-mingw32/bin/../lib/gcc/nios2-elf/4.1.2\libgcc.a(_addsub_df.o)
 .comment       0x00000000       0x27 c:/altera/12.1sp1/nios2eds/bin/gnu/h-i686-mingw32/bin/../lib/gcc/nios2-elf/4.1.2\libgcc.a(_mul_df.o)
 .comment       0x00000000       0x27 c:/altera/12.1sp1/nios2eds/bin/gnu/h-i686-mingw32/bin/../lib/gcc/nios2-elf/4.1.2\libgcc.a(_div_df.o)
 .comment       0x00000000       0x27 c:/altera/12.1sp1/nios2eds/bin/gnu/h-i686-mingw32/bin/../lib/gcc/nios2-elf/4.1.2\libgcc.a(_eq_df.o)
 .comment       0x00000000       0x27 c:/altera/12.1sp1/nios2eds/bin/gnu/h-i686-mingw32/bin/../lib/gcc/nios2-elf/4.1.2\libgcc.a(_ne_df.o)
 .comment       0x00000000       0x27 c:/altera/12.1sp1/nios2eds/bin/gnu/h-i686-mingw32/bin/../lib/gcc/nios2-elf/4.1.2\libgcc.a(_gt_df.o)
 .comment       0x00000000       0x27 c:/altera/12.1sp1/nios2eds/bin/gnu/h-i686-mingw32/bin/../lib/gcc/nios2-elf/4.1.2\libgcc.a(_ge_df.o)
 .comment       0x00000000       0x27 c:/altera/12.1sp1/nios2eds/bin/gnu/h-i686-mingw32/bin/../lib/gcc/nios2-elf/4.1.2\libgcc.a(_lt_df.o)
 .comment       0x00000000       0x27 c:/altera/12.1sp1/nios2eds/bin/gnu/h-i686-mingw32/bin/../lib/gcc/nios2-elf/4.1.2\libgcc.a(_si_to_df.o)
 .comment       0x00000000       0x27 c:/altera/12.1sp1/nios2eds/bin/gnu/h-i686-mingw32/bin/../lib/gcc/nios2-elf/4.1.2\libgcc.a(_df_to_si.o)
 .comment       0x00000000       0x27 c:/altera/12.1sp1/nios2eds/bin/gnu/h-i686-mingw32/bin/../lib/gcc/nios2-elf/4.1.2\libgcc.a(_thenan_df.o)
 .comment       0x00000000       0x27 c:/altera/12.1sp1/nios2eds/bin/gnu/h-i686-mingw32/bin/../lib/gcc/nios2-elf/4.1.2\libgcc.a(_usi_to_df.o)
 .comment       0x00000000       0x27 c:/altera/12.1sp1/nios2eds/bin/gnu/h-i686-mingw32/bin/../lib/gcc/nios2-elf/4.1.2\libgcc.a(_muldi3.o)
 .comment       0x00000000       0x27 c:/altera/12.1sp1/nios2eds/bin/gnu/h-i686-mingw32/bin/../lib/gcc/nios2-elf/4.1.2\libgcc.a(_clz.o)
 .comment       0x00000000       0x27 c:/altera/12.1sp1/nios2eds/bin/gnu/h-i686-mingw32/bin/../lib/gcc/nios2-elf/4.1.2\libgcc.a(_clzsi2.o)
 .comment       0x00000000       0x27 c:/altera/12.1sp1/nios2eds/bin/gnu/h-i686-mingw32/bin/../lib/gcc/nios2-elf/4.1.2\libgcc.a(_pack_df.o)
 .comment       0x00000000       0x27 c:/altera/12.1sp1/nios2eds/bin/gnu/h-i686-mingw32/bin/../lib/gcc/nios2-elf/4.1.2\libgcc.a(_unpack_df.o)
 .comment       0x00000000       0x27 c:/altera/12.1sp1/nios2eds/bin/gnu/h-i686-mingw32/bin/../lib/gcc/nios2-elf/4.1.2\libgcc.a(_fpcmp_parts_df.o)
 .comment       0x00000000       0x27 ../SynthUnitTest_bsp/\libucosii_bsp.a(alt_close.o)
 .comment       0x00000000       0x27 ../SynthUnitTest_bsp/\libucosii_bsp.a(alt_dev.o)
 .comment       0x00000000       0x27 ../SynthUnitTest_bsp/\libucosii_bsp.a(alt_errno.o)
 .comment       0x00000000       0x27 ../SynthUnitTest_bsp/\libucosii_bsp.a(alt_fstat.o)
 .comment       0x00000000       0x27 ../SynthUnitTest_bsp/\libucosii_bsp.a(alt_isatty.o)
 .comment       0x00000000       0x27 ../SynthUnitTest_bsp/\libucosii_bsp.a(alt_load.o)
 .comment       0x00000000       0x27 ../SynthUnitTest_bsp/\libucosii_bsp.a(alt_lseek.o)
 .comment       0x00000000       0x27 ../SynthUnitTest_bsp/\libucosii_bsp.a(alt_main.o)
 .comment       0x00000000       0x27 ../SynthUnitTest_bsp/\libucosii_bsp.a(alt_read.o)
 .comment       0x00000000       0x27 ../SynthUnitTest_bsp/\libucosii_bsp.a(alt_release_fd.o)