Archive member included because of file (symbol)

c:/altera/12.1sp1/nios2eds/bin/gnu/h-i686-mingw32/bin/../lib/gcc/nios2-elf/4.1.2/../../../../nios2-elf/lib\libc.a(lib_a-puts.o)
                              obj/default/hello_ucosii.o (puts)
c:/altera/12.1sp1/nios2eds/bin/gnu/h-i686-mingw32/bin/../lib/gcc/nios2-elf/4.1.2/../../../../nios2-elf/lib\libc.a(lib_a-strlen.o)
                              c:/altera/12.1sp1/nios2eds/bin/gnu/h-i686-mingw32/bin/../lib/gcc/nios2-elf/4.1.2/../../../../nios2-elf/lib\libc.a(lib_a-puts.o) (strlen)
c:/altera/12.1sp1/nios2eds/bin/gnu/h-i686-mingw32/bin/../lib/gcc/nios2-elf/4.1.2/../../../../nios2-elf/lib\libc.a(lib_a-fvwrite.o)
                              c:/altera/12.1sp1/nios2eds/bin/gnu/h-i686-mingw32/bin/../lib/gcc/nios2-elf/4.1.2/../../../../nios2-elf/lib\libc.a(lib_a-puts.o) (__sfvwrite_r)
c:/altera/12.1sp1/nios2eds/bin/gnu/h-i686-mingw32/bin/../lib/gcc/nios2-elf/4.1.2/../../../../nios2-elf/lib\libc.a(lib_a-impure.o)
                              c:/altera/12.1sp1/nios2eds/bin/gnu/h-i686-mingw32/bin/../lib/gcc/nios2-elf/4.1.2/../../../../nios2-elf/lib\libc.a(lib_a-puts.o) (_impure_ptr)
c:/altera/12.1sp1/nios2eds/bin/gnu/h-i686-mingw32/bin/../lib/gcc/nios2-elf/4.1.2/../../../../nios2-elf/lib\libc.a(lib_a-mallocr.o)
                              c:/altera/12.1sp1/nios2eds/bin/gnu/h-i686-mingw32/bin/../lib/gcc/nios2-elf/4.1.2/../../../../nios2-elf/lib\libc.a(lib_a-fvwrite.o) (_malloc_r)
c:/altera/12.1sp1/nios2eds/bin/gnu/h-i686-mingw32/bin/../lib/gcc/nios2-elf/4.1.2/../../../../nios2-elf/lib\libc.a(lib_a-memchr.o)
                              c:/altera/12.1sp1/nios2eds/bin/gnu/h-i686-mingw32/bin/../lib/gcc/nios2-elf/4.1.2/../../../../nios2-elf/lib\libc.a(lib_a-fvwrite.o) (memchr)
c:/altera/12.1sp1/nios2eds/bin/gnu/h-i686-mingw32/bin/../lib/gcc/nios2-elf/4.1.2/../../../../nios2-elf/lib\libc.a(lib_a-memcpy.o)
                              c:/altera/12.1sp1/nios2eds/bin/gnu/h-i686-mingw32/bin/../lib/gcc/nios2-elf/4.1.2/../../../../nios2-elf/lib\libc.a(lib_a-fvwrite.o) (memcpy)
c:/altera/12.1sp1/nios2eds/bin/gnu/h-i686-mingw32/bin/../lib/gcc/nios2-elf/4.1.2/../../../../nios2-elf/lib\libc.a(lib_a-memmove.o)
                              c:/altera/12.1sp1/nios2eds/bin/gnu/h-i686-mingw32/bin/../lib/gcc/nios2-elf/4.1.2/../../../../nios2-elf/lib\libc.a(lib_a-fvwrite.o) (memmove)
c:/altera/12.1sp1/nios2eds/bin/gnu/h-i686-mingw32/bin/../lib/gcc/nios2-elf/4.1.2/../../../../nios2-elf/lib\libc.a(lib_a-reallocr.o)
                              c:/altera/12.1sp1/nios2eds/bin/gnu/h-i686-mingw32/bin/../lib/gcc/nios2-elf/4.1.2/../../../../nios2-elf/lib\libc.a(lib_a-fvwrite.o) (_realloc_r)
c:/altera/12.1sp1/nios2eds/bin/gnu/h-i686-mingw32/bin/../lib/gcc/nios2-elf/4.1.2/../../../../nios2-elf/lib\libc.a(lib_a-sbrkr.o)
                              c:/altera/12.1sp1/nios2eds/bin/gnu/h-i686-mingw32/bin/../lib/gcc/nios2-elf/4.1.2/../../../../nios2-elf/lib\libc.a(lib_a-mallocr.o) (_sbrk_r)
c:/altera/12.1sp1/nios2eds/bin/gnu/h-i686-mingw32/bin/../lib/gcc/nios2-elf/4.1.2/../../../../nios2-elf/lib\libc.a(lib_a-wsetup.o)
                              c:/altera/12.1sp1/nios2eds/bin/gnu/h-i686-mingw32/bin/../lib/gcc/nios2-elf/4.1.2/../../../../nios2-elf/lib\libc.a(lib_a-fvwrite.o) (__swsetup_r)
c:/altera/12.1sp1/nios2eds/bin/gnu/h-i686-mingw32/bin/../lib/gcc/nios2-elf/4.1.2/../../../../nios2-elf/lib\libc.a(lib_a-fflush.o)
                              c:/altera/12.1sp1/nios2eds/bin/gnu/h-i686-mingw32/bin/../lib/gcc/nios2-elf/4.1.2/../../../../nios2-elf/lib\libc.a(lib_a-fvwrite.o) (_fflush_r)
c:/altera/12.1sp1/nios2eds/bin/gnu/h-i686-mingw32/bin/../lib/gcc/nios2-elf/4.1.2/../../../../nios2-elf/lib\libc.a(lib_a-findfp.o)
                              c:/altera/12.1sp1/nios2eds/bin/gnu/h-i686-mingw32/bin/../lib/gcc/nios2-elf/4.1.2/../../../../nios2-elf/lib\libc.a(lib_a-wsetup.o) (__sinit)
c:/altera/12.1sp1/nios2eds/bin/gnu/h-i686-mingw32/bin/../lib/gcc/nios2-elf/4.1.2/../../../../nios2-elf/lib\libc.a(lib_a-freer.o)
                              c:/altera/12.1sp1/nios2eds/bin/gnu/h-i686-mingw32/bin/../lib/gcc/nios2-elf/4.1.2/../../../../nios2-elf/lib\libc.a(lib_a-fvwrite.o) (_free_r)
c:/altera/12.1sp1/nios2eds/bin/gnu/h-i686-mingw32/bin/../lib/gcc/nios2-elf/4.1.2/../../../../nios2-elf/lib\libc.a(lib_a-fwalk.o)
                              c:/altera/12.1sp1/nios2eds/bin/gnu/h-i686-mingw32/bin/../lib/gcc/nios2-elf/4.1.2/../../../../nios2-elf/lib\libc.a(lib_a-fflush.o) (_fwalk_reent)
c:/altera/12.1sp1/nios2eds/bin/gnu/h-i686-mingw32/bin/../lib/gcc/nios2-elf/4.1.2/../../../../nios2-elf/lib\libc.a(lib_a-int_errno.o)
                              c:/altera/12.1sp1/nios2eds/bin/gnu/h-i686-mingw32/bin/../lib/gcc/nios2-elf/4.1.2/../../../../nios2-elf/lib\libc.a(lib_a-sbrkr.o) (errno)
c:/altera/12.1sp1/nios2eds/bin/gnu/h-i686-mingw32/bin/../lib/gcc/nios2-elf/4.1.2/../../../../nios2-elf/lib\libc.a(lib_a-makebuf.o)
[...]
Memory Configuration

Name             Origin             Length             Attributes
sdram_0          0x00800000         0x00800000
sram_0           0x01080000         0x00080000
reset            0x01104000         0x00000020
onchip_memory2_0 0x01104020         0x00003fe0
*default*        0x00000000         0xffffffff

Linker script and memory map

LOAD ../SynthesizerUnitTestV3_bsp//obj/HAL/src/crt0.o
LOAD obj/default/hello_ucosii.o
LOAD c:/altera/12.1sp1/nios2eds/bin/gnu/h-i686-mingw32/bin/../lib/gcc/nios2-elf/4.1.2/../../../../nios2-elf/lib\libstdc++.a
LOAD c:/altera/12.1sp1/nios2eds/bin/gnu/h-i686-mingw32/bin/../lib/gcc/nios2-elf/4.1.2/../../../../nios2-elf/lib\libm.a
LOAD c:/altera/12.1sp1/nios2eds/bin/gnu/h-i686-mingw32/bin/../lib/gcc/nios2-elf/4.1.2\libgcc.a
START GROUP
LOAD c:/altera/12.1sp1/nios2eds/bin/gnu/h-i686-mingw32/bin/../lib/gcc/nios2-elf/4.1.2/../../../../nios2-elf/lib\libc.a
LOAD c:/altera/12.1sp1/nios2eds/bin/gnu/h-i686-mingw32/bin/../lib/gcc/nios2-elf/4.1.2\libgcc.a
LOAD ../SynthesizerUnitTestV3_bsp/\libucosii_bsp.a
END GROUP
LOAD c:/altera/12.1sp1/nios2eds/bin/gnu/h-i686-mingw32/bin/../lib/gcc/nios2-elf/4.1.2\libgcc.a
                0x00800000                __alt_mem_sdram_0 = 0x800000
                0x01080000                __alt_mem_sram_0 = 0x1080000
                0x01104000                __alt_mem_onchip_memory2_0 = 0x1104000

.entry          0x01104000       0x20
 *(.entry)
 .entry         0x01104000       0x20 ../SynthesizerUnitTestV3_bsp//obj/HAL/src/crt0.o
                0x01104000                __reset

.exceptions     0x01104020      0x1a0 load address 0x00800000
                0x01104020                PROVIDE (__ram_exceptions_start, ABSOLUTE (.))
                0x01104020                . = ALIGN (0x20)
 *(.irq)
 *(.exceptions.entry.label)
 .exceptions.entry.label
                0x01104020        0x0 ../SynthesizerUnitTestV3_bsp/\libucosii_bsp.a(alt_irq_entry.o)
                0x01104020                alt_irq_entry
 .exceptions.entry.label
                0x01104020        0x0 ../SynthesizerUnitTestV3_bsp/\libucosii_bsp.a(alt_exception_entry.o)
                0x01104020                alt_exception
 *(.exceptions.entry.user)
 *(.exceptions.entry)
 .exceptions.entry
                0x01104020       0x54 ../SynthesizerUnitTestV3_bsp/\libucosii_bsp.a(alt_exception_entry.o)
 *(.exceptions.irqtest.user)
 *(.exceptions.irqtest)
 .exceptions.irqtest
                0x01104074       0x10 ../SynthesizerUnitTestV3_bsp/\libucosii_bsp.a(alt_irq_entry.o)
 *(.exceptions.irqhandler.user)
 *(.exceptions.irqhandler)
 .exceptions.irqhandler
                0x01104084        0x4 ../SynthesizerUnitTestV3_bsp/\libucosii_bsp.a(alt_irq_entry.o)
 *(.exceptions.irqreturn.user)
 *(.exceptions.irqreturn)
 .exceptions.irqreturn
                0x01104088        0x4 ../SynthesizerUnitTestV3_bsp/\libucosii_bsp.a(alt_irq_entry.o)
 *(.exceptions.notirq.label)
 .exceptions.notirq.label
                0x0110408c        0x0 ../SynthesizerUnitTestV3_bsp/\libucosii_bsp.a(alt_irq_entry.o)
 *(.exceptions.notirq.user)
 *(.exceptions.notirq)
 .exceptions.notirq
                0x0110408c        0x8 ../SynthesizerUnitTestV3_bsp/\libucosii_bsp.a(alt_exception_entry.o)
 *(.exceptions.soft.user)
 *(.exceptions.soft)
 *(.exceptions.unknown.user)
 *(.exceptions.unknown)
 .exceptions.unknown
                0x01104094        0x4 ../SynthesizerUnitTestV3_bsp/\libucosii_bsp.a(alt_exception_entry.o)
 *(.exceptions.exit.label)
 .exceptions.exit.label
                0x01104098        0x0 ../SynthesizerUnitTestV3_bsp/\libucosii_bsp.a(alt_irq_entry.o)
 .exceptions.exit.label
                0x01104098        0x0 ../SynthesizerUnitTestV3_bsp/\libucosii_bsp.a(alt_exception_entry.o)
 *(.exceptions.exit.user)
 *(.exceptions.exit)
 .exceptions.exit
                0x01104098       0x54 ../SynthesizerUnitTestV3_bsp/\libucosii_bsp.a(alt_exception_entry.o)
 *(.exceptions)
 .exceptions    0x011040ec       0xd4 ../SynthesizerUnitTestV3_bsp/\libucosii_bsp.a(alt_irq_handler.o)
                0x011040ec                alt_irq_handler
                0x011041c0                PROVIDE (__ram_exceptions_end, ABSOLUTE (.))
                0x00800000                PROVIDE (__flash_exceptions_start, LOADADDR (.exceptions))

.text           0x008001a0     0xff2c
                0x008001a0                PROVIDE (stext, ABSOLUTE (.))
 *(.interp)
 *(.hash)
 *(.dynsym)
 *(.dynstr)
 *(.gnu.version)
 *(.gnu.version_d)
 *(.gnu.version_r)
 *(.rel.init)
 *(.rela.init)
 *(.rel.text .rel.text.* .rel.gnu.linkonce.t.*)
 *(.rela.text .rela.text.* .rela.gnu.linkonce.t.*)
 *(.rel.fini)
 *(.rela.fini)
 *(.rel.rodata .rel.rodata.* .rel.gnu.linkonce.r.*)
 *(.rela.rodata .rela.rodata.* .rela.gnu.linkonce.r.*)
 *(.rel.data .rel.data.* .rel.gnu.linkonce.d.*)
 *(.rela.data .rela.data.* .rela.gnu.linkonce.d.*)
 *(.rel.tdata .rel.tdata.* .rel.gnu.linkonce.td.*)
 *(.rela.tdata .rela.tdata.* .rela.gnu.linkonce.td.*)
 *(.rel.tbss .rel.tbss.* .rel.gnu.linkonce.tb.*)
 *(.rela.tbss .rela.tbss.* .rela.gnu.linkonce.tb.*)
 *(.rel.ctors)
 *(.rela.ctors)
 *(.rel.dtors)
 *(.rela.dtors)
 *(.rel.got)
 *(.rela.got)
 *(.rel.sdata .rel.sdata.* .rel.gnu.linkonce.s.*)
 *(.rela.sdata .rela.sdata.* .rela.gnu.linkonce.s.*)
 *(.rel.sbss .rel.sbss.* .rel.gnu.linkonce.sb.*)
 *(.rela.sbss .rela.sbss.* .rela.gnu.linkonce.sb.*)
 *(.rel.sdata2 .rel.sdata2.* .rel.gnu.linkonce.s2.*)
 *(.rela.sdata2 .rela.sdata2.* .rela.gnu.linkonce.s2.*)
 *(.rel.sbss2 .rel.sbss2.* .rel.gnu.linkonce.sb2.*)
 *(.rela.sbss2 .rela.sbss2.* .rela.gnu.linkonce.sb2.*)
 *(.rel.bss .rel.bss.* .rel.gnu.linkonce.b.*)
 *(.rela.bss .rela.bss.* .rela.gnu.linkonce.b.*)
 *(.rel.plt)
 *(.rela.plt)
 *(.rel.dyn)
 *(.init)
 *(.plt)
 *(.text .stub .text.* .gnu.linkonce.t.*)
 .text          0x008001a0       0x4c ../SynthesizerUnitTestV3_bsp//obj/HAL/src/crt0.o
                0x008001a0                _start
 .text          0x008001ec      0x308 obj/default/hello_ucosii.o
                0x008001ec                task1
                0x008003dc                task2
                0x00800448                main
 .text          0x008004f4       0xb4 c:/altera/12.1sp1/nios2eds/bin/gnu/h-i686-mingw32/bin/../lib/gcc/nios2-elf/4.1.2/../../../../nios2-elf/lib\libc.a(lib_a-puts.o)
                0x008004f4                _puts_r
                0x00800594                puts
 .text          0x008005a8       0x74 c:/altera/12.1sp1/nios2eds/bin/gnu/h-i686-mingw32/bin/../lib/gcc/nios2-elf/4.1.2/../../../../nios2-elf/lib\libc.a(lib_a-strlen.o)
                0x008005a8                strlen
 .text          0x0080061c      0x49c c:/altera/12.1sp1/nios2eds/bin/gnu/h-i686-mingw32/bin/../lib/gcc/nios2-elf/4.1.2/../../../../nios2-elf/lib\libc.a(lib_a-fvwrite.o)
                0x0080061c                __sfvwrite_r
 .text          0x00800ab8        0x0 c:/altera/12.1sp1/nios2eds/bin/gnu/h-i686-mingw32/bin/../lib/gcc/nios2-elf/4.1.2/../../../../nios2-elf/lib\libc.a(lib_a-impure.o)
 .text          0x00800ab8      0x740 c:/altera/12.1sp1/nios2eds/bin/gnu/h-i686-mingw32/bin/../lib/gcc/nios2-elf/4.1.2/../../../../nios2-elf/lib\libc.a(lib_a-mallocr.o)
                0x00800ab8                _malloc_r
 .text          0x008011f8       0xe4 c:/altera/12.1sp1/nios2eds/bin/gnu/h-i686-mingw32/bin/../lib/gcc/nios2-elf/4.1.2/../../../../nios2-elf/lib\libc.a(lib_a-memchr.o)
                0x008011f8                memchr
 .text          0x008012dc       0xa0 c:/altera/12.1sp1/nios2eds/bin/gnu/h-i686-mingw32/bin/../lib/gcc/nios2-elf/4.1.2/../../../../nios2-elf/lib\libc.a(lib_a-memcpy.o)
                0x008012dc                memcpy
 .text          0x0080137c       0xe0 c:/altera/12.1sp1/nios2eds/bin/gnu/h-i686-mingw32/bin/../lib/gcc/nios2-elf/4.1.2/../../../../nios2-elf/lib\libc.a(lib_a-memmove.o)
                0x0080137c                memmove
 .text          0x0080145c      0x5f4 c:/altera/12.1sp1/nios2eds/bin/gnu/h-i686-mingw32/bin/../lib/gcc/nios2-elf/4.1.2/../../../../nios2-elf/lib\libc.a(lib_a-reallocr.o)
                0x0080145c                _realloc_r
 .text          0x00801a50       0x70 c:/altera/12.1sp1/nios2eds/bin/gnu/h-i686-mingw32/bin/../lib/gcc/nios2-elf/4.1.2/../../../../nios2-elf/lib\libc.a(lib_a-sbrkr.o)
                0x00801a50                _sbrk_r
 .text          0x00801ac0      0x13c c:/altera/12.1sp1/nios2eds/bin/gnu/h-i686-mingw32/bin/../lib/gcc/nios2-elf/4.1.2/../../../../nios2-elf/lib\libc.a(lib_a-wsetup.o)
                0x00801ac0                __swsetup_r
 .text          0x00801bfc      0x230 c:/altera/12.1sp1/nios2eds/bin/gnu/h-i686-mingw32/bin/../lib/gcc/nios2-elf/4.1.2/../../../../nios2-elf/lib\libc.a(lib_a-fflush.o)
                0x00801bfc                _fflush_r
                0x00801df8                fflush
 .text          0x00801e2c      0x2c0 c:/altera/12.1sp1/nios2eds/bin/gnu/h-i686-mingw32/bin/../lib/gcc/nios2-elf/4.1.2/../../../../nios2-elf/lib\libc.a(lib_a-findfp.o)
                0x00801e84                __sfp_lock_acquire
                0x00801e88                __sfp_lock_release
                0x00801e8c                __sinit_lock_acquire
                0x00801e90                __sinit_lock_release
                0x00801e94                __sinit
                0x00801f48                __fp_unlock_all
                0x00801f60                __fp_lock_all
                0x00801f78                _cleanup_r
                0x00801f84                _cleanup
                0x00801f94                __sfmoreglue
                0x00801ffc                __sfp
 .text          0x008020ec      0x440 c:/altera/12.1sp1/nios2eds/bin/gnu/h-i686-mingw32/bin/../lib/gcc/nios2-elf/4.1.2/../../../../nios2-elf/lib\libc.a(lib_a-freer.o)
                0x008020ec                _malloc_trim_r
                0x00802218                _free_r
 .text          0x0080252c      0x180 c:/altera/12.1sp1/nios2eds/bin/gnu/h-i686-mingw32/bin/../lib/gcc/nios2-elf/4.1.2/../../../../nios2-elf/lib\libc.a(lib_a-fwalk.o)
                0x0080252c                _fwalk_reent
                0x008025f4                _fwalk
 .text          0x008026ac        0x0 c:/altera/12.1sp1/nios2eds/bin/gnu/h-i686-mingw32/bin/../lib/gcc/nios2-elf/4.1.2/../../../../nios2-elf/lib\libc.a(lib_a-int_errno.o)
 .text          0x008026ac      0x194 c:/altera/12.1sp1/nios2eds/bin/gnu/h-i686-mingw32/bin/../lib/gcc/nios2-elf/4.1.2/../../../../nios2-elf/lib\libc.a(lib_a-makebuf.o)
                0x008026ac                __smakebuf_r
 .text          0x00802840       0x98 c:/altera/12.1sp1/nios2eds/bin/gnu/h-i686-mingw32/bin/../lib/gcc/nios2-elf/4.1.2/../../../../nios2-elf/lib\libc.a(lib_a-memset.o)
                0x00802840                memset
 .text          0x008028d8      0x14c c:/altera/12.1sp1/nios2eds/bin/gnu/h-i686-mingw32/bin/../lib/gcc/nios2-elf/4.1.2/../../../../nios2-elf/lib\libc.a(lib_a-stdio.o)
                0x008028d8                __sclose
                0x008028e0                __sseek
                0x00802948                __swrite
                0x008029c4                __sread
 .text          0x00802a24       0x78 c:/altera/12.1sp1/nios2eds/bin/gnu/h-i686-mingw32/bin/../lib/gcc/nios2-elf/4.1.2/../../../../nios2-elf/lib\libc.a(lib_a-writer.o)
                0x00802a24                _write_r
 .text          0x00802a9c       0x70 c:/altera/12.1sp1/nios2eds/bin/gnu/h-i686-mingw32/bin/../lib/gcc/nios2-elf/4.1.2/../../../../nios2-elf/lib\libc.a(lib_a-closer.o)
                0x00802a9c                _close_r
 .text          0x00802b0c      0x124 c:/altera/12.1sp1/nios2eds/bin/gnu/h-i686-mingw32/bin/../lib/gcc/nios2-elf/4.1.2/../../../../nios2-elf/lib\libc.a(lib_a-fclose.o)
                0x00802b0c                _fclose_r
                0x00802c1c                fclose
 .text          0x00802c30       0x74 c:/altera/12.1sp1/nios2eds/bin/gnu/h-i686-mingw32/bin/../lib/gcc/nios2-elf/4.1.2/../../../../nios2-elf/lib\libc.a(lib_a-fstatr.o)
                0x00802c30                _fstat_r
 .text          0x00802ca4       0x70 c:/altera/12.1sp1/nios2eds/bin/gnu/h-i686-mingw32/bin/../lib/gcc/nios2-elf/4.1.2/../../../../nios2-elf/lib\libc.a(lib_a-isattyr.o)
                0x00802ca4                _isatty_r
 .text          0x00802d14       0x78 c:/altera/12.1sp1/nios2eds/bin/gnu/h-i686-mingw32/bin/../lib/gcc/nios2-elf/4.1.2/../../../../nios2-elf/lib\libc.a(lib_a-lseekr.o)
                0x00802d14                _lseek_r
 .text          0x00802d8c       0x78 c:/altera/12.1sp1/nios2eds/bin/gnu/h-i686-mingw32/bin/../lib/gcc/nios2-elf/4.1.2/../../../../nios2-elf/lib\libc.a(lib_a-readr.o)
                0x00802d8c                _read_r
 .text          0x00802e04      0x15c ../SynthesizerUnitTestV3_bsp/\libucosii_bsp.a(alt_close.o)
                0x00802e04                close
 .text          0x00802f60       0x2c ../SynthesizerUnitTestV3_bsp/\libucosii_bsp.a(alt_dev.o)
 .text          0x00802f8c        0x0 ../SynthesizerUnitTestV3_bsp/\libucosii_bsp.a(alt_errno.o)
 .text          0x00802f8c      0x134 ../SynthesizerUnitTestV3_bsp/\libucosii_bsp.a(alt_fstat.o)
                0x00802f8c                fstat
 .text          0x008030c0      0x120 ../SynthesizerUnitTestV3_bsp/\libucosii_bsp.a(alt_isatty.o)
                0x008030c0                isatty
 .text          0x008031e0       0xec ../SynthesizerUnitTestV3_bsp/\libucosii_bsp.a(alt_load.o)
                0x008031e0                alt_load
 .text          0x008032cc      0x150 ../SynthesizerUnitTestV3_bsp/\libucosii_bsp.a(alt_lseek.o)
                0x008032cc                lseek
 .text          0x0080341c       0xc8 ../SynthesizerUnitTestV3_bsp/\libucosii_bsp.a(alt_main.o)
                0x0080341c                alt_main
 .text          0x008034e4      0x180 ../SynthesizerUnitTestV3_bsp/\libucosii_bsp.a(alt_read.o)
                0x008034e4                read
 .text          0x00803664       0x60 ../SynthesizerUnitTestV3_bsp/\libucosii_bsp.a(alt_release_fd.o)
                0x00803664                alt_release_fd
 .text          0x008036c4       0xbc ../SynthesizerUnitTestV3_bsp/\libucosii_bsp.a(alt_sbrk.o)
                0x008036c4                sbrk
 .text          0x00803780      0x180 ../SynthesizerUnitTestV3_bsp/\libucosii_bsp.a(alt_write.o)
                0x00803780                write
 .text          0x00803900      0x108 ../SynthesizerUnitTestV3_bsp/\libucosii_bsp.a(alt_env_lock.o)
                0x00803900                __env_lock
                0x008039ac                __env_unlock
 .text          0x00803a08      0x1d8 ../SynthesizerUnitTestV3_bsp/\libucosii_bsp.a(alt_malloc_lock.o)
                0x00803a08                __malloc_lock
                0x00803b10                __malloc_unlock
 .text          0x00803be0     0x2128 ../SynthesizerUnitTestV3_bsp/\libucosii_bsp.a(os_core.o)
                0x00803be0                OSEventNameGet
                0x00803d10                OSEventNameSet
                0x00803e54                OSEventPendMulti
                0x00804508                OSInit
                0x0080455c                OSIntEnter
                0x008045d8                OSIntExit
                0x008046d8                OSSchedLock
                0x00804764                OSSchedUnlock
                0x00804848                OSStart
                0x008048b8                OSStatInit
                0x00804964                OSTimeTick
                0x00804ba4                OSVersion
                0x00804bc4                OS_Dummy
                0x00804be0                OS_EventTaskRdy
                0x00804d74                OS_EventTaskWait
                0x00804e84                OS_EventTaskWaitMulti
                0x00804fd8                OS_EventTaskRemove
                0x00805090                OS_EventTaskRemoveMulti
                0x00805194                OS_EventWaitListInit
                0x00805560                OS_MemClr
                0x008055b4                OS_MemCopy
                0x00805620                OS_Sched
                0x00805764                OS_StrCopy
                0x008057e4                OS_StrLen
                0x0080583c                OS_TaskIdle
                0x00805898                OS_TaskStat
                0x00805960                OS_TaskStatStkChk
                0x00805a28                OS_TCBInit
 .text          0x00805d08      0x18c ../SynthesizerUnitTestV3_bsp/\libucosii_bsp.a(os_dbg.o)
                0x00805d08                OSDebugInit
 .text          0x00805e94     0x193c ../SynthesizerUnitTestV3_bsp/\libucosii_bsp.a(os_flag.o)
                0x00805e94                OSFlagAccept
                0x008061c8                OSFlagCreate
                0x00806304                OSFlagDel
                0x008065ac                OSFlagNameGet
                0x008066f0                OSFlagNameSet
                0x00806844                OSFlagPend
                0x00806e88                OSFlagPendGetFlagsRdy
                0x00806ef0                OSFlagPost
                0x00807298                OSFlagQuery
                0x00807530                OS_FlagInit
                0x00807724                OS_FlagUnlink
 .text          0x008077d0      0x808 ../SynthesizerUnitTestV3_bsp/\libucosii_bsp.a(os_mem.o)
                0x008077d0                OSMemCreate
                0x008079ec                OSMemGet
                0x00807af0                OSMemNameGet
                0x00807bfc                OSMemNameSet
                0x00807d1c                OSMemPut
                0x00807e0c                OSMemQuery
                0x00807f08                OS_MemInit
 .text          0x00807fd8     0x1334 ../SynthesizerUnitTestV3_bsp/\libucosii_bsp.a(os_q.o)
                0x00807fd8                OSQAccept
                0x0080812c                OSQCreate
                0x00808340                OSQDel
                0x00808640                OSQFlush
                0x00808708                OSQPend
                0x00808a28                OSQPendAbort
                0x00808ba4                OSQPost
                0x00808d24                OSQPostFront
                0x00808eac                OSQPostOpt
                0x008090e0                OSQQuery
                0x00809260                OS_QInit
 .text          0x0080930c      0xbc8 ../SynthesizerUnitTestV3_bsp/\libucosii_bsp.a(os_sem.o)
                0x0080930c                OSSemAccept
                0x008093cc                OSSemCreate
                0x008094e0                OSSemDel
                0x00809780                OSSemPend
                0x008099fc                OSSemPendAbort
                0x00809b78                OSSemPost
                0x00809ca0                OSSemQuery
                0x00809dd0                OSSemSet
 .text          0x00809ed4     0x1a40 ../SynthesizerUnitTestV3_bsp/\libucosii_bsp.a(os_task.o)
                0x00809ed4                OSTaskChangePrio
                0x0080a448                OSTaskCreate
                0x0080a61c                OSTaskCreateExt
                0x0080a81c                OSTaskDel
                0x0080ac28                OSTaskDelReq
                0x0080ad98                OSTaskNameGet
                0x0080af50                OSTaskNameSet
                0x0080b114                OSTaskResume
                0x0080b32c                OSTaskStkChk
                0x0080b528                OSTaskSuspend
                0x0080b754                OSTaskQuery
                0x0080b898                OS_TaskStkClr
 .text          0x0080b914      0x598 ../SynthesizerUnitTestV3_bsp/\libucosii_bsp.a(os_time.o)
                0x0080b914                OSTimeDly
                0x0080ba60                OSTimeDlyHMSM
                0x0080bbd4                OSTimeDlyResume
                0x0080bde4                OSTimeGet
                0x0080be48                OSTimeSet
 .text          0x0080beac       0xf8 ../SynthesizerUnitTestV3_bsp/\libucosii_bsp.a(alt_sys_init.o)
                0x0080beac                alt_irq_init
                0x0080bee0                alt_sys_init
 .text          0x0080bfa4      0x560 ../SynthesizerUnitTestV3_bsp/\libucosii_bsp.a(altera_avalon_fifo_util.o)
                0x0080bfa4                altera_avalon_fifo_init
                0x0080c060                altera_avalon_fifo_read_status
                0x0080c09c                altera_avalon_fifo_read_ienable
                0x0080c0d8                altera_avalon_fifo_read_almostfull
                0x0080c104                altera_avalon_fifo_read_almostempty
                0x0080c130                altera_avalon_fifo_read_event
                0x0080c16c                altera_avalon_fifo_read_level
                0x0080c194                altera_avalon_fifo_clear_event
                0x0080c1fc                altera_avalon_fifo_write_ienable
                0x0080c25c                altera_avalon_fifo_write_almostfull
                0x0080c2bc                altera_avalon_fifo_write_almostempty
                0x0080c31c                altera_avalon_fifo_write_fifo
                0x0080c380                altera_avalon_read_fifo
                0x0080c3f0                altera_avalon_fifo_read_fifo
                0x0080c448                altera_avalon_fifo_write_other_info
                0x0080c4b0                altera_avalon_fifo_read_other_info
                0x0080c4dc                altera_avalon_fifo_read_backpressure
 .text          0x0080c504      0x148 ../SynthesizerUnitTestV3_bsp/\libucosii_bsp.a(altera_avalon_jtag_uart_fd.o)
                0x0080c504                altera_avalon_jtag_uart_read_fd
                0x0080c55c                altera_avalon_jtag_uart_write_fd
                0x0080c5b4                altera_avalon_jtag_uart_close_fd
                0x0080c5fc                altera_avalon_jtag_uart_ioctl_fd
 .text          0x0080c64c      0x580 ../SynthesizerUnitTestV3_bsp/\libucosii_bsp.a(altera_avalon_jtag_uart_init.o)
                0x0080c64c                altera_avalon_jtag_uart_init
                0x0080cb58                altera_avalon_jtag_uart_close
 .text          0x0080cbcc       0xf4 ../SynthesizerUnitTestV3_bsp/\libucosii_bsp.a(altera_avalon_jtag_uart_ioctl.o)
                0x0080cbcc                altera_avalon_jtag_uart_ioctl
 .text          0x0080ccc0      0x2c0 ../SynthesizerUnitTestV3_bsp/\libucosii_bsp.a(altera_avalon_jtag_uart_read.o)
                0x0080ccc0                altera_avalon_jtag_uart_read
 .text          0x0080cf80      0x2dc ../SynthesizerUnitTestV3_bsp/\libucosii_bsp.a(altera_avalon_jtag_uart_write.o)
                0x0080cf80                altera_avalon_jtag_uart_write
 .text          0x0080d25c       0xfc ../SynthesizerUnitTestV3_bsp/\libucosii_bsp.a(altera_avalon_timer_sc.o)
                0x0080d2d0                alt_avalon_timer_sc_init
 .text          0x0080d358      0x80c ../SynthesizerUnitTestV3_bsp/\libucosii_bsp.a(altera_up_avalon_audio.o)
                0x0080d358                alt_up_audio_open_dev
                0x0080d398                alt_up_audio_enable_read_interrupt
                0x0080d3e4                alt_up_audio_disable_read_interrupt
                0x0080d434                alt_up_audio_enable_write_interrupt
                0x0080d480                alt_up_audio_disable_write_interrupt
                0x0080d4d0                alt_up_audio_read_interrupt_pending
                0x0080d50c                alt_up_audio_write_interrupt_pending
                0x0080d548                alt_up_audio_reset_audio_core
                0x0080d5d0                alt_up_audio_read_fifo_avail
                0x0080d640                alt_up_audio_record_r
                0x0080d6b0                alt_up_audio_record_l
                0x0080d720                alt_up_audio_write_fifo_space
                0x0080d794                alt_up_audio_play_r
                0x0080d804                alt_up_audio_play_l
                0x0080d874                alt_up_audio_read_fifo
                0x0080d978                alt_up_audio_write_fifo
                0x0080daa4                alt_up_audio_read_fifo_head
                0x0080db04                alt_up_audio_write_fifo_head
 .text          0x0080db64      0x788 ../SynthesizerUnitTestV3_bsp/\libucosii_bsp.a(altera_up_avalon_audio_and_video_config.o)
                0x0080db64                alt_up_av_config_open_dev
                0x0080dbc8                alt_up_av_config_write_data
                0x0080dc2c                alt_up_av_config_read_data
                0x0080dcb8                alt_up_av_config_reset
                0x0080dcf0                alt_up_av_config_enable_interrupt
                0x0080dd28                alt_up_av_config_disable_interrupt
                0x0080dd58                alt_up_av_config_read_acknowledge
                0x0080ddc0                alt_up_av_config_read_ready
                0x0080ddf8                alt_up_av_config_write_audio_cfg_register
                0x0080dea4                alt_up_av_config_read_video_cfg_register
                0x0080df9c                alt_up_av_config_write_video_cfg_register
                0x0080e094                alt_up_av_config_read_DC2_cfg_register
                0x0080e0f8                alt_up_av_config_write_DC2_cfg_register
                0x0080e15c                alt_up_av_config_read_D5M_cfg_register
                0x0080e1c0                alt_up_av_config_write_D5M_cfg_register
                0x0080e224                alt_up_av_config_read_LTM_cfg_register
                0x0080e288                alt_up_av_config_write_LTM_cfg_register
 .text          0x0080e2ec      0x530 ../SynthesizerUnitTestV3_bsp/\libucosii_bsp.a(altera_up_avalon_character_lcd.o)
                0x0080e2ec                get_DDRAM_addr
                0x0080e368                alt_up_character_lcd_send_cmd
                0x0080e39c                alt_up_character_lcd_init
                0x0080e3d0                alt_up_character_lcd_open_dev
                0x0080e410                alt_up_character_lcd_write
                0x0080e488                alt_up_character_lcd_string
                0x0080e500                alt_up_character_lcd_write_fd
                0x0080e54c                alt_up_character_lcd_set_cursor_pos
                0x0080e5c4                alt_up_character_lcd_shift_cursor
                0x0080e674                alt_up_character_lcd_shift_display
                0x0080e724                alt_up_character_lcd_erase_pos
                0x0080e7b4                alt_up_character_lcd_cursor_off
                0x0080e7e8                alt_up_character_lcd_cursor_blink_on
 .text          0x0080e81c      0x154 ../SynthesizerUnitTestV3_bsp/\libucosii_bsp.a(alt_alarm_start.o)
                0x0080e81c                alt_alarm_start
 .text          0x0080e970       0x44 ../SynthesizerUnitTestV3_bsp/\libucosii_bsp.a(alt_dcache_flush_all.o)
                0x0080e970                alt_dcache_flush_all
 .text          0x0080e9b4      0x114 ../SynthesizerUnitTestV3_bsp/\libucosii_bsp.a(alt_dev_llist_insert.o)
                0x0080e9b4                alt_dev_llist_insert
 .text          0x0080eac8       0x64 ../SynthesizerUnitTestV3_bsp/\libucosii_bsp.a(alt_do_ctors.o)
                0x0080eac8                _do_ctors
 .text          0x0080eb2c       0x64 ../SynthesizerUnitTestV3_bsp/\libucosii_bsp.a(alt_do_dtors.o)
                0x0080eb2c                _do_dtors
 .text          0x0080eb90       0x94 ../SynthesizerUnitTestV3_bsp/\libucosii_bsp.a(alt_find_dev.o)
                0x0080eb90                alt_find_dev
 .text          0x0080ec24       0x30 ../SynthesizerUnitTestV3_bsp/\libucosii_bsp.a(alt_icache_flush_all.o)
                0x0080ec24                alt_icache_flush_all
 .text          0x0080ec54      0x13c ../SynthesizerUnitTestV3_bsp/\libucosii_bsp.a(alt_io_redirect.o)
                0x0080ed18                alt_io_redirect
 .text          0x0080ed90      0x1c0 ../SynthesizerUnitTestV3_bsp/\libucosii_bsp.a(alt_irq_register.o)
                0x0080ed90                alt_irq_register
 .text          0x0080ef50        0x0 ../SynthesizerUnitTestV3_bsp/\libucosii_bsp.a(alt_irq_vars.o)
 .text          0x0080ef50      0x2c4 ../SynthesizerUnitTestV3_bsp/\libucosii_bsp.a(alt_open.o)
                0x0080f02c                open
 .text          0x0080f214      0x1a8 ../SynthesizerUnitTestV3_bsp/\libucosii_bsp.a(alt_tick.o)
                0x0080f214                alt_alarm_stop
                0x0080f2ac                alt_tick
 .text          0x0080f3bc       0x20 ../SynthesizerUnitTestV3_bsp/\libucosii_bsp.a(altera_nios2_qsys_irq.o)
                0x0080f3bc                altera_nios2_qsys_irq_init
 .text          0x0080f3dc       0xd0 ../SynthesizerUnitTestV3_bsp/\libucosii_bsp.a(os_cpu_a.o)
                0x0080f3dc                OSCtxSw
                0x0080f3dc                OSIntCtxSw
                0x0080f468                OSStartHighRdy
                0x0080f488                OSStartTsk
 .text          0x0080f4ac      0x418 ../SynthesizerUnitTestV3_bsp/\libucosii_bsp.a(os_cpu_c.o)
                0x0080f4ac                OSTaskStkInit
                0x0080f7bc                OSTaskCreateHook
                0x0080f7dc                OSTaskDelHook
                0x0080f7fc                OSTaskSwHook
                0x0080f818                OSTaskStatHook
                0x0080f834                OSTimeTickHook
                0x0080f850                OSInitHookBegin
                0x0080f86c                OSInitHookEnd
                0x0080f888                OSTaskIdleHook
                0x0080f8a4                OSTCBInitHook
 .text          0x0080f8c4      0x120 ../SynthesizerUnitTestV3_bsp/\libucosii_bsp.a(alt_find_file.o)
                0x0080f8c4                alt_find_file
 .text          0x0080f9e4       0xf4 ../SynthesizerUnitTestV3_bsp/\libucosii_bsp.a(alt_get_fd.o)
                0x0080f9e4                alt_get_fd
 .text          0x0080fad8       0x90 ../SynthesizerUnitTestV3_bsp/\libucosii_bsp.a(alt_icache_flush.o)
                0x0080fad8                alt_icache_flush
 .text          0x0080fb68        0x0 ../SynthesizerUnitTestV3_bsp/\libucosii_bsp.a(alt_irq_entry.o)
 .text          0x0080fb68        0x0 ../SynthesizerUnitTestV3_bsp/\libucosii_bsp.a(alt_irq_handler.o)
 .text          0x0080fb68        0x0 ../SynthesizerUnitTestV3_bsp/\libucosii_bsp.a(alt_exception_entry.o)
 .text          0x0080fb68       0x14 c:/altera/12.1sp1/nios2eds/bin/gnu/h-i686-mingw32/bin/../lib/gcc/nios2-elf/4.1.2/../../../../nios2-elf/lib\libc.a(lib_a-atexit.o)
                0x0080fb68                atexit
 .text          0x0080fb7c       0x38 c:/altera/12.1sp1/nios2eds/bin/gnu/h-i686-mingw32/bin/../lib/gcc/nios2-elf/4.1.2/../../../../nios2-elf/lib\libc.a(lib_a-exit.o)
                0x0080fb7c                exit
 .text          0x0080fbb4       0x74 c:/altera/12.1sp1/nios2eds/bin/gnu/h-i686-mingw32/bin/../lib/gcc/nios2-elf/4.1.2/../../../../nios2-elf/lib\libc.a(lib_a-memcmp.o)
                0x0080fbb4                memcmp
 .text          0x0080fc28      0x134 c:/altera/12.1sp1/nios2eds/bin/gnu/h-i686-mingw32/bin/../lib/gcc/nios2-elf/4.1.2/../../../../nios2-elf/lib\libc.a(lib_a-__atexit.o)
                0x0080fc28                __register_exitproc
 .text          0x0080fd5c      0x1b4 c:/altera/12.1sp1/nios2eds/bin/gnu/h-i686-mingw32/bin/../lib/gcc/nios2-elf/4.1.2/../../../../nios2-elf/lib\libc.a(lib_a-__call_atexit.o)
                0x0080fd60                __call_exitprocs
 .text          0x0080ff10      0x14c c:/altera/12.1sp1/nios2eds/bin/gnu/h-i686-mingw32/bin/../lib/gcc/nios2-elf/4.1.2\libgcc.a(lib2-divmod.o)
                0x0080ff8c                __divsi3
                0x0080ffec                __modsi3
                0x0081004c                __udivsi3
                0x00810054                __umodsi3
 .text          0x0081005c       0x6c ../SynthesizerUnitTestV3_bsp/\libucosii_bsp.a(alt_exit.o)
                0x0081009c                _exit
 *(.gnu.warning.*)
 *(.fini)
                0x008100c8                PROVIDE (__etext, ABSOLUTE (.))
                0x008100c8                PROVIDE (_etext, ABSOLUTE (.))
                0x008100c8                PROVIDE (etext, ABSOLUTE (.))
 *(.eh_frame_hdr)
                0x008100c8                . = ALIGN (0x4)
                0x008100c8                PROVIDE (__preinit_array_start, ABSOLUTE (.))
 *(.preinit_array)
                0x008100c8                PROVIDE (__preinit_array_end, ABSOLUTE (.))
                0x008100c8                PROVIDE (__init_array_start, ABSOLUTE (.))
 *(.init_array)
                0x008100c8                PROVIDE (__init_array_end, ABSOLUTE (.))
                0x008100c8                PROVIDE (__fini_array_start, ABSOLUTE (.))
 *(.fini_array)
                0x008100c8                PROVIDE (__fini_array_end, ABSOLUTE (.))
 *(.eh_frame)
 *(.gcc_except_table)
 *(.dynamic)
                0x008100c8                PROVIDE (__CTOR_LIST__, ABSOLUTE (.))
 *(.ctors)
 *(SORT(.ctors.*))
 .ctors.65535   0x008100c8        0x4 c:/altera/12.1sp1/nios2eds/bin/gnu/h-i686-mingw32/bin/../lib/gcc/nios2-elf/4.1.2/../../../../nios2-elf/lib\libc.a(lib_a-__call_atexit.o)
                0x008100cc                PROVIDE (__CTOR_END__, ABSOLUTE (.))
                0x008100cc                PROVIDE (__DTOR_LIST__, ABSOLUTE (.))
 *(.dtors)
 *(SORT(.dtors.*))
                0x008100cc                PROVIDE (__DTOR_END__, ABSOLUTE (.))
 *(.jcr)
                0x008100cc                . = ALIGN (0x4)

.rodata         0x008100cc      0x25c
                0x008100cc                PROVIDE (__ram_rodata_start, ABSOLUTE (.))
                0x008100cc                . = ALIGN (0x4)
 *(.rodata .rodata.* .gnu.linkonce.r.*)
 .rodata        0x008100cc       0xb4 obj/default/hello_ucosii.o
 .rodata.str1.4
                0x00810180        0x2 c:/altera/12.1sp1/nios2eds/bin/gnu/h-i686-mingw32/bin/../lib/gcc/nios2-elf/4.1.2/../../../../nios2-elf/lib\libc.a(lib_a-puts.o)
                                  0x4 (size before relaxing)
 *fill*         0x00810182        0x2 00
 .rodata.str1.4
                0x00810184        0x4 c:/altera/12.1sp1/nios2eds/bin/gnu/h-i686-mingw32/bin/../lib/gcc/nios2-elf/4.1.2/../../../../nios2-elf/lib\libc.a(lib_a-impure.o)
 .rodata        0x00810188        0xc ../SynthesizerUnitTestV3_bsp/\libucosii_bsp.a(alt_dev.o)
 .rodata        0x00810194       0x14 ../SynthesizerUnitTestV3_bsp/\libucosii_bsp.a(alt_main.o)
 .rodata        0x008101a8      0x120 ../SynthesizerUnitTestV3_bsp/\libucosii_bsp.a(os_core.o)
                0x008101a8                OSUnMapTbl
 .rodata        0x008102c8       0x5c ../SynthesizerUnitTestV3_bsp/\libucosii_bsp.a(alt_sys_init.o)
 .rodata        0x00810324        0x4 ../SynthesizerUnitTestV3_bsp/\libucosii_bsp.a(os_cpu_c.o)
 *(.rodata1)
                0x00810328                . = ALIGN (0x4)
                0x00810328                PROVIDE (__ram_rodata_end, ABSOLUTE (.))
                0x008100cc                PROVIDE (__flash_rodata_start, LOADADDR (.rodata))

.rwdata         0x00810328     0x1b5c load address 0x00811e84
                0x00810328                PROVIDE (__ram_rwdata_start, ABSOLUTE (.))
                0x00810328                . = ALIGN (0x4)
 *(.got.plt)
 *(.got)
 *(.data1)
 *(.data .data.* .gnu.linkonce.d.*)
 .data          0x00810328        0x0 ../SynthesizerUnitTestV3_bsp//obj/HAL/src/crt0.o
 .data          0x00810328        0x0 obj/default/hello_ucosii.o
 .data          0x00810328        0x0 c:/altera/12.1sp1/nios2eds/bin/gnu/h-i686-mingw32/bin/../lib/gcc/nios2-elf/4.1.2/../../../../nios2-elf/lib\libc.a(lib_a-puts.o)
 .data          0x00810328        0x0 c:/altera/12.1sp1/nios2eds/bin/gnu/h-i686-mingw32/bin/../lib/gcc/nios2-elf/4.1.2/../../../../nios2-elf/lib\libc.a(lib_a-strlen.o)
 .data          0x00810328        0x0 c:/altera/12.1sp1/nios2eds/bin/gnu/h-i686-mingw32/bin/../lib/gcc/nios2-elf/4.1.2/../../../../nios2-elf/lib\libc.a(lib_a-fvwrite.o)
 .data          0x00810328      0x400 c:/altera/12.1sp1/nios2eds/bin/gnu/h-i686-mingw32/bin/../lib/gcc/nios2-elf/4.1.2/../../../../nios2-elf/lib\libc.a(lib_a-impure.o)
 .data          0x00810728      0x408 c:/altera/12.1sp1/nios2eds/bin/gnu/h-i686-mingw32/bin/../lib/gcc/nios2-elf/4.1.2/../../../../nios2-elf/lib\libc.a(lib_a-mallocr.o)
                0x00810728                __malloc_av_
 .data          0x00810b30        0x0 c:/altera/12.1sp1/nios2eds/bin/gnu/h-i686-mingw32/bin/../lib/gcc/nios2-elf/4.1.2/../../../../nios2-elf/lib\libc.a(lib_a-memchr.o)
 .data          0x00810b30        0x0 c:/altera/12.1sp1/nios2eds/bin/gnu/h-i686-mingw32/bin/../lib/gcc/nios2-elf/4.1.2/../../../../nios2-elf/lib\libc.a(lib_a-memcpy.o)
 .data          0x00810b30        0x0 c:/altera/12.1sp1/nios2eds/bin/gnu/h-i686-mingw32/bin/../lib/gcc/nios2-elf/4.1.2/../../../../nios2-elf/lib\libc.a(lib_a-memmove.o)
 .data          0x00810b30        0x0 c:/altera/12.1sp1/nios2eds/bin/gnu/h-i686-mingw32/bin/../lib/gcc/nios2-elf/4.1.2/../../../../nios2-elf/lib\libc.a(lib_a-reallocr.o)
 .data          0x00810b30        0x0 c:/altera/12.1sp1/nios2eds/bin/gnu/h-i686-mingw32/bin/../lib/gcc/nios2-elf/4.1.2/../../../../nios2-elf/lib\libc.a(lib_a-sbrkr.o)
 .data          0x00810b30        0x0 c:/altera/12.1sp1/nios2eds/bin/gnu/h-i686-mingw32/bin/../lib/gcc/nios2-elf/4.1.2/../../../../nios2-elf/lib\libc.a(lib_a-wsetup.o)
 .data          0x00810b30        0x0 c:/altera/12.1sp1/nios2eds/bin/gnu/h-i686-mingw32/bin/../lib/gcc/nios2-elf/4.1.2/../../../../nios2-elf/lib\libc.a(lib_a-fflush.o)
 .data          0x00810b30        0x0 c:/altera/12.1sp1/nios2eds/bin/gnu/h-i686-mingw32/bin/../lib/gcc/nios2-elf/4.1.2/../../../../nios2-elf/lib\libc.a(lib_a-findfp.o)
 .data          0x00810b30        0x0 c:/altera/12.1sp1/nios2eds/bin/gnu/h-i686-mingw32/bin/../lib/gcc/nios2-elf/4.1.2/../../../../nios2-elf/lib\libc.a(lib_a-freer.o)
 .data          0x00810b30        0x0 c:/altera/12.1sp1/nios2eds/bin/gnu/h-i686-mingw32/bin/../lib/gcc/nios2-elf/4.1.2/../../../../nios2-elf/lib\libc.a(lib_a-fwalk.o)
 .data          0x00810b30        0x0 c:/altera/12.1sp1/nios2eds/bin/gnu/h-i686-mingw32/bin/../lib/gcc/nios2-elf/4.1.2/../../../../nios2-elf/lib\libc.a(lib_a-int_errno.o)
 .data          0x00810b30        0x0 c:/altera/12.1sp1/nios2eds/bin/gnu/h-i686-mingw32/bin/../lib/gcc/nios2-elf/4.1.2/../../../../nios2-elf/lib\libc.a(lib_a-makebuf.o)
 .data          0x00810b30        0x0 c:/altera/12.1sp1/nios2eds/bin/gnu/h-i686-mingw32/bin/../lib/gcc/nios2-elf/4.1.2/../../../../nios2-elf/lib\libc.a(lib_a-memset.o)
 .data          0x00810b30        0x0 c:/altera/12.1sp1/nios2eds/bin/gnu/h-i686-mingw32/bin/../lib/gcc/nios2-elf/4.1.2/../../../../nios2-elf/lib\libc.a(lib_a-stdio.o)
 .data          0x00810b30        0x0 c:/altera/12.1sp1/nios2eds/bin/gnu/h-i686-mingw32/bin/../lib/gcc/nios2-elf/4.1.2/../../../../nios2-elf/lib\libc.a(lib_a-writer.o)
 .data          0x00810b30        0x0 c:/altera/12.1sp1/nios2eds/bin/gnu/h-i686-mingw32/bin/../lib/gcc/nios2-elf/4.1.2/../../../../nios2-elf/lib\libc.a(lib_a-closer.o)
 .data          0x00810b30        0x0 c:/altera/12.1sp1/nios2eds/bin/gnu/h-i686-mingw32/bin/../lib/gcc/nios2-elf/4.1.2/../../../../nios2-elf/lib\libc.a(lib_a-fclose.o)
 .data          0x00810b30        0x0 c:/altera/12.1sp1/nios2eds/bin/gnu/h-i686-mingw32/bin/../lib/gcc/nios2-elf/4.1.2/../../../../nios2-elf/lib\libc.a(lib_a-fstatr.o)
 .data          0x00810b30        0x0 c:/altera/12.1sp1/nios2eds/bin/gnu/h-i686-mingw32/bin/../lib/gcc/nios2-elf/4.1.2/../../../../nios2-elf/lib\libc.a(lib_a-isattyr.o)
 .data          0x00810b30        0x0 c:/altera/12.1sp1/nios2eds/bin/gnu/h-i686-mingw32/bin/../lib/gcc/nios2-elf/4.1.2/../../../../nios2-elf/lib\libc.a(lib_a-lseekr.o)
 .data          0x00810b30        0x0 c:/altera/12.1sp1/nios2eds/bin/gnu/h-i686-mingw32/bin/../lib/gcc/nios2-elf/4.1.2/../../../../nios2-elf/lib\libc.a(lib_a-readr.o)
 .data          0x00810b30        0x0 ../SynthesizerUnitTestV3_bsp/\libucosii_bsp.a(alt_close.o)
 .data          0x00810b30      0x1a8 ../SynthesizerUnitTestV3_bsp/\libucosii_bsp.a(alt_dev.o)
                0x00810b30                alt_dev_null
                0x00810b58                alt_fd_list
 .data          0x00810cd8        0x0 ../SynthesizerUnitTestV3_bsp/\libucosii_bsp.a(alt_errno.o)
 .data          0x00810cd8        0x0 ../SynthesizerUnitTestV3_bsp/\libucosii_bsp.a(alt_fstat.o)
 .data          0x00810cd8        0x0 ../SynthesizerUnitTestV3_bsp/\libucosii_bsp.a(alt_isatty.o)
 .data          0x00810cd8        0x0 ../SynthesizerUnitTestV3_bsp/\libucosii_bsp.a(alt_load.o)
 .data          0x00810cd8        0x0 ../SynthesizerUnitTestV3_bsp/\libucosii_bsp.a(alt_lseek.o)
 .data          0x00810cd8        0x0 ../SynthesizerUnitTestV3_bsp/\libucosii_bsp.a(alt_main.o)
 .data          0x00810cd8        0x0 ../SynthesizerUnitTestV3_bsp/\libucosii_bsp.a(alt_read.o)
 .data          0x00810cd8        0x0 ../SynthesizerUnitTestV3_bsp/\libucosii_bsp.a(alt_release_fd.o)
 .data          0x00810cd8        0x0 ../SynthesizerUnitTestV3_bsp/\libucosii_bsp.a(alt_sbrk.o)
 .data          0x00810cd8        0x0 ../SynthesizerUnitTestV3_bsp/\libucosii_bsp.a(alt_write.o)
 .data          0x00810cd8        0x0 ../SynthesizerUnitTestV3_bsp/\libucosii_bsp.a(alt_env_lock.o)
 .data          0x00810cd8        0x0 ../SynthesizerUnitTestV3_bsp/\libucosii_bsp.a(alt_malloc_lock.o)
 .data          0x00810cd8        0x0 ../SynthesizerUnitTestV3_bsp/\libucosii_bsp.a(os_core.o)
 .data          0x00810cd8        0x0 ../SynthesizerUnitTestV3_bsp/\libucosii_bsp.a(os_dbg.o)
 .data          0x00810cd8        0x0 ../SynthesizerUnitTestV3_bsp/\libucosii_bsp.a(os_flag.o)
 .data          0x00810cd8        0x0 ../SynthesizerUnitTestV3_bsp/\libucosii_bsp.a(os_mem.o)
 .data          0x00810cd8        0x0 ../SynthesizerUnitTestV3_bsp/\libucosii_bsp.a(os_q.o)
 .data          0x00810cd8        0x0 ../SynthesizerUnitTestV3_bsp/\libucosii_bsp.a(os_sem.o)
 .data          0x00810cd8        0x0 ../SynthesizerUnitTestV3_bsp/\libucosii_bsp.a(os_task.o)
 .data          0x00810cd8        0x0 ../SynthesizerUnitTestV3_bsp/\libucosii_bsp.a(os_time.o)
 .data          0x00810cd8     0x10f8 ../SynthesizerUnitTestV3_bsp/\libucosii_bsp.a(alt_sys_init.o)
 .data          0x00811dd0        0x0 ../SynthesizerUnitTestV3_bsp/\libucosii_bsp.a(altera_avalon_fifo_util.o)
 .data          0x00811dd0        0x0 ../SynthesizerUnitTestV3_bsp/\libucosii_bsp.a(altera_avalon_jtag_uart_fd.o)
 .data          0x00811dd0        0x0 ../SynthesizerUnitTestV3_bsp/\libucosii_bsp.a(altera_avalon_jtag_uart_init.o)
 .data          0x00811dd0        0x0 ../SynthesizerUnitTestV3_bsp/\libucosii_bsp.a(altera_avalon_jtag_uart_ioctl.o)
 .data          0x00811dd0        0x0 ../SynthesizerUnitTestV3_bsp/\libucosii_bsp.a(altera_avalon_jtag_uart_read.o)
 .data          0x00811dd0        0x0 ../SynthesizerUnitTestV3_bsp/\libucosii_bsp.a(altera_avalon_jtag_uart_write.o)
 .data          0x00811dd0        0x0 ../SynthesizerUnitTestV3_bsp/\libucosii_bsp.a(altera_avalon_timer_sc.o)
 .data          0x00811dd0        0x0 ../SynthesizerUnitTestV3_bsp/\libucosii_bsp.a(altera_up_avalon_audio.o)
 .data          0x00811dd0        0x0 ../SynthesizerUnitTestV3_bsp/\libucosii_bsp.a(altera_up_avalon_audio_and_video_config.o)
 .data          0x00811dd0        0x0 ../SynthesizerUnitTestV3_bsp/\libucosii_bsp.a(altera_up_avalon_character_lcd.o)
 .data          0x00811dd0        0x0 ../SynthesizerUnitTestV3_bsp/\libucosii_bsp.a(alt_alarm_start.o)
 .data          0x00811dd0        0x0 ../SynthesizerUnitTestV3_bsp/\libucosii_bsp.a(alt_dcache_flush_all.o)
 .data          0x00811dd0        0x0 ../SynthesizerUnitTestV3_bsp/\libucosii_bsp.a(alt_dev_llist_insert.o)
 .data          0x00811dd0        0x0 ../SynthesizerUnitTestV3_bsp/\libucosii_bsp.a(alt_do_ctors.o)
 .data          0x00811dd0        0x0 ../SynthesizerUnitTestV3_bsp/\libucosii_bsp.a(alt_do_dtors.o)
 .data          0x00811dd0        0x0 ../SynthesizerUnitTestV3_bsp/\libucosii_bsp.a(alt_find_dev.o)
 .data          0x00811dd0        0x0 ../SynthesizerUnitTestV3_bsp/\libucosii_bsp.a(alt_icache_flush_all.o)
 .data          0x00811dd0        0x0 ../SynthesizerUnitTestV3_bsp/\libucosii_bsp.a(alt_io_redirect.o)
 .data          0x00811dd0        0x0 ../SynthesizerUnitTestV3_bsp/\libucosii_bsp.a(alt_irq_register.o)
 .data          0x00811dd0        0x0 ../SynthesizerUnitTestV3_bsp/\libucosii_bsp.a(alt_irq_vars.o)
 .data          0x00811dd0        0x0 ../SynthesizerUnitTestV3_bsp/\libucosii_bsp.a(alt_open.o)
 .data          0x00811dd0        0x0 ../SynthesizerUnitTestV3_bsp/\libucosii_bsp.a(alt_tick.o)
 .data          0x00811dd0        0x0 ../SynthesizerUnitTestV3_bsp/\libucosii_bsp.a(altera_nios2_qsys_irq.o)
 .data          0x00811dd0        0x0 ../SynthesizerUnitTestV3_bsp/\libucosii_bsp.a(os_cpu_a.o)
 .data          0x00811dd0        0x0 ../SynthesizerUnitTestV3_bsp/\libucosii_bsp.a(os_cpu_c.o)
 .data          0x00811dd0        0x0 ../SynthesizerUnitTestV3_bsp/\libucosii_bsp.a(alt_find_file.o)
 .data          0x00811dd0        0x0 ../SynthesizerUnitTestV3_bsp/\libucosii_bsp.a(alt_get_fd.o)
 .data          0x00811dd0        0x0 ../SynthesizerUnitTestV3_bsp/\libucosii_bsp.a(alt_icache_flush.o)
 .data          0x00811dd0        0x0 ../SynthesizerUnitTestV3_bsp/\libucosii_bsp.a(alt_irq_entry.o)
 .data          0x00811dd0        0x0 ../SynthesizerUnitTestV3_bsp/\libucosii_bsp.a(alt_irq_handler.o)
 .data          0x00811dd0        0x0 ../SynthesizerUnitTestV3_bsp/\libucosii_bsp.a(alt_exception_entry.o)
 .data          0x00811dd0        0x0 c:/altera/12.1sp1/nios2eds/bin/gnu/h-i686-mingw32/bin/../lib/gcc/nios2-elf/4.1.2/../../../../nios2-elf/lib\libc.a(lib_a-atexit.o)
 .data          0x00811dd0        0x0 c:/altera/12.1sp1/nios2eds/bin/gnu/h-i686-mingw32/bin/../lib/gcc/nios2-elf/4.1.2/../../../../nios2-elf/lib\libc.a(lib_a-exit.o)
 .data          0x00811dd0        0x0 c:/altera/12.1sp1/nios2eds/bin/gnu/h-i686-mingw32/bin/../lib/gcc/nios2-elf/4.1.2/../../../../nios2-elf/lib\libc.a(lib_a-memcmp.o)
 .data          0x00811dd0        0x0 c:/altera/12.1sp1/nios2eds/bin/gnu/h-i686-mingw32/bin/../lib/gcc/nios2-elf/4.1.2/../../../../nios2-elf/lib\libc.a(lib_a-__atexit.o)
 .data          0x00811dd0        0x0 c:/altera/12.1sp1/nios2eds/bin/gnu/h-i686-mingw32/bin/../lib/gcc/nios2-elf/4.1.2/../../../../nios2-elf/lib\libc.a(lib_a-__call_atexit.o)
 .data          0x00811dd0        0x0 c:/altera/12.1sp1/nios2eds/bin/gnu/h-i686-mingw32/bin/../lib/gcc/nios2-elf/4.1.2\libgcc.a(lib2-divmod.o)
 .data          0x00811dd0        0x0 ../SynthesizerUnitTestV3_bsp/\libucosii_bsp.a(alt_exit.o)
                0x00819dd0                _gp = ABSOLUTE ((. + 0x8000))
                0x00819dd0                PROVIDE (gp, _gp)
 *(.rwdata .rwdata.*)
 *(.sdata .sdata.* .gnu.linkonce.s.*)
 .sdata         0x00811dd0        0x8 c:/altera/12.1sp1/nios2eds/bin/gnu/h-i686-mingw32/bin/../lib/gcc/nios2-elf/4.1.2/../../../../nios2-elf/lib\libc.a(lib_a-impure.o)
                0x00811dd0                _impure_ptr
                0x00811dd4                _global_impure_ptr
 .sdata         0x00811dd8        0x8 c:/altera/12.1sp1/nios2eds/bin/gnu/h-i686-mingw32/bin/../lib/gcc/nios2-elf/4.1.2/../../../../nios2-elf/lib\libc.a(lib_a-mallocr.o)
                0x00811dd8                __malloc_trim_threshold
                0x00811ddc                __malloc_sbrk_base
 .sdata         0x00811de0       0x14 ../SynthesizerUnitTestV3_bsp/\libucosii_bsp.a(alt_dev.o)
                0x00811de0                alt_fs_list
                0x00811de8                alt_dev_list
                0x00811df0                alt_max_fd
 .sdata         0x00811df4        0x4 ../SynthesizerUnitTestV3_bsp/\libucosii_bsp.a(alt_errno.o)
                0x00811df4                alt_errno
 .sdata         0x00811df8        0x4 ../SynthesizerUnitTestV3_bsp/\libucosii_bsp.a(alt_sbrk.o)
 .sdata         0x00811dfc        0x4 ../SynthesizerUnitTestV3_bsp/\libucosii_bsp.a(alt_env_lock.o)
 .sdata         0x00811e00        0x4 ../SynthesizerUnitTestV3_bsp/\libucosii_bsp.a(alt_malloc_lock.o)
 .sdata         0x00811e04       0x74 ../SynthesizerUnitTestV3_bsp/\libucosii_bsp.a(os_dbg.o)
                0x00811e04                OSDebugEn
                0x00811e08                OSEndiannessTest
                0x00811e0c                OSEventEn
                0x00811e0e                OSEventMax
                0x00811e10                OSEventNameSize
                0x00811e12                OSEventSize
                0x00811e14                OSEventTblSize
                0x00811e16                OSEventMultiEn
                0x00811e18                OSFlagEn
                0x00811e1a                OSFlagGrpSize
                0x00811e1c                OSFlagNodeSize
                0x00811e1e                OSFlagWidth
                0x00811e20                OSFlagMax
                0x00811e22                OSFlagNameSize
                0x00811e24                OSLowestPrio
                0x00811e26                OSMboxEn
                0x00811e28                OSMemEn
                0x00811e2a                OSMemMax
                0x00811e2c                OSMemNameSize
                0x00811e2e                OSMemSize
                0x00811e30                OSMemTblSize
                0x00811e32                OSMutexEn
                0x00811e34                OSPtrSize
                0x00811e36                OSQEn
                0x00811e38                OSQMax
                0x00811e3a                OSQSize
                0x00811e3c                OSRdyTblSize
                0x00811e3e                OSSemEn
                0x00811e40                OSStkWidth
                0x00811e42                OSTaskCreateEn
                0x00811e44                OSTaskCreateExtEn
                0x00811e46                OSTaskDelEn
                0x00811e48                OSTaskIdleStkSize
                0x00811e4a                OSTaskProfileEn
                0x00811e4c                OSTaskMax
                0x00811e4e                OSTaskNameSize
                0x00811e50                OSTaskStatEn
                0x00811e52                OSTaskStatStkSize
                0x00811e54                OSTaskStatStkChkEn
                0x00811e56                OSTaskSwHookEn
                0x00811e58                OSTCBPrioTblMax
                0x00811e5a                OSTCBSize
                0x00811e5c                OSTicksPerSec
                0x00811e5e                OSTimeTickHookEn
                0x00811e60                OSVersionNbr
                0x00811e62                OSTmrEn
                0x00811e64                OSTmrCfgMax
                0x00811e66                OSTmrCfgNameSize
                0x00811e68                OSTmrCfgWheelSize
                0x00811e6a                OSTmrCfgTicksPerSec
                0x00811e6c                OSTmrSize
                0x00811e6e                OSTmrTblSize
                0x00811e70                OSTmrWheelSize
                0x00811e72                OSTmrWheelTblSize
                0x00811e74                OSDataSize
 .sdata         0x00811e78        0x4 ../SynthesizerUnitTestV3_bsp/\libucosii_bsp.a(alt_irq_vars.o)
                0x00811e78                alt_priority_mask
 .sdata         0x00811e7c        0x8 ../SynthesizerUnitTestV3_bsp/\libucosii_bsp.a(alt_tick.o)
                0x00811e7c                alt_alarm_list
 *(.sdata2 .sdata2.* .gnu.linkonce.s2.*)
                0x00811e84                . = ALIGN (0x4)
                0x00811e84                _edata = ABSOLUTE (.)
                0x00811e84                PROVIDE (edata, ABSOLUTE (.))
                0x00811e84                PROVIDE (__ram_rwdata_end, ABSOLUTE (.))
                0x00811e84                PROVIDE (__flash_rwdata_start, LOADADDR (.rwdata))

.bss            0x008139e0     0x7568
                0x008139e0                __bss_start = ABSOLUTE (.)
                0x008139e0                PROVIDE (__sbss_start, ABSOLUTE (.))
                0x008139e0                PROVIDE (___sbss_start, ABSOLUTE (.))
 *(.dynsbss)
 *(.sbss .sbss.* .gnu.linkonce.sb.*)
 .sbss          0x008139e0        0xc c:/altera/12.1sp1/nios2eds/bin/gnu/h-i686-mingw32/bin/../lib/gcc/nios2-elf/4.1.2/../../../../nios2-elf/lib\libc.a(lib_a-mallocr.o)
                0x008139e0                __malloc_top_pad
                0x008139e4                __malloc_max_sbrked_mem
                0x008139e8                __malloc_max_total_mem
 .sbss          0x008139ec        0x4 c:/altera/12.1sp1/nios2eds/bin/gnu/h-i686-mingw32/bin/../lib/gcc/nios2-elf/4.1.2/../../../../nios2-elf/lib\libc.a(lib_a-int_errno.o)
                0x008139ec                errno
 .sbss          0x008139f0        0x4 ../SynthesizerUnitTestV3_bsp/\libucosii_bsp.a(alt_dev.o)
                0x008139f0                alt_fd_list_lock
 .sbss          0x008139f4        0xc ../SynthesizerUnitTestV3_bsp/\libucosii_bsp.a(alt_main.o)
                0x008139f4                alt_argc
                0x008139f8                alt_argv
                0x008139fc                alt_envp
 .sbss          0x00813a00        0x8 ../SynthesizerUnitTestV3_bsp/\libucosii_bsp.a(alt_env_lock.o)
                0x00813a04                alt_envsem
 .sbss          0x00813a08        0x8 ../SynthesizerUnitTestV3_bsp/\libucosii_bsp.a(alt_malloc_lock.o)
                0x00813a0c                alt_heapsem
 .sbss          0x00813a10       0x50 ../SynthesizerUnitTestV3_bsp/\libucosii_bsp.a(os_core.o)
                0x00813a10                OSLockNesting
                0x00813a11                OSRunning
                0x00813a14                OSIdleCtr
                0x00813a18                OSPrioHighRdy
                0x00813a19                OSPrioCur
                0x00813a1c                OSTCBList
                0x00813a20                OSTickStepState
                0x00813a24                OSCtxSwCtr
                0x00813a28                OSIdleCtrMax
                0x00813a2c                OSTCBFreeList
                0x00813a30                OSCPUUsage
                0x00813a31                OSTaskCtr
                0x00813a34                OSMemFreeList
                0x00813a38                OSTCBHighRdy
                0x00813a3c                OSQFreeList
                0x00813a40                OSRdyGrp
                0x00813a41                OSRdyTbl
                0x00813a44                OSEventFreeList
                0x00813a48                OSIntNesting
                0x00813a4c                OSTCBCur
                0x00813a50                OSTime
                0x00813a54                OSFlagFreeList
                0x00813a58                OSStatRdy
                0x00813a5c                OSIdleCtrRun
 .sbss          0x00813a60        0x4 ../SynthesizerUnitTestV3_bsp/\libucosii_bsp.a(alt_irq_vars.o)
                0x00813a60                alt_irq_active
 .sbss          0x00813a64        0x8 ../SynthesizerUnitTestV3_bsp/\libucosii_bsp.a(alt_tick.o)
                0x00813a64                _alt_tick_rate
                0x00813a68                _alt_nticks
 *(.sbss2 .sbss2.* .gnu.linkonce.sb2.*)
 *(.scommon)
                0x00813a6c                PROVIDE (__sbss_end, ABSOLUTE (.))
                0x00813a6c                PROVIDE (___sbss_end, ABSOLUTE (.))
 *(.dynbss)
 *(.bss .bss.* .gnu.linkonce.b.*)
 .bss           0x00813a6c        0x0 ../SynthesizerUnitTestV3_bsp//obj/HAL/src/crt0.o
 .bss           0x00813a6c        0x0 obj/default/hello_ucosii.o
 .bss           0x00813a6c        0x0 c:/altera/12.1sp1/nios2eds/bin/gnu/h-i686-mingw32/bin/../lib/gcc/nios2-elf/4.1.2/../../../../nios2-elf/lib\libc.a(lib_a-puts.o)
 .bss           0x00813a6c        0x0 c:/altera/12.1sp1/nios2eds/bin/gnu/h-i686-mingw32/bin/../lib/gcc/nios2-elf/4.1.2/../../../../nios2-elf/lib\libc.a(lib_a-strlen.o)
 .bss           0x00813a6c        0x0 c:/altera/12.1sp1/nios2eds/bin/gnu/h-i686-mingw32/bin/../lib/gcc/nios2-elf/4.1.2/../../../../nios2-elf/lib\libc.a(lib_a-fvwrite.o)
 .bss           0x00813a6c        0x0 c:/altera/12.1sp1/nios2eds/bin/gnu/h-i686-mingw32/bin/../lib/gcc/nios2-elf/4.1.2/../../../../nios2-elf/lib\libc.a(lib_a-impure.o)
 .bss           0x00813a6c       0x28 c:/altera/12.1sp1/nios2eds/bin/gnu/h-i686-mingw32/bin/../lib/gcc/nios2-elf/4.1.2/../../../../nios2-elf/lib\libc.a(lib_a-mallocr.o)
                0x00813a6c                __malloc_current_mallinfo
 .bss           0x00813a94        0x0 c:/altera/12.1sp1/nios2eds/bin/gnu/h-i686-mingw32/bin/../lib/gcc/nios2-elf/4.1.2/../../../../nios2-elf/lib\libc.a(lib_a-memchr.o)
 .bss           0x00813a94        0x0 c:/altera/12.1sp1/nios2eds/bin/gnu/h-i686-mingw32/bin/../lib/gcc/nios2-elf/4.1.2/../../../../nios2-elf/lib\libc.a(lib_a-memcpy.o)
 .bss           0x00813a94        0x0 c:/altera/12.1sp1/nios2eds/bin/gnu/h-i686-mingw32/bin/../lib/gcc/nios2-elf/4.1.2/../../../../nios2-elf/lib\libc.a(lib_a-memmove.o)
 .bss           0x00813a94        0x0 c:/altera/12.1sp1/nios2eds/bin/gnu/h-i686-mingw32/bin/../lib/gcc/nios2-elf/4.1.2/../../../../nios2-elf/lib\libc.a(lib_a-reallocr.o)
 .bss           0x00813a94        0x0 c:/altera/12.1sp1/nios2eds/bin/gnu/h-i686-mingw32/bin/../lib/gcc/nios2-elf/4.1.2/../../../../nios2-elf/lib\libc.a(lib_a-sbrkr.o)
 .bss           0x00813a94        0x0 c:/altera/12.1sp1/nios2eds/bin/gnu/h-i686-mingw32/bin/../lib/gcc/nios2-elf/4.1.2/../../../../nios2-elf/lib\libc.a(lib_a-wsetup.o)
 .bss           0x00813a94        0x0 c:/altera/12.1sp1/nios2eds/bin/gnu/h-i686-mingw32/bin/../lib/gcc/nios2-elf/4.1.2/../../../../nios2-elf/lib\libc.a(lib_a-fflush.o)
 .bss           0x00813a94        0x0 c:/altera/12.1sp1/nios2eds/bin/gnu/h-i686-mingw32/bin/../lib/gcc/nios2-elf/4.1.2/../../../../nios2-elf/lib\libc.a(lib_a-findfp.o)
 .bss           0x00813a94        0x0 c:/altera/12.1sp1/nios2eds/bin/gnu/h-i686-mingw32/bin/../lib/gcc/nios2-elf/4.1.2/../../../../nios2-elf/lib\libc.a(lib_a-freer.o)
 .bss           0x00813a94        0x0 c:/altera/12.1sp1/nios2eds/bin/gnu/h-i686-mingw32/bin/../lib/gcc/nios2-elf/4.1.2/../../../../nios2-elf/lib\libc.a(lib_a-fwalk.o)
 .bss           0x00813a94        0x0 c:/altera/12.1sp1/nios2eds/bin/gnu/h-i686-mingw32/bin/../lib/gcc/nios2-elf/4.1.2/../../../../nios2-elf/lib\libc.a(lib_a-int_errno.o)
 .bss           0x00813a94        0x0 c:/altera/12.1sp1/nios2eds/bin/gnu/h-i686-mingw32/bin/../lib/gcc/nios2-elf/4.1.2/../../../../nios2-elf/lib\libc.a(lib_a-makebuf.o)
 .bss           0x00813a94        0x0 c:/altera/12.1sp1/nios2eds/bin/gnu/h-i686-mingw32/bin/../lib/gcc/nios2-elf/4.1.2/../../../../nios2-elf/lib\libc.a(lib_a-memset.o)
 .bss           0x00813a94        0x0 c:/altera/12.1sp1/nios2eds/bin/gnu/h-i686-mingw32/bin/../lib/gcc/nios2-elf/4.1.2/../../../../nios2-elf/lib\libc.a(lib_a-stdio.o)
 .bss           0x00813a94        0x0 c:/altera/12.1sp1/nios2eds/bin/gnu/h-i686-mingw32/bin/../lib/gcc/nios2-elf/4.1.2/../../../../nios2-elf/lib\libc.a(lib_a-writer.o)
 .bss           0x00813a94        0x0 c:/altera/12.1sp1/nios2eds/bin/gnu/h-i686-mingw32/bin/../lib/gcc/nios2-elf/4.1.2/../../../../nios2-elf/lib\libc.a(lib_a-closer.o)
 .bss           0x00813a94        0x0 c:/altera/12.1sp1/nios2eds/bin/gnu/h-i686-mingw32/bin/../lib/gcc/nios2-elf/4.1.2/../../../../nios2-elf/lib\libc.a(lib_a-fclose.o)
 .bss           0x00813a94        0x0 c:/altera/12.1sp1/nios2eds/bin/gnu/h-i686-mingw32/bin/../lib/gcc/nios2-elf/4.1.2/../../../../nios2-elf/lib\libc.a(lib_a-fstatr.o)
 .bss           0x00813a94        0x0 c:/altera/12.1sp1/nios2eds/bin/gnu/h-i686-mingw32/bin/../lib/gcc/nios2-elf/4.1.2/../../../../nios2-elf/lib\libc.a(lib_a-isattyr.o)
 .bss           0x00813a94        0x0 c:/altera/12.1sp1/nios2eds/bin/gnu/h-i686-mingw32/bin/../lib/gcc/nios2-elf/4.1.2/../../../../nios2-elf/lib\libc.a(lib_a-lseekr.o)
 .bss           0x00813a94        0x0 c:/altera/12.1sp1/nios2eds/bin/gnu/h-i686-mingw32/bin/../lib/gcc/nios2-elf/4.1.2/../../../../nios2-elf/lib\libc.a(lib_a-readr.o)
 .bss           0x00813a94        0x0 ../SynthesizerUnitTestV3_bsp/\libucosii_bsp.a(alt_close.o)
 .bss           0x00813a94        0x0 ../SynthesizerUnitTestV3_bsp/\libucosii_bsp.a(alt_dev.o)
 .bss           0x00813a94        0x0 ../SynthesizerUnitTestV3_bsp/\libucosii_bsp.a(alt_errno.o)
 .bss           0x00813a94        0x0 ../SynthesizerUnitTestV3_bsp/\libucosii_bsp.a(alt_fstat.o)
 .bss           0x00813a94        0x0 ../SynthesizerUnitTestV3_bsp/\libucosii_bsp.a(alt_isatty.o)
 .bss           0x00813a94        0x0 ../SynthesizerUnitTestV3_bsp/\libucosii_bsp.a(alt_load.o)
 .bss           0x00813a94        0x0 ../SynthesizerUnitTestV3_bsp/\libucosii_bsp.a(alt_lseek.o)
 .bss           0x00813a94        0x0 ../SynthesizerUnitTestV3_bsp/\libucosii_bsp.a(alt_main.o)
 .bss           0x00813a94        0x0 ../SynthesizerUnitTestV3_bsp/\libucosii_bsp.a(alt_read.o)
 .bss           0x00813a94        0x0 ../SynthesizerUnitTestV3_bsp/\libucosii_bsp.a(alt_release_fd.o)
 .bss           0x00813a94        0x0 ../SynthesizerUnitTestV3_bsp/\libucosii_bsp.a(alt_sbrk.o)
 .bss           0x00813a94        0x0 ../SynthesizerUnitTestV3_bsp/\libucosii_bsp.a(alt_write.o)
 .bss           0x00813a94        0x0 ../SynthesizerUnitTestV3_bsp/\libucosii_bsp.a(alt_env_lock.o)
 .bss           0x00813a94        0x0 ../SynthesizerUnitTestV3_bsp/\libucosii_bsp.a(alt_malloc_lock.o)
 .bss           0x00813a94        0x0 ../SynthesizerUnitTestV3_bsp/\libucosii_bsp.a(os_core.o)
 .bss           0x00813a94        0x0 ../SynthesizerUnitTestV3_bsp/\libucosii_bsp.a(os_dbg.o)
 .bss           0x00813a94        0x0 ../SynthesizerUnitTestV3_bsp/\libucosii_bsp.a(os_flag.o)
 .bss           0x00813a94        0x0 ../SynthesizerUnitTestV3_bsp/\libucosii_bsp.a(os_mem.o)
 .bss           0x00813a94        0x0 ../SynthesizerUnitTestV3_bsp/\libucosii_bsp.a(os_q.o)
 .bss           0x00813a94        0x0 ../SynthesizerUnitTestV3_bsp/\libucosii_bsp.a(os_sem.o)
 .bss           0x00813a94        0x0 ../SynthesizerUnitTestV3_bsp/\libucosii_bsp.a(os_task.o)
 .bss           0x00813a94        0x0 ../SynthesizerUnitTestV3_bsp/\libucosii_bsp.a(os_time.o)
 .bss           0x00813a94        0x0 ../SynthesizerUnitTestV3_bsp/\libucosii_bsp.a(alt_sys_init.o)
 .bss           0x00813a94        0x0 ../SynthesizerUnitTestV3_bsp/\libucosii_bsp.a(altera_avalon_fifo_util.o)
 .bss           0x00813a94        0x0 ../SynthesizerUnitTestV3_bsp/\libucosii_bsp.a(altera_avalon_jtag_uart_fd.o)
 .bss           0x00813a94        0x0 ../SynthesizerUnitTestV3_bsp/\libucosii_bsp.a(altera_avalon_jtag_uart_init.o)
 .bss           0x00813a94        0x0 ../SynthesizerUnitTestV3_bsp/\libucosii_bsp.a(altera_avalon_jtag_uart_ioctl.o)
 .bss           0x00813a94        0x0 ../SynthesizerUnitTestV3_bsp/\libucosii_bsp.a(altera_avalon_jtag_uart_read.o)
 .bss           0x00813a94        0x0 ../SynthesizerUnitTestV3_bsp/\libucosii_bsp.a(altera_avalon_jtag_uart_write.o)
 .bss           0x00813a94        0x0 ../SynthesizerUnitTestV3_bsp/\libucosii_bsp.a(altera_avalon_timer_sc.o)
 .bss           0x00813a94        0x0 ../SynthesizerUnitTestV3_bsp/\libucosii_bsp.a(altera_up_avalon_audio.o)
 .bss           0x00813a94        0x0 ../SynthesizerUnitTestV3_bsp/\libucosii_bsp.a(altera_up_avalon_audio_and_video_config.o)
 .bss           0x00813a94        0x0 ../SynthesizerUnitTestV3_bsp/\libucosii_bsp.a(altera_up_avalon_character_lcd.o)
 .bss           0x00813a94        0x0 ../SynthesizerUnitTestV3_bsp/\libucosii_bsp.a(alt_alarm_start.o)
 .bss           0x00813a94        0x0 ../SynthesizerUnitTestV3_bsp/\libucosii_bsp.a(alt_dcache_flush_all.o)
 .bss           0x00813a94        0x0 ../SynthesizerUnitTestV3_bsp/\libucosii_bsp.a(alt_dev_llist_insert.o)
 .bss           0x00813a94        0x0 ../SynthesizerUnitTestV3_bsp/\libucosii_bsp.a(alt_do_ctors.o)
 .bss           0x00813a94        0x0 ../SynthesizerUnitTestV3_bsp/\libucosii_bsp.a(alt_do_dtors.o)
 .bss           0x00813a94        0x0 ../SynthesizerUnitTestV3_bsp/\libucosii_bsp.a(alt_find_dev.o)
 .bss           0x00813a94        0x0 ../SynthesizerUnitTestV3_bsp/\libucosii_bsp.a(alt_icache_flush_all.o)
 .bss           0x00813a94        0x0 ../SynthesizerUnitTestV3_bsp/\libucosii_bsp.a(alt_io_redirect.o)
 .bss           0x00813a94        0x0 ../SynthesizerUnitTestV3_bsp/\libucosii_bsp.a(alt_irq_register.o)
 .bss           0x00813a94        0x0 ../SynthesizerUnitTestV3_bsp/\libucosii_bsp.a(alt_irq_vars.o)
 .bss           0x00813a94        0x0 ../SynthesizerUnitTestV3_bsp/\libucosii_bsp.a(alt_open.o)
 .bss           0x00813a94        0x0 ../SynthesizerUnitTestV3_bsp/\libucosii_bsp.a(alt_tick.o)
 .bss           0x00813a94        0x0 ../SynthesizerUnitTestV3_bsp/\libucosii_bsp.a(altera_nios2_qsys_irq.o)
 .bss           0x00813a94        0x0 ../SynthesizerUnitTestV3_bsp/\libucosii_bsp.a(os_cpu_a.o)
 .bss           0x00813a94        0x0 ../SynthesizerUnitTestV3_bsp/\libucosii_bsp.a(os_cpu_c.o)
 .bss           0x00813a94        0x0 ../SynthesizerUnitTestV3_bsp/\libucosii_bsp.a(alt_find_file.o)
 .bss           0x00813a94        0x0 ../SynthesizerUnitTestV3_bsp/\libucosii_bsp.a(alt_get_fd.o)
 .bss           0x00813a94        0x0 ../SynthesizerUnitTestV3_bsp/\libucosii_bsp.a(alt_icache_flush.o)
 .bss           0x00813a94        0x0 ../SynthesizerUnitTestV3_bsp/\libucosii_bsp.a(alt_irq_entry.o)
 .bss           0x00813a94        0x0 ../SynthesizerUnitTestV3_bsp/\libucosii_bsp.a(alt_irq_handler.o)
 .bss           0x00813a94        0x0 ../SynthesizerUnitTestV3_bsp/\libucosii_bsp.a(alt_exception_entry.o)
 .bss           0x00813a94        0x0 c:/altera/12.1sp1/nios2eds/bin/gnu/h-i686-mingw32/bin/../lib/gcc/nios2-elf/4.1.2/../../../../nios2-elf/lib\libc.a(lib_a-atexit.o)
 .bss           0x00813a94        0x0 c:/altera/12.1sp1/nios2eds/bin/gnu/h-i686-mingw32/bin/../lib/gcc/nios2-elf/4.1.2/../../../../nios2-elf/lib\libc.a(lib_a-exit.o)
 .bss           0x00813a94        0x0 c:/altera/12.1sp1/nios2eds/bin/gnu/h-i686-mingw32/bin/../lib/gcc/nios2-elf/4.1.2/../../../../nios2-elf/lib\libc.a(lib_a-memcmp.o)
 .bss           0x00813a94        0x0 c:/altera/12.1sp1/nios2eds/bin/gnu/h-i686-mingw32/bin/../lib/gcc/nios2-elf/4.1.2/../../../../nios2-elf/lib\libc.a(lib_a-__atexit.o)
 .bss           0x00813a94        0x0 c:/altera/12.1sp1/nios2eds/bin/gnu/h-i686-mingw32/bin/../lib/gcc/nios2-elf/4.1.2/../../../../nios2-elf/lib\libc.a(lib_a-__call_atexit.o)
 .bss           0x00813a94        0x0 c:/altera/12.1sp1/nios2eds/bin/gnu/h-i686-mingw32/bin/../lib/gcc/nios2-elf/4.1.2\libgcc.a(lib2-divmod.o)
 .bss           0x00813a94        0x0 ../SynthesizerUnitTestV3_bsp/\libucosii_bsp.a(alt_exit.o)
 *(COMMON)
 COMMON         0x00813a94     0x4000 obj/default/hello_ucosii.o
                0x00813a94                task1_stk
                0x00815a94                task2_stk
 COMMON         0x00817a94     0x3224 ../SynthesizerUnitTestV3_bsp/\libucosii_bsp.a(os_core.o)
                0x00817a94                OSFlagTbl
                0x00817e04                OSMemTbl
                0x00818a34                OSTaskStatStk
                0x00819234                OSQTbl
                0x00819414                OSTaskIdleStk
                0x00819c14                OSEventTbl
                0x0081a754                OSTCBTbl
                0x0081ac64                OSTCBPrioTbl
 COMMON         0x0081acb8      0x100 ../SynthesizerUnitTestV3_bsp/\libucosii_bsp.a(alt_irq_handler.o)
                0x0081acb8                alt_irq
 COMMON         0x0081adb8      0x190 c:/altera/12.1sp1/nios2eds/bin/gnu/h-i686-mingw32/bin/../lib/gcc/nios2-elf/4.1.2/../../../../nios2-elf/lib\libc.a(lib_a-atexit.o)
                0x0081adb8                _atexit0
                0x0081af48                . = ALIGN (0x4)
                0x0081af48                __bss_end = ABSOLUTE (.)

.sdram_0        0x0081af48        0x0
                0x0081af48                PROVIDE (_alt_partition_sdram_0_start, ABSOLUTE (.))
 *(.sdram_0. sdram_0.*)
                0x0081af48                . = ALIGN (0x4)
                0x0081af48                PROVIDE (_alt_partition_sdram_0_end, ABSOLUTE (.))
                0x0081af48                _end = ABSOLUTE (.)
                0x0081af48                end = ABSOLUTE (.)
                0x0081af48                __alt_stack_base = ABSOLUTE (.)
                0x0081af48                PROVIDE (_alt_partition_sdram_0_load_addr, LOADADDR (.sdram_0))

.sram_0         0x01080000        0x0 load address 0x0081af48
                0x01080000                PROVIDE (_alt_partition_sram_0_start, ABSOLUTE (.))
 *(.sram_0. sram_0.*)
                0x01080000                . = ALIGN (0x4)
                0x01080000                PROVIDE (_alt_partition_sram_0_end, ABSOLUTE (.))
                0x0081af48                PROVIDE (_alt_partition_sram_0_load_addr, LOADADDR (.sram_0))

.onchip_memory2_0
                0x011041c0        0x0 load address 0x0081af48
                0x011041c0                PROVIDE (_alt_partition_onchip_memory2_0_start, ABSOLUTE (.))
 *(.onchip_memory2_0. onchip_memory2_0.*)
                0x011041c0                . = ALIGN (0x4)
                0x011041c0                PROVIDE (_alt_partition_onchip_memory2_0_end, ABSOLUTE (.))
                0x0081af48                PROVIDE (_alt_partition_onchip_memory2_0_load_addr, LOADADDR (.onchip_memory2_0))

.stab
 *(.stab)

.stabstr
 *(.stabstr)

.stab.excl
 *(.stab.excl)

.stab.exclstr
 *(.stab.exclstr)

.stab.index
 *(.stab.index)

.stab.indexstr
 *(.stab.indexstr)

.comment        0x00000000       0x26
 *(.comment)
 .comment       0x00000000       0x26 obj/default/hello_ucosii.o
                                 0x27 (size before relaxing)
 .comment       0x00000000       0x27 c:/altera/12.1sp1/nios2eds/bin/gnu/h-i686-mingw32/bin/../lib/gcc/nios2-elf/4.1.2/../../../../nios2-elf/lib\libc.a(lib_a-puts.o)
 .comment       0x00000000       0x27 c:/altera/12.1sp1/nios2eds/bin/gnu/h-i686-mingw32/bin/../lib/gcc/nios2-elf/4.1.2/../../../../nios2-elf/lib\libc.a(lib_a-strlen.o)
 .comment       0x00000000       0x27 c:/altera/12.1sp1/nios2eds/bin/gnu/h-i686-mingw32/bin/../lib/gcc/nios2-elf/4.1.2/../../../../nios2-elf/lib\libc.a(lib_a-fvwrite.o)
 .comment       0x00000000       0x27 c:/altera/12.1sp1/nios2eds/bin/gnu/h-i686-mingw32/bin/../lib/gcc/nios2-elf/4.1.2/../../../../nios2-elf/lib\libc.a(lib_a-impure.o)
 .comment       0x00000000       0x27 c:/altera/12.1sp1/nios2eds/bin/gnu/h-i686-mingw32/bin/../lib/gcc/nios2-elf/4.1.2/../../../../nios2-elf/lib\libc.a(lib_a-mallocr.o)
 .comment       0x00000000       0x27 c:/altera/12.1sp1/nios2eds/bin/gnu/h-i686-mingw32/bin/../lib/gcc/nios2-elf/4.1.2/../../../../nios2-elf/lib\libc.a(lib_a-memchr.o)
 .comment       0x00000000       0x27 c:/altera/12.1sp1/nios2eds/bin/gnu/h-i686-mingw32/bin/../lib/gcc/nios2-elf/4.1.2/../../../../nios2-elf/lib\libc.a(lib_a-memcpy.o)
 .comment       0x00000000       0x27 c:/altera/12.1sp1/nios2eds/bin/gnu/h-i686-mingw32/bin/../lib/gcc/nios2-elf/4.1.2/../../../../nios2-elf/lib\libc.a(lib_a-memmove.o)
 .comment       0x00000000       0x27 c:/altera/12.1sp1/nios2eds/bin/gnu/h-i686-mingw32/bin/../lib/gcc/nios2-elf/4.1.2/../../../../nios2-elf/lib\libc.a(lib_a-reallocr.o)
 .comment       0x00000000       0x27 c:/altera/12.1sp1/nios2eds/bin/gnu/h-i686-mingw32/bin/../lib/gcc/nios2-elf/4.1.2/../../../../nios2-elf/lib\libc.a(lib_a-sbrkr.o)
 .comment       0x00000000       0x27 c:/altera/12.1sp1/nios2eds/bin/gnu/h-i686-mingw32/bin/../lib/gcc/nios2-elf/4.1.2/../../../../nios2-elf/lib\libc.a(lib_a-wsetup.o)
 .comment       0x00000000       0x27 c:/altera/12.1sp1/nios2eds/bin/gnu/h-i686-mingw32/bin/../lib/gcc/nios2-elf/4.1.2/../../../../nios2-elf/lib\libc.a(lib_a-fflush.o)
 .comment       0x00000000       0x27 c:/altera/12.1sp1/nios2eds/bin/gnu/h-i686-mingw32/bin/../lib/gcc/nios2-elf/4.1.2/../../../../nios2-elf/lib\libc.a(lib_a-findfp.o)
 .comment       0x00000000       0x27 c:/altera/12.1sp1/nios2eds/bin/gnu/h-i686-mingw32/bin/../lib/gcc/nios2-elf/4.1.2/../../../../nios2-elf/lib\libc.a(lib_a-freer.o)
 .comment       0x00000000       0x27 c:/altera/12.1sp1/nios2eds/bin/gnu/h-i686-mingw32/bin/../lib/gcc/nios2-elf/4.1.2/../../../../nios2-elf/lib\libc.a(lib_a-fwalk.o)
 .comment       0x00000000       0x27 c:/altera/12.1sp1/nios2eds/bin/gnu/h-i686-mingw32/bin/../lib/gcc/nios2-elf/4.1.2/../../../../nios2-elf/lib\libc.a(lib_a-int_errno.o)
 .comment       0x00000000       0x27 c:/altera/12.1sp1/nios2eds/bin/gnu/h-i686-mingw32/bin/../lib/gcc/nios2-elf/4.1.2/../../../../nios2-elf/lib\libc.a(lib_a-makebuf.o)
 .comment       0x00000000       0x27 c:/altera/12.1sp1/nios2eds/bin/gnu/h-i686-mingw32/bin/../lib/gcc/nios2-elf/4.1.2/../../../../nios2-elf/lib\libc.a(lib_a-memset.o)
 .comment       0x00000000       0x27 c:/altera/12.1sp1/nios2eds/bin/gnu/h-i686-mingw32/bin/../lib/gcc/nios2-elf/4.1.2/../../../../nios2-elf/lib\libc.a(lib_a-stdio.o)
 .comment       0x00000000       0x27 c:/altera/12.1sp1/nios2eds/bin/gnu/h-i686-mingw32/bin/../lib/gcc/nios2-elf/4.1.2/../../../../nios2-elf/lib\libc.a(lib_a-writer.o)
 .comment       0x00000000       0x27 c:/altera/12.1sp1/nios2eds/bin/gnu/h-i686-mingw32/bin/../lib/gcc/nios2-elf/4.1.2/../../../../nios2-elf/lib\libc.a(lib_a-closer.o)
 .comment       0x00000000       0x27 c:/altera/12.1sp1/nios2eds/bin/gnu/h-i686-mingw32/bin/../lib/gcc/nios2-elf/4.1.2/../../../../nios2-elf/lib\libc.a(lib_a-fclose.o)
 .comment       0x00000000       0x27 c:/altera/12.1sp1/nios2eds/bin/gnu/h-i686-mingw32/bin/../lib/gcc/nios2-elf/4.1.2/../../../../nios2-elf/lib\libc.a(lib_a-fstatr.o)
 .comment       0x00000000       0x27 c:/altera/12.1sp1/nios2eds/bin/gnu/h-i686-mingw32/bin/../lib/gcc/nios2-elf/4.1.2/../../../../nios2-elf/lib\libc.a(lib_a-isattyr.o)
 .comment       0x00000000       0x27 c:/altera/12.1sp1/nios2eds/bin/gnu/h-i686-mingw32/bin/../lib/gcc/nios2-elf/4.1.2/../../../../nios2-elf/lib\libc.a(lib_a-lseekr.o)
 .comment       0x00000000       0x27 c:/altera/12.1sp1/nios2eds/bin/gnu/h-i686-mingw32/bin/../lib/gcc/nios2-elf/4.1.2/../../../../nios2-elf/lib\libc.a(lib_a-readr.o)
 .comment       0x00000000       0x27 ../SynthesizerUnitTestV3_bsp/\libucosii_bsp.a(alt_close.o)
 .comment       0x00000000       0x27 ../SynthesizerUnitTestV3_bsp/\libucosii_bsp.a(alt_dev.o)
 .comment       0x00000000       0x27 ../SynthesizerUnitTestV3_bsp/\libucosii_bsp.a(alt_errno.o)
 .comment       0x00000000       0x27 ../SynthesizerUnitTestV3_bsp/\libucosii_bsp.a(alt_fstat.o)
 .comment       0x00000000       0x27 ../SynthesizerUnitTestV3_bsp/\libucosii_bsp.a(alt_isatty.o)
 .comment       0x00000000       0x27 ../SynthesizerUnitTestV3_bsp/\libucosii_bsp.a(alt_load.o)
 .comment       0x00000000       0x27 ../SynthesizerUnitTestV3_bsp/\libucosii_bsp.a(alt_lseek.o)
 .comment       0x00000000       0x27 ../SynthesizerUnitTestV3_bsp/\libucosii_bsp.a(alt_main.o)
 .comment       0x00000000       0x27 ../SynthesizerUnitTestV3_bsp/\libucosii_bsp.a(alt_read.o)
 .comment       0x00000000       0x27 ../SynthesizerUnitTestV3_bsp/\libucosii_bsp.a(alt_release_fd.o)
 .comment       0x00000000       0x27 ../SynthesizerUnitTestV3_bsp/\libucosii_bsp.a(alt_sbrk.o)
 .comment       0x00000000       0x27 ../SynthesizerUnitTestV3_bsp/\libucosii_bsp.a(alt_write.o)
 .comment       0x00000000       0x27 ../SynthesizerUnitTestV3_bsp/\libucosii_bsp.a(alt_env_lock.o)
 .comment       0x00000000       0x27 ../SynthesizerUnitTestV3_bsp/\libucosii_bsp.a(alt_malloc_lock.o)
 .comment       0x00000000       0x27 ../SynthesizerUnitTestV3_bsp/\libucosii_bsp.a(os_core.o)
 .comment       0x00000000       0x27 ../SynthesizerUnitTestV3_bsp/\libucosii_bsp.a(os_dbg.o)
 .comment       0x00000000       0x27 ../SynthesizerUnitTestV3_bsp/\libucosii_bsp.a(os_flag.o)
 .comment       0x00000000       0x27 ../SynthesizerUnitTestV3_bsp/\libucosii_bsp.a(os_mem.o)
 .comment       0x00000000       0x27 ../SynthesizerUnitTestV3_bsp/\libucosii_bsp.a(os_q.o)
 .comment       0x00000000       0x27 ../SynthesizerUnitTestV3_bsp/\libucosii_bsp.a(os_sem.o)
 .comment       0x00000000       0x27 ../SynthesizerUnitTestV3_bsp/\libucosii_bsp.a(os_task.o)
 .comment       0x00000000       0x27 ../SynthesizerUnitTestV3_bsp/\libucosii_bsp.a(os_time.o)
 .comment       0x00000000       0x27 ../SynthesizerUnitTestV3_bsp/\libucosii_bsp.a(alt_sys_init.o)
 .comment       0x00000000       0x27 ../SynthesizerUnitTestV3_bsp/\libucosii_bsp.a(altera_avalon_fifo_util.o)
 .comment       0x00000000       0x27 ../SynthesizerUnitTestV3_bsp/\libucosii_bsp.a(altera_avalon_jtag_uart_fd.o)
 .comment       0x00000000       0x27 ../SynthesizerUnitTestV3_bsp/\libucosii_bsp.a(altera_avalon_jtag_uart_init.o)
 .comment       0x00000000       0x27 ../SynthesizerUnitTestV3_bsp/\libucosii_bsp.a(altera_avalon_jtag_uart_ioctl.o)
 .comment       0x00000000       0x27 ../SynthesizerUnitTestV3_bsp/\libucosii_bsp.a(altera_avalon_jtag_uart_read.o)
 .comment       0x00000000       0x27 ../SynthesizerUnitTestV3_bsp/\libucosii_bsp.a(altera_avalon_jtag_uart_write.o)
 .comment       0x00000000       0x27 ../SynthesizerUnitTestV3_bsp/\libucosii_bsp.a(altera_avalon_timer_sc.o)
 .comment       0x00000000       0x27 ../SynthesizerUnitTestV3_bsp/\libucosii_bsp.a(altera_up_avalon_audio.o)
 .comment       0x00000000       0x27 ../SynthesizerUnitTestV3_bsp/\libucosii_bsp.a(altera_up_avalon_audio_and_video_config.o)
 .comment       0x00000000       0x27 ../SynthesizerUnitTestV3_bsp/\libucosii_bsp.a(altera_up_avalon_character_lcd.o)
 .comment       0x00000000       0x27 ../SynthesizerUnitTestV3_bsp/\libucosii_bsp.a(alt_alarm_start.o)
 .comment       0x00000000       0x27 ../SynthesizerUnitTestV3_bsp/\libucosii_bsp.a(alt_dcache_flush_all.o)
 .comment       0x00000000       0x27 ../SynthesizerUnitTestV3_bsp/\libucosii_bsp.a(alt_dev_llist_insert.o)
 .comment       0x00000000       0x27 ../SynthesizerUnitTestV3_bsp/\libucosii_bsp.a(alt_do_ctors.o)
 .comment       0x00000000       0x27 ../SynthesizerUnitTestV3_bsp/\libucosii_bsp.a(alt_do_dtors.o)
 .comment       0x00000000       0x27 ../SynthesizerUnitTestV3_bsp/\libucosii_bsp.a(alt_find_dev.o)
 .comment       0x00000000       0x27 ../SynthesizerUnitTestV3_bsp/\libucosii_bsp.a(alt_icache_flush_all.o)
 .comment       0x00000000       0x27 ../SynthesizerUnitTestV3_bsp/\libucosii_bsp.a(alt_io_redirect.o)
 .comment       0x00000000       0x27 ../SynthesizerUnitTestV3_bsp/\libucosii_bsp.a(alt_irq_register.o)
 .comment       0x00000000       0x27 ../SynthesizerUnitTestV3_bsp/\libucosii_bsp.a(alt_irq_vars.o)
 .comment       0x00000000       0x27 ../SynthesizerUnitTestV3_bsp/\libucosii_bsp.a(alt_open.o)
 .comment       0x00000000       0x27 ../SynthesizerUnitTestV3_bsp/\libucosii_bsp.a(alt_tick.o)
 .comment       0x00000000       0x27 ../SynthesizerUnitTestV3_bsp/\libucosii_bsp.a(altera_nios2_qsys_irq.o)
 .comment       0x00000000       0x27 ../SynthesizerUnitTestV3_bsp/\libucosii_bsp.a(os_cpu_c.o)
 .comment       0x00000000       0x27 ../SynthesizerUnitTestV3_bsp/\libucosii_bsp.a(alt_find_file.o)
 .comment       0x00000000       0x27 ../SynthesizerUnitTestV3_bsp/\libucosii_bsp.a(alt_get_fd.o)
 .comment       0x00000000       0x27 ../SynthesizerUnitTestV3_bsp/\libucosii_bsp.a(alt_icache_flush.o)
 .comment       0x00000000       0x27 ../SynthesizerUnitTestV3_bsp/\libucosii_bsp.a(alt_irq_handler.o)
 .comment       0x00000000       0x27 c:/altera/12.1sp1/nios2eds/bin/gnu/h-i686-mingw32/bin/../lib/gcc/nios2-elf/4.1.2/../../../../nios2-elf/lib\libc.a(lib_a-atexit.o)
 .comment       0x00000000       0x27 c:/altera/12.1sp1/nios2eds/bin/gnu/h-i686-mingw32/bin/../lib/gcc/nios2-elf/4.1.2/../../../../nios2-elf/lib\libc.a(lib_a-exit.o)
 .comment       0x00000000       0x27 c:/altera/12.1sp1/nios2eds/bin/gnu/h-i686-mingw32/bin/../lib/gcc/nios2-elf/4.1.2/../../../../nios2-elf/lib\libc.a(lib_a-memcmp.o)
 .comment       0x00000000       0x27 c:/altera/12.1sp1/nios2eds/bin/gnu/h-i686-mingw32/bin/../lib/gcc/nios2-elf/4.1.2/../../../../nios2-elf/lib\libc.a(lib_a-__atexit.o)
 .comment       0x00000000       0x27 c:/altera/12.1sp1/nios2eds/bin/gnu/h-i686-mingw32/bin/../lib/gcc/nios2-elf/4.1.2/../../../../nios2-elf/lib\libc.a(lib_a-__call_atexit.o)
 .comment       0x00000000       0x27 c:/altera/12.1sp1/nios2eds/bin/gnu/h-i686-mingw32/bin/../lib/gcc/nios2-elf/4.1.2\libgcc.a(lib2-divmod.o)
 .comment       0x00000000       0x27 ../SynthesizerUnitTestV3_bsp/\libucosii_bsp.a(alt_exit.o)

.debug
 *(.debug)

.line
 *(.line)

.debug_srcinfo
 *(.debug_srcinfo)

.debug_sfnames
 *(.debug_sfnames)

.debug_aranges  0x00000000      0xad8
 *(.debug_aranges)
 .debug_aranges
                0x00000000       0x28 ../SynthesizerUnitTestV3_bsp//obj/HAL/src/crt0.o
 .debug_aranges
                0x00000028       0x20 obj/default/hello_ucosii.o
 .debug_aranges
                0x00000048       0x20 c:/altera/12.1sp1/nios2eds/bin/gnu/h-i686-mingw32/bin/../lib/gcc/nios2-elf/4.1.2/../../../../nios2-elf/lib\libc.a(lib_a-puts.o)
 .debug_aranges
                0x00000068       0x20 c:/altera/12.1sp1/nios2eds/bin/gnu/h-i686-mingw32/bin/../lib/gcc/nios2-elf/4.1.2/../../../../nios2-elf/lib\libc.a(lib_a-strlen.o)
 .debug_aranges
                0x00000088       0x20 c:/altera/12.1sp1/nios2eds/bin/gnu/h-i686-mingw32/bin/../lib/gcc/nios2-elf/4.1.2/../../../../nios2-elf/lib\libc.a(lib_a-fvwrite.o)
 .debug_aranges
                0x000000a8       0x20 c:/altera/12.1sp1/nios2eds/bin/gnu/h-i686-mingw32/bin/../lib/gcc/nios2-elf/4.1.2/../../../../nios2-elf/lib\libc.a(lib_a-mallocr.o)
 .debug_aranges
                0x000000c8       0x20 c:/altera/12.1sp1/nios2eds/bin/gnu/h-i686-mingw32/bin/../lib/gcc/nios2-elf/4.1.2/../../../../nios2-elf/lib\libc.a(lib_a-memchr.o)
 .debug_aranges
                0x000000e8       0x20 c:/altera/12.1sp1/nios2eds/bin/gnu/h-i686-mingw32/bin/../lib/gcc/nios2-elf/4.1.2/../../../../nios2-elf/lib\libc.a(lib_a-memcpy.o)
 .debug_aranges
                0x00000108       0x20 c:/altera/12.1sp1/nios2eds/bin/gnu/h-i686-mingw32/bin/../lib/gcc/nios2-elf/4.1.2/../../../../nios2-elf/lib\libc.a(lib_a-memmove.o)
 .debug_aranges
                0x00000128       0x20 c:/altera/12.1sp1/nios2eds/bin/gnu/h-i686-mingw32/bin/../lib/gcc/nios2-elf/4.1.2/../../../../nios2-elf/lib\libc.a(lib_a-reallocr.o)
 .debug_aranges
                0x00000148       0x20 c:/altera/12.1sp1/nios2eds/bin/gnu/h-i686-mingw32/bin/../lib/gcc/nios2-elf/4.1.2/../../../../nios2-elf/lib\libc.a(lib_a-sbrkr.o)
 .debug_aranges
                0x00000168       0x20 c:/altera/12.1sp1/nios2eds/bin/gnu/h-i686-mingw32/bin/../lib/gcc/nios2-elf/4.1.2/../../../../nios2-elf/lib\libc.a(lib_a-wsetup.o)
 .debug_aranges
                0x00000188       0x20 c:/altera/12.1sp1/nios2eds/bin/gnu/h-i686-mingw32/bin/../lib/gcc/nios2-elf/4.1.2/../../../../nios2-elf/lib\libc.a(lib_a-fflush.o)
 .debug_aranges
                0x000001a8       0x20 c:/altera/12.1sp1/nios2eds/bin/gnu/h-i686-mingw32/bin/../lib/gcc/nios2-elf/4.1.2/../../../../nios2-elf/lib\libc.a(lib_a-findfp.o)
 .debug_aranges
                0x000001c8       0x20 c:/altera/12.1sp1/nios2eds/bin/gnu/h-i686-mingw32/bin/../lib/gcc/nios2-elf/4.1.2/../../../../nios2-elf/lib\libc.a(lib_a-freer.o)
 .debug_aranges
                0x000001e8       0x20 c:/altera/12.1sp1/nios2eds/bin/gnu/h-i686-mingw32/bin/../lib/gcc/nios2-elf/4.1.2/../../../../nios2-elf/lib\libc.a(lib_a-fwalk.o)
 .debug_aranges
                0x00000208       0x20 c:/altera/12.1sp1/nios2eds/bin/gnu/h-i686-mingw32/bin/../lib/gcc/nios2-elf/4.1.2/../../../../nios2-elf/lib\libc.a(lib_a-makebuf.o)
 .debug_aranges
                0x00000228       0x20 c:/altera/12.1sp1/nios2eds/bin/gnu/h-i686-mingw32/bin/../lib/gcc/nios2-elf/4.1.2/../../../../nios2-elf/lib\libc.a(lib_a-memset.o)
 .debug_aranges
                0x00000248       0x20 c:/altera/12.1sp1/nios2eds/bin/gnu/h-i686-mingw32/bin/../lib/gcc/nios2-elf/4.1.2/../../../../nios2-elf/lib\libc.a(lib_a-stdio.o)
 .debug_aranges
                0x00000268       0x20 c:/altera/12.1sp1/nios2eds/bin/gnu/h-i686-mingw32/bin/../lib/gcc/nios2-elf/4.1.2/../../../../nios2-elf/lib\libc.a(lib_a-writer.o)
 .debug_aranges
                0x00000288       0x20 c:/altera/12.1sp1/nios2eds/bin/gnu/h-i686-mingw32/bin/../lib/gcc/nios2-elf/4.1.2/../../../../nios2-elf/lib\libc.a(lib_a-closer.o)
 .debug_aranges
                0x000002a8       0x20 c:/altera/12.1sp1/nios2eds/bin/gnu/h-i686-mingw32/bin/../lib/gcc/nios2-elf/4.1.2/../../../../nios2-elf/lib\libc.a(lib_a-fclose.o)
 .debug_aranges
                0x000002c8       0x20 c:/altera/12.1sp1/nios2eds/bin/gnu/h-i686-mingw32/bin/../lib/gcc/nios2-elf/4.1.2/../../../../nios2-elf/lib\libc.a(lib_a-fstatr.o)
 .debug_aranges
                0x000002e8       0x20 c:/altera/12.1sp1/nios2eds/bin/gnu/h-i686-mingw32/bin/../lib/gcc/nios2-elf/4.1.2/../../../../nios2-elf/lib\libc.a(lib_a-isattyr.o)
 .debug_aranges
                0x00000308       0x20 c:/altera/12.1sp1/nios2eds/bin/gnu/h-i686-mingw32/bin/../lib/gcc/nios2-elf/4.1.2/../../../../nios2-elf/lib\libc.a(lib_a-lseekr.o)
 .debug_aranges
                0x00000328       0x20 c:/altera/12.1sp1/nios2eds/bin/gnu/h-i686-mingw32/bin/../lib/gcc/nios2-elf/4.1.2/../../../../nios2-elf/lib\libc.a(lib_a-readr.o)
 .debug_aranges
                0x00000348       0x20 ../SynthesizerUnitTestV3_bsp/\libucosii_bsp.a(alt_close.o)
 .debug_aranges
                0x00000368       0x20 ../SynthesizerUnitTestV3_bsp/\libucosii_bsp.a(alt_dev.o)
 .debug_aranges
                0x00000388       0x20 ../SynthesizerUnitTestV3_bsp/\libucosii_bsp.a(alt_fstat.o)
 .debug_aranges
                0x000003a8       0x20 ../SynthesizerUnitTestV3_bsp/\libucosii_bsp.a(alt_isatty.o)
 .debug_aranges
                0x000003c8       0x20 ../SynthesizerUnitTestV3_bsp/\libucosii_bsp.a(alt_load.o)
 .debug_aranges
                0x000003e8       0x20 ../SynthesizerUnitTestV3_bsp/\libucosii_bsp.a(alt_lseek.o)
 .debug_aranges
                0x00000408       0x20 ../SynthesizerUnitTestV3_bsp/\libucosii_bsp.a(alt_main.o)
 .debug_aranges
                0x00000428       0x20 ../SynthesizerUnitTestV3_bsp/\libucosii_bsp.a(alt_read.o)
 .debug_aranges
                0x00000448       0x20 ../SynthesizerUnitTestV3_bsp/\libucosii_bsp.a(alt_release_fd.o)
 .debug_aranges
                0x00000468       0x20 ../SynthesizerUnitTestV3_bsp/\libucosii_bsp.a(alt_sbrk.o)
 .debug_aranges
                0x00000488       0x20 ../SynthesizerUnitTestV3_bsp/\libucosii_bsp.a(alt_write.o)
 .debug_aranges
                0x000004a8       0x20 ../SynthesizerUnitTestV3_bsp/\libucosii_bsp.a(alt_env_lock.o)
 .debug_aranges
                0x000004c8       0x20 ../SynthesizerUnitTestV3_bsp/\libucosii_bsp.a(alt_malloc_lock.o)
 .debug_aranges
                0x000004e8       0x20 ../SynthesizerUnitTestV3_bsp/\libucosii_bsp.a(os_core.o)
 .debug_aranges
                0x00000508       0x20 ../SynthesizerUnitTestV3_bsp/\libucosii_bsp.a(os_dbg.o)
 .debug_aranges
                0x00000528       0x20 ../SynthesizerUnitTestV3_bsp/\libucosii_bsp.a(os_flag.o)
 .debug_aranges
                0x00000548       0x20 ../SynthesizerUnitTestV3_bsp/\libucosii_bsp.a(os_mem.o)
 .debug_aranges
                0x00000568       0x20 ../SynthesizerUnitTestV3_bsp/\libucosii_bsp.a(os_q.o)
 .debug_aranges
                0x00000588       0x20 ../SynthesizerUnitTestV3_bsp/\libucosii_bsp.a(os_sem.o)
 .debug_aranges
                0x000005a8       0x20 ../SynthesizerUnitTestV3_bsp/\libucosii_bsp.a(os_task.o)
 .debug_aranges
                0x000005c8       0x20 ../SynthesizerUnitTestV3_bsp/\libucosii_bsp.a(os_time.o)
 .debug_aranges
                0x000005e8       0x20 ../SynthesizerUnitTestV3_bsp/\libucosii_bsp.a(alt_sys_init.o)
 .debug_aranges
                0x00000608       0x20 ../SynthesizerUnitTestV3_bsp/\libucosii_bsp.a(altera_avalon_fifo_util.o)
 .debug_aranges
                0x00000628       0x20 ../SynthesizerUnitTestV3_bsp/\libucosii_bsp.a(altera_avalon_jtag_uart_fd.o)
 .debug_aranges
                0x00000648       0x20 ../SynthesizerUnitTestV3_bsp/\libucosii_bsp.a(altera_avalon_jtag_uart_init.o)
 .debug_aranges
                0x00000668       0x20 ../SynthesizerUnitTestV3_bsp/\libucosii_bsp.a(altera_avalon_jtag_uart_ioctl.o)
 .debug_aranges
                0x00000688       0x20 ../SynthesizerUnitTestV3_bsp/\libucosii_bsp.a(altera_avalon_jtag_uart_read.o)
 .debug_aranges
                0x000006a8       0x20 ../SynthesizerUnitTestV3_bsp/\libucosii_bsp.a(altera_avalon_jtag_uart_write.o)
 .debug_aranges
                0x000006c8       0x20 ../SynthesizerUnitTestV3_bsp/\libucosii_bsp.a(altera_avalon_timer_sc.o)
 .debug_aranges
                0x000006e8       0x20 ../SynthesizerUnitTestV3_bsp/\libucosii_bsp.a(altera_up_avalon_audio.o)
 .debug_aranges
                0x00000708       0x20 ../SynthesizerUnitTestV3_bsp/\libucosii_bsp.a(altera_up_avalon_audio_and_video_config.o)
 .debug_aranges
                0x00000728       0x20 ../SynthesizerUnitTestV3_bsp/\libucosii_bsp.a(altera_up_avalon_character_lcd.o)
 .debug_aranges
                0x00000748       0x20 ../SynthesizerUnitTestV3_bsp/\libucosii_bsp.a(alt_alarm_start.o)
 .debug_aranges
                0x00000768       0x20 ../SynthesizerUnitTestV3_bsp/\libucosii_bsp.a(alt_dcache_flush_all.o)
 .debug_aranges
                0x00000788       0x20 ../SynthesizerUnitTestV3_bsp/\libucosii_bsp.a(alt_dev_llist_insert.o)
 .debug_aranges
                0x000007a8       0x20 ../SynthesizerUnitTestV3_bsp/\libucosii_bsp.a(alt_do_ctors.o)
 .debug_aranges
                0x000007c8       0x20 ../SynthesizerUnitTestV3_bsp/\libucosii_bsp.a(alt_do_dtors.o)
 .debug_aranges
                0x000007e8       0x20 ../SynthesizerUnitTestV3_bsp/\libucosii_bsp.a(alt_find_dev.o)
 .debug_aranges
                0x00000808       0x20 ../SynthesizerUnitTestV3_bsp/\libucosii_bsp.a(alt_icache_flush_all.o)
 .debug_aranges
                0x00000828       0x20 ../SynthesizerUnitTestV3_bsp/\libucosii_bsp.a(alt_io_redirect.o)
 .debug_aranges
                0x00000848       0x20 ../SynthesizerUnitTestV3_bsp/\libucosii_bsp.a(alt_irq_register.o)
 .debug_aranges
                0x00000868       0x20 ../SynthesizerUnitTestV3_bsp/\libucosii_bsp.a(alt_open.o)
 .debug_aranges
                0x00000888       0x20 ../SynthesizerUnitTestV3_bsp/\libucosii_bsp.a(alt_tick.o)
 .debug_aranges
                0x000008a8       0x20 ../SynthesizerUnitTestV3_bsp/\libucosii_bsp.a(altera_nios2_qsys_irq.o)
 .debug_aranges
                0x000008c8       0x20 ../SynthesizerUnitTestV3_bsp/\libucosii_bsp.a(os_cpu_a.o)
 .debug_aranges
                0x000008e8       0x20 ../SynthesizerUnitTestV3_bsp/\libucosii_bsp.a(os_cpu_c.o)
 .debug_aranges
                0x00000908       0x20 ../SynthesizerUnitTestV3_bsp/\libucosii_bsp.a(alt_find_file.o)
 .debug_aranges
                0x00000928       0x20 ../SynthesizerUnitTestV3_bsp/\libucosii_bsp.a(alt_get_fd.o)
 .debug_aranges
                0x00000948       0x20 ../SynthesizerUnitTestV3_bsp/\libucosii_bsp.a(alt_icache_flush.o)
 .debug_aranges
                0x00000968       0x30 ../SynthesizerUnitTestV3_bsp/\libucosii_bsp.a(alt_irq_entry.o)
 .debug_aranges
                0x00000998       0x28 ../SynthesizerUnitTestV3_bsp/\libucosii_bsp.a(alt_irq_handler.o)
 .debug_aranges
                0x000009c0       0x38 ../SynthesizerUnitTestV3_bsp/\libucosii_bsp.a(alt_exception_entry.o)
 .debug_aranges
                0x000009f8       0x20 c:/altera/12.1sp1/nios2eds/bin/gnu/h-i686-mingw32/bin/../lib/gcc/nios2-elf/4.1.2/../../../../nios2-elf/lib\libc.a(lib_a-atexit.o)
 .debug_aranges
                0x00000a18       0x20 c:/altera/12.1sp1/nios2eds/bin/gnu/h-i686-mingw32/bin/../lib/gcc/nios2-elf/4.1.2/../../../../nios2-elf/lib\libc.a(lib_a-exit.o)
 .debug_aranges
                0x00000a38       0x20 c:/altera/12.1sp1/nios2eds/bin/gnu/h-i686-mingw32/bin/../lib/gcc/nios2-elf/4.1.2/../../../../nios2-elf/lib\libc.a(lib_a-memcmp.o)
 .debug_aranges
                0x00000a58       0x20 c:/altera/12.1sp1/nios2eds/bin/gnu/h-i686-mingw32/bin/../lib/gcc/nios2-elf/4.1.2/../../../../nios2-elf/lib\libc.a(lib_a-__atexit.o)
 .debug_aranges
                0x00000a78       0x20 c:/altera/12.1sp1/nios2eds/bin/gnu/h-i686-mingw32/bin/../lib/gcc/nios2-elf/4.1.2/../../../../nios2-elf/lib\libc.a(lib_a-__call_atexit.o)
 .debug_aranges
                0x00000a98       0x20 c:/altera/12.1sp1/nios2eds/bin/gnu/h-i686-mingw32/bin/../lib/gcc/nios2-elf/4.1.2\libgcc.a(lib2-divmod.o)
 .debug_aranges
                0x00000ab8       0x20 ../SynthesizerUnitTestV3_bsp/\libucosii_bsp.a(alt_exit.o)

.debug_pubnames
                0x00000000     0x235b
 *(.debug_pubnames)
 .debug_pubnames
                0x00000000       0x4b obj/default/hello_ucosii.o
 .debug_pubnames
                0x0000004b       0x27 c:/altera/12.1sp1/nios2eds/bin/gnu/h-i686-mingw32/bin/../lib/gcc/nios2-elf/4.1.2/../../../../nios2-elf/lib\libc.a(lib_a-puts.o)
 .debug_pubnames
                0x00000072       0x1d c:/altera/12.1sp1/nios2eds/bin/gnu/h-i686-mingw32/bin/../lib/gcc/nios2-elf/4.1.2/../../../../nios2-elf/lib\libc.a(lib_a-strlen.o)
 .debug_pubnames
                0x0000008f       0x23 c:/altera/12.1sp1/nios2eds/bin/gnu/h-i686-mingw32/bin/../lib/gcc/nios2-elf/4.1.2/../../../../nios2-elf/lib\libc.a(lib_a-fvwrite.o)
 .debug_pubnames
                0x000000b2       0x39 c:/altera/12.1sp1/nios2eds/bin/gnu/h-i686-mingw32/bin/../lib/gcc/nios2-elf/4.1.2/../../../../nios2-elf/lib\libc.a(lib_a-impure.o)
 .debug_pubnames
                0x000000eb       0xce c:/altera/12.1sp1/nios2eds/bin/gnu/h-i686-mingw32/bin/../lib/gcc/nios2-elf/4.1.2/../../../../nios2-elf/lib\libc.a(lib_a-mallocr.o)
 .debug_pubnames
                0x000001b9       0x1d c:/altera/12.1sp1/nios2eds/bin/gnu/h-i686-mingw32/bin/../lib/gcc/nios2-elf/4.1.2/../../../../nios2-elf/lib\libc.a(lib_a-memchr.o)
 .debug_pubnames
                0x000001d6       0x1d c:/altera/12.1sp1/nios2eds/bin/gnu/h-i686-mingw32/bin/../lib/gcc/nios2-elf/4.1.2/../../../../nios2-elf/lib\libc.a(lib_a-memcpy.o)
 .debug_pubnames
                0x000001f3       0x1e c:/altera/12.1sp1/nios2eds/bin/gnu/h-i686-mingw32/bin/../lib/gcc/nios2-elf/4.1.2/../../../../nios2-elf/lib\libc.a(lib_a-memmove.o)
 .debug_pubnames
                0x00000211       0x21 c:/altera/12.1sp1/nios2eds/bin/gnu/h-i686-mingw32/bin/../lib/gcc/nios2-elf/4.1.2/../../../../nios2-elf/lib\libc.a(lib_a-reallocr.o)
 .debug_pubnames