Archive member included because of file (symbol)

c:/altera/12.1sp1/nios2eds/bin/gnu/h-i686-mingw32/bin/../lib/gcc/nios2-elf/4.1.2/../../../../nios2-elf/lib\libc.a(lib_a-puts.o)
                              obj/default/hello_ucosii.o (puts)
c:/altera/12.1sp1/nios2eds/bin/gnu/h-i686-mingw32/bin/../lib/gcc/nios2-elf/4.1.2/../../../../nios2-elf/lib\libc.a(lib_a-strlen.o)
                              c:/altera/12.1sp1/nios2eds/bin/gnu/h-i686-mingw32/bin/../lib/gcc/nios2-elf/4.1.2/../../../../nios2-elf/lib\libc.a(lib_a-puts.o) (strlen)
c:/altera/12.1sp1/nios2eds/bin/gnu/h-i686-mingw32/bin/../lib/gcc/nios2-elf/4.1.2/../../../../nios2-elf/lib\libc.a(lib_a-fvwrite.o)
                              c:/altera/12.1sp1/nios2eds/bin/gnu/h-i686-mingw32/bin/../lib/gcc/nios2-elf/4.1.2/../../../../nios2-elf/lib\libc.a(lib_a-puts.o) (__sfvwrite_r)
c:/altera/12.1sp1/nios2eds/bin/gnu/h-i686-mingw32/bin/../lib/gcc/nios2-elf/4.1.2/../../../../nios2-elf/lib\libc.a(lib_a-impure.o)
                              c:/altera/12.1sp1/nios2eds/bin/gnu/h-i686-mingw32/bin/../lib/gcc/nios2-elf/4.1.2/../../../../nios2-elf/lib\libc.a(lib_a-puts.o) (_impure_ptr)
c:/altera/12.1sp1/nios2eds/bin/gnu/h-i686-mingw32/bin/../lib/gcc/nios2-elf/4.1.2/../../../../nios2-elf/lib\libc.a(lib_a-mallocr.o)
                              c:/altera/12.1sp1/nios2eds/bin/gnu/h-i686-mingw32/bin/../lib/gcc/nios2-elf/4.1.2/../../../../nios2-elf/lib\libc.a(lib_a-fvwrite.o) (_malloc_r)
c:/altera/12.1sp1/nios2eds/bin/gnu/h-i686-mingw32/bin/../lib/gcc/nios2-elf/4.1.2/../../../../nios2-elf/lib\libc.a(lib_a-memchr.o)
                              c:/altera/12.1sp1/nios2eds/bin/gnu/h-i686-mingw32/bin/../lib/gcc/nios2-elf/4.1.2/../../../../nios2-elf/lib\libc.a(lib_a-fvwrite.o) (memchr)
c:/altera/12.1sp1/nios2eds/bin/gnu/h-i686-mingw32/bin/../lib/gcc/nios2-elf/4.1.2/../../../../nios2-elf/lib\libc.a(lib_a-memcpy.o)
                              c:/altera/12.1sp1/nios2eds/bin/gnu/h-i686-mingw32/bin/../lib/gcc/nios2-elf/4.1.2/../../../../nios2-elf/lib\libc.a(lib_a-fvwrite.o) (memcpy)
c:/altera/12.1sp1/nios2eds/bin/gnu/h-i686-mingw32/bin/../lib/gcc/nios2-elf/4.1.2/../../../../nios2-elf/lib\libc.a(lib_a-memmove.o)
                              c:/altera/12.1sp1/nios2eds/bin/gnu/h-i686-mingw32/bin/../lib/gcc/nios2-elf/4.1.2/../../../../nios2-elf/lib\libc.a(lib_a-fvwrite.o) (memmove)
c:/altera/12.1sp1/nios2eds/bin/gnu/h-i686-mingw32/bin/../lib/gcc/nios2-elf/4.1.2/../../../../nios2-elf/lib\libc.a(lib_a-reallocr.o)
                              c:/altera/12.1sp1/nios2eds/bin/gnu/h-i686-mingw32/bin/../lib/gcc/nios2-elf/4.1.2/../../../../nios2-elf/lib\libc.a(lib_a-fvwrite.o) (_realloc_r)
c:/altera/12.1sp1/nios2eds/bin/gnu/h-i686-mingw32/bin/../lib/gcc/nios2-elf/4.1.2/../../../../nios2-elf/lib\libc.a(lib_a-sbrkr.o)
                              c:/altera/12.1sp1/nios2eds/bin/gnu/h-i686-mingw32/bin/../lib/gcc/nios2-elf/4.1.2/../../../../nios2-elf/lib\libc.a(lib_a-mallocr.o) (_sbrk_r)
c:/altera/12.1sp1/nios2eds/bin/gnu/h-i686-mingw32/bin/../lib/gcc/nios2-elf/4.1.2/../../../../nios2-elf/lib\libc.a(lib_a-wsetup.o)
                              c:/altera/12.1sp1/nios2eds/bin/gnu/h-i686-mingw32/bin/../lib/gcc/nios2-elf/4.1.2/../../../../nios2-elf/lib\libc.a(lib_a-fvwrite.o) (__swsetup_r)
c:/altera/12.1sp1/nios2eds/bin/gnu/h-i686-mingw32/bin/../lib/gcc/nios2-elf/4.1.2/../../../../nios2-elf/lib\libc.a(lib_a-fflush.o)
                              c:/altera/12.1sp1/nios2eds/bin/gnu/h-i686-mingw32/bin/../lib/gcc/nios2-elf/4.1.2/../../../../nios2-elf/lib\libc.a(lib_a-fvwrite.o) (_fflush_r)
c:/altera/12.1sp1/nios2eds/bin/gnu/h-i686-mingw32/bin/../lib/gcc/nios2-elf/4.1.2/../../../../nios2-elf/lib\libc.a(lib_a-findfp.o)
                              c:/altera/12.1sp1/nios2eds/bin/gnu/h-i686-mingw32/bin/../lib/gcc/nios2-elf/4.1.2/../../../../nios2-elf/lib\libc.a(lib_a-wsetup.o) (__sinit)
c:/altera/12.1sp1/nios2eds/bin/gnu/h-i686-mingw32/bin/../lib/gcc/nios2-elf/4.1.2/../../../../nios2-elf/lib\libc.a(lib_a-freer.o)
                              c:/altera/12.1sp1/nios2eds/bin/gnu/h-i686-mingw32/bin/../lib/gcc/nios2-elf/4.1.2/../../../../nios2-elf/lib\libc.a(lib_a-fvwrite.o) (_free_r)
c:/altera/12.1sp1/nios2eds/bin/gnu/h-i686-mingw32/bin/../lib/gcc/nios2-elf/4.1.2/../../../../nios2-elf/lib\libc.a(lib_a-fwalk.o)
                              c:/altera/12.1sp1/nios2eds/bin/gnu/h-i686-mingw32/bin/../lib/gcc/nios2-elf/4.1.2/../../../../nios2-elf/lib\libc.a(lib_a-fflush.o) (_fwalk_reent)
c:/altera/12.1sp1/nios2eds/bin/gnu/h-i686-mingw32/bin/../lib/gcc/nios2-elf/4.1.2/../../../../nios2-elf/lib\libc.a(lib_a-int_errno.o)
                              c:/altera/12.1sp1/nios2eds/bin/gnu/h-i686-mingw32/bin/../lib/gcc/nios2-elf/4.1.2/../../../../nios2-elf/lib\libc.a(lib_a-sbrkr.o) (errno)
c:/altera/12.1sp1/nios2eds/bin/gnu/h-i686-mingw32/bin/../lib/gcc/nios2-elf/4.1.2/../../../../nios2-elf/lib\libc.a(lib_a-makebuf.o)
[...]
Memory Configuration

Name             Origin             Length             Attributes
sdram_0          0x00800000         0x00800000
sram_0           0x01080000         0x00080000
reset            0x01104000         0x00000020
onchip_memory2_0 0x01104020         0x00003fe0
*default*        0x00000000         0xffffffff

Linker script and memory map

LOAD ../Polyv5_bsp//obj/HAL/src/crt0.o
LOAD obj/default/hello_ucosii.o
LOAD c:/altera/12.1sp1/nios2eds/bin/gnu/h-i686-mingw32/bin/../lib/gcc/nios2-elf/4.1.2/../../../../nios2-elf/lib\libstdc++.a
LOAD c:/altera/12.1sp1/nios2eds/bin/gnu/h-i686-mingw32/bin/../lib/gcc/nios2-elf/4.1.2/../../../../nios2-elf/lib\libm.a
LOAD c:/altera/12.1sp1/nios2eds/bin/gnu/h-i686-mingw32/bin/../lib/gcc/nios2-elf/4.1.2\libgcc.a
START GROUP
LOAD c:/altera/12.1sp1/nios2eds/bin/gnu/h-i686-mingw32/bin/../lib/gcc/nios2-elf/4.1.2/../../../../nios2-elf/lib\libc.a
LOAD c:/altera/12.1sp1/nios2eds/bin/gnu/h-i686-mingw32/bin/../lib/gcc/nios2-elf/4.1.2\libgcc.a
LOAD ../Polyv5_bsp/\libucosii_bsp.a
END GROUP
LOAD c:/altera/12.1sp1/nios2eds/bin/gnu/h-i686-mingw32/bin/../lib/gcc/nios2-elf/4.1.2\libgcc.a
                0x00800000                __alt_mem_sdram_0 = 0x800000
                0x01080000                __alt_mem_sram_0 = 0x1080000
                0x01104000                __alt_mem_onchip_memory2_0 = 0x1104000

.entry          0x01104000       0x20
 *(.entry)
 .entry         0x01104000       0x20 ../Polyv5_bsp//obj/HAL/src/crt0.o
                0x01104000                __reset

.exceptions     0x01104020      0x1a0 load address 0x00800000
                0x01104020                PROVIDE (__ram_exceptions_start, ABSOLUTE (.))
                0x01104020                . = ALIGN (0x20)
 *(.irq)
 *(.exceptions.entry.label)
 .exceptions.entry.label
                0x01104020        0x0 ../Polyv5_bsp/\libucosii_bsp.a(alt_irq_entry.o)
                0x01104020                alt_irq_entry
 .exceptions.entry.label
                0x01104020        0x0 ../Polyv5_bsp/\libucosii_bsp.a(alt_exception_entry.o)
                0x01104020                alt_exception
 *(.exceptions.entry.user)
 *(.exceptions.entry)
 .exceptions.entry
                0x01104020       0x54 ../Polyv5_bsp/\libucosii_bsp.a(alt_exception_entry.o)
 *(.exceptions.irqtest.user)
 *(.exceptions.irqtest)
 .exceptions.irqtest
                0x01104074       0x10 ../Polyv5_bsp/\libucosii_bsp.a(alt_irq_entry.o)
 *(.exceptions.irqhandler.user)
 *(.exceptions.irqhandler)
 .exceptions.irqhandler
                0x01104084        0x4 ../Polyv5_bsp/\libucosii_bsp.a(alt_irq_entry.o)
 *(.exceptions.irqreturn.user)
 *(.exceptions.irqreturn)
 .exceptions.irqreturn
                0x01104088        0x4 ../Polyv5_bsp/\libucosii_bsp.a(alt_irq_entry.o)
 *(.exceptions.notirq.label)
 .exceptions.notirq.label
                0x0110408c        0x0 ../Polyv5_bsp/\libucosii_bsp.a(alt_irq_entry.o)
 *(.exceptions.notirq.user)
 *(.exceptions.notirq)
 .exceptions.notirq
                0x0110408c        0x8 ../Polyv5_bsp/\libucosii_bsp.a(alt_exception_entry.o)
 *(.exceptions.soft.user)
 *(.exceptions.soft)
 *(.exceptions.unknown.user)
 *(.exceptions.unknown)
 .exceptions.unknown
                0x01104094        0x4 ../Polyv5_bsp/\libucosii_bsp.a(alt_exception_entry.o)
 *(.exceptions.exit.label)
 .exceptions.exit.label
                0x01104098        0x0 ../Polyv5_bsp/\libucosii_bsp.a(alt_irq_entry.o)
 .exceptions.exit.label
                0x01104098        0x0 ../Polyv5_bsp/\libucosii_bsp.a(alt_exception_entry.o)
 *(.exceptions.exit.user)
 *(.exceptions.exit)
 .exceptions.exit
                0x01104098       0x54 ../Polyv5_bsp/\libucosii_bsp.a(alt_exception_entry.o)
 *(.exceptions)
 .exceptions    0x011040ec       0xd4 ../Polyv5_bsp/\libucosii_bsp.a(alt_irq_handler.o)
                0x011040ec                alt_irq_handler
                0x011041c0                PROVIDE (__ram_exceptions_end, ABSOLUTE (.))
                0x00800000                PROVIDE (__flash_exceptions_start, LOADADDR (.exceptions))

.text           0x008001a0     0xff64
                0x008001a0                PROVIDE (stext, ABSOLUTE (.))
 *(.interp)
 *(.hash)
 *(.dynsym)
 *(.dynstr)
 *(.gnu.version)
 *(.gnu.version_d)
 *(.gnu.version_r)
 *(.rel.init)
 *(.rela.init)
 *(.rel.text .rel.text.* .rel.gnu.linkonce.t.*)
 *(.rela.text .rela.text.* .rela.gnu.linkonce.t.*)
 *(.rel.fini)
 *(.rela.fini)
 *(.rel.rodata .rel.rodata.* .rel.gnu.linkonce.r.*)
 *(.rela.rodata .rela.rodata.* .rela.gnu.linkonce.r.*)
 *(.rel.data .rel.data.* .rel.gnu.linkonce.d.*)
 *(.rela.data .rela.data.* .rela.gnu.linkonce.d.*)
 *(.rel.tdata .rel.tdata.* .rel.gnu.linkonce.td.*)
 *(.rela.tdata .rela.tdata.* .rela.gnu.linkonce.td.*)
 *(.rel.tbss .rel.tbss.* .rel.gnu.linkonce.tb.*)
 *(.rela.tbss .rela.tbss.* .rela.gnu.linkonce.tb.*)
 *(.rel.ctors)
 *(.rela.ctors)
 *(.rel.dtors)
 *(.rela.dtors)
 *(.rel.got)
 *(.rela.got)
 *(.rel.sdata .rel.sdata.* .rel.gnu.linkonce.s.*)
 *(.rela.sdata .rela.sdata.* .rela.gnu.linkonce.s.*)
 *(.rel.sbss .rel.sbss.* .rel.gnu.linkonce.sb.*)
 *(.rela.sbss .rela.sbss.* .rela.gnu.linkonce.sb.*)
 *(.rel.sdata2 .rel.sdata2.* .rel.gnu.linkonce.s2.*)
 *(.rela.sdata2 .rela.sdata2.* .rela.gnu.linkonce.s2.*)
 *(.rel.sbss2 .rel.sbss2.* .rel.gnu.linkonce.sb2.*)
 *(.rela.sbss2 .rela.sbss2.* .rela.gnu.linkonce.sb2.*)
 *(.rel.bss .rel.bss.* .rel.gnu.linkonce.b.*)
 *(.rela.bss .rela.bss.* .rela.gnu.linkonce.b.*)
 *(.rel.plt)
 *(.rela.plt)
 *(.rel.dyn)
 *(.init)
 *(.plt)
 *(.text .stub .text.* .gnu.linkonce.t.*)
 .text          0x008001a0       0x4c ../Polyv5_bsp//obj/HAL/src/crt0.o
                0x008001a0                _start
 .text          0x008001ec      0x340 obj/default/hello_ucosii.o
                0x008001ec                task1
                0x008003dc                task2
                0x00800480                main
 .text          0x0080052c       0xb4 c:/altera/12.1sp1/nios2eds/bin/gnu/h-i686-mingw32/bin/../lib/gcc/nios2-elf/4.1.2/../../../../nios2-elf/lib\libc.a(lib_a-puts.o)
                0x0080052c                _puts_r
                0x008005cc                puts
 .text          0x008005e0       0x74 c:/altera/12.1sp1/nios2eds/bin/gnu/h-i686-mingw32/bin/../lib/gcc/nios2-elf/4.1.2/../../../../nios2-elf/lib\libc.a(lib_a-strlen.o)
                0x008005e0                strlen
 .text          0x00800654      0x49c c:/altera/12.1sp1/nios2eds/bin/gnu/h-i686-mingw32/bin/../lib/gcc/nios2-elf/4.1.2/../../../../nios2-elf/lib\libc.a(lib_a-fvwrite.o)
                0x00800654                __sfvwrite_r
 .text          0x00800af0        0x0 c:/altera/12.1sp1/nios2eds/bin/gnu/h-i686-mingw32/bin/../lib/gcc/nios2-elf/4.1.2/../../../../nios2-elf/lib\libc.a(lib_a-impure.o)
 .text          0x00800af0      0x740 c:/altera/12.1sp1/nios2eds/bin/gnu/h-i686-mingw32/bin/../lib/gcc/nios2-elf/4.1.2/../../../../nios2-elf/lib\libc.a(lib_a-mallocr.o)
                0x00800af0                _malloc_r
 .text          0x00801230       0xe4 c:/altera/12.1sp1/nios2eds/bin/gnu/h-i686-mingw32/bin/../lib/gcc/nios2-elf/4.1.2/../../../../nios2-elf/lib\libc.a(lib_a-memchr.o)
                0x00801230                memchr
 .text          0x00801314       0xa0 c:/altera/12.1sp1/nios2eds/bin/gnu/h-i686-mingw32/bin/../lib/gcc/nios2-elf/4.1.2/../../../../nios2-elf/lib\libc.a(lib_a-memcpy.o)
                0x00801314                memcpy
 .text          0x008013b4       0xe0 c:/altera/12.1sp1/nios2eds/bin/gnu/h-i686-mingw32/bin/../lib/gcc/nios2-elf/4.1.2/../../../../nios2-elf/lib\libc.a(lib_a-memmove.o)
                0x008013b4                memmove
 .text          0x00801494      0x5f4 c:/altera/12.1sp1/nios2eds/bin/gnu/h-i686-mingw32/bin/../lib/gcc/nios2-elf/4.1.2/../../../../nios2-elf/lib\libc.a(lib_a-reallocr.o)
                0x00801494                _realloc_r
 .text          0x00801a88       0x70 c:/altera/12.1sp1/nios2eds/bin/gnu/h-i686-mingw32/bin/../lib/gcc/nios2-elf/4.1.2/../../../../nios2-elf/lib\libc.a(lib_a-sbrkr.o)
                0x00801a88                _sbrk_r
 .text          0x00801af8      0x13c c:/altera/12.1sp1/nios2eds/bin/gnu/h-i686-mingw32/bin/../lib/gcc/nios2-elf/4.1.2/../../../../nios2-elf/lib\libc.a(lib_a-wsetup.o)
                0x00801af8                __swsetup_r
 .text          0x00801c34      0x230 c:/altera/12.1sp1/nios2eds/bin/gnu/h-i686-mingw32/bin/../lib/gcc/nios2-elf/4.1.2/../../../../nios2-elf/lib\libc.a(lib_a-fflush.o)
                0x00801c34                _fflush_r
                0x00801e30                fflush
 .text          0x00801e64      0x2c0 c:/altera/12.1sp1/nios2eds/bin/gnu/h-i686-mingw32/bin/../lib/gcc/nios2-elf/4.1.2/../../../../nios2-elf/lib\libc.a(lib_a-findfp.o)
                0x00801ebc                __sfp_lock_acquire
                0x00801ec0                __sfp_lock_release
                0x00801ec4                __sinit_lock_acquire
                0x00801ec8                __sinit_lock_release
                0x00801ecc                __sinit
                0x00801f80                __fp_unlock_all
                0x00801f98                __fp_lock_all
                0x00801fb0                _cleanup_r
                0x00801fbc                _cleanup
                0x00801fcc                __sfmoreglue
                0x00802034                __sfp
 .text          0x00802124      0x440 c:/altera/12.1sp1/nios2eds/bin/gnu/h-i686-mingw32/bin/../lib/gcc/nios2-elf/4.1.2/../../../../nios2-elf/lib\libc.a(lib_a-freer.o)
                0x00802124                _malloc_trim_r
                0x00802250                _free_r
 .text          0x00802564      0x180 c:/altera/12.1sp1/nios2eds/bin/gnu/h-i686-mingw32/bin/../lib/gcc/nios2-elf/4.1.2/../../../../nios2-elf/lib\libc.a(lib_a-fwalk.o)
                0x00802564                _fwalk_reent
                0x0080262c                _fwalk
 .text          0x008026e4        0x0 c:/altera/12.1sp1/nios2eds/bin/gnu/h-i686-mingw32/bin/../lib/gcc/nios2-elf/4.1.2/../../../../nios2-elf/lib\libc.a(lib_a-int_errno.o)
 .text          0x008026e4      0x194 c:/altera/12.1sp1/nios2eds/bin/gnu/h-i686-mingw32/bin/../lib/gcc/nios2-elf/4.1.2/../../../../nios2-elf/lib\libc.a(lib_a-makebuf.o)
                0x008026e4                __smakebuf_r
 .text          0x00802878       0x98 c:/altera/12.1sp1/nios2eds/bin/gnu/h-i686-mingw32/bin/../lib/gcc/nios2-elf/4.1.2/../../../../nios2-elf/lib\libc.a(lib_a-memset.o)
                0x00802878                memset
 .text          0x00802910      0x14c c:/altera/12.1sp1/nios2eds/bin/gnu/h-i686-mingw32/bin/../lib/gcc/nios2-elf/4.1.2/../../../../nios2-elf/lib\libc.a(lib_a-stdio.o)
                0x00802910                __sclose
                0x00802918                __sseek
                0x00802980                __swrite
                0x008029fc                __sread
 .text          0x00802a5c       0x78 c:/altera/12.1sp1/nios2eds/bin/gnu/h-i686-mingw32/bin/../lib/gcc/nios2-elf/4.1.2/../../../../nios2-elf/lib\libc.a(lib_a-writer.o)
                0x00802a5c                _write_r
 .text          0x00802ad4       0x70 c:/altera/12.1sp1/nios2eds/bin/gnu/h-i686-mingw32/bin/../lib/gcc/nios2-elf/4.1.2/../../../../nios2-elf/lib\libc.a(lib_a-closer.o)
                0x00802ad4                _close_r
 .text          0x00802b44      0x124 c:/altera/12.1sp1/nios2eds/bin/gnu/h-i686-mingw32/bin/../lib/gcc/nios2-elf/4.1.2/../../../../nios2-elf/lib\libc.a(lib_a-fclose.o)
                0x00802b44                _fclose_r
                0x00802c54                fclose
 .text          0x00802c68       0x74 c:/altera/12.1sp1/nios2eds/bin/gnu/h-i686-mingw32/bin/../lib/gcc/nios2-elf/4.1.2/../../../../nios2-elf/lib\libc.a(lib_a-fstatr.o)
                0x00802c68                _fstat_r
 .text          0x00802cdc       0x70 c:/altera/12.1sp1/nios2eds/bin/gnu/h-i686-mingw32/bin/../lib/gcc/nios2-elf/4.1.2/../../../../nios2-elf/lib\libc.a(lib_a-isattyr.o)
                0x00802cdc                _isatty_r
 .text          0x00802d4c       0x78 c:/altera/12.1sp1/nios2eds/bin/gnu/h-i686-mingw32/bin/../lib/gcc/nios2-elf/4.1.2/../../../../nios2-elf/lib\libc.a(lib_a-lseekr.o)
                0x00802d4c                _lseek_r
 .text          0x00802dc4       0x78 c:/altera/12.1sp1/nios2eds/bin/gnu/h-i686-mingw32/bin/../lib/gcc/nios2-elf/4.1.2/../../../../nios2-elf/lib\libc.a(lib_a-readr.o)
                0x00802dc4                _read_r
 .text          0x00802e3c      0x15c ../Polyv5_bsp/\libucosii_bsp.a(alt_close.o)
                0x00802e3c                close
 .text          0x00802f98       0x2c ../Polyv5_bsp/\libucosii_bsp.a(alt_dev.o)
 .text          0x00802fc4        0x0 ../Polyv5_bsp/\libucosii_bsp.a(alt_errno.o)
 .text          0x00802fc4      0x134 ../Polyv5_bsp/\libucosii_bsp.a(alt_fstat.o)
                0x00802fc4                fstat
 .text          0x008030f8      0x120 ../Polyv5_bsp/\libucosii_bsp.a(alt_isatty.o)
                0x008030f8                isatty
 .text          0x00803218       0xec ../Polyv5_bsp/\libucosii_bsp.a(alt_load.o)
                0x00803218                alt_load
 .text          0x00803304      0x150 ../Polyv5_bsp/\libucosii_bsp.a(alt_lseek.o)
                0x00803304                lseek
 .text          0x00803454       0xc8 ../Polyv5_bsp/\libucosii_bsp.a(alt_main.o)
                0x00803454                alt_main
 .text          0x0080351c      0x180 ../Polyv5_bsp/\libucosii_bsp.a(alt_read.o)
                0x0080351c                read
 .text          0x0080369c       0x60 ../Polyv5_bsp/\libucosii_bsp.a(alt_release_fd.o)
                0x0080369c                alt_release_fd
 .text          0x008036fc       0xbc ../Polyv5_bsp/\libucosii_bsp.a(alt_sbrk.o)
                0x008036fc                sbrk
 .text          0x008037b8      0x180 ../Polyv5_bsp/\libucosii_bsp.a(alt_write.o)
                0x008037b8                write
 .text          0x00803938      0x108 ../Polyv5_bsp/\libucosii_bsp.a(alt_env_lock.o)
                0x00803938                __env_lock
                0x008039e4                __env_unlock
 .text          0x00803a40      0x1d8 ../Polyv5_bsp/\libucosii_bsp.a(alt_malloc_lock.o)
                0x00803a40                __malloc_lock
                0x00803b48                __malloc_unlock
 .text          0x00803c18     0x2128 ../Polyv5_bsp/\libucosii_bsp.a(os_core.o)
                0x00803c18                OSEventNameGet
                0x00803d48                OSEventNameSet
                0x00803e8c                OSEventPendMulti
                0x00804540                OSInit
                0x00804594                OSIntEnter
                0x00804610                OSIntExit
                0x00804710                OSSchedLock
                0x0080479c                OSSchedUnlock
                0x00804880                OSStart
                0x008048f0                OSStatInit
                0x0080499c                OSTimeTick
                0x00804bdc                OSVersion
                0x00804bfc                OS_Dummy
                0x00804c18                OS_EventTaskRdy
                0x00804dac                OS_EventTaskWait
                0x00804ebc                OS_EventTaskWaitMulti
                0x00805010                OS_EventTaskRemove
                0x008050c8                OS_EventTaskRemoveMulti
                0x008051cc                OS_EventWaitListInit
                0x00805598                OS_MemClr
                0x008055ec                OS_MemCopy
                0x00805658                OS_Sched
                0x0080579c                OS_StrCopy
                0x0080581c                OS_StrLen
                0x00805874                OS_TaskIdle
                0x008058d0                OS_TaskStat
                0x00805998                OS_TaskStatStkChk
                0x00805a60                OS_TCBInit
 .text          0x00805d40      0x18c ../Polyv5_bsp/\libucosii_bsp.a(os_dbg.o)
                0x00805d40                OSDebugInit
 .text          0x00805ecc     0x193c ../Polyv5_bsp/\libucosii_bsp.a(os_flag.o)
                0x00805ecc                OSFlagAccept
                0x00806200                OSFlagCreate
                0x0080633c                OSFlagDel
                0x008065e4                OSFlagNameGet
                0x00806728                OSFlagNameSet
                0x0080687c                OSFlagPend
                0x00806ec0                OSFlagPendGetFlagsRdy
                0x00806f28                OSFlagPost
                0x008072d0                OSFlagQuery
                0x00807568                OS_FlagInit
                0x0080775c                OS_FlagUnlink
 .text          0x00807808      0x808 ../Polyv5_bsp/\libucosii_bsp.a(os_mem.o)
                0x00807808                OSMemCreate
                0x00807a24                OSMemGet
                0x00807b28                OSMemNameGet
                0x00807c34                OSMemNameSet
                0x00807d54                OSMemPut
                0x00807e44                OSMemQuery
                0x00807f40                OS_MemInit
 .text          0x00808010     0x1334 ../Polyv5_bsp/\libucosii_bsp.a(os_q.o)
                0x00808010                OSQAccept
                0x00808164                OSQCreate
                0x00808378                OSQDel
                0x00808678                OSQFlush
                0x00808740                OSQPend
                0x00808a60                OSQPendAbort
                0x00808bdc                OSQPost
                0x00808d5c                OSQPostFront
                0x00808ee4                OSQPostOpt
                0x00809118                OSQQuery
                0x00809298                OS_QInit
 .text          0x00809344      0xbc8 ../Polyv5_bsp/\libucosii_bsp.a(os_sem.o)
                0x00809344                OSSemAccept
                0x00809404                OSSemCreate
                0x00809518                OSSemDel
                0x008097b8                OSSemPend
                0x00809a34                OSSemPendAbort
                0x00809bb0                OSSemPost
                0x00809cd8                OSSemQuery
                0x00809e08                OSSemSet
 .text          0x00809f0c     0x1a40 ../Polyv5_bsp/\libucosii_bsp.a(os_task.o)
                0x00809f0c                OSTaskChangePrio
                0x0080a480                OSTaskCreate
                0x0080a654                OSTaskCreateExt
                0x0080a854                OSTaskDel
                0x0080ac60                OSTaskDelReq
                0x0080add0                OSTaskNameGet
                0x0080af88                OSTaskNameSet
                0x0080b14c                OSTaskResume
                0x0080b364                OSTaskStkChk
                0x0080b560                OSTaskSuspend
                0x0080b78c                OSTaskQuery
                0x0080b8d0                OS_TaskStkClr
 .text          0x0080b94c      0x598 ../Polyv5_bsp/\libucosii_bsp.a(os_time.o)
                0x0080b94c                OSTimeDly
                0x0080ba98                OSTimeDlyHMSM
                0x0080bc0c                OSTimeDlyResume
                0x0080be1c                OSTimeGet
                0x0080be80                OSTimeSet
 .text          0x0080bee4       0xf8 ../Polyv5_bsp/\libucosii_bsp.a(alt_sys_init.o)
                0x0080bee4                alt_irq_init
                0x0080bf18                alt_sys_init
 .text          0x0080bfdc      0x560 ../Polyv5_bsp/\libucosii_bsp.a(altera_avalon_fifo_util.o)
                0x0080bfdc                altera_avalon_fifo_init
                0x0080c098                altera_avalon_fifo_read_status
                0x0080c0d4                altera_avalon_fifo_read_ienable
                0x0080c110                altera_avalon_fifo_read_almostfull
                0x0080c13c                altera_avalon_fifo_read_almostempty
                0x0080c168                altera_avalon_fifo_read_event
                0x0080c1a4                altera_avalon_fifo_read_level
                0x0080c1cc                altera_avalon_fifo_clear_event
                0x0080c234                altera_avalon_fifo_write_ienable
                0x0080c294                altera_avalon_fifo_write_almostfull
                0x0080c2f4                altera_avalon_fifo_write_almostempty
                0x0080c354                altera_avalon_fifo_write_fifo
                0x0080c3b8                altera_avalon_read_fifo
                0x0080c428                altera_avalon_fifo_read_fifo
                0x0080c480                altera_avalon_fifo_write_other_info
                0x0080c4e8                altera_avalon_fifo_read_other_info
                0x0080c514                altera_avalon_fifo_read_backpressure
 .text          0x0080c53c      0x148 ../Polyv5_bsp/\libucosii_bsp.a(altera_avalon_jtag_uart_fd.o)
                0x0080c53c                altera_avalon_jtag_uart_read_fd
                0x0080c594                altera_avalon_jtag_uart_write_fd
                0x0080c5ec                altera_avalon_jtag_uart_close_fd
                0x0080c634                altera_avalon_jtag_uart_ioctl_fd
 .text          0x0080c684      0x580 ../Polyv5_bsp/\libucosii_bsp.a(altera_avalon_jtag_uart_init.o)
                0x0080c684                altera_avalon_jtag_uart_init
                0x0080cb90                altera_avalon_jtag_uart_close
 .text          0x0080cc04       0xf4 ../Polyv5_bsp/\libucosii_bsp.a(altera_avalon_jtag_uart_ioctl.o)
                0x0080cc04                altera_avalon_jtag_uart_ioctl
 .text          0x0080ccf8      0x2c0 ../Polyv5_bsp/\libucosii_bsp.a(altera_avalon_jtag_uart_read.o)
                0x0080ccf8                altera_avalon_jtag_uart_read
 .text          0x0080cfb8      0x2dc ../Polyv5_bsp/\libucosii_bsp.a(altera_avalon_jtag_uart_write.o)
                0x0080cfb8                altera_avalon_jtag_uart_write
 .text          0x0080d294       0xfc ../Polyv5_bsp/\libucosii_bsp.a(altera_avalon_timer_sc.o)
                0x0080d308                alt_avalon_timer_sc_init
 .text          0x0080d390      0x80c ../Polyv5_bsp/\libucosii_bsp.a(altera_up_avalon_audio.o)
                0x0080d390                alt_up_audio_open_dev
                0x0080d3d0                alt_up_audio_enable_read_interrupt
                0x0080d41c                alt_up_audio_disable_read_interrupt
                0x0080d46c                alt_up_audio_enable_write_interrupt
                0x0080d4b8                alt_up_audio_disable_write_interrupt
                0x0080d508                alt_up_audio_read_interrupt_pending
                0x0080d544                alt_up_audio_write_interrupt_pending
                0x0080d580                alt_up_audio_reset_audio_core
                0x0080d608                alt_up_audio_read_fifo_avail
                0x0080d678                alt_up_audio_record_r
                0x0080d6e8                alt_up_audio_record_l
                0x0080d758                alt_up_audio_write_fifo_space
                0x0080d7cc                alt_up_audio_play_r
                0x0080d83c                alt_up_audio_play_l
                0x0080d8ac                alt_up_audio_read_fifo
                0x0080d9b0                alt_up_audio_write_fifo
                0x0080dadc                alt_up_audio_read_fifo_head
                0x0080db3c                alt_up_audio_write_fifo_head
 .text          0x0080db9c      0x788 ../Polyv5_bsp/\libucosii_bsp.a(altera_up_avalon_audio_and_video_config.o)
                0x0080db9c                alt_up_av_config_open_dev
                0x0080dc00                alt_up_av_config_write_data
                0x0080dc64                alt_up_av_config_read_data
                0x0080dcf0                alt_up_av_config_reset
                0x0080dd28                alt_up_av_config_enable_interrupt
                0x0080dd60                alt_up_av_config_disable_interrupt
                0x0080dd90                alt_up_av_config_read_acknowledge
                0x0080ddf8                alt_up_av_config_read_ready
                0x0080de30                alt_up_av_config_write_audio_cfg_register
                0x0080dedc                alt_up_av_config_read_video_cfg_register
                0x0080dfd4                alt_up_av_config_write_video_cfg_register
                0x0080e0cc                alt_up_av_config_read_DC2_cfg_register
                0x0080e130                alt_up_av_config_write_DC2_cfg_register
                0x0080e194                alt_up_av_config_read_D5M_cfg_register
                0x0080e1f8                alt_up_av_config_write_D5M_cfg_register
                0x0080e25c                alt_up_av_config_read_LTM_cfg_register
                0x0080e2c0                alt_up_av_config_write_LTM_cfg_register
 .text          0x0080e324      0x530 ../Polyv5_bsp/\libucosii_bsp.a(altera_up_avalon_character_lcd.o)
                0x0080e324                get_DDRAM_addr
                0x0080e3a0                alt_up_character_lcd_send_cmd
                0x0080e3d4                alt_up_character_lcd_init
                0x0080e408                alt_up_character_lcd_open_dev
                0x0080e448                alt_up_character_lcd_write
                0x0080e4c0                alt_up_character_lcd_string
                0x0080e538                alt_up_character_lcd_write_fd
                0x0080e584                alt_up_character_lcd_set_cursor_pos
                0x0080e5fc                alt_up_character_lcd_shift_cursor
                0x0080e6ac                alt_up_character_lcd_shift_display
                0x0080e75c                alt_up_character_lcd_erase_pos
                0x0080e7ec                alt_up_character_lcd_cursor_off
                0x0080e820                alt_up_character_lcd_cursor_blink_on
 .text          0x0080e854      0x154 ../Polyv5_bsp/\libucosii_bsp.a(alt_alarm_start.o)
                0x0080e854                alt_alarm_start
 .text          0x0080e9a8       0x44 ../Polyv5_bsp/\libucosii_bsp.a(alt_dcache_flush_all.o)
                0x0080e9a8                alt_dcache_flush_all
 .text          0x0080e9ec      0x114 ../Polyv5_bsp/\libucosii_bsp.a(alt_dev_llist_insert.o)
                0x0080e9ec                alt_dev_llist_insert
 .text          0x0080eb00       0x64 ../Polyv5_bsp/\libucosii_bsp.a(alt_do_ctors.o)
                0x0080eb00                _do_ctors
 .text          0x0080eb64       0x64 ../Polyv5_bsp/\libucosii_bsp.a(alt_do_dtors.o)
                0x0080eb64                _do_dtors
 .text          0x0080ebc8       0x94 ../Polyv5_bsp/\libucosii_bsp.a(alt_find_dev.o)
                0x0080ebc8                alt_find_dev
 .text          0x0080ec5c       0x30 ../Polyv5_bsp/\libucosii_bsp.a(alt_icache_flush_all.o)
                0x0080ec5c                alt_icache_flush_all
 .text          0x0080ec8c      0x13c ../Polyv5_bsp/\libucosii_bsp.a(alt_io_redirect.o)
                0x0080ed50                alt_io_redirect
 .text          0x0080edc8      0x1c0 ../Polyv5_bsp/\libucosii_bsp.a(alt_irq_register.o)
                0x0080edc8                alt_irq_register
 .text          0x0080ef88        0x0 ../Polyv5_bsp/\libucosii_bsp.a(alt_irq_vars.o)
 .text          0x0080ef88      0x2c4 ../Polyv5_bsp/\libucosii_bsp.a(alt_open.o)
                0x0080f064                open
 .text          0x0080f24c      0x1a8 ../Polyv5_bsp/\libucosii_bsp.a(alt_tick.o)
                0x0080f24c                alt_alarm_stop
                0x0080f2e4                alt_tick
 .text          0x0080f3f4       0x20 ../Polyv5_bsp/\libucosii_bsp.a(altera_nios2_qsys_irq.o)
                0x0080f3f4                altera_nios2_qsys_irq_init
 .text          0x0080f414       0xd0 ../Polyv5_bsp/\libucosii_bsp.a(os_cpu_a.o)
                0x0080f414                OSCtxSw
                0x0080f414                OSIntCtxSw
                0x0080f4a0                OSStartHighRdy
                0x0080f4c0                OSStartTsk
 .text          0x0080f4e4      0x418 ../Polyv5_bsp/\libucosii_bsp.a(os_cpu_c.o)
                0x0080f4e4                OSTaskStkInit
                0x0080f7f4                OSTaskCreateHook
                0x0080f814                OSTaskDelHook
                0x0080f834                OSTaskSwHook
                0x0080f850                OSTaskStatHook
                0x0080f86c                OSTimeTickHook
                0x0080f888                OSInitHookBegin
                0x0080f8a4                OSInitHookEnd
                0x0080f8c0                OSTaskIdleHook
                0x0080f8dc                OSTCBInitHook
 .text          0x0080f8fc      0x120 ../Polyv5_bsp/\libucosii_bsp.a(alt_find_file.o)
                0x0080f8fc                alt_find_file
 .text          0x0080fa1c       0xf4 ../Polyv5_bsp/\libucosii_bsp.a(alt_get_fd.o)
                0x0080fa1c                alt_get_fd
 .text          0x0080fb10       0x90 ../Polyv5_bsp/\libucosii_bsp.a(alt_icache_flush.o)
                0x0080fb10                alt_icache_flush
 .text          0x0080fba0        0x0 ../Polyv5_bsp/\libucosii_bsp.a(alt_irq_entry.o)
 .text          0x0080fba0        0x0 ../Polyv5_bsp/\libucosii_bsp.a(alt_irq_handler.o)
 .text          0x0080fba0        0x0 ../Polyv5_bsp/\libucosii_bsp.a(alt_exception_entry.o)
 .text          0x0080fba0       0x14 c:/altera/12.1sp1/nios2eds/bin/gnu/h-i686-mingw32/bin/../lib/gcc/nios2-elf/4.1.2/../../../../nios2-elf/lib\libc.a(lib_a-atexit.o)
                0x0080fba0                atexit
 .text          0x0080fbb4       0x38 c:/altera/12.1sp1/nios2eds/bin/gnu/h-i686-mingw32/bin/../lib/gcc/nios2-elf/4.1.2/../../../../nios2-elf/lib\libc.a(lib_a-exit.o)
                0x0080fbb4                exit
 .text          0x0080fbec       0x74 c:/altera/12.1sp1/nios2eds/bin/gnu/h-i686-mingw32/bin/../lib/gcc/nios2-elf/4.1.2/../../../../nios2-elf/lib\libc.a(lib_a-memcmp.o)
                0x0080fbec                memcmp
 .text          0x0080fc60      0x134 c:/altera/12.1sp1/nios2eds/bin/gnu/h-i686-mingw32/bin/../lib/gcc/nios2-elf/4.1.2/../../../../nios2-elf/lib\libc.a(lib_a-__atexit.o)
                0x0080fc60                __register_exitproc
 .text          0x0080fd94      0x1b4 c:/altera/12.1sp1/nios2eds/bin/gnu/h-i686-mingw32/bin/../lib/gcc/nios2-elf/4.1.2/../../../../nios2-elf/lib\libc.a(lib_a-__call_atexit.o)
                0x0080fd98                __call_exitprocs
 .text          0x0080ff48      0x14c c:/altera/12.1sp1/nios2eds/bin/gnu/h-i686-mingw32/bin/../lib/gcc/nios2-elf/4.1.2\libgcc.a(lib2-divmod.o)
                0x0080ffc4                __divsi3
                0x00810024                __modsi3
                0x00810084                __udivsi3
                0x0081008c                __umodsi3
 .text          0x00810094       0x6c ../Polyv5_bsp/\libucosii_bsp.a(alt_exit.o)
                0x008100d4                _exit
 *(.gnu.warning.*)
 *(.fini)
                0x00810100                PROVIDE (__etext, ABSOLUTE (.))
                0x00810100                PROVIDE (_etext, ABSOLUTE (.))
                0x00810100                PROVIDE (etext, ABSOLUTE (.))
 *(.eh_frame_hdr)
                0x00810100                . = ALIGN (0x4)
                0x00810100                PROVIDE (__preinit_array_start, ABSOLUTE (.))
 *(.preinit_array)
                0x00810100                PROVIDE (__preinit_array_end, ABSOLUTE (.))
                0x00810100                PROVIDE (__init_array_start, ABSOLUTE (.))
 *(.init_array)
                0x00810100                PROVIDE (__init_array_end, ABSOLUTE (.))
                0x00810100                PROVIDE (__fini_array_start, ABSOLUTE (.))
 *(.fini_array)
                0x00810100                PROVIDE (__fini_array_end, ABSOLUTE (.))
 *(.eh_frame)
 *(.gcc_except_table)
 *(.dynamic)
                0x00810100                PROVIDE (__CTOR_LIST__, ABSOLUTE (.))
 *(.ctors)
 *(SORT(.ctors.*))
 .ctors.65535   0x00810100        0x4 c:/altera/12.1sp1/nios2eds/bin/gnu/h-i686-mingw32/bin/../lib/gcc/nios2-elf/4.1.2/../../../../nios2-elf/lib\libc.a(lib_a-__call_atexit.o)
                0x00810104                PROVIDE (__CTOR_END__, ABSOLUTE (.))
                0x00810104                PROVIDE (__DTOR_LIST__, ABSOLUTE (.))
 *(.dtors)
 *(SORT(.dtors.*))
                0x00810104                PROVIDE (__DTOR_END__, ABSOLUTE (.))
 *(.jcr)
                0x00810104                . = ALIGN (0x4)

.rodata         0x00810104      0x25c
                0x00810104                PROVIDE (__ram_rodata_start, ABSOLUTE (.))
                0x00810104                . = ALIGN (0x4)
 *(.rodata .rodata.* .gnu.linkonce.r.*)
 .rodata        0x00810104       0xb4 obj/default/hello_ucosii.o
 .rodata.str1.4
                0x008101b8        0x2 c:/altera/12.1sp1/nios2eds/bin/gnu/h-i686-mingw32/bin/../lib/gcc/nios2-elf/4.1.2/../../../../nios2-elf/lib\libc.a(lib_a-puts.o)
                                  0x4 (size before relaxing)
 *fill*         0x008101ba        0x2 00
 .rodata.str1.4
                0x008101bc        0x4 c:/altera/12.1sp1/nios2eds/bin/gnu/h-i686-mingw32/bin/../lib/gcc/nios2-elf/4.1.2/../../../../nios2-elf/lib\libc.a(lib_a-impure.o)
 .rodata        0x008101c0        0xc ../Polyv5_bsp/\libucosii_bsp.a(alt_dev.o)
 .rodata        0x008101cc       0x14 ../Polyv5_bsp/\libucosii_bsp.a(alt_main.o)
 .rodata        0x008101e0      0x120 ../Polyv5_bsp/\libucosii_bsp.a(os_core.o)
                0x008101e0                OSUnMapTbl
 .rodata        0x00810300       0x5c ../Polyv5_bsp/\libucosii_bsp.a(alt_sys_init.o)
 .rodata        0x0081035c        0x4 ../Polyv5_bsp/\libucosii_bsp.a(os_cpu_c.o)
 *(.rodata1)
                0x00810360                . = ALIGN (0x4)
                0x00810360                PROVIDE (__ram_rodata_end, ABSOLUTE (.))
                0x00810104                PROVIDE (__flash_rodata_start, LOADADDR (.rodata))

.rwdata         0x00810360     0x1b5c load address 0x00811ebc
                0x00810360                PROVIDE (__ram_rwdata_start, ABSOLUTE (.))
                0x00810360                . = ALIGN (0x4)
 *(.got.plt)
 *(.got)
 *(.data1)
 *(.data .data.* .gnu.linkonce.d.*)
 .data          0x00810360        0x0 ../Polyv5_bsp//obj/HAL/src/crt0.o
 .data          0x00810360        0x0 obj/default/hello_ucosii.o
 .data          0x00810360        0x0 c:/altera/12.1sp1/nios2eds/bin/gnu/h-i686-mingw32/bin/../lib/gcc/nios2-elf/4.1.2/../../../../nios2-elf/lib\libc.a(lib_a-puts.o)
 .data          0x00810360        0x0 c:/altera/12.1sp1/nios2eds/bin/gnu/h-i686-mingw32/bin/../lib/gcc/nios2-elf/4.1.2/../../../../nios2-elf/lib\libc.a(lib_a-strlen.o)
 .data          0x00810360        0x0 c:/altera/12.1sp1/nios2eds/bin/gnu/h-i686-mingw32/bin/../lib/gcc/nios2-elf/4.1.2/../../../../nios2-elf/lib\libc.a(lib_a-fvwrite.o)
 .data          0x00810360      0x400 c:/altera/12.1sp1/nios2eds/bin/gnu/h-i686-mingw32/bin/../lib/gcc/nios2-elf/4.1.2/../../../../nios2-elf/lib\libc.a(lib_a-impure.o)
 .data          0x00810760      0x408 c:/altera/12.1sp1/nios2eds/bin/gnu/h-i686-mingw32/bin/../lib/gcc/nios2-elf/4.1.2/../../../../nios2-elf/lib\libc.a(lib_a-mallocr.o)
                0x00810760                __malloc_av_
 .data          0x00810b68        0x0 c:/altera/12.1sp1/nios2eds/bin/gnu/h-i686-mingw32/bin/../lib/gcc/nios2-elf/4.1.2/../../../../nios2-elf/lib\libc.a(lib_a-memchr.o)
 .data          0x00810b68        0x0 c:/altera/12.1sp1/nios2eds/bin/gnu/h-i686-mingw32/bin/../lib/gcc/nios2-elf/4.1.2/../../../../nios2-elf/lib\libc.a(lib_a-memcpy.o)
 .data          0x00810b68        0x0 c:/altera/12.1sp1/nios2eds/bin/gnu/h-i686-mingw32/bin/../lib/gcc/nios2-elf/4.1.2/../../../../nios2-elf/lib\libc.a(lib_a-memmove.o)
 .data          0x00810b68        0x0 c:/altera/12.1sp1/nios2eds/bin/gnu/h-i686-mingw32/bin/../lib/gcc/nios2-elf/4.1.2/../../../../nios2-elf/lib\libc.a(lib_a-reallocr.o)
 .data          0x00810b68        0x0 c:/altera/12.1sp1/nios2eds/bin/gnu/h-i686-mingw32/bin/../lib/gcc/nios2-elf/4.1.2/../../../../nios2-elf/lib\libc.a(lib_a-sbrkr.o)
 .data          0x00810b68        0x0 c:/altera/12.1sp1/nios2eds/bin/gnu/h-i686-mingw32/bin/../lib/gcc/nios2-elf/4.1.2/../../../../nios2-elf/lib\libc.a(lib_a-wsetup.o)
 .data          0x00810b68        0x0 c:/altera/12.1sp1/nios2eds/bin/gnu/h-i686-mingw32/bin/../lib/gcc/nios2-elf/4.1.2/../../../../nios2-elf/lib\libc.a(lib_a-fflush.o)
 .data          0x00810b68        0x0 c:/altera/12.1sp1/nios2eds/bin/gnu/h-i686-mingw32/bin/../lib/gcc/nios2-elf/4.1.2/../../../../nios2-elf/lib\libc.a(lib_a-findfp.o)
 .data          0x00810b68        0x0 c:/altera/12.1sp1/nios2eds/bin/gnu/h-i686-mingw32/bin/../lib/gcc/nios2-elf/4.1.2/../../../../nios2-elf/lib\libc.a(lib_a-freer.o)
 .data          0x00810b68        0x0 c:/altera/12.1sp1/nios2eds/bin/gnu/h-i686-mingw32/bin/../lib/gcc/nios2-elf/4.1.2/../../../../nios2-elf/lib\libc.a(lib_a-fwalk.o)
 .data          0x00810b68        0x0 c:/altera/12.1sp1/nios2eds/bin/gnu/h-i686-mingw32/bin/../lib/gcc/nios2-elf/4.1.2/../../../../nios2-elf/lib\libc.a(lib_a-int_errno.o)
 .data          0x00810b68        0x0 c:/altera/12.1sp1/nios2eds/bin/gnu/h-i686-mingw32/bin/../lib/gcc/nios2-elf/4.1.2/../../../../nios2-elf/lib\libc.a(lib_a-makebuf.o)
 .data          0x00810b68        0x0 c:/altera/12.1sp1/nios2eds/bin/gnu/h-i686-mingw32/bin/../lib/gcc/nios2-elf/4.1.2/../../../../nios2-elf/lib\libc.a(lib_a-memset.o)
 .data          0x00810b68        0x0 c:/altera/12.1sp1/nios2eds/bin/gnu/h-i686-mingw32/bin/../lib/gcc/nios2-elf/4.1.2/../../../../nios2-elf/lib\libc.a(lib_a-stdio.o)
 .data          0x00810b68        0x0 c:/altera/12.1sp1/nios2eds/bin/gnu/h-i686-mingw32/bin/../lib/gcc/nios2-elf/4.1.2/../../../../nios2-elf/lib\libc.a(lib_a-writer.o)
 .data          0x00810b68        0x0 c:/altera/12.1sp1/nios2eds/bin/gnu/h-i686-mingw32/bin/../lib/gcc/nios2-elf/4.1.2/../../../../nios2-elf/lib\libc.a(lib_a-closer.o)
 .data          0x00810b68        0x0 c:/altera/12.1sp1/nios2eds/bin/gnu/h-i686-mingw32/bin/../lib/gcc/nios2-elf/4.1.2/../../../../nios2-elf/lib\libc.a(lib_a-fclose.o)
 .data          0x00810b68        0x0 c:/altera/12.1sp1/nios2eds/bin/gnu/h-i686-mingw32/bin/../lib/gcc/nios2-elf/4.1.2/../../../../nios2-elf/lib\libc.a(lib_a-fstatr.o)
 .data          0x00810b68        0x0 c:/altera/12.1sp1/nios2eds/bin/gnu/h-i686-mingw32/bin/../lib/gcc/nios2-elf/4.1.2/../../../../nios2-elf/lib\libc.a(lib_a-isattyr.o)
 .data          0x00810b68        0x0 c:/altera/12.1sp1/nios2eds/bin/gnu/h-i686-mingw32/bin/../lib/gcc/nios2-elf/4.1.2/../../../../nios2-elf/lib\libc.a(lib_a-lseekr.o)
 .data          0x00810b68        0x0 c:/altera/12.1sp1/nios2eds/bin/gnu/h-i686-mingw32/bin/../lib/gcc/nios2-elf/4.1.2/../../../../nios2-elf/lib\libc.a(lib_a-readr.o)
 .data          0x00810b68        0x0 ../Polyv5_bsp/\libucosii_bsp.a(alt_close.o)
 .data          0x00810b68      0x1a8 ../Polyv5_bsp/\libucosii_bsp.a(alt_dev.o)
                0x00810b68                alt_dev_null
                0x00810b90                alt_fd_list
 .data          0x00810d10        0x0 ../Polyv5_bsp/\libucosii_bsp.a(alt_errno.o)
 .data          0x00810d10        0x0 ../Polyv5_bsp/\libucosii_bsp.a(alt_fstat.o)
 .data          0x00810d10        0x0 ../Polyv5_bsp/\libucosii_bsp.a(alt_isatty.o)
 .data          0x00810d10        0x0 ../Polyv5_bsp/\libucosii_bsp.a(alt_load.o)
 .data          0x00810d10        0x0 ../Polyv5_bsp/\libucosii_bsp.a(alt_lseek.o)
 .data          0x00810d10        0x0 ../Polyv5_bsp/\libucosii_bsp.a(alt_main.o)
 .data          0x00810d10        0x0 ../Polyv5_bsp/\libucosii_bsp.a(alt_read.o)
 .data          0x00810d10        0x0 ../Polyv5_bsp/\libucosii_bsp.a(alt_release_fd.o)
 .data          0x00810d10        0x0 ../Polyv5_bsp/\libucosii_bsp.a(alt_sbrk.o)
 .data          0x00810d10        0x0 ../Polyv5_bsp/\libucosii_bsp.a(alt_write.o)
 .data          0x00810d10        0x0 ../Polyv5_bsp/\libucosii_bsp.a(alt_env_lock.o)
 .data          0x00810d10        0x0 ../Polyv5_bsp/\libucosii_bsp.a(alt_malloc_lock.o)
 .data          0x00810d10        0x0 ../Polyv5_bsp/\libucosii_bsp.a(os_core.o)
 .data          0x00810d10        0x0 ../Polyv5_bsp/\libucosii_bsp.a(os_dbg.o)
 .data          0x00810d10        0x0 ../Polyv5_bsp/\libucosii_bsp.a(os_flag.o)
 .data          0x00810d10        0x0 ../Polyv5_bsp/\libucosii_bsp.a(os_mem.o)
 .data          0x00810d10        0x0 ../Polyv5_bsp/\libucosii_bsp.a(os_q.o)
 .data          0x00810d10        0x0 ../Polyv5_bsp/\libucosii_bsp.a(os_sem.o)
 .data          0x00810d10        0x0 ../Polyv5_bsp/\libucosii_bsp.a(os_task.o)
 .data          0x00810d10        0x0 ../Polyv5_bsp/\libucosii_bsp.a(os_time.o)
 .data          0x00810d10     0x10f8 ../Polyv5_bsp/\libucosii_bsp.a(alt_sys_init.o)
 .data          0x00811e08        0x0 ../Polyv5_bsp/\libucosii_bsp.a(altera_avalon_fifo_util.o)
 .data          0x00811e08        0x0 ../Polyv5_bsp/\libucosii_bsp.a(altera_avalon_jtag_uart_fd.o)
 .data          0x00811e08        0x0 ../Polyv5_bsp/\libucosii_bsp.a(altera_avalon_jtag_uart_init.o)
 .data          0x00811e08        0x0 ../Polyv5_bsp/\libucosii_bsp.a(altera_avalon_jtag_uart_ioctl.o)
 .data          0x00811e08        0x0 ../Polyv5_bsp/\libucosii_bsp.a(altera_avalon_jtag_uart_read.o)
 .data          0x00811e08        0x0 ../Polyv5_bsp/\libucosii_bsp.a(altera_avalon_jtag_uart_write.o)
 .data          0x00811e08        0x0 ../Polyv5_bsp/\libucosii_bsp.a(altera_avalon_timer_sc.o)
 .data          0x00811e08        0x0 ../Polyv5_bsp/\libucosii_bsp.a(altera_up_avalon_audio.o)
 .data          0x00811e08        0x0 ../Polyv5_bsp/\libucosii_bsp.a(altera_up_avalon_audio_and_video_config.o)
 .data          0x00811e08        0x0 ../Polyv5_bsp/\libucosii_bsp.a(altera_up_avalon_character_lcd.o)
 .data          0x00811e08        0x0 ../Polyv5_bsp/\libucosii_bsp.a(alt_alarm_start.o)
 .data          0x00811e08        0x0 ../Polyv5_bsp/\libucosii_bsp.a(alt_dcache_flush_all.o)
 .data          0x00811e08        0x0 ../Polyv5_bsp/\libucosii_bsp.a(alt_dev_llist_insert.o)
 .data          0x00811e08        0x0 ../Polyv5_bsp/\libucosii_bsp.a(alt_do_ctors.o)
 .data          0x00811e08        0x0 ../Polyv5_bsp/\libucosii_bsp.a(alt_do_dtors.o)
 .data          0x00811e08        0x0 ../Polyv5_bsp/\libucosii_bsp.a(alt_find_dev.o)
 .data          0x00811e08        0x0 ../Polyv5_bsp/\libucosii_bsp.a(alt_icache_flush_all.o)
 .data          0x00811e08        0x0 ../Polyv5_bsp/\libucosii_bsp.a(alt_io_redirect.o)
 .data          0x00811e08        0x0 ../Polyv5_bsp/\libucosii_bsp.a(alt_irq_register.o)
 .data          0x00811e08        0x0 ../Polyv5_bsp/\libucosii_bsp.a(alt_irq_vars.o)
 .data          0x00811e08        0x0 ../Polyv5_bsp/\libucosii_bsp.a(alt_open.o)
 .data          0x00811e08        0x0 ../Polyv5_bsp/\libucosii_bsp.a(alt_tick.o)
 .data          0x00811e08        0x0 ../Polyv5_bsp/\libucosii_bsp.a(altera_nios2_qsys_irq.o)
 .data          0x00811e08        0x0 ../Polyv5_bsp/\libucosii_bsp.a(os_cpu_a.o)
 .data          0x00811e08        0x0 ../Polyv5_bsp/\libucosii_bsp.a(os_cpu_c.o)
 .data          0x00811e08        0x0 ../Polyv5_bsp/\libucosii_bsp.a(alt_find_file.o)
 .data          0x00811e08        0x0 ../Polyv5_bsp/\libucosii_bsp.a(alt_get_fd.o)
 .data          0x00811e08        0x0 ../Polyv5_bsp/\libucosii_bsp.a(alt_icache_flush.o)
 .data          0x00811e08        0x0 ../Polyv5_bsp/\libucosii_bsp.a(alt_irq_entry.o)
 .data          0x00811e08        0x0 ../Polyv5_bsp/\libucosii_bsp.a(alt_irq_handler.o)
 .data          0x00811e08        0x0 ../Polyv5_bsp/\libucosii_bsp.a(alt_exception_entry.o)
 .data          0x00811e08        0x0 c:/altera/12.1sp1/nios2eds/bin/gnu/h-i686-mingw32/bin/../lib/gcc/nios2-elf/4.1.2/../../../../nios2-elf/lib\libc.a(lib_a-atexit.o)
 .data          0x00811e08        0x0 c:/altera/12.1sp1/nios2eds/bin/gnu/h-i686-mingw32/bin/../lib/gcc/nios2-elf/4.1.2/../../../../nios2-elf/lib\libc.a(lib_a-exit.o)
 .data          0x00811e08        0x0 c:/altera/12.1sp1/nios2eds/bin/gnu/h-i686-mingw32/bin/../lib/gcc/nios2-elf/4.1.2/../../../../nios2-elf/lib\libc.a(lib_a-memcmp.o)
 .data          0x00811e08        0x0 c:/altera/12.1sp1/nios2eds/bin/gnu/h-i686-mingw32/bin/../lib/gcc/nios2-elf/4.1.2/../../../../nios2-elf/lib\libc.a(lib_a-__atexit.o)
 .data          0x00811e08        0x0 c:/altera/12.1sp1/nios2eds/bin/gnu/h-i686-mingw32/bin/../lib/gcc/nios2-elf/4.1.2/../../../../nios2-elf/lib\libc.a(lib_a-__call_atexit.o)
 .data          0x00811e08        0x0 c:/altera/12.1sp1/nios2eds/bin/gnu/h-i686-mingw32/bin/../lib/gcc/nios2-elf/4.1.2\libgcc.a(lib2-divmod.o)
 .data          0x00811e08        0x0 ../Polyv5_bsp/\libucosii_bsp.a(alt_exit.o)
                0x00819e08                _gp = ABSOLUTE ((. + 0x8000))
                0x00819e08                PROVIDE (gp, _gp)
 *(.rwdata .rwdata.*)
 *(.sdata .sdata.* .gnu.linkonce.s.*)
 .sdata         0x00811e08        0x8 c:/altera/12.1sp1/nios2eds/bin/gnu/h-i686-mingw32/bin/../lib/gcc/nios2-elf/4.1.2/../../../../nios2-elf/lib\libc.a(lib_a-impure.o)
                0x00811e08                _impure_ptr
                0x00811e0c                _global_impure_ptr
 .sdata         0x00811e10        0x8 c:/altera/12.1sp1/nios2eds/bin/gnu/h-i686-mingw32/bin/../lib/gcc/nios2-elf/4.1.2/../../../../nios2-elf/lib\libc.a(lib_a-mallocr.o)
                0x00811e10                __malloc_trim_threshold
                0x00811e14                __malloc_sbrk_base
 .sdata         0x00811e18       0x14 ../Polyv5_bsp/\libucosii_bsp.a(alt_dev.o)
                0x00811e18                alt_fs_list
                0x00811e20                alt_dev_list
                0x00811e28                alt_max_fd
 .sdata         0x00811e2c        0x4 ../Polyv5_bsp/\libucosii_bsp.a(alt_errno.o)
                0x00811e2c                alt_errno
 .sdata         0x00811e30        0x4 ../Polyv5_bsp/\libucosii_bsp.a(alt_sbrk.o)
 .sdata         0x00811e34        0x4 ../Polyv5_bsp/\libucosii_bsp.a(alt_env_lock.o)
 .sdata         0x00811e38        0x4 ../Polyv5_bsp/\libucosii_bsp.a(alt_malloc_lock.o)
 .sdata         0x00811e3c       0x74 ../Polyv5_bsp/\libucosii_bsp.a(os_dbg.o)
                0x00811e3c                OSDebugEn
                0x00811e40                OSEndiannessTest
                0x00811e44                OSEventEn
                0x00811e46                OSEventMax
                0x00811e48                OSEventNameSize
                0x00811e4a                OSEventSize
                0x00811e4c                OSEventTblSize
                0x00811e4e                OSEventMultiEn
                0x00811e50                OSFlagEn
                0x00811e52                OSFlagGrpSize
                0x00811e54                OSFlagNodeSize
                0x00811e56                OSFlagWidth
                0x00811e58                OSFlagMax
                0x00811e5a                OSFlagNameSize
                0x00811e5c                OSLowestPrio
                0x00811e5e                OSMboxEn
                0x00811e60                OSMemEn
                0x00811e62                OSMemMax
                0x00811e64                OSMemNameSize
                0x00811e66                OSMemSize
                0x00811e68                OSMemTblSize
                0x00811e6a                OSMutexEn
                0x00811e6c                OSPtrSize
                0x00811e6e                OSQEn
                0x00811e70                OSQMax
                0x00811e72                OSQSize
                0x00811e74                OSRdyTblSize
                0x00811e76                OSSemEn
                0x00811e78                OSStkWidth
                0x00811e7a                OSTaskCreateEn
                0x00811e7c                OSTaskCreateExtEn
                0x00811e7e                OSTaskDelEn
                0x00811e80                OSTaskIdleStkSize
                0x00811e82                OSTaskProfileEn
                0x00811e84                OSTaskMax
                0x00811e86                OSTaskNameSize
                0x00811e88                OSTaskStatEn
                0x00811e8a                OSTaskStatStkSize
                0x00811e8c                OSTaskStatStkChkEn
                0x00811e8e                OSTaskSwHookEn
                0x00811e90                OSTCBPrioTblMax
                0x00811e92                OSTCBSize
                0x00811e94                OSTicksPerSec
                0x00811e96                OSTimeTickHookEn
                0x00811e98                OSVersionNbr
                0x00811e9a                OSTmrEn
                0x00811e9c                OSTmrCfgMax
                0x00811e9e                OSTmrCfgNameSize
                0x00811ea0                OSTmrCfgWheelSize
                0x00811ea2                OSTmrCfgTicksPerSec
                0x00811ea4                OSTmrSize
                0x00811ea6                OSTmrTblSize
                0x00811ea8                OSTmrWheelSize
                0x00811eaa                OSTmrWheelTblSize
                0x00811eac                OSDataSize
 .sdata         0x00811eb0        0x4 ../Polyv5_bsp/\libucosii_bsp.a(alt_irq_vars.o)
                0x00811eb0                alt_priority_mask
 .sdata         0x00811eb4        0x8 ../Polyv5_bsp/\libucosii_bsp.a(alt_tick.o)
                0x00811eb4                alt_alarm_list
 *(.sdata2 .sdata2.* .gnu.linkonce.s2.*)
                0x00811ebc                . = ALIGN (0x4)
                0x00811ebc                _edata = ABSOLUTE (.)
                0x00811ebc                PROVIDE (edata, ABSOLUTE (.))
                0x00811ebc                PROVIDE (__ram_rwdata_end, ABSOLUTE (.))
                0x00811ebc                PROVIDE (__flash_rwdata_start, LOADADDR (.rwdata))

.bss            0x00813a18     0x7568
                0x00813a18                __bss_start = ABSOLUTE (.)
                0x00813a18                PROVIDE (__sbss_start, ABSOLUTE (.))
                0x00813a18                PROVIDE (___sbss_start, ABSOLUTE (.))
 *(.dynsbss)
 *(.sbss .sbss.* .gnu.linkonce.sb.*)
 .sbss          0x00813a18        0xc c:/altera/12.1sp1/nios2eds/bin/gnu/h-i686-mingw32/bin/../lib/gcc/nios2-elf/4.1.2/../../../../nios2-elf/lib\libc.a(lib_a-mallocr.o)
                0x00813a18                __malloc_top_pad
                0x00813a1c                __malloc_max_sbrked_mem
                0x00813a20                __malloc_max_total_mem
 .sbss          0x00813a24        0x4 c:/altera/12.1sp1/nios2eds/bin/gnu/h-i686-mingw32/bin/../lib/gcc/nios2-elf/4.1.2/../../../../nios2-elf/lib\libc.a(lib_a-int_errno.o)
                0x00813a24                errno
 .sbss          0x00813a28        0x4 ../Polyv5_bsp/\libucosii_bsp.a(alt_dev.o)
                0x00813a28                alt_fd_list_lock
 .sbss          0x00813a2c        0xc ../Polyv5_bsp/\libucosii_bsp.a(alt_main.o)
                0x00813a2c                alt_argc
                0x00813a30                alt_argv
                0x00813a34                alt_envp
 .sbss          0x00813a38        0x8 ../Polyv5_bsp/\libucosii_bsp.a(alt_env_lock.o)
                0x00813a3c                alt_envsem
 .sbss          0x00813a40        0x8 ../Polyv5_bsp/\libucosii_bsp.a(alt_malloc_lock.o)
                0x00813a44                alt_heapsem
 .sbss          0x00813a48       0x50 ../Polyv5_bsp/\libucosii_bsp.a(os_core.o)
                0x00813a48                OSLockNesting
                0x00813a49                OSRunning
                0x00813a4c                OSIdleCtr
                0x00813a50                OSPrioHighRdy
                0x00813a51                OSPrioCur
                0x00813a54                OSTCBList
                0x00813a58                OSTickStepState
                0x00813a5c                OSCtxSwCtr
                0x00813a60                OSIdleCtrMax
                0x00813a64                OSTCBFreeList
                0x00813a68                OSCPUUsage
                0x00813a69                OSTaskCtr
                0x00813a6c                OSMemFreeList
                0x00813a70                OSTCBHighRdy
                0x00813a74                OSQFreeList
                0x00813a78                OSRdyGrp
                0x00813a79                OSRdyTbl
                0x00813a7c                OSEventFreeList
                0x00813a80                OSIntNesting
                0x00813a84                OSTCBCur
                0x00813a88                OSTime
                0x00813a8c                OSFlagFreeList
                0x00813a90                OSStatRdy
                0x00813a94                OSIdleCtrRun
 .sbss          0x00813a98        0x4 ../Polyv5_bsp/\libucosii_bsp.a(alt_irq_vars.o)
                0x00813a98                alt_irq_active
 .sbss          0x00813a9c        0x8 ../Polyv5_bsp/\libucosii_bsp.a(alt_tick.o)
                0x00813a9c                _alt_tick_rate
                0x00813aa0                _alt_nticks
 *(.sbss2 .sbss2.* .gnu.linkonce.sb2.*)
 *(.scommon)
                0x00813aa4                PROVIDE (__sbss_end, ABSOLUTE (.))
                0x00813aa4                PROVIDE (___sbss_end, ABSOLUTE (.))
 *(.dynbss)
 *(.bss .bss.* .gnu.linkonce.b.*)
 .bss           0x00813aa4        0x0 ../Polyv5_bsp//obj/HAL/src/crt0.o
 .bss           0x00813aa4        0x0 obj/default/hello_ucosii.o
 .bss           0x00813aa4        0x0 c:/altera/12.1sp1/nios2eds/bin/gnu/h-i686-mingw32/bin/../lib/gcc/nios2-elf/4.1.2/../../../../nios2-elf/lib\libc.a(lib_a-puts.o)
 .bss           0x00813aa4        0x0 c:/altera/12.1sp1/nios2eds/bin/gnu/h-i686-mingw32/bin/../lib/gcc/nios2-elf/4.1.2/../../../../nios2-elf/lib\libc.a(lib_a-strlen.o)
 .bss           0x00813aa4        0x0 c:/altera/12.1sp1/nios2eds/bin/gnu/h-i686-mingw32/bin/../lib/gcc/nios2-elf/4.1.2/../../../../nios2-elf/lib\libc.a(lib_a-fvwrite.o)
 .bss           0x00813aa4        0x0 c:/altera/12.1sp1/nios2eds/bin/gnu/h-i686-mingw32/bin/../lib/gcc/nios2-elf/4.1.2/../../../../nios2-elf/lib\libc.a(lib_a-impure.o)
 .bss           0x00813aa4       0x28 c:/altera/12.1sp1/nios2eds/bin/gnu/h-i686-mingw32/bin/../lib/gcc/nios2-elf/4.1.2/../../../../nios2-elf/lib\libc.a(lib_a-mallocr.o)
                0x00813aa4                __malloc_current_mallinfo
 .bss           0x00813acc        0x0 c:/altera/12.1sp1/nios2eds/bin/gnu/h-i686-mingw32/bin/../lib/gcc/nios2-elf/4.1.2/../../../../nios2-elf/lib\libc.a(lib_a-memchr.o)
 .bss           0x00813acc        0x0 c:/altera/12.1sp1/nios2eds/bin/gnu/h-i686-mingw32/bin/../lib/gcc/nios2-elf/4.1.2/../../../../nios2-elf/lib\libc.a(lib_a-memcpy.o)
 .bss           0x00813acc        0x0 c:/altera/12.1sp1/nios2eds/bin/gnu/h-i686-mingw32/bin/../lib/gcc/nios2-elf/4.1.2/../../../../nios2-elf/lib\libc.a(lib_a-memmove.o)
 .bss           0x00813acc        0x0 c:/altera/12.1sp1/nios2eds/bin/gnu/h-i686-mingw32/bin/../lib/gcc/nios2-elf/4.1.2/../../../../nios2-elf/lib\libc.a(lib_a-reallocr.o)
 .bss           0x00813acc        0x0 c:/altera/12.1sp1/nios2eds/bin/gnu/h-i686-mingw32/bin/../lib/gcc/nios2-elf/4.1.2/../../../../nios2-elf/lib\libc.a(lib_a-sbrkr.o)
 .bss           0x00813acc        0x0 c:/altera/12.1sp1/nios2eds/bin/gnu/h-i686-mingw32/bin/../lib/gcc/nios2-elf/4.1.2/../../../../nios2-elf/lib\libc.a(lib_a-wsetup.o)
 .bss           0x00813acc        0x0 c:/altera/12.1sp1/nios2eds/bin/gnu/h-i686-mingw32/bin/../lib/gcc/nios2-elf/4.1.2/../../../../nios2-elf/lib\libc.a(lib_a-fflush.o)
 .bss           0x00813acc        0x0 c:/altera/12.1sp1/nios2eds/bin/gnu/h-i686-mingw32/bin/../lib/gcc/nios2-elf/4.1.2/../../../../nios2-elf/lib\libc.a(lib_a-findfp.o)
 .bss           0x00813acc        0x0 c:/altera/12.1sp1/nios2eds/bin/gnu/h-i686-mingw32/bin/../lib/gcc/nios2-elf/4.1.2/../../../../nios2-elf/lib\libc.a(lib_a-freer.o)
 .bss           0x00813acc        0x0 c:/altera/12.1sp1/nios2eds/bin/gnu/h-i686-mingw32/bin/../lib/gcc/nios2-elf/4.1.2/../../../../nios2-elf/lib\libc.a(lib_a-fwalk.o)
 .bss           0x00813acc        0x0 c:/altera/12.1sp1/nios2eds/bin/gnu/h-i686-mingw32/bin/../lib/gcc/nios2-elf/4.1.2/../../../../nios2-elf/lib\libc.a(lib_a-int_errno.o)
 .bss           0x00813acc        0x0 c:/altera/12.1sp1/nios2eds/bin/gnu/h-i686-mingw32/bin/../lib/gcc/nios2-elf/4.1.2/../../../../nios2-elf/lib\libc.a(lib_a-makebuf.o)
 .bss           0x00813acc        0x0 c:/altera/12.1sp1/nios2eds/bin/gnu/h-i686-mingw32/bin/../lib/gcc/nios2-elf/4.1.2/../../../../nios2-elf/lib\libc.a(lib_a-memset.o)
 .bss           0x00813acc        0x0 c:/altera/12.1sp1/nios2eds/bin/gnu/h-i686-mingw32/bin/../lib/gcc/nios2-elf/4.1.2/../../../../nios2-elf/lib\libc.a(lib_a-stdio.o)
 .bss           0x00813acc        0x0 c:/altera/12.1sp1/nios2eds/bin/gnu/h-i686-mingw32/bin/../lib/gcc/nios2-elf/4.1.2/../../../../nios2-elf/lib\libc.a(lib_a-writer.o)
 .bss           0x00813acc        0x0 c:/altera/12.1sp1/nios2eds/bin/gnu/h-i686-mingw32/bin/../lib/gcc/nios2-elf/4.1.2/../../../../nios2-elf/lib\libc.a(lib_a-closer.o)
 .bss           0x00813acc        0x0 c:/altera/12.1sp1/nios2eds/bin/gnu/h-i686-mingw32/bin/../lib/gcc/nios2-elf/4.1.2/../../../../nios2-elf/lib\libc.a(lib_a-fclose.o)
 .bss           0x00813acc        0x0 c:/altera/12.1sp1/nios2eds/bin/gnu/h-i686-mingw32/bin/../lib/gcc/nios2-elf/4.1.2/../../../../nios2-elf/lib\libc.a(lib_a-fstatr.o)
 .bss           0x00813acc        0x0 c:/altera/12.1sp1/nios2eds/bin/gnu/h-i686-mingw32/bin/../lib/gcc/nios2-elf/4.1.2/../../../../nios2-elf/lib\libc.a(lib_a-isattyr.o)
 .bss           0x00813acc        0x0 c:/altera/12.1sp1/nios2eds/bin/gnu/h-i686-mingw32/bin/../lib/gcc/nios2-elf/4.1.2/../../../../nios2-elf/lib\libc.a(lib_a-lseekr.o)
 .bss           0x00813acc        0x0 c:/altera/12.1sp1/nios2eds/bin/gnu/h-i686-mingw32/bin/../lib/gcc/nios2-elf/4.1.2/../../../../nios2-elf/lib\libc.a(lib_a-readr.o)
 .bss           0x00813acc        0x0 ../Polyv5_bsp/\libucosii_bsp.a(alt_close.o)
 .bss           0x00813acc        0x0 ../Polyv5_bsp/\libucosii_bsp.a(alt_dev.o)
 .bss           0x00813acc        0x0 ../Polyv5_bsp/\libucosii_bsp.a(alt_errno.o)
 .bss           0x00813acc        0x0 ../Polyv5_bsp/\libucosii_bsp.a(alt_fstat.o)
 .bss           0x00813acc        0x0 ../Polyv5_bsp/\libucosii_bsp.a(alt_isatty.o)
 .bss           0x00813acc        0x0 ../Polyv5_bsp/\libucosii_bsp.a(alt_load.o)
 .bss           0x00813acc        0x0 ../Polyv5_bsp/\libucosii_bsp.a(alt_lseek.o)
 .bss           0x00813acc        0x0 ../Polyv5_bsp/\libucosii_bsp.a(alt_main.o)
 .bss           0x00813acc        0x0 ../Polyv5_bsp/\libucosii_bsp.a(alt_read.o)
 .bss           0x00813acc        0x0 ../Polyv5_bsp/\libucosii_bsp.a(alt_release_fd.o)
 .bss           0x00813acc        0x0 ../Polyv5_bsp/\libucosii_bsp.a(alt_sbrk.o)
 .bss           0x00813acc        0x0 ../Polyv5_bsp/\libucosii_bsp.a(alt_write.o)
 .bss           0x00813acc        0x0 ../Polyv5_bsp/\libucosii_bsp.a(alt_env_lock.o)
 .bss           0x00813acc        0x0 ../Polyv5_bsp/\libucosii_bsp.a(alt_malloc_lock.o)
 .bss           0x00813acc        0x0 ../Polyv5_bsp/\libucosii_bsp.a(os_core.o)
 .bss           0x00813acc        0x0 ../Polyv5_bsp/\libucosii_bsp.a(os_dbg.o)
 .bss           0x00813acc        0x0 ../Polyv5_bsp/\libucosii_bsp.a(os_flag.o)
 .bss           0x00813acc        0x0 ../Polyv5_bsp/\libucosii_bsp.a(os_mem.o)
 .bss           0x00813acc        0x0 ../Polyv5_bsp/\libucosii_bsp.a(os_q.o)
 .bss           0x00813acc        0x0 ../Polyv5_bsp/\libucosii_bsp.a(os_sem.o)
 .bss           0x00813acc        0x0 ../Polyv5_bsp/\libucosii_bsp.a(os_task.o)
 .bss           0x00813acc        0x0 ../Polyv5_bsp/\libucosii_bsp.a(os_time.o)
 .bss           0x00813acc        0x0 ../Polyv5_bsp/\libucosii_bsp.a(alt_sys_init.o)
 .bss           0x00813acc        0x0 ../Polyv5_bsp/\libucosii_bsp.a(altera_avalon_fifo_util.o)
 .bss           0x00813acc        0x0 ../Polyv5_bsp/\libucosii_bsp.a(altera_avalon_jtag_uart_fd.o)
 .bss           0x00813acc        0x0 ../Polyv5_bsp/\libucosii_bsp.a(altera_avalon_jtag_uart_init.o)
 .bss           0x00813acc        0x0 ../Polyv5_bsp/\libucosii_bsp.a(altera_avalon_jtag_uart_ioctl.o)
 .bss           0x00813acc        0x0 ../Polyv5_bsp/\libucosii_bsp.a(altera_avalon_jtag_uart_read.o)
 .bss           0x00813acc        0x0 ../Polyv5_bsp/\libucosii_bsp.a(altera_avalon_jtag_uart_write.o)
 .bss           0x00813acc        0x0 ../Polyv5_bsp/\libucosii_bsp.a(altera_avalon_timer_sc.o)
 .bss           0x00813acc        0x0 ../Polyv5_bsp/\libucosii_bsp.a(altera_up_avalon_audio.o)
 .bss           0x00813acc        0x0 ../Polyv5_bsp/\libucosii_bsp.a(altera_up_avalon_audio_and_video_config.o)
 .bss           0x00813acc        0x0 ../Polyv5_bsp/\libucosii_bsp.a(altera_up_avalon_character_lcd.o)
 .bss           0x00813acc        0x0 ../Polyv5_bsp/\libucosii_bsp.a(alt_alarm_start.o)
 .bss           0x00813acc        0x0 ../Polyv5_bsp/\libucosii_bsp.a(alt_dcache_flush_all.o)
 .bss           0x00813acc        0x0 ../Polyv5_bsp/\libucosii_bsp.a(alt_dev_llist_insert.o)
 .bss           0x00813acc        0x0 ../Polyv5_bsp/\libucosii_bsp.a(alt_do_ctors.o)
 .bss           0x00813acc        0x0 ../Polyv5_bsp/\libucosii_bsp.a(alt_do_dtors.o)
 .bss           0x00813acc        0x0 ../Polyv5_bsp/\libucosii_bsp.a(alt_find_dev.o)
 .bss           0x00813acc        0x0 ../Polyv5_bsp/\libucosii_bsp.a(alt_icache_flush_all.o)
 .bss           0x00813acc        0x0 ../Polyv5_bsp/\libucosii_bsp.a(alt_io_redirect.o)
 .bss           0x00813acc        0x0 ../Polyv5_bsp/\libucosii_bsp.a(alt_irq_register.o)
 .bss           0x00813acc        0x0 ../Polyv5_bsp/\libucosii_bsp.a(alt_irq_vars.o)
 .bss           0x00813acc        0x0 ../Polyv5_bsp/\libucosii_bsp.a(alt_open.o)
 .bss           0x00813acc        0x0 ../Polyv5_bsp/\libucosii_bsp.a(alt_tick.o)
 .bss           0x00813acc        0x0 ../Polyv5_bsp/\libucosii_bsp.a(altera_nios2_qsys_irq.o)
 .bss           0x00813acc        0x0 ../Polyv5_bsp/\libucosii_bsp.a(os_cpu_a.o)
 .bss           0x00813acc        0x0 ../Polyv5_bsp/\libucosii_bsp.a(os_cpu_c.o)
 .bss           0x00813acc        0x0 ../Polyv5_bsp/\libucosii_bsp.a(alt_find_file.o)
 .bss           0x00813acc        0x0 ../Polyv5_bsp/\libucosii_bsp.a(alt_get_fd.o)
 .bss           0x00813acc        0x0 ../Polyv5_bsp/\libucosii_bsp.a(alt_icache_flush.o)
 .bss           0x00813acc        0x0 ../Polyv5_bsp/\libucosii_bsp.a(alt_irq_entry.o)
 .bss           0x00813acc        0x0 ../Polyv5_bsp/\libucosii_bsp.a(alt_irq_handler.o)
 .bss           0x00813acc        0x0 ../Polyv5_bsp/\libucosii_bsp.a(alt_exception_entry.o)
 .bss           0x00813acc        0x0 c:/altera/12.1sp1/nios2eds/bin/gnu/h-i686-mingw32/bin/../lib/gcc/nios2-elf/4.1.2/../../../../nios2-elf/lib\libc.a(lib_a-atexit.o)
 .bss           0x00813acc        0x0 c:/altera/12.1sp1/nios2eds/bin/gnu/h-i686-mingw32/bin/../lib/gcc/nios2-elf/4.1.2/../../../../nios2-elf/lib\libc.a(lib_a-exit.o)
 .bss           0x00813acc        0x0 c:/altera/12.1sp1/nios2eds/bin/gnu/h-i686-mingw32/bin/../lib/gcc/nios2-elf/4.1.2/../../../../nios2-elf/lib\libc.a(lib_a-memcmp.o)
 .bss           0x00813acc        0x0 c:/altera/12.1sp1/nios2eds/bin/gnu/h-i686-mingw32/bin/../lib/gcc/nios2-elf/4.1.2/../../../../nios2-elf/lib\libc.a(lib_a-__atexit.o)
 .bss           0x00813acc        0x0 c:/altera/12.1sp1/nios2eds/bin/gnu/h-i686-mingw32/bin/../lib/gcc/nios2-elf/4.1.2/../../../../nios2-elf/lib\libc.a(lib_a-__call_atexit.o)
 .bss           0x00813acc        0x0 c:/altera/12.1sp1/nios2eds/bin/gnu/h-i686-mingw32/bin/../lib/gcc/nios2-elf/4.1.2\libgcc.a(lib2-divmod.o)
 .bss           0x00813acc        0x0 ../Polyv5_bsp/\libucosii_bsp.a(alt_exit.o)
 *(COMMON)
 COMMON         0x00813acc     0x4000 obj/default/hello_ucosii.o
                0x00813acc                task1_stk
                0x00815acc                task2_stk
 COMMON         0x00817acc     0x3224 ../Polyv5_bsp/\libucosii_bsp.a(os_core.o)
                0x00817acc                OSFlagTbl
                0x00817e3c                OSMemTbl
                0x00818a6c                OSTaskStatStk
                0x0081926c                OSQTbl
                0x0081944c                OSTaskIdleStk
                0x00819c4c                OSEventTbl
                0x0081a78c                OSTCBTbl
                0x0081ac9c                OSTCBPrioTbl
 COMMON         0x0081acf0      0x100 ../Polyv5_bsp/\libucosii_bsp.a(alt_irq_handler.o)
                0x0081acf0                alt_irq
 COMMON         0x0081adf0      0x190 c:/altera/12.1sp1/nios2eds/bin/gnu/h-i686-mingw32/bin/../lib/gcc/nios2-elf/4.1.2/../../../../nios2-elf/lib\libc.a(lib_a-atexit.o)
                0x0081adf0                _atexit0
                0x0081af80                . = ALIGN (0x4)
                0x0081af80                __bss_end = ABSOLUTE (.)

.sdram_0        0x0081af80        0x0
                0x0081af80                PROVIDE (_alt_partition_sdram_0_start, ABSOLUTE (.))
 *(.sdram_0. sdram_0.*)
                0x0081af80                . = ALIGN (0x4)
                0x0081af80                PROVIDE (_alt_partition_sdram_0_end, ABSOLUTE (.))
                0x0081af80                _end = ABSOLUTE (.)
                0x0081af80                end = ABSOLUTE (.)
                0x0081af80                __alt_stack_base = ABSOLUTE (.)
                0x0081af80                PROVIDE (_alt_partition_sdram_0_load_addr, LOADADDR (.sdram_0))

.sram_0         0x01080000        0x0 load address 0x0081af80
                0x01080000                PROVIDE (_alt_partition_sram_0_start, ABSOLUTE (.))
 *(.sram_0. sram_0.*)
                0x01080000                . = ALIGN (0x4)
                0x01080000                PROVIDE (_alt_partition_sram_0_end, ABSOLUTE (.))
                0x0081af80                PROVIDE (_alt_partition_sram_0_load_addr, LOADADDR (.sram_0))

.onchip_memory2_0
                0x011041c0        0x0 load address 0x0081af80
                0x011041c0                PROVIDE (_alt_partition_onchip_memory2_0_start, ABSOLUTE (.))
 *(.onchip_memory2_0. onchip_memory2_0.*)
                0x011041c0                . = ALIGN (0x4)
                0x011041c0                PROVIDE (_alt_partition_onchip_memory2_0_end, ABSOLUTE (.))
                0x0081af80                PROVIDE (_alt_partition_onchip_memory2_0_load_addr, LOADADDR (.onchip_memory2_0))

.stab
 *(.stab)

.stabstr
 *(.stabstr)

.stab.excl
 *(.stab.excl)

.stab.exclstr
 *(.stab.exclstr)

.stab.index
 *(.stab.index)

.stab.indexstr
 *(.stab.indexstr)

.comment        0x00000000       0x26
 *(.comment)
 .comment       0x00000000       0x26 obj/default/hello_ucosii.o
                                 0x27 (size before relaxing)
 .comment       0x00000000       0x27 c:/altera/12.1sp1/nios2eds/bin/gnu/h-i686-mingw32/bin/../lib/gcc/nios2-elf/4.1.2/../../../../nios2-elf/lib\libc.a(lib_a-puts.o)
 .comment       0x00000000       0x27 c:/altera/12.1sp1/nios2eds/bin/gnu/h-i686-mingw32/bin/../lib/gcc/nios2-elf/4.1.2/../../../../nios2-elf/lib\libc.a(lib_a-strlen.o)
 .comment       0x00000000       0x27 c:/altera/12.1sp1/nios2eds/bin/gnu/h-i686-mingw32/bin/../lib/gcc/nios2-elf/4.1.2/../../../../nios2-elf/lib\libc.a(lib_a-fvwrite.o)
 .comment       0x00000000       0x27 c:/altera/12.1sp1/nios2eds/bin/gnu/h-i686-mingw32/bin/../lib/gcc/nios2-elf/4.1.2/../../../../nios2-elf/lib\libc.a(lib_a-impure.o)
 .comment       0x00000000       0x27 c:/altera/12.1sp1/nios2eds/bin/gnu/h-i686-mingw32/bin/../lib/gcc/nios2-elf/4.1.2/../../../../nios2-elf/lib\libc.a(lib_a-mallocr.o)
 .comment       0x00000000       0x27 c:/altera/12.1sp1/nios2eds/bin/gnu/h-i686-mingw32/bin/../lib/gcc/nios2-elf/4.1.2/../../../../nios2-elf/lib\libc.a(lib_a-memchr.o)
 .comment       0x00000000       0x27 c:/altera/12.1sp1/nios2eds/bin/gnu/h-i686-mingw32/bin/../lib/gcc/nios2-elf/4.1.2/../../../../nios2-elf/lib\libc.a(lib_a-memcpy.o)
 .comment       0x00000000       0x27 c:/altera/12.1sp1/nios2eds/bin/gnu/h-i686-mingw32/bin/../lib/gcc/nios2-elf/4.1.2/../../../../nios2-elf/lib\libc.a(lib_a-memmove.o)
 .comment       0x00000000       0x27 c:/altera/12.1sp1/nios2eds/bin/gnu/h-i686-mingw32/bin/../lib/gcc/nios2-elf/4.1.2/../../../../nios2-elf/lib\libc.a(lib_a-reallocr.o)
 .comment       0x00000000       0x27 c:/altera/12.1sp1/nios2eds/bin/gnu/h-i686-mingw32/bin/../lib/gcc/nios2-elf/4.1.2/../../../../nios2-elf/lib\libc.a(lib_a-sbrkr.o)
 .comment       0x00000000       0x27 c:/altera/12.1sp1/nios2eds/bin/gnu/h-i686-mingw32/bin/../lib/gcc/nios2-elf/4.1.2/../../../../nios2-elf/lib\libc.a(lib_a-wsetup.o)
 .comment       0x00000000       0x27 c:/altera/12.1sp1/nios2eds/bin/gnu/h-i686-mingw32/bin/../lib/gcc/nios2-elf/4.1.2/../../../../nios2-elf/lib\libc.a(lib_a-fflush.o)
 .comment       0x00000000       0x27 c:/altera/12.1sp1/nios2eds/bin/gnu/h-i686-mingw32/bin/../lib/gcc/nios2-elf/4.1.2/../../../../nios2-elf/lib\libc.a(lib_a-findfp.o)
 .comment       0x00000000       0x27 c:/altera/12.1sp1/nios2eds/bin/gnu/h-i686-mingw32/bin/../lib/gcc/nios2-elf/4.1.2/../../../../nios2-elf/lib\libc.a(lib_a-freer.o)
 .comment       0x00000000       0x27 c:/altera/12.1sp1/nios2eds/bin/gnu/h-i686-mingw32/bin/../lib/gcc/nios2-elf/4.1.2/../../../../nios2-elf/lib\libc.a(lib_a-fwalk.o)
 .comment       0x00000000       0x27 c:/altera/12.1sp1/nios2eds/bin/gnu/h-i686-mingw32/bin/../lib/gcc/nios2-elf/4.1.2/../../../../nios2-elf/lib\libc.a(lib_a-int_errno.o)
 .comment       0x00000000       0x27 c:/altera/12.1sp1/nios2eds/bin/gnu/h-i686-mingw32/bin/../lib/gcc/nios2-elf/4.1.2/../../../../nios2-elf/lib\libc.a(lib_a-makebuf.o)
 .comment       0x00000000       0x27 c:/altera/12.1sp1/nios2eds/bin/gnu/h-i686-mingw32/bin/../lib/gcc/nios2-elf/4.1.2/../../../../nios2-elf/lib\libc.a(lib_a-memset.o)
 .comment       0x00000000       0x27 c:/altera/12.1sp1/nios2eds/bin/gnu/h-i686-mingw32/bin/../lib/gcc/nios2-elf/4.1.2/../../../../nios2-elf/lib\libc.a(lib_a-stdio.o)
 .comment       0x00000000       0x27 c:/altera/12.1sp1/nios2eds/bin/gnu/h-i686-mingw32/bin/../lib/gcc/nios2-elf/4.1.2/../../../../nios2-elf/lib\libc.a(lib_a-writer.o)
 .comment       0x00000000       0x27 c:/altera/12.1sp1/nios2eds/bin/gnu/h-i686-mingw32/bin/../lib/gcc/nios2-elf/4.1.2/../../../../nios2-elf/lib\libc.a(lib_a-closer.o)
 .comment       0x00000000       0x27 c:/altera/12.1sp1/nios2eds/bin/gnu/h-i686-mingw32/bin/../lib/gcc/nios2-elf/4.1.2/../../../../nios2-elf/lib\libc.a(lib_a-fclose.o)
 .comment       0x00000000       0x27 c:/altera/12.1sp1/nios2eds/bin/gnu/h-i686-mingw32/bin/../lib/gcc/nios2-elf/4.1.2/../../../../nios2-elf/lib\libc.a(lib_a-fstatr.o)
 .comment       0x00000000       0x27 c:/altera/12.1sp1/nios2eds/bin/gnu/h-i686-mingw32/bin/../lib/gcc/nios2-elf/4.1.2/../../../../nios2-elf/lib\libc.a(lib_a-isattyr.o)
 .comment       0x00000000       0x27 c:/altera/12.1sp1/nios2eds/bin/gnu/h-i686-mingw32/bin/../lib/gcc/nios2-elf/4.1.2/../../../../nios2-elf/lib\libc.a(lib_a-lseekr.o)
 .comment       0x00000000       0x27 c:/altera/12.1sp1/nios2eds/bin/gnu/h-i686-mingw32/bin/../lib/gcc/nios2-elf/4.1.2/../../../../nios2-elf/lib\libc.a(lib_a-readr.o)
 .comment       0x00000000       0x27 ../Polyv5_bsp/\libucosii_bsp.a(alt_close.o)
 .comment       0x00000000       0x27 ../Polyv5_bsp/\libucosii_bsp.a(alt_dev.o)
 .comment       0x00000000       0x27 ../Polyv5_bsp/\libucosii_bsp.a(alt_errno.o)
 .comment       0x00000000       0x27 ../Polyv5_bsp/\libucosii_bsp.a(alt_fstat.o)
 .comment       0x00000000       0x27 ../Polyv5_bsp/\libucosii_bsp.a(alt_isatty.o)
 .comment       0x00000000       0x27 ../Polyv5_bsp/\libucosii_bsp.a(alt_load.o)
 .comment       0x00000000       0x27 ../Polyv5_bsp/\libucosii_bsp.a(alt_lseek.o)
 .comment       0x00000000       0x27 ../Polyv5_bsp/\libucosii_bsp.a(alt_main.o)
 .comment       0x00000000       0x27 ../Polyv5_bsp/\libucosii_bsp.a(alt_read.o)
 .comment       0x00000000       0x27 ../Polyv5_bsp/\libucosii_bsp.a(alt_release_fd.o)
 .comment       0x00000000       0x27 ../Polyv5_bsp/\libucosii_bsp.a(alt_sbrk.o)
 .comment       0x00000000       0x27 ../Polyv5_bsp/\libucosii_bsp.a(alt_write.o)
 .comment       0x00000000       0x27 ../Polyv5_bsp/\libucosii_bsp.a(alt_env_lock.o)
 .comment       0x00000000       0x27 ../Polyv5_bsp/\libucosii_bsp.a(alt_malloc_lock.o)
 .comment       0x00000000       0x27 ../Polyv5_bsp/\libucosii_bsp.a(os_core.o)
 .comment       0x00000000       0x27 ../Polyv5_bsp/\libucosii_bsp.a(os_dbg.o)
 .comment       0x00000000       0x27 ../Polyv5_bsp/\libucosii_bsp.a(os_flag.o)
 .comment       0x00000000       0x27 ../Polyv5_bsp/\libucosii_bsp.a(os_mem.o)
 .comment       0x00000000       0x27 ../Polyv5_bsp/\libucosii_bsp.a(os_q.o)
 .comment       0x00000000       0x27 ../Polyv5_bsp/\libucosii_bsp.a(os_sem.o)
 .comment       0x00000000       0x27 ../Polyv5_bsp/\libucosii_bsp.a(os_task.o)
 .comment       0x00000000       0x27 ../Polyv5_bsp/\libucosii_bsp.a(os_time.o)
 .comment       0x00000000       0x27 ../Polyv5_bsp/\libucosii_bsp.a(alt_sys_init.o)
 .comment       0x00000000       0x27 ../Polyv5_bsp/\libucosii_bsp.a(altera_avalon_fifo_util.o)
 .comment       0x00000000       0x27 ../Polyv5_bsp/\libucosii_bsp.a(altera_avalon_jtag_uart_fd.o)
 .comment       0x00000000       0x27 ../Polyv5_bsp/\libucosii_bsp.a(altera_avalon_jtag_uart_init.o)
 .comment       0x00000000       0x27 ../Polyv5_bsp/\libucosii_bsp.a(altera_avalon_jtag_uart_ioctl.o)
 .comment       0x00000000       0x27 ../Polyv5_bsp/\libucosii_bsp.a(altera_avalon_jtag_uart_read.o)
 .comment       0x00000000       0x27 ../Polyv5_bsp/\libucosii_bsp.a(altera_avalon_jtag_uart_write.o)
 .comment       0x00000000       0x27 ../Polyv5_bsp/\libucosii_bsp.a(altera_avalon_timer_sc.o)
 .comment       0x00000000       0x27 ../Polyv5_bsp/\libucosii_bsp.a(altera_up_avalon_audio.o)
 .comment       0x00000000       0x27 ../Polyv5_bsp/\libucosii_bsp.a(altera_up_avalon_audio_and_video_config.o)
 .comment       0x00000000       0x27 ../Polyv5_bsp/\libucosii_bsp.a(altera_up_avalon_character_lcd.o)
 .comment       0x00000000       0x27 ../Polyv5_bsp/\libucosii_bsp.a(alt_alarm_start.o)
 .comment       0x00000000       0x27 ../Polyv5_bsp/\libucosii_bsp.a(alt_dcache_flush_all.o)
 .comment       0x00000000       0x27 ../Polyv5_bsp/\libucosii_bsp.a(alt_dev_llist_insert.o)
 .comment       0x00000000       0x27 ../Polyv5_bsp/\libucosii_bsp.a(alt_do_ctors.o)
 .comment       0x00000000       0x27 ../Polyv5_bsp/\libucosii_bsp.a(alt_do_dtors.o)
 .comment       0x00000000       0x27 ../Polyv5_bsp/\libucosii_bsp.a(alt_find_dev.o)
 .comment       0x00000000       0x27 ../Polyv5_bsp/\libucosii_bsp.a(alt_icache_flush_all.o)
 .comment       0x00000000       0x27 ../Polyv5_bsp/\libucosii_bsp.a(alt_io_redirect.o)
 .comment       0x00000000       0x27 ../Polyv5_bsp/\libucosii_bsp.a(alt_irq_register.o)
 .comment       0x00000000       0x27 ../Polyv5_bsp/\libucosii_bsp.a(alt_irq_vars.o)
 .comment       0x00000000       0x27 ../Polyv5_bsp/\libucosii_bsp.a(alt_open.o)
 .comment       0x00000000       0x27 ../Polyv5_bsp/\libucosii_bsp.a(alt_tick.o)
 .comment       0x00000000       0x27 ../Polyv5_bsp/\libucosii_bsp.a(altera_nios2_qsys_irq.o)
 .comment       0x00000000       0x27 ../Polyv5_bsp/\libucosii_bsp.a(os_cpu_c.o)
 .comment       0x00000000       0x27 ../Polyv5_bsp/\libucosii_bsp.a(alt_find_file.o)
 .comment       0x00000000       0x27 ../Polyv5_bsp/\libucosii_bsp.a(alt_get_fd.o)
 .comment       0x00000000       0x27 ../Polyv5_bsp/\libucosii_bsp.a(alt_icache_flush.o)
 .comment       0x00000000       0x27 ../Polyv5_bsp/\libucosii_bsp.a(alt_irq_handler.o)
 .comment       0x00000000       0x27 c:/altera/12.1sp1/nios2eds/bin/gnu/h-i686-mingw32/bin/../lib/gcc/nios2-elf/4.1.2/../../../../nios2-elf/lib\libc.a(lib_a-atexit.o)
 .comment       0x00000000       0x27 c:/altera/12.1sp1/nios2eds/bin/gnu/h-i686-mingw32/bin/../lib/gcc/nios2-elf/4.1.2/../../../../nios2-elf/lib\libc.a(lib_a-exit.o)
 .comment       0x00000000       0x27 c:/altera/12.1sp1/nios2eds/bin/gnu/h-i686-mingw32/bin/../lib/gcc/nios2-elf/4.1.2/../../../../nios2-elf/lib\libc.a(lib_a-memcmp.o)
 .comment       0x00000000       0x27 c:/altera/12.1sp1/nios2eds/bin/gnu/h-i686-mingw32/bin/../lib/gcc/nios2-elf/4.1.2/../../../../nios2-elf/lib\libc.a(lib_a-__atexit.o)
 .comment       0x00000000       0x27 c:/altera/12.1sp1/nios2eds/bin/gnu/h-i686-mingw32/bin/../lib/gcc/nios2-elf/4.1.2/../../../../nios2-elf/lib\libc.a(lib_a-__call_atexit.o)
 .comment       0x00000000       0x27 c:/altera/12.1sp1/nios2eds/bin/gnu/h-i686-mingw32/bin/../lib/gcc/nios2-elf/4.1.2\libgcc.a(lib2-divmod.o)
 .comment       0x00000000       0x27 ../Polyv5_bsp/\libucosii_bsp.a(alt_exit.o)

.debug
 *(.debug)

.line
 *(.line)

.debug_srcinfo
 *(.debug_srcinfo)

.debug_sfnames
 *(.debug_sfnames)

.debug_aranges  0x00000000      0xad8
 *(.debug_aranges)
 .debug_aranges
                0x00000000       0x28 ../Polyv5_bsp//obj/HAL/src/crt0.o
 .debug_aranges
                0x00000028       0x20 obj/default/hello_ucosii.o
 .debug_aranges
                0x00000048       0x20 c:/altera/12.1sp1/nios2eds/bin/gnu/h-i686-mingw32/bin/../lib/gcc/nios2-elf/4.1.2/../../../../nios2-elf/lib\libc.a(lib_a-puts.o)
 .debug_aranges
                0x00000068       0x20 c:/altera/12.1sp1/nios2eds/bin/gnu/h-i686-mingw32/bin/../lib/gcc/nios2-elf/4.1.2/../../../../nios2-elf/lib\libc.a(lib_a-strlen.o)
 .debug_aranges
                0x00000088       0x20 c:/altera/12.1sp1/nios2eds/bin/gnu/h-i686-mingw32/bin/../lib/gcc/nios2-elf/4.1.2/../../../../nios2-elf/lib\libc.a(lib_a-fvwrite.o)
 .debug_aranges
                0x000000a8       0x20 c:/altera/12.1sp1/nios2eds/bin/gnu/h-i686-mingw32/bin/../lib/gcc/nios2-elf/4.1.2/../../../../nios2-elf/lib\libc.a(lib_a-mallocr.o)
 .debug_aranges
                0x000000c8       0x20 c:/altera/12.1sp1/nios2eds/bin/gnu/h-i686-mingw32/bin/../lib/gcc/nios2-elf/4.1.2/../../../../nios2-elf/lib\libc.a(lib_a-memchr.o)
 .debug_aranges
                0x000000e8       0x20 c:/altera/12.1sp1/nios2eds/bin/gnu/h-i686-mingw32/bin/../lib/gcc/nios2-elf/4.1.2/../../../../nios2-elf/lib\libc.a(lib_a-memcpy.o)
 .debug_aranges
                0x00000108       0x20 c:/altera/12.1sp1/nios2eds/bin/gnu/h-i686-mingw32/bin/../lib/gcc/nios2-elf/4.1.2/../../../../nios2-elf/lib\libc.a(lib_a-memmove.o)
 .debug_aranges
                0x00000128       0x20 c:/altera/12.1sp1/nios2eds/bin/gnu/h-i686-mingw32/bin/../lib/gcc/nios2-elf/4.1.2/../../../../nios2-elf/lib\libc.a(lib_a-reallocr.o)
 .debug_aranges
                0x00000148       0x20 c:/altera/12.1sp1/nios2eds/bin/gnu/h-i686-mingw32/bin/../lib/gcc/nios2-elf/4.1.2/../../../../nios2-elf/lib\libc.a(lib_a-sbrkr.o)
 .debug_aranges
                0x00000168       0x20 c:/altera/12.1sp1/nios2eds/bin/gnu/h-i686-mingw32/bin/../lib/gcc/nios2-elf/4.1.2/../../../../nios2-elf/lib\libc.a(lib_a-wsetup.o)
 .debug_aranges
                0x00000188       0x20 c:/altera/12.1sp1/nios2eds/bin/gnu/h-i686-mingw32/bin/../lib/gcc/nios2-elf/4.1.2/../../../../nios2-elf/lib\libc.a(lib_a-fflush.o)
 .debug_aranges
                0x000001a8       0x20 c:/altera/12.1sp1/nios2eds/bin/gnu/h-i686-mingw32/bin/../lib/gcc/nios2-elf/4.1.2/../../../../nios2-elf/lib\libc.a(lib_a-findfp.o)
 .debug_aranges
                0x000001c8       0x20 c:/altera/12.1sp1/nios2eds/bin/gnu/h-i686-mingw32/bin/../lib/gcc/nios2-elf/4.1.2/../../../../nios2-elf/lib\libc.a(lib_a-freer.o)
 .debug_aranges
                0x000001e8       0x20 c:/altera/12.1sp1/nios2eds/bin/gnu/h-i686-mingw32/bin/../lib/gcc/nios2-elf/4.1.2/../../../../nios2-elf/lib\libc.a(lib_a-fwalk.o)
 .debug_aranges
                0x00000208       0x20 c:/altera/12.1sp1/nios2eds/bin/gnu/h-i686-mingw32/bin/../lib/gcc/nios2-elf/4.1.2/../../../../nios2-elf/lib\libc.a(lib_a-makebuf.o)
 .debug_aranges
                0x00000228       0x20 c:/altera/12.1sp1/nios2eds/bin/gnu/h-i686-mingw32/bin/../lib/gcc/nios2-elf/4.1.2/../../../../nios2-elf/lib\libc.a(lib_a-memset.o)
 .debug_aranges
                0x00000248       0x20 c:/altera/12.1sp1/nios2eds/bin/gnu/h-i686-mingw32/bin/../lib/gcc/nios2-elf/4.1.2/../../../../nios2-elf/lib\libc.a(lib_a-stdio.o)
 .debug_aranges
                0x00000268       0x20 c:/altera/12.1sp1/nios2eds/bin/gnu/h-i686-mingw32/bin/../lib/gcc/nios2-elf/4.1.2/../../../../nios2-elf/lib\libc.a(lib_a-writer.o)
 .debug_aranges
                0x00000288       0x20 c:/altera/12.1sp1/nios2eds/bin/gnu/h-i686-mingw32/bin/../lib/gcc/nios2-elf/4.1.2/../../../../nios2-elf/lib\libc.a(lib_a-closer.o)
 .debug_aranges
                0x000002a8       0x20 c:/altera/12.1sp1/nios2eds/bin/gnu/h-i686-mingw32/bin/../lib/gcc/nios2-elf/4.1.2/../../../../nios2-elf/lib\libc.a(lib_a-fclose.o)
 .debug_aranges
                0x000002c8       0x20 c:/altera/12.1sp1/nios2eds/bin/gnu/h-i686-mingw32/bin/../lib/gcc/nios2-elf/4.1.2/../../../../nios2-elf/lib\libc.a(lib_a-fstatr.o)
 .debug_aranges
                0x000002e8       0x20 c:/altera/12.1sp1/nios2eds/bin/gnu/h-i686-mingw32/bin/../lib/gcc/nios2-elf/4.1.2/../../../../nios2-elf/lib\libc.a(lib_a-isattyr.o)
 .debug_aranges
                0x00000308       0x20 c:/altera/12.1sp1/nios2eds/bin/gnu/h-i686-mingw32/bin/../lib/gcc/nios2-elf/4.1.2/../../../../nios2-elf/lib\libc.a(lib_a-lseekr.o)
 .debug_aranges
                0x00000328       0x20 c:/altera/12.1sp1/nios2eds/bin/gnu/h-i686-mingw32/bin/../lib/gcc/nios2-elf/4.1.2/../../../../nios2-elf/lib\libc.a(lib_a-readr.o)
 .debug_aranges
                0x00000348       0x20 ../Polyv5_bsp/\libucosii_bsp.a(alt_close.o)
 .debug_aranges
                0x00000368       0x20 ../Polyv5_bsp/\libucosii_bsp.a(alt_dev.o)
 .debug_aranges
                0x00000388       0x20 ../Polyv5_bsp/\libucosii_bsp.a(alt_fstat.o)
 .debug_aranges
                0x000003a8       0x20 ../Polyv5_bsp/\libucosii_bsp.a(alt_isatty.o)
 .debug_aranges
                0x000003c8       0x20 ../Polyv5_bsp/\libucosii_bsp.a(alt_load.o)
 .debug_aranges
                0x000003e8       0x20 ../Polyv5_bsp/\libucosii_bsp.a(alt_lseek.o)
 .debug_aranges
                0x00000408       0x20 ../Polyv5_bsp/\libucosii_bsp.a(alt_main.o)
 .debug_aranges
                0x00000428       0x20 ../Polyv5_bsp/\libucosii_bsp.a(alt_read.o)
 .debug_aranges
                0x00000448       0x20 ../Polyv5_bsp/\libucosii_bsp.a(alt_release_fd.o)
 .debug_aranges
                0x00000468       0x20 ../Polyv5_bsp/\libucosii_bsp.a(alt_sbrk.o)
 .debug_aranges
                0x00000488       0x20 ../Polyv5_bsp/\libucosii_bsp.a(alt_write.o)
 .debug_aranges
                0x000004a8       0x20 ../Polyv5_bsp/\libucosii_bsp.a(alt_env_lock.o)
 .debug_aranges
                0x000004c8       0x20 ../Polyv5_bsp/\libucosii_bsp.a(alt_malloc_lock.o)
 .debug_aranges
                0x000004e8       0x20 ../Polyv5_bsp/\libucosii_bsp.a(os_core.o)
 .debug_aranges
                0x00000508       0x20 ../Polyv5_bsp/\libucosii_bsp.a(os_dbg.o)
 .debug_aranges
                0x00000528       0x20 ../Polyv5_bsp/\libucosii_bsp.a(os_flag.o)
 .debug_aranges
                0x00000548       0x20 ../Polyv5_bsp/\libucosii_bsp.a(os_mem.o)
 .debug_aranges
                0x00000568       0x20 ../Polyv5_bsp/\libucosii_bsp.a(os_q.o)
 .debug_aranges
                0x00000588       0x20 ../Polyv5_bsp/\libucosii_bsp.a(os_sem.o)
 .debug_aranges
                0x000005a8       0x20 ../Polyv5_bsp/\libucosii_bsp.a(os_task.o)
 .debug_aranges
                0x000005c8       0x20 ../Polyv5_bsp/\libucosii_bsp.a(os_time.o)
 .debug_aranges
                0x000005e8       0x20 ../Polyv5_bsp/\libucosii_bsp.a(alt_sys_init.o)
 .debug_aranges
                0x00000608       0x20 ../Polyv5_bsp/\libucosii_bsp.a(altera_avalon_fifo_util.o)
 .debug_aranges
                0x00000628       0x20 ../Polyv5_bsp/\libucosii_bsp.a(altera_avalon_jtag_uart_fd.o)
 .debug_aranges
                0x00000648       0x20 ../Polyv5_bsp/\libucosii_bsp.a(altera_avalon_jtag_uart_init.o)
 .debug_aranges
                0x00000668       0x20 ../Polyv5_bsp/\libucosii_bsp.a(altera_avalon_jtag_uart_ioctl.o)
 .debug_aranges
                0x00000688       0x20 ../Polyv5_bsp/\libucosii_bsp.a(altera_avalon_jtag_uart_read.o)
 .debug_aranges
                0x000006a8       0x20 ../Polyv5_bsp/\libucosii_bsp.a(altera_avalon_jtag_uart_write.o)
 .debug_aranges
                0x000006c8       0x20 ../Polyv5_bsp/\libucosii_bsp.a(altera_avalon_timer_sc.o)
 .debug_aranges
                0x000006e8       0x20 ../Polyv5_bsp/\libucosii_bsp.a(altera_up_avalon_audio.o)
 .debug_aranges
                0x00000708       0x20 ../Polyv5_bsp/\libucosii_bsp.a(altera_up_avalon_audio_and_video_config.o)
 .debug_aranges
                0x00000728       0x20 ../Polyv5_bsp/\libucosii_bsp.a(altera_up_avalon_character_lcd.o)
 .debug_aranges
                0x00000748       0x20 ../Polyv5_bsp/\libucosii_bsp.a(alt_alarm_start.o)
 .debug_aranges
                0x00000768       0x20 ../Polyv5_bsp/\libucosii_bsp.a(alt_dcache_flush_all.o)
 .debug_aranges
                0x00000788       0x20 ../Polyv5_bsp/\libucosii_bsp.a(alt_dev_llist_insert.o)
 .debug_aranges
                0x000007a8       0x20 ../Polyv5_bsp/\libucosii_bsp.a(alt_do_ctors.o)
 .debug_aranges
                0x000007c8       0x20 ../Polyv5_bsp/\libucosii_bsp.a(alt_do_dtors.o)
 .debug_aranges
                0x000007e8       0x20 ../Polyv5_bsp/\libucosii_bsp.a(alt_find_dev.o)
 .debug_aranges
                0x00000808       0x20 ../Polyv5_bsp/\libucosii_bsp.a(alt_icache_flush_all.o)
 .debug_aranges
                0x00000828       0x20 ../Polyv5_bsp/\libucosii_bsp.a(alt_io_redirect.o)
 .debug_aranges
                0x00000848       0x20 ../Polyv5_bsp/\libucosii_bsp.a(alt_irq_register.o)
 .debug_aranges
                0x00000868       0x20 ../Polyv5_bsp/\libucosii_bsp.a(alt_open.o)
 .debug_aranges
                0x00000888       0x20 ../Polyv5_bsp/\libucosii_bsp.a(alt_tick.o)
 .debug_aranges
                0x000008a8       0x20 ../Polyv5_bsp/\libucosii_bsp.a(altera_nios2_qsys_irq.o)
 .debug_aranges
                0x000008c8       0x20 ../Polyv5_bsp/\libucosii_bsp.a(os_cpu_a.o)
 .debug_aranges
                0x000008e8       0x20 ../Polyv5_bsp/\libucosii_bsp.a(os_cpu_c.o)
 .debug_aranges
                0x00000908       0x20 ../Polyv5_bsp/\libucosii_bsp.a(alt_find_file.o)
 .debug_aranges
                0x00000928       0x20 ../Polyv5_bsp/\libucosii_bsp.a(alt_get_fd.o)
 .debug_aranges
                0x00000948       0x20 ../Polyv5_bsp/\libucosii_bsp.a(alt_icache_flush.o)
 .debug_aranges
                0x00000968       0x30 ../Polyv5_bsp/\libucosii_bsp.a(alt_irq_entry.o)
 .debug_aranges
                0x00000998       0x28 ../Polyv5_bsp/\libucosii_bsp.a(alt_irq_handler.o)
 .debug_aranges
                0x000009c0       0x38 ../Polyv5_bsp/\libucosii_bsp.a(alt_exception_entry.o)
 .debug_aranges
                0x000009f8       0x20 c:/altera/12.1sp1/nios2eds/bin/gnu/h-i686-mingw32/bin/../lib/gcc/nios2-elf/4.1.2/../../../../nios2-elf/lib\libc.a(lib_a-atexit.o)
 .debug_aranges
                0x00000a18       0x20 c:/altera/12.1sp1/nios2eds/bin/gnu/h-i686-mingw32/bin/../lib/gcc/nios2-elf/4.1.2/../../../../nios2-elf/lib\libc.a(lib_a-exit.o)
 .debug_aranges
                0x00000a38       0x20 c:/altera/12.1sp1/nios2eds/bin/gnu/h-i686-mingw32/bin/../lib/gcc/nios2-elf/4.1.2/../../../../nios2-elf/lib\libc.a(lib_a-memcmp.o)
 .debug_aranges
                0x00000a58       0x20 c:/altera/12.1sp1/nios2eds/bin/gnu/h-i686-mingw32/bin/../lib/gcc/nios2-elf/4.1.2/../../../../nios2-elf/lib\libc.a(lib_a-__atexit.o)
 .debug_aranges
                0x00000a78       0x20 c:/altera/12.1sp1/nios2eds/bin/gnu/h-i686-mingw32/bin/../lib/gcc/nios2-elf/4.1.2/../../../../nios2-elf/lib\libc.a(lib_a-__call_atexit.o)
 .debug_aranges
                0x00000a98       0x20 c:/altera/12.1sp1/nios2eds/bin/gnu/h-i686-mingw32/bin/../lib/gcc/nios2-elf/4.1.2\libgcc.a(lib2-divmod.o)
 .debug_aranges
                0x00000ab8       0x20 ../Polyv5_bsp/\libucosii_bsp.a(alt_exit.o)

.debug_pubnames
                0x00000000     0x235b
 *(.debug_pubnames)
 .debug_pubnames
                0x00000000       0x4b obj/default/hello_ucosii.o
 .debug_pubnames
                0x0000004b       0x27 c:/altera/12.1sp1/nios2eds/bin/gnu/h-i686-mingw32/bin/../lib/gcc/nios2-elf/4.1.2/../../../../nios2-elf/lib\libc.a(lib_a-puts.o)
 .debug_pubnames
                0x00000072       0x1d c:/altera/12.1sp1/nios2eds/bin/gnu/h-i686-mingw32/bin/../lib/gcc/nios2-elf/4.1.2/../../../../nios2-elf/lib\libc.a(lib_a-strlen.o)
 .debug_pubnames
                0x0000008f       0x23 c:/altera/12.1sp1/nios2eds/bin/gnu/h-i686-mingw32/bin/../lib/gcc/nios2-elf/4.1.2/../../../../nios2-elf/lib\libc.a(lib_a-fvwrite.o)
 .debug_pubnames
                0x000000b2       0x39 c:/altera/12.1sp1/nios2eds/bin/gnu/h-i686-mingw32/bin/../lib/gcc/nios2-elf/4.1.2/../../../../nios2-elf/lib\libc.a(lib_a-impure.o)
 .debug_pubnames
                0x000000eb       0xce c:/altera/12.1sp1/nios2eds/bin/gnu/h-i686-mingw32/bin/../lib/gcc/nios2-elf/4.1.2/../../../../nios2-elf/lib\libc.a(lib_a-mallocr.o)
 .debug_pubnames
                0x000001b9       0x1d c:/altera/12.1sp1/nios2eds/bin/gnu/h-i686-mingw32/bin/../lib/gcc/nios2-elf/4.1.2/../../../../nios2-elf/lib\libc.a(lib_a-memchr.o)
 .debug_pubnames
                0x000001d6       0x1d c:/altera/12.1sp1/nios2eds/bin/gnu/h-i686-mingw32/bin/../lib/gcc/nios2-elf/4.1.2/../../../../nios2-elf/lib\libc.a(lib_a-memcpy.o)
 .debug_pubnames
                0x000001f3       0x1e c:/altera/12.1sp1/nios2eds/bin/gnu/h-i686-mingw32/bin/../lib/gcc/nios2-elf/4.1.2/../../../../nios2-elf/lib\libc.a(lib_a-memmove.o)
 .debug_pubnames
                0x00000211       0x21 c:/altera/12.1sp1/nios2eds/bin/gnu/h-i686-mingw32/bin/../lib/gcc/nios2-elf/4.1.2/../../../../nios2-elf/lib\libc.a(lib_a-reallocr.o)
 .debug_pubnames
                0x00000232       0x1e c:/altera/12.1sp1/nios2eds/bin/gnu/h-i686-mingw32/bin/../lib/gcc/nios2-elf/4.1.2/../../../../nios2-elf/lib\libc.a(lib_a-sbrkr.o)
 .debug_pubnames
                0x00000250       0x22 c:/altera/12.1sp1/nios2eds/bin/gnu/h-i686-mingw32/bin/../lib/gcc/nios2-elf/4.1.2/../../../../nios2-elf/lib\libc.a(lib_a-wsetup.o)
 .debug_pubnames
                0x00000272       0x2b c:/altera/12.1sp1/nios2eds/bin/gnu/h-i686-mingw32/bin/../lib/gcc/nios2-elf/4.1.2/../../../../nios2-elf/lib\libc.a(lib_a-fflush.o)
 .debug_pubnames
                0x0000029d       0xdb c:/altera/12.1sp1/nios2eds/bin/gnu/h-i686-mingw32/bin/../lib/gcc/nios2-elf/4.1.2/../../../../nios2-elf/lib\libc.a(lib_a-findfp.o)
 .debug_pubnames
                0x00000378       0x31 c:/altera/12.1sp1/nios2eds/bin/gnu/h-i686-mingw32/bin/../lib/gcc/nios2-elf/4.1.2/../../../../nios2-elf/lib\libc.a(lib_a-freer.o)
 .debug_pubnames
                0x000003a9       0x2e c:/altera/12.1sp1/nios2eds/bin/gnu/h-i686-mingw32/bin/../lib/gcc/nios2-elf/4.1.2/../../../../nios2-elf/lib\libc.a(lib_a-fwalk.o)
 .debug_pubnames
                0x000003d7       0x1c c:/altera/12.1sp1/nios2eds/bin/gnu/h-i686-mingw32/bin/../lib/gcc/nios2-elf/4.1.2/../../../../nios2-elf/lib\libc.a(lib_a-int_errno.o)
 .debug_pubnames
                0x000003f3       0x23 c:/altera/12.1sp1/nios2eds/bin/gnu/h-i686-mingw32/bin/../lib/gcc/nios2-elf/4.1.2/../../../../nios2-elf/lib\libc.a(lib_a-makebuf.o)
 .debug_pubnames
                0x00000416       0x1d c:/altera/12.1sp1/nios2eds/bin/gnu/h-i686-mingw32/bin/../lib/gcc/nios2-elf/4.1.2/../../../../nios2-elf/lib\libc.a(lib_a-memset.o)
 .debug_pubnames
                0x00000433       0x44 c:/altera/12.1sp1/nios2eds/bin/gnu/h-i686-mingw32/bin/../lib/gcc/nios2-elf/4.1.2/../../../../nios2-elf/lib\libc.a(lib_a-stdio.o)
 .debug_pubnames
                0x00000477       0x1f c:/altera/12.1sp1/nios2eds/bin/gnu/h-i686-mingw32/bin/../lib/gcc/nios2-elf/4.1.2/../../../../nios2-elf/lib\libc.a(lib_a-writer.o)
 .debug_pubnames
                0x00000496       0x1f c:/altera/12.1sp1/nios2eds/bin/gnu/h-i686-mingw32/bin/../lib/gcc/nios2-elf/4.1.2/../../../../nios2-elf/lib\libc.a(lib_a-closer.o)
 .debug_pubnames
                0x000004b5       0x2b c:/altera/12.1sp1/nios2eds/bin/gnu/h-i686-mingw32/bin/../lib/gcc/nios2-elf/4.1.2/../../../../nios2-elf/lib\libc.a(lib_a-fclose.o)
 .debug_pubnames
                0x000004e0       0x1f c:/altera/12.1sp1/nios2eds/bin/gnu/h-i686-mingw32/bin/../lib/gcc/nios2-elf/4.1.2/../../../../nios2-elf/lib\libc.a(lib_a-fstatr.o)
 .debug_pubnames
                0x000004ff       0x20 c:/altera/12.1sp1/nios2eds/bin/gnu/h-i686-mingw32/bin/../lib/gcc/nios2-elf/4.1.2/../../../../nios2-elf/lib\libc.a(lib_a-isattyr.o)
 .debug_pubnames
                0x0000051f       0x1f c:/altera/12.1sp1/nios2eds/bin/gnu/h-i686-mingw32/bin/../lib/gcc/nios2-elf/4.1.2/../../../../nios2-elf/lib\libc.a(lib_a-lseekr.o)
 .debug_pubnames
                0x0000053e       0x1e c:/altera/12.1sp1/nios2eds/bin/gnu/h-i686-mingw32/bin/../lib/gcc/nios2-elf/4.1.2/../../../../nios2-elf/lib\libc.a(lib_a-readr.o)
 .debug_pubnames
                0x0000055c       0x1c ../Polyv5_bsp/\libucosii_bsp.a(alt_close.o)
 .debug_pubnames
                0x00000578       0x78 ../Polyv5_bsp/\libucosii_bsp.a(alt_dev.o)
 .debug_pubnames
                0x000005f0       0x20 ../Polyv5_bsp/\libucosii_bsp.a(alt_errno.o)
 .debug_pubnames
                0x00000610       0x1c ../Polyv5_bsp/\libucosii_bsp.a(alt_fstat.o)
 .debug_pubnames
                0x0000062c       0x1d ../Polyv5_bsp/\libucosii_bsp.a(alt_isatty.o)
 .debug_pubnames
                0x00000649       0x1f ../Polyv5_bsp/\libucosii_bsp.a(alt_load.o)
 .debug_pubnames
                0x00000668       0x1c ../Polyv5_bsp/\libucosii_bsp.a(alt_lseek.o)
 .debug_pubnames
                0x00000684       0x46 ../Polyv5_bsp/\libucosii_bsp.a(alt_main.o)
 .debug_pubnames
                0x000006ca       0x1b ../Polyv5_bsp/\libucosii_bsp.a(alt_read.o)
 .debug_pubnames
                0x000006e5       0x25 ../Polyv5_bsp/\libucosii_bsp.a(alt_release_fd.o)
 .debug_pubnames
                0x0000070a       0x1b ../Polyv5_bsp/\libucosii_bsp.a(alt_sbrk.o)
 .debug_pubnames
                0x00000725       0x1c ../Polyv5_bsp/\libucosii_bsp.a(alt_write.o)
 .debug_pubnames
                0x00000741       0x41 ../Polyv5_bsp/\libucosii_bsp.a(alt_env_lock.o)
 .debug_pubnames
                0x00000782       0x48 ../Polyv5_bsp/\libucosii_bsp.a(alt_malloc_lock.o)
 .debug_pubnames
                0x000007ca      0x3f8 ../Polyv5_bsp/\libucosii_bsp.a(os_core.o)
 .debug_pubnames
                0x00000bc2      0x3c5 ../Polyv5_bsp/\libucosii_bsp.a(os_dbg.o)
 .debug_pubnames
                0x00000f87       0xd0 ../Polyv5_bsp/\libucosii_bsp.a(os_flag.o)
 .debug_pubnames