Archive member included because of file (symbol)

c:/altera/12.1sp1/nios2eds/bin/gnu/h-i686-mingw32/bin/../lib/gcc/nios2-elf/4.1.2/../../../../nios2-elf/lib\libc.a(lib_a-puts.o)
                              obj/default/hello_ucosii.o (puts)
c:/altera/12.1sp1/nios2eds/bin/gnu/h-i686-mingw32/bin/../lib/gcc/nios2-elf/4.1.2/../../../../nios2-elf/lib\libc.a(lib_a-strlen.o)
                              c:/altera/12.1sp1/nios2eds/bin/gnu/h-i686-mingw32/bin/../lib/gcc/nios2-elf/4.1.2/../../../../nios2-elf/lib\libc.a(lib_a-puts.o) (strlen)
c:/altera/12.1sp1/nios2eds/bin/gnu/h-i686-mingw32/bin/../lib/gcc/nios2-elf/4.1.2/../../../../nios2-elf/lib\libc.a(lib_a-fvwrite.o)
                              c:/altera/12.1sp1/nios2eds/bin/gnu/h-i686-mingw32/bin/../lib/gcc/nios2-elf/4.1.2/../../../../nios2-elf/lib\libc.a(lib_a-puts.o) (__sfvwrite_r)
c:/altera/12.1sp1/nios2eds/bin/gnu/h-i686-mingw32/bin/../lib/gcc/nios2-elf/4.1.2/../../../../nios2-elf/lib\libc.a(lib_a-impure.o)
                              c:/altera/12.1sp1/nios2eds/bin/gnu/h-i686-mingw32/bin/../lib/gcc/nios2-elf/4.1.2/../../../../nios2-elf/lib\libc.a(lib_a-puts.o) (_impure_ptr)
c:/altera/12.1sp1/nios2eds/bin/gnu/h-i686-mingw32/bin/../lib/gcc/nios2-elf/4.1.2/../../../../nios2-elf/lib\libc.a(lib_a-mallocr.o)
                              c:/altera/12.1sp1/nios2eds/bin/gnu/h-i686-mingw32/bin/../lib/gcc/nios2-elf/4.1.2/../../../../nios2-elf/lib\libc.a(lib_a-fvwrite.o) (_malloc_r)
c:/altera/12.1sp1/nios2eds/bin/gnu/h-i686-mingw32/bin/../lib/gcc/nios2-elf/4.1.2/../../../../nios2-elf/lib\libc.a(lib_a-memchr.o)
                              c:/altera/12.1sp1/nios2eds/bin/gnu/h-i686-mingw32/bin/../lib/gcc/nios2-elf/4.1.2/../../../../nios2-elf/lib\libc.a(lib_a-fvwrite.o) (memchr)
c:/altera/12.1sp1/nios2eds/bin/gnu/h-i686-mingw32/bin/../lib/gcc/nios2-elf/4.1.2/../../../../nios2-elf/lib\libc.a(lib_a-memcpy.o)
                              c:/altera/12.1sp1/nios2eds/bin/gnu/h-i686-mingw32/bin/../lib/gcc/nios2-elf/4.1.2/../../../../nios2-elf/lib\libc.a(lib_a-fvwrite.o) (memcpy)
c:/altera/12.1sp1/nios2eds/bin/gnu/h-i686-mingw32/bin/../lib/gcc/nios2-elf/4.1.2/../../../../nios2-elf/lib\libc.a(lib_a-memmove.o)
                              c:/altera/12.1sp1/nios2eds/bin/gnu/h-i686-mingw32/bin/../lib/gcc/nios2-elf/4.1.2/../../../../nios2-elf/lib\libc.a(lib_a-fvwrite.o) (memmove)
c:/altera/12.1sp1/nios2eds/bin/gnu/h-i686-mingw32/bin/../lib/gcc/nios2-elf/4.1.2/../../../../nios2-elf/lib\libc.a(lib_a-reallocr.o)
                              c:/altera/12.1sp1/nios2eds/bin/gnu/h-i686-mingw32/bin/../lib/gcc/nios2-elf/4.1.2/../../../../nios2-elf/lib\libc.a(lib_a-fvwrite.o) (_realloc_r)
c:/altera/12.1sp1/nios2eds/bin/gnu/h-i686-mingw32/bin/../lib/gcc/nios2-elf/4.1.2/../../../../nios2-elf/lib\libc.a(lib_a-sbrkr.o)
                              c:/altera/12.1sp1/nios2eds/bin/gnu/h-i686-mingw32/bin/../lib/gcc/nios2-elf/4.1.2/../../../../nios2-elf/lib\libc.a(lib_a-mallocr.o) (_sbrk_r)
c:/altera/12.1sp1/nios2eds/bin/gnu/h-i686-mingw32/bin/../lib/gcc/nios2-elf/4.1.2/../../../../nios2-elf/lib\libc.a(lib_a-wsetup.o)
                              c:/altera/12.1sp1/nios2eds/bin/gnu/h-i686-mingw32/bin/../lib/gcc/nios2-elf/4.1.2/../../../../nios2-elf/lib\libc.a(lib_a-fvwrite.o) (__swsetup_r)
c:/altera/12.1sp1/nios2eds/bin/gnu/h-i686-mingw32/bin/../lib/gcc/nios2-elf/4.1.2/../../../../nios2-elf/lib\libc.a(lib_a-fflush.o)
                              c:/altera/12.1sp1/nios2eds/bin/gnu/h-i686-mingw32/bin/../lib/gcc/nios2-elf/4.1.2/../../../../nios2-elf/lib\libc.a(lib_a-fvwrite.o) (_fflush_r)
c:/altera/12.1sp1/nios2eds/bin/gnu/h-i686-mingw32/bin/../lib/gcc/nios2-elf/4.1.2/../../../../nios2-elf/lib\libc.a(lib_a-findfp.o)
                              c:/altera/12.1sp1/nios2eds/bin/gnu/h-i686-mingw32/bin/../lib/gcc/nios2-elf/4.1.2/../../../../nios2-elf/lib\libc.a(lib_a-wsetup.o) (__sinit)
c:/altera/12.1sp1/nios2eds/bin/gnu/h-i686-mingw32/bin/../lib/gcc/nios2-elf/4.1.2/../../../../nios2-elf/lib\libc.a(lib_a-freer.o)
                              c:/altera/12.1sp1/nios2eds/bin/gnu/h-i686-mingw32/bin/../lib/gcc/nios2-elf/4.1.2/../../../../nios2-elf/lib\libc.a(lib_a-fvwrite.o) (_free_r)
c:/altera/12.1sp1/nios2eds/bin/gnu/h-i686-mingw32/bin/../lib/gcc/nios2-elf/4.1.2/../../../../nios2-elf/lib\libc.a(lib_a-fwalk.o)
                              c:/altera/12.1sp1/nios2eds/bin/gnu/h-i686-mingw32/bin/../lib/gcc/nios2-elf/4.1.2/../../../../nios2-elf/lib\libc.a(lib_a-fflush.o) (_fwalk_reent)
c:/altera/12.1sp1/nios2eds/bin/gnu/h-i686-mingw32/bin/../lib/gcc/nios2-elf/4.1.2/../../../../nios2-elf/lib\libc.a(lib_a-int_errno.o)
                              c:/altera/12.1sp1/nios2eds/bin/gnu/h-i686-mingw32/bin/../lib/gcc/nios2-elf/4.1.2/../../../../nios2-elf/lib\libc.a(lib_a-sbrkr.o) (errno)
c:/altera/12.1sp1/nios2eds/bin/gnu/h-i686-mingw32/bin/../lib/gcc/nios2-elf/4.1.2/../../../../nios2-elf/lib\libc.a(lib_a-makebuf.o)
[...]
Memory Configuration

Name             Origin             Length             Attributes
sdram_0          0x00800000         0x00800000
sram_0           0x01080000         0x00080000
reset            0x01104000         0x00000020
onchip_memory2_0 0x01104020         0x00003fe0
*default*        0x00000000         0xffffffff

Linker script and memory map

LOAD ../SynthesizerUnitTest_bsp//obj/HAL/src/crt0.o
LOAD obj/default/hello_ucosii.o
LOAD c:/altera/12.1sp1/nios2eds/bin/gnu/h-i686-mingw32/bin/../lib/gcc/nios2-elf/4.1.2/../../../../nios2-elf/lib\libstdc++.a
LOAD c:/altera/12.1sp1/nios2eds/bin/gnu/h-i686-mingw32/bin/../lib/gcc/nios2-elf/4.1.2/../../../../nios2-elf/lib\libm.a
LOAD c:/altera/12.1sp1/nios2eds/bin/gnu/h-i686-mingw32/bin/../lib/gcc/nios2-elf/4.1.2\libgcc.a
START GROUP
LOAD c:/altera/12.1sp1/nios2eds/bin/gnu/h-i686-mingw32/bin/../lib/gcc/nios2-elf/4.1.2/../../../../nios2-elf/lib\libc.a
LOAD c:/altera/12.1sp1/nios2eds/bin/gnu/h-i686-mingw32/bin/../lib/gcc/nios2-elf/4.1.2\libgcc.a
LOAD ../SynthesizerUnitTest_bsp/\libucosii_bsp.a
END GROUP
LOAD c:/altera/12.1sp1/nios2eds/bin/gnu/h-i686-mingw32/bin/../lib/gcc/nios2-elf/4.1.2\libgcc.a
                0x00800000                __alt_mem_sdram_0 = 0x800000
                0x01080000                __alt_mem_sram_0 = 0x1080000
                0x01104000                __alt_mem_onchip_memory2_0 = 0x1104000

.entry          0x01104000       0x20
 *(.entry)
 .entry         0x01104000       0x20 ../SynthesizerUnitTest_bsp//obj/HAL/src/crt0.o
                0x01104000                __reset

.exceptions     0x01104020      0x1a0 load address 0x00800000
                0x01104020                PROVIDE (__ram_exceptions_start, ABSOLUTE (.))
                0x01104020                . = ALIGN (0x20)
 *(.irq)
 *(.exceptions.entry.label)
 .exceptions.entry.label
                0x01104020        0x0 ../SynthesizerUnitTest_bsp/\libucosii_bsp.a(alt_irq_entry.o)
                0x01104020                alt_irq_entry
 .exceptions.entry.label
                0x01104020        0x0 ../SynthesizerUnitTest_bsp/\libucosii_bsp.a(alt_exception_entry.o)
                0x01104020                alt_exception
 *(.exceptions.entry.user)
 *(.exceptions.entry)
 .exceptions.entry
                0x01104020       0x54 ../SynthesizerUnitTest_bsp/\libucosii_bsp.a(alt_exception_entry.o)
 *(.exceptions.irqtest.user)
 *(.exceptions.irqtest)
 .exceptions.irqtest
                0x01104074       0x10 ../SynthesizerUnitTest_bsp/\libucosii_bsp.a(alt_irq_entry.o)
 *(.exceptions.irqhandler.user)
 *(.exceptions.irqhandler)
 .exceptions.irqhandler
                0x01104084        0x4 ../SynthesizerUnitTest_bsp/\libucosii_bsp.a(alt_irq_entry.o)
 *(.exceptions.irqreturn.user)
 *(.exceptions.irqreturn)
 .exceptions.irqreturn
                0x01104088        0x4 ../SynthesizerUnitTest_bsp/\libucosii_bsp.a(alt_irq_entry.o)
 *(.exceptions.notirq.label)
 .exceptions.notirq.label
                0x0110408c        0x0 ../SynthesizerUnitTest_bsp/\libucosii_bsp.a(alt_irq_entry.o)
 *(.exceptions.notirq.user)
 *(.exceptions.notirq)
 .exceptions.notirq
                0x0110408c        0x8 ../SynthesizerUnitTest_bsp/\libucosii_bsp.a(alt_exception_entry.o)
 *(.exceptions.soft.user)
 *(.exceptions.soft)
 *(.exceptions.unknown.user)
 *(.exceptions.unknown)
 .exceptions.unknown
                0x01104094        0x4 ../SynthesizerUnitTest_bsp/\libucosii_bsp.a(alt_exception_entry.o)
 *(.exceptions.exit.label)
 .exceptions.exit.label
                0x01104098        0x0 ../SynthesizerUnitTest_bsp/\libucosii_bsp.a(alt_irq_entry.o)
 .exceptions.exit.label
                0x01104098        0x0 ../SynthesizerUnitTest_bsp/\libucosii_bsp.a(alt_exception_entry.o)
 *(.exceptions.exit.user)
 *(.exceptions.exit)
 .exceptions.exit
                0x01104098       0x54 ../SynthesizerUnitTest_bsp/\libucosii_bsp.a(alt_exception_entry.o)
 *(.exceptions)
 .exceptions    0x011040ec       0xd4 ../SynthesizerUnitTest_bsp/\libucosii_bsp.a(alt_irq_handler.o)
                0x011040ec                alt_irq_handler
                0x011041c0                PROVIDE (__ram_exceptions_end, ABSOLUTE (.))
                0x00800000                PROVIDE (__flash_exceptions_start, LOADADDR (.exceptions))

.text           0x008001a0     0xff00
                0x008001a0                PROVIDE (stext, ABSOLUTE (.))
 *(.interp)
 *(.hash)
 *(.dynsym)
 *(.dynstr)
 *(.gnu.version)
 *(.gnu.version_d)
 *(.gnu.version_r)
 *(.rel.init)
 *(.rela.init)
 *(.rel.text .rel.text.* .rel.gnu.linkonce.t.*)
 *(.rela.text .rela.text.* .rela.gnu.linkonce.t.*)
 *(.rel.fini)
 *(.rela.fini)
 *(.rel.rodata .rel.rodata.* .rel.gnu.linkonce.r.*)
 *(.rela.rodata .rela.rodata.* .rela.gnu.linkonce.r.*)
 *(.rel.data .rel.data.* .rel.gnu.linkonce.d.*)
 *(.rela.data .rela.data.* .rela.gnu.linkonce.d.*)
 *(.rel.tdata .rel.tdata.* .rel.gnu.linkonce.td.*)
 *(.rela.tdata .rela.tdata.* .rela.gnu.linkonce.td.*)
 *(.rel.tbss .rel.tbss.* .rel.gnu.linkonce.tb.*)
 *(.rela.tbss .rela.tbss.* .rela.gnu.linkonce.tb.*)
 *(.rel.ctors)
 *(.rela.ctors)
 *(.rel.dtors)
 *(.rela.dtors)
 *(.rel.got)
 *(.rela.got)
 *(.rel.sdata .rel.sdata.* .rel.gnu.linkonce.s.*)
 *(.rela.sdata .rela.sdata.* .rela.gnu.linkonce.s.*)
 *(.rel.sbss .rel.sbss.* .rel.gnu.linkonce.sb.*)
 *(.rela.sbss .rela.sbss.* .rela.gnu.linkonce.sb.*)
 *(.rel.sdata2 .rel.sdata2.* .rel.gnu.linkonce.s2.*)
 *(.rela.sdata2 .rela.sdata2.* .rela.gnu.linkonce.s2.*)
 *(.rel.sbss2 .rel.sbss2.* .rel.gnu.linkonce.sb2.*)
 *(.rela.sbss2 .rela.sbss2.* .rela.gnu.linkonce.sb2.*)
 *(.rel.bss .rel.bss.* .rel.gnu.linkonce.b.*)
 *(.rela.bss .rela.bss.* .rela.gnu.linkonce.b.*)
 *(.rel.plt)
 *(.rela.plt)
 *(.rel.dyn)
 *(.init)
 *(.plt)
 *(.text .stub .text.* .gnu.linkonce.t.*)
 .text          0x008001a0       0x4c ../SynthesizerUnitTest_bsp//obj/HAL/src/crt0.o
                0x008001a0                _start
 .text          0x008001ec      0x2dc obj/default/hello_ucosii.o
                0x008001ec                task1
                0x008003f0                task2
                0x0080041c                main
 .text          0x008004c8       0xb4 c:/altera/12.1sp1/nios2eds/bin/gnu/h-i686-mingw32/bin/../lib/gcc/nios2-elf/4.1.2/../../../../nios2-elf/lib\libc.a(lib_a-puts.o)
                0x008004c8                _puts_r
                0x00800568                puts
 .text          0x0080057c       0x74 c:/altera/12.1sp1/nios2eds/bin/gnu/h-i686-mingw32/bin/../lib/gcc/nios2-elf/4.1.2/../../../../nios2-elf/lib\libc.a(lib_a-strlen.o)
                0x0080057c                strlen
 .text          0x008005f0      0x49c c:/altera/12.1sp1/nios2eds/bin/gnu/h-i686-mingw32/bin/../lib/gcc/nios2-elf/4.1.2/../../../../nios2-elf/lib\libc.a(lib_a-fvwrite.o)
                0x008005f0                __sfvwrite_r
 .text          0x00800a8c        0x0 c:/altera/12.1sp1/nios2eds/bin/gnu/h-i686-mingw32/bin/../lib/gcc/nios2-elf/4.1.2/../../../../nios2-elf/lib\libc.a(lib_a-impure.o)
 .text          0x00800a8c      0x740 c:/altera/12.1sp1/nios2eds/bin/gnu/h-i686-mingw32/bin/../lib/gcc/nios2-elf/4.1.2/../../../../nios2-elf/lib\libc.a(lib_a-mallocr.o)
                0x00800a8c                _malloc_r
 .text          0x008011cc       0xe4 c:/altera/12.1sp1/nios2eds/bin/gnu/h-i686-mingw32/bin/../lib/gcc/nios2-elf/4.1.2/../../../../nios2-elf/lib\libc.a(lib_a-memchr.o)
                0x008011cc                memchr
 .text          0x008012b0       0xa0 c:/altera/12.1sp1/nios2eds/bin/gnu/h-i686-mingw32/bin/../lib/gcc/nios2-elf/4.1.2/../../../../nios2-elf/lib\libc.a(lib_a-memcpy.o)
                0x008012b0                memcpy
 .text          0x00801350       0xe0 c:/altera/12.1sp1/nios2eds/bin/gnu/h-i686-mingw32/bin/../lib/gcc/nios2-elf/4.1.2/../../../../nios2-elf/lib\libc.a(lib_a-memmove.o)
                0x00801350                memmove
 .text          0x00801430      0x5f4 c:/altera/12.1sp1/nios2eds/bin/gnu/h-i686-mingw32/bin/../lib/gcc/nios2-elf/4.1.2/../../../../nios2-elf/lib\libc.a(lib_a-reallocr.o)
                0x00801430                _realloc_r
 .text          0x00801a24       0x70 c:/altera/12.1sp1/nios2eds/bin/gnu/h-i686-mingw32/bin/../lib/gcc/nios2-elf/4.1.2/../../../../nios2-elf/lib\libc.a(lib_a-sbrkr.o)
                0x00801a24                _sbrk_r
 .text          0x00801a94      0x13c c:/altera/12.1sp1/nios2eds/bin/gnu/h-i686-mingw32/bin/../lib/gcc/nios2-elf/4.1.2/../../../../nios2-elf/lib\libc.a(lib_a-wsetup.o)
                0x00801a94                __swsetup_r
 .text          0x00801bd0      0x230 c:/altera/12.1sp1/nios2eds/bin/gnu/h-i686-mingw32/bin/../lib/gcc/nios2-elf/4.1.2/../../../../nios2-elf/lib\libc.a(lib_a-fflush.o)
                0x00801bd0                _fflush_r
                0x00801dcc                fflush
 .text          0x00801e00      0x2c0 c:/altera/12.1sp1/nios2eds/bin/gnu/h-i686-mingw32/bin/../lib/gcc/nios2-elf/4.1.2/../../../../nios2-elf/lib\libc.a(lib_a-findfp.o)
                0x00801e58                __sfp_lock_acquire
                0x00801e5c                __sfp_lock_release
                0x00801e60                __sinit_lock_acquire
                0x00801e64                __sinit_lock_release
                0x00801e68                __sinit
                0x00801f1c                __fp_unlock_all
                0x00801f34                __fp_lock_all
                0x00801f4c                _cleanup_r
                0x00801f58                _cleanup
                0x00801f68                __sfmoreglue
                0x00801fd0                __sfp
 .text          0x008020c0      0x440 c:/altera/12.1sp1/nios2eds/bin/gnu/h-i686-mingw32/bin/../lib/gcc/nios2-elf/4.1.2/../../../../nios2-elf/lib\libc.a(lib_a-freer.o)
                0x008020c0                _malloc_trim_r
                0x008021ec                _free_r
 .text          0x00802500      0x180 c:/altera/12.1sp1/nios2eds/bin/gnu/h-i686-mingw32/bin/../lib/gcc/nios2-elf/4.1.2/../../../../nios2-elf/lib\libc.a(lib_a-fwalk.o)
                0x00802500                _fwalk_reent
                0x008025c8                _fwalk
 .text          0x00802680        0x0 c:/altera/12.1sp1/nios2eds/bin/gnu/h-i686-mingw32/bin/../lib/gcc/nios2-elf/4.1.2/../../../../nios2-elf/lib\libc.a(lib_a-int_errno.o)
 .text          0x00802680      0x194 c:/altera/12.1sp1/nios2eds/bin/gnu/h-i686-mingw32/bin/../lib/gcc/nios2-elf/4.1.2/../../../../nios2-elf/lib\libc.a(lib_a-makebuf.o)
                0x00802680                __smakebuf_r
 .text          0x00802814       0x98 c:/altera/12.1sp1/nios2eds/bin/gnu/h-i686-mingw32/bin/../lib/gcc/nios2-elf/4.1.2/../../../../nios2-elf/lib\libc.a(lib_a-memset.o)
                0x00802814                memset
 .text          0x008028ac      0x14c c:/altera/12.1sp1/nios2eds/bin/gnu/h-i686-mingw32/bin/../lib/gcc/nios2-elf/4.1.2/../../../../nios2-elf/lib\libc.a(lib_a-stdio.o)
                0x008028ac                __sclose
                0x008028b4                __sseek
                0x0080291c                __swrite
                0x00802998                __sread
 .text          0x008029f8       0x78 c:/altera/12.1sp1/nios2eds/bin/gnu/h-i686-mingw32/bin/../lib/gcc/nios2-elf/4.1.2/../../../../nios2-elf/lib\libc.a(lib_a-writer.o)
                0x008029f8                _write_r
 .text          0x00802a70       0x70 c:/altera/12.1sp1/nios2eds/bin/gnu/h-i686-mingw32/bin/../lib/gcc/nios2-elf/4.1.2/../../../../nios2-elf/lib\libc.a(lib_a-closer.o)
                0x00802a70                _close_r
 .text          0x00802ae0      0x124 c:/altera/12.1sp1/nios2eds/bin/gnu/h-i686-mingw32/bin/../lib/gcc/nios2-elf/4.1.2/../../../../nios2-elf/lib\libc.a(lib_a-fclose.o)
                0x00802ae0                _fclose_r
                0x00802bf0                fclose
 .text          0x00802c04       0x74 c:/altera/12.1sp1/nios2eds/bin/gnu/h-i686-mingw32/bin/../lib/gcc/nios2-elf/4.1.2/../../../../nios2-elf/lib\libc.a(lib_a-fstatr.o)
                0x00802c04                _fstat_r
 .text          0x00802c78       0x70 c:/altera/12.1sp1/nios2eds/bin/gnu/h-i686-mingw32/bin/../lib/gcc/nios2-elf/4.1.2/../../../../nios2-elf/lib\libc.a(lib_a-isattyr.o)
                0x00802c78                _isatty_r
 .text          0x00802ce8       0x78 c:/altera/12.1sp1/nios2eds/bin/gnu/h-i686-mingw32/bin/../lib/gcc/nios2-elf/4.1.2/../../../../nios2-elf/lib\libc.a(lib_a-lseekr.o)
                0x00802ce8                _lseek_r
 .text          0x00802d60       0x78 c:/altera/12.1sp1/nios2eds/bin/gnu/h-i686-mingw32/bin/../lib/gcc/nios2-elf/4.1.2/../../../../nios2-elf/lib\libc.a(lib_a-readr.o)
                0x00802d60                _read_r
 .text          0x00802dd8      0x15c ../SynthesizerUnitTest_bsp/\libucosii_bsp.a(alt_close.o)
                0x00802dd8                close
 .text          0x00802f34       0x2c ../SynthesizerUnitTest_bsp/\libucosii_bsp.a(alt_dev.o)
 .text          0x00802f60        0x0 ../SynthesizerUnitTest_bsp/\libucosii_bsp.a(alt_errno.o)
 .text          0x00802f60      0x134 ../SynthesizerUnitTest_bsp/\libucosii_bsp.a(alt_fstat.o)
                0x00802f60                fstat
 .text          0x00803094      0x120 ../SynthesizerUnitTest_bsp/\libucosii_bsp.a(alt_isatty.o)
                0x00803094                isatty
 .text          0x008031b4       0xec ../SynthesizerUnitTest_bsp/\libucosii_bsp.a(alt_load.o)
                0x008031b4                alt_load
 .text          0x008032a0      0x150 ../SynthesizerUnitTest_bsp/\libucosii_bsp.a(alt_lseek.o)
                0x008032a0                lseek
 .text          0x008033f0       0xc8 ../SynthesizerUnitTest_bsp/\libucosii_bsp.a(alt_main.o)
                0x008033f0                alt_main
 .text          0x008034b8      0x180 ../SynthesizerUnitTest_bsp/\libucosii_bsp.a(alt_read.o)
                0x008034b8                read
 .text          0x00803638       0x60 ../SynthesizerUnitTest_bsp/\libucosii_bsp.a(alt_release_fd.o)
                0x00803638                alt_release_fd
 .text          0x00803698       0xbc ../SynthesizerUnitTest_bsp/\libucosii_bsp.a(alt_sbrk.o)
                0x00803698                sbrk
 .text          0x00803754      0x180 ../SynthesizerUnitTest_bsp/\libucosii_bsp.a(alt_write.o)
                0x00803754                write
 .text          0x008038d4      0x108 ../SynthesizerUnitTest_bsp/\libucosii_bsp.a(alt_env_lock.o)
                0x008038d4                __env_lock
                0x00803980                __env_unlock
 .text          0x008039dc      0x1d8 ../SynthesizerUnitTest_bsp/\libucosii_bsp.a(alt_malloc_lock.o)
                0x008039dc                __malloc_lock
                0x00803ae4                __malloc_unlock
 .text          0x00803bb4     0x2128 ../SynthesizerUnitTest_bsp/\libucosii_bsp.a(os_core.o)
                0x00803bb4                OSEventNameGet
                0x00803ce4                OSEventNameSet
                0x00803e28                OSEventPendMulti
                0x008044dc                OSInit
                0x00804530                OSIntEnter
                0x008045ac                OSIntExit
                0x008046ac                OSSchedLock
                0x00804738                OSSchedUnlock
                0x0080481c                OSStart
                0x0080488c                OSStatInit
                0x00804938                OSTimeTick
                0x00804b78                OSVersion
                0x00804b98                OS_Dummy
                0x00804bb4                OS_EventTaskRdy
                0x00804d48                OS_EventTaskWait
                0x00804e58                OS_EventTaskWaitMulti
                0x00804fac                OS_EventTaskRemove
                0x00805064                OS_EventTaskRemoveMulti
                0x00805168                OS_EventWaitListInit
                0x00805534                OS_MemClr
                0x00805588                OS_MemCopy
                0x008055f4                OS_Sched
                0x00805738                OS_StrCopy
                0x008057b8                OS_StrLen
                0x00805810                OS_TaskIdle
                0x0080586c                OS_TaskStat
                0x00805934                OS_TaskStatStkChk
                0x008059fc                OS_TCBInit
 .text          0x00805cdc      0x18c ../SynthesizerUnitTest_bsp/\libucosii_bsp.a(os_dbg.o)
                0x00805cdc                OSDebugInit
 .text          0x00805e68     0x193c ../SynthesizerUnitTest_bsp/\libucosii_bsp.a(os_flag.o)
                0x00805e68                OSFlagAccept
                0x0080619c                OSFlagCreate
                0x008062d8                OSFlagDel
                0x00806580                OSFlagNameGet
                0x008066c4                OSFlagNameSet
                0x00806818                OSFlagPend
                0x00806e5c                OSFlagPendGetFlagsRdy
                0x00806ec4                OSFlagPost
                0x0080726c                OSFlagQuery
                0x00807504                OS_FlagInit
                0x008076f8                OS_FlagUnlink
 .text          0x008077a4      0x808 ../SynthesizerUnitTest_bsp/\libucosii_bsp.a(os_mem.o)
                0x008077a4                OSMemCreate
                0x008079c0                OSMemGet
                0x00807ac4                OSMemNameGet
                0x00807bd0                OSMemNameSet
                0x00807cf0                OSMemPut
                0x00807de0                OSMemQuery
                0x00807edc                OS_MemInit
 .text          0x00807fac     0x1334 ../SynthesizerUnitTest_bsp/\libucosii_bsp.a(os_q.o)
                0x00807fac                OSQAccept
                0x00808100                OSQCreate
                0x00808314                OSQDel
                0x00808614                OSQFlush
                0x008086dc                OSQPend
                0x008089fc                OSQPendAbort
                0x00808b78                OSQPost
                0x00808cf8                OSQPostFront
                0x00808e80                OSQPostOpt
                0x008090b4                OSQQuery
                0x00809234                OS_QInit
 .text          0x008092e0      0xbc8 ../SynthesizerUnitTest_bsp/\libucosii_bsp.a(os_sem.o)
                0x008092e0                OSSemAccept
                0x008093a0                OSSemCreate
                0x008094b4                OSSemDel
                0x00809754                OSSemPend
                0x008099d0                OSSemPendAbort
                0x00809b4c                OSSemPost
                0x00809c74                OSSemQuery
                0x00809da4                OSSemSet
 .text          0x00809ea8     0x1a40 ../SynthesizerUnitTest_bsp/\libucosii_bsp.a(os_task.o)
                0x00809ea8                OSTaskChangePrio
                0x0080a41c                OSTaskCreate
                0x0080a5f0                OSTaskCreateExt
                0x0080a7f0                OSTaskDel
                0x0080abfc                OSTaskDelReq
                0x0080ad6c                OSTaskNameGet
                0x0080af24                OSTaskNameSet
                0x0080b0e8                OSTaskResume
                0x0080b300                OSTaskStkChk
                0x0080b4fc                OSTaskSuspend
                0x0080b728                OSTaskQuery
                0x0080b86c                OS_TaskStkClr
 .text          0x0080b8e8      0x598 ../SynthesizerUnitTest_bsp/\libucosii_bsp.a(os_time.o)
                0x0080b8e8                OSTimeDly
                0x0080ba34                OSTimeDlyHMSM
                0x0080bba8                OSTimeDlyResume
                0x0080bdb8                OSTimeGet
                0x0080be1c                OSTimeSet
 .text          0x0080be80       0xf8 ../SynthesizerUnitTest_bsp/\libucosii_bsp.a(alt_sys_init.o)
                0x0080be80                alt_irq_init
                0x0080beb4                alt_sys_init
 .text          0x0080bf78      0x560 ../SynthesizerUnitTest_bsp/\libucosii_bsp.a(altera_avalon_fifo_util.o)
                0x0080bf78                altera_avalon_fifo_init
                0x0080c034                altera_avalon_fifo_read_status
                0x0080c070                altera_avalon_fifo_read_ienable
                0x0080c0ac                altera_avalon_fifo_read_almostfull
                0x0080c0d8                altera_avalon_fifo_read_almostempty
                0x0080c104                altera_avalon_fifo_read_event
                0x0080c140                altera_avalon_fifo_read_level
                0x0080c168                altera_avalon_fifo_clear_event
                0x0080c1d0                altera_avalon_fifo_write_ienable
                0x0080c230                altera_avalon_fifo_write_almostfull
                0x0080c290                altera_avalon_fifo_write_almostempty
                0x0080c2f0                altera_avalon_fifo_write_fifo
                0x0080c354                altera_avalon_read_fifo
                0x0080c3c4                altera_avalon_fifo_read_fifo
                0x0080c41c                altera_avalon_fifo_write_other_info
                0x0080c484                altera_avalon_fifo_read_other_info
                0x0080c4b0                altera_avalon_fifo_read_backpressure
 .text          0x0080c4d8      0x148 ../SynthesizerUnitTest_bsp/\libucosii_bsp.a(altera_avalon_jtag_uart_fd.o)
                0x0080c4d8                altera_avalon_jtag_uart_read_fd
                0x0080c530                altera_avalon_jtag_uart_write_fd
                0x0080c588                altera_avalon_jtag_uart_close_fd
                0x0080c5d0                altera_avalon_jtag_uart_ioctl_fd
 .text          0x0080c620      0x580 ../SynthesizerUnitTest_bsp/\libucosii_bsp.a(altera_avalon_jtag_uart_init.o)
                0x0080c620                altera_avalon_jtag_uart_init
                0x0080cb2c                altera_avalon_jtag_uart_close
 .text          0x0080cba0       0xf4 ../SynthesizerUnitTest_bsp/\libucosii_bsp.a(altera_avalon_jtag_uart_ioctl.o)
                0x0080cba0                altera_avalon_jtag_uart_ioctl
 .text          0x0080cc94      0x2c0 ../SynthesizerUnitTest_bsp/\libucosii_bsp.a(altera_avalon_jtag_uart_read.o)
                0x0080cc94                altera_avalon_jtag_uart_read
 .text          0x0080cf54      0x2dc ../SynthesizerUnitTest_bsp/\libucosii_bsp.a(altera_avalon_jtag_uart_write.o)
                0x0080cf54                altera_avalon_jtag_uart_write
 .text          0x0080d230       0xfc ../SynthesizerUnitTest_bsp/\libucosii_bsp.a(altera_avalon_timer_sc.o)
                0x0080d2a4                alt_avalon_timer_sc_init
 .text          0x0080d32c      0x80c ../SynthesizerUnitTest_bsp/\libucosii_bsp.a(altera_up_avalon_audio.o)
                0x0080d32c                alt_up_audio_open_dev
                0x0080d36c                alt_up_audio_enable_read_interrupt
                0x0080d3b8                alt_up_audio_disable_read_interrupt
                0x0080d408                alt_up_audio_enable_write_interrupt
                0x0080d454                alt_up_audio_disable_write_interrupt
                0x0080d4a4                alt_up_audio_read_interrupt_pending
                0x0080d4e0                alt_up_audio_write_interrupt_pending
                0x0080d51c                alt_up_audio_reset_audio_core
                0x0080d5a4                alt_up_audio_read_fifo_avail
                0x0080d614                alt_up_audio_record_r
                0x0080d684                alt_up_audio_record_l
                0x0080d6f4                alt_up_audio_write_fifo_space
                0x0080d768                alt_up_audio_play_r
                0x0080d7d8                alt_up_audio_play_l
                0x0080d848                alt_up_audio_read_fifo
                0x0080d94c                alt_up_audio_write_fifo
                0x0080da78                alt_up_audio_read_fifo_head
                0x0080dad8                alt_up_audio_write_fifo_head
 .text          0x0080db38      0x788 ../SynthesizerUnitTest_bsp/\libucosii_bsp.a(altera_up_avalon_audio_and_video_config.o)
                0x0080db38                alt_up_av_config_open_dev
                0x0080db9c                alt_up_av_config_write_data
                0x0080dc00                alt_up_av_config_read_data
                0x0080dc8c                alt_up_av_config_reset
                0x0080dcc4                alt_up_av_config_enable_interrupt
                0x0080dcfc                alt_up_av_config_disable_interrupt
                0x0080dd2c                alt_up_av_config_read_acknowledge
                0x0080dd94                alt_up_av_config_read_ready
                0x0080ddcc                alt_up_av_config_write_audio_cfg_register
                0x0080de78                alt_up_av_config_read_video_cfg_register
                0x0080df70                alt_up_av_config_write_video_cfg_register
                0x0080e068                alt_up_av_config_read_DC2_cfg_register
                0x0080e0cc                alt_up_av_config_write_DC2_cfg_register
                0x0080e130                alt_up_av_config_read_D5M_cfg_register
                0x0080e194                alt_up_av_config_write_D5M_cfg_register
                0x0080e1f8                alt_up_av_config_read_LTM_cfg_register
                0x0080e25c                alt_up_av_config_write_LTM_cfg_register
 .text          0x0080e2c0      0x530 ../SynthesizerUnitTest_bsp/\libucosii_bsp.a(altera_up_avalon_character_lcd.o)
                0x0080e2c0                get_DDRAM_addr
                0x0080e33c                alt_up_character_lcd_send_cmd
                0x0080e370                alt_up_character_lcd_init
                0x0080e3a4                alt_up_character_lcd_open_dev
                0x0080e3e4                alt_up_character_lcd_write
                0x0080e45c                alt_up_character_lcd_string
                0x0080e4d4                alt_up_character_lcd_write_fd
                0x0080e520                alt_up_character_lcd_set_cursor_pos
                0x0080e598                alt_up_character_lcd_shift_cursor
                0x0080e648                alt_up_character_lcd_shift_display
                0x0080e6f8                alt_up_character_lcd_erase_pos
                0x0080e788                alt_up_character_lcd_cursor_off
                0x0080e7bc                alt_up_character_lcd_cursor_blink_on
 .text          0x0080e7f0      0x154 ../SynthesizerUnitTest_bsp/\libucosii_bsp.a(alt_alarm_start.o)
                0x0080e7f0                alt_alarm_start
 .text          0x0080e944       0x44 ../SynthesizerUnitTest_bsp/\libucosii_bsp.a(alt_dcache_flush_all.o)
                0x0080e944                alt_dcache_flush_all
 .text          0x0080e988      0x114 ../SynthesizerUnitTest_bsp/\libucosii_bsp.a(alt_dev_llist_insert.o)
                0x0080e988                alt_dev_llist_insert
 .text          0x0080ea9c       0x64 ../SynthesizerUnitTest_bsp/\libucosii_bsp.a(alt_do_ctors.o)
                0x0080ea9c                _do_ctors
 .text          0x0080eb00       0x64 ../SynthesizerUnitTest_bsp/\libucosii_bsp.a(alt_do_dtors.o)
                0x0080eb00                _do_dtors
 .text          0x0080eb64       0x94 ../SynthesizerUnitTest_bsp/\libucosii_bsp.a(alt_find_dev.o)
                0x0080eb64                alt_find_dev
 .text          0x0080ebf8       0x30 ../SynthesizerUnitTest_bsp/\libucosii_bsp.a(alt_icache_flush_all.o)
                0x0080ebf8                alt_icache_flush_all
 .text          0x0080ec28      0x13c ../SynthesizerUnitTest_bsp/\libucosii_bsp.a(alt_io_redirect.o)
                0x0080ecec                alt_io_redirect
 .text          0x0080ed64      0x1c0 ../SynthesizerUnitTest_bsp/\libucosii_bsp.a(alt_irq_register.o)
                0x0080ed64                alt_irq_register
 .text          0x0080ef24        0x0 ../SynthesizerUnitTest_bsp/\libucosii_bsp.a(alt_irq_vars.o)
 .text          0x0080ef24      0x2c4 ../SynthesizerUnitTest_bsp/\libucosii_bsp.a(alt_open.o)
                0x0080f000                open
 .text          0x0080f1e8      0x1a8 ../SynthesizerUnitTest_bsp/\libucosii_bsp.a(alt_tick.o)
                0x0080f1e8                alt_alarm_stop
                0x0080f280                alt_tick
 .text          0x0080f390       0x20 ../SynthesizerUnitTest_bsp/\libucosii_bsp.a(altera_nios2_qsys_irq.o)
                0x0080f390                altera_nios2_qsys_irq_init
 .text          0x0080f3b0       0xd0 ../SynthesizerUnitTest_bsp/\libucosii_bsp.a(os_cpu_a.o)
                0x0080f3b0                OSCtxSw
                0x0080f3b0                OSIntCtxSw
                0x0080f43c                OSStartHighRdy
                0x0080f45c                OSStartTsk
 .text          0x0080f480      0x418 ../SynthesizerUnitTest_bsp/\libucosii_bsp.a(os_cpu_c.o)
                0x0080f480                OSTaskStkInit
                0x0080f790                OSTaskCreateHook
                0x0080f7b0                OSTaskDelHook
                0x0080f7d0                OSTaskSwHook
                0x0080f7ec                OSTaskStatHook
                0x0080f808                OSTimeTickHook
                0x0080f824                OSInitHookBegin
                0x0080f840                OSInitHookEnd
                0x0080f85c                OSTaskIdleHook
                0x0080f878                OSTCBInitHook
 .text          0x0080f898      0x120 ../SynthesizerUnitTest_bsp/\libucosii_bsp.a(alt_find_file.o)
                0x0080f898                alt_find_file
 .text          0x0080f9b8       0xf4 ../SynthesizerUnitTest_bsp/\libucosii_bsp.a(alt_get_fd.o)
                0x0080f9b8                alt_get_fd
 .text          0x0080faac       0x90 ../SynthesizerUnitTest_bsp/\libucosii_bsp.a(alt_icache_flush.o)
                0x0080faac                alt_icache_flush
 .text          0x0080fb3c        0x0 ../SynthesizerUnitTest_bsp/\libucosii_bsp.a(alt_irq_entry.o)
 .text          0x0080fb3c        0x0 ../SynthesizerUnitTest_bsp/\libucosii_bsp.a(alt_irq_handler.o)
 .text          0x0080fb3c        0x0 ../SynthesizerUnitTest_bsp/\libucosii_bsp.a(alt_exception_entry.o)
 .text          0x0080fb3c       0x14 c:/altera/12.1sp1/nios2eds/bin/gnu/h-i686-mingw32/bin/../lib/gcc/nios2-elf/4.1.2/../../../../nios2-elf/lib\libc.a(lib_a-atexit.o)
                0x0080fb3c                atexit
 .text          0x0080fb50       0x38 c:/altera/12.1sp1/nios2eds/bin/gnu/h-i686-mingw32/bin/../lib/gcc/nios2-elf/4.1.2/../../../../nios2-elf/lib\libc.a(lib_a-exit.o)
                0x0080fb50                exit
 .text          0x0080fb88       0x74 c:/altera/12.1sp1/nios2eds/bin/gnu/h-i686-mingw32/bin/../lib/gcc/nios2-elf/4.1.2/../../../../nios2-elf/lib\libc.a(lib_a-memcmp.o)
                0x0080fb88                memcmp
 .text          0x0080fbfc      0x134 c:/altera/12.1sp1/nios2eds/bin/gnu/h-i686-mingw32/bin/../lib/gcc/nios2-elf/4.1.2/../../../../nios2-elf/lib\libc.a(lib_a-__atexit.o)
                0x0080fbfc                __register_exitproc
 .text          0x0080fd30      0x1b4 c:/altera/12.1sp1/nios2eds/bin/gnu/h-i686-mingw32/bin/../lib/gcc/nios2-elf/4.1.2/../../../../nios2-elf/lib\libc.a(lib_a-__call_atexit.o)
                0x0080fd34                __call_exitprocs
 .text          0x0080fee4      0x14c c:/altera/12.1sp1/nios2eds/bin/gnu/h-i686-mingw32/bin/../lib/gcc/nios2-elf/4.1.2\libgcc.a(lib2-divmod.o)
                0x0080ff60                __divsi3
                0x0080ffc0                __modsi3
                0x00810020                __udivsi3
                0x00810028                __umodsi3
 .text          0x00810030       0x6c ../SynthesizerUnitTest_bsp/\libucosii_bsp.a(alt_exit.o)
                0x00810070                _exit
 *(.gnu.warning.*)
 *(.fini)
                0x0081009c                PROVIDE (__etext, ABSOLUTE (.))
                0x0081009c                PROVIDE (_etext, ABSOLUTE (.))
                0x0081009c                PROVIDE (etext, ABSOLUTE (.))
 *(.eh_frame_hdr)
                0x0081009c                . = ALIGN (0x4)
                0x0081009c                PROVIDE (__preinit_array_start, ABSOLUTE (.))
 *(.preinit_array)
                0x0081009c                PROVIDE (__preinit_array_end, ABSOLUTE (.))
                0x0081009c                PROVIDE (__init_array_start, ABSOLUTE (.))
 *(.init_array)
                0x0081009c                PROVIDE (__init_array_end, ABSOLUTE (.))
                0x0081009c                PROVIDE (__fini_array_start, ABSOLUTE (.))
 *(.fini_array)
                0x0081009c                PROVIDE (__fini_array_end, ABSOLUTE (.))
 *(.eh_frame)
 *(.gcc_except_table)
 *(.dynamic)
                0x0081009c                PROVIDE (__CTOR_LIST__, ABSOLUTE (.))
 *(.ctors)
 *(SORT(.ctors.*))
 .ctors.65535   0x0081009c        0x4 c:/altera/12.1sp1/nios2eds/bin/gnu/h-i686-mingw32/bin/../lib/gcc/nios2-elf/4.1.2/../../../../nios2-elf/lib\libc.a(lib_a-__call_atexit.o)
                0x008100a0                PROVIDE (__CTOR_END__, ABSOLUTE (.))
                0x008100a0                PROVIDE (__DTOR_LIST__, ABSOLUTE (.))
 *(.dtors)
 *(SORT(.dtors.*))
                0x008100a0                PROVIDE (__DTOR_END__, ABSOLUTE (.))
 *(.jcr)
                0x008100a0                . = ALIGN (0x4)

.rodata         0x008100a0      0x25c
                0x008100a0                PROVIDE (__ram_rodata_start, ABSOLUTE (.))
                0x008100a0                . = ALIGN (0x4)
 *(.rodata .rodata.* .gnu.linkonce.r.*)
 .rodata        0x008100a0       0xb4 obj/default/hello_ucosii.o
 .rodata.str1.4
                0x00810154        0x2 c:/altera/12.1sp1/nios2eds/bin/gnu/h-i686-mingw32/bin/../lib/gcc/nios2-elf/4.1.2/../../../../nios2-elf/lib\libc.a(lib_a-puts.o)
                                  0x4 (size before relaxing)
 *fill*         0x00810156        0x2 00
 .rodata.str1.4
                0x00810158        0x4 c:/altera/12.1sp1/nios2eds/bin/gnu/h-i686-mingw32/bin/../lib/gcc/nios2-elf/4.1.2/../../../../nios2-elf/lib\libc.a(lib_a-impure.o)
 .rodata        0x0081015c        0xc ../SynthesizerUnitTest_bsp/\libucosii_bsp.a(alt_dev.o)
 .rodata        0x00810168       0x14 ../SynthesizerUnitTest_bsp/\libucosii_bsp.a(alt_main.o)
 .rodata        0x0081017c      0x120 ../SynthesizerUnitTest_bsp/\libucosii_bsp.a(os_core.o)
                0x0081017c                OSUnMapTbl
 .rodata        0x0081029c       0x5c ../SynthesizerUnitTest_bsp/\libucosii_bsp.a(alt_sys_init.o)
 .rodata        0x008102f8        0x4 ../SynthesizerUnitTest_bsp/\libucosii_bsp.a(os_cpu_c.o)
 *(.rodata1)
                0x008102fc                . = ALIGN (0x4)
                0x008102fc                PROVIDE (__ram_rodata_end, ABSOLUTE (.))
                0x008100a0                PROVIDE (__flash_rodata_start, LOADADDR (.rodata))

.rwdata         0x008102fc     0x1b5c load address 0x00811e58
                0x008102fc                PROVIDE (__ram_rwdata_start, ABSOLUTE (.))
                0x008102fc                . = ALIGN (0x4)
 *(.got.plt)
 *(.got)
 *(.data1)
 *(.data .data.* .gnu.linkonce.d.*)
 .data          0x008102fc        0x0 ../SynthesizerUnitTest_bsp//obj/HAL/src/crt0.o
 .data          0x008102fc        0x0 obj/default/hello_ucosii.o
 .data          0x008102fc        0x0 c:/altera/12.1sp1/nios2eds/bin/gnu/h-i686-mingw32/bin/../lib/gcc/nios2-elf/4.1.2/../../../../nios2-elf/lib\libc.a(lib_a-puts.o)
 .data          0x008102fc        0x0 c:/altera/12.1sp1/nios2eds/bin/gnu/h-i686-mingw32/bin/../lib/gcc/nios2-elf/4.1.2/../../../../nios2-elf/lib\libc.a(lib_a-strlen.o)
 .data          0x008102fc        0x0 c:/altera/12.1sp1/nios2eds/bin/gnu/h-i686-mingw32/bin/../lib/gcc/nios2-elf/4.1.2/../../../../nios2-elf/lib\libc.a(lib_a-fvwrite.o)
 .data          0x008102fc      0x400 c:/altera/12.1sp1/nios2eds/bin/gnu/h-i686-mingw32/bin/../lib/gcc/nios2-elf/4.1.2/../../../../nios2-elf/lib\libc.a(lib_a-impure.o)
 .data          0x008106fc      0x408 c:/altera/12.1sp1/nios2eds/bin/gnu/h-i686-mingw32/bin/../lib/gcc/nios2-elf/4.1.2/../../../../nios2-elf/lib\libc.a(lib_a-mallocr.o)
                0x008106fc                __malloc_av_
 .data          0x00810b04        0x0 c:/altera/12.1sp1/nios2eds/bin/gnu/h-i686-mingw32/bin/../lib/gcc/nios2-elf/4.1.2/../../../../nios2-elf/lib\libc.a(lib_a-memchr.o)
 .data          0x00810b04        0x0 c:/altera/12.1sp1/nios2eds/bin/gnu/h-i686-mingw32/bin/../lib/gcc/nios2-elf/4.1.2/../../../../nios2-elf/lib\libc.a(lib_a-memcpy.o)
 .data          0x00810b04        0x0 c:/altera/12.1sp1/nios2eds/bin/gnu/h-i686-mingw32/bin/../lib/gcc/nios2-elf/4.1.2/../../../../nios2-elf/lib\libc.a(lib_a-memmove.o)
 .data          0x00810b04        0x0 c:/altera/12.1sp1/nios2eds/bin/gnu/h-i686-mingw32/bin/../lib/gcc/nios2-elf/4.1.2/../../../../nios2-elf/lib\libc.a(lib_a-reallocr.o)
 .data          0x00810b04        0x0 c:/altera/12.1sp1/nios2eds/bin/gnu/h-i686-mingw32/bin/../lib/gcc/nios2-elf/4.1.2/../../../../nios2-elf/lib\libc.a(lib_a-sbrkr.o)
 .data          0x00810b04        0x0 c:/altera/12.1sp1/nios2eds/bin/gnu/h-i686-mingw32/bin/../lib/gcc/nios2-elf/4.1.2/../../../../nios2-elf/lib\libc.a(lib_a-wsetup.o)
 .data          0x00810b04        0x0 c:/altera/12.1sp1/nios2eds/bin/gnu/h-i686-mingw32/bin/../lib/gcc/nios2-elf/4.1.2/../../../../nios2-elf/lib\libc.a(lib_a-fflush.o)
 .data          0x00810b04        0x0 c:/altera/12.1sp1/nios2eds/bin/gnu/h-i686-mingw32/bin/../lib/gcc/nios2-elf/4.1.2/../../../../nios2-elf/lib\libc.a(lib_a-findfp.o)
 .data          0x00810b04        0x0 c:/altera/12.1sp1/nios2eds/bin/gnu/h-i686-mingw32/bin/../lib/gcc/nios2-elf/4.1.2/../../../../nios2-elf/lib\libc.a(lib_a-freer.o)
 .data          0x00810b04        0x0 c:/altera/12.1sp1/nios2eds/bin/gnu/h-i686-mingw32/bin/../lib/gcc/nios2-elf/4.1.2/../../../../nios2-elf/lib\libc.a(lib_a-fwalk.o)
 .data          0x00810b04        0x0 c:/altera/12.1sp1/nios2eds/bin/gnu/h-i686-mingw32/bin/../lib/gcc/nios2-elf/4.1.2/../../../../nios2-elf/lib\libc.a(lib_a-int_errno.o)
 .data          0x00810b04        0x0 c:/altera/12.1sp1/nios2eds/bin/gnu/h-i686-mingw32/bin/../lib/gcc/nios2-elf/4.1.2/../../../../nios2-elf/lib\libc.a(lib_a-makebuf.o)
 .data          0x00810b04        0x0 c:/altera/12.1sp1/nios2eds/bin/gnu/h-i686-mingw32/bin/../lib/gcc/nios2-elf/4.1.2/../../../../nios2-elf/lib\libc.a(lib_a-memset.o)
 .data          0x00810b04        0x0 c:/altera/12.1sp1/nios2eds/bin/gnu/h-i686-mingw32/bin/../lib/gcc/nios2-elf/4.1.2/../../../../nios2-elf/lib\libc.a(lib_a-stdio.o)
 .data          0x00810b04        0x0 c:/altera/12.1sp1/nios2eds/bin/gnu/h-i686-mingw32/bin/../lib/gcc/nios2-elf/4.1.2/../../../../nios2-elf/lib\libc.a(lib_a-writer.o)
 .data          0x00810b04        0x0 c:/altera/12.1sp1/nios2eds/bin/gnu/h-i686-mingw32/bin/../lib/gcc/nios2-elf/4.1.2/../../../../nios2-elf/lib\libc.a(lib_a-closer.o)
 .data          0x00810b04        0x0 c:/altera/12.1sp1/nios2eds/bin/gnu/h-i686-mingw32/bin/../lib/gcc/nios2-elf/4.1.2/../../../../nios2-elf/lib\libc.a(lib_a-fclose.o)
 .data          0x00810b04        0x0 c:/altera/12.1sp1/nios2eds/bin/gnu/h-i686-mingw32/bin/../lib/gcc/nios2-elf/4.1.2/../../../../nios2-elf/lib\libc.a(lib_a-fstatr.o)
 .data          0x00810b04        0x0 c:/altera/12.1sp1/nios2eds/bin/gnu/h-i686-mingw32/bin/../lib/gcc/nios2-elf/4.1.2/../../../../nios2-elf/lib\libc.a(lib_a-isattyr.o)
 .data          0x00810b04        0x0 c:/altera/12.1sp1/nios2eds/bin/gnu/h-i686-mingw32/bin/../lib/gcc/nios2-elf/4.1.2/../../../../nios2-elf/lib\libc.a(lib_a-lseekr.o)
 .data          0x00810b04        0x0 c:/altera/12.1sp1/nios2eds/bin/gnu/h-i686-mingw32/bin/../lib/gcc/nios2-elf/4.1.2/../../../../nios2-elf/lib\libc.a(lib_a-readr.o)
 .data          0x00810b04        0x0 ../SynthesizerUnitTest_bsp/\libucosii_bsp.a(alt_close.o)
 .data          0x00810b04      0x1a8 ../SynthesizerUnitTest_bsp/\libucosii_bsp.a(alt_dev.o)
                0x00810b04                alt_dev_null
                0x00810b2c                alt_fd_list
 .data          0x00810cac        0x0 ../SynthesizerUnitTest_bsp/\libucosii_bsp.a(alt_errno.o)
 .data          0x00810cac        0x0 ../SynthesizerUnitTest_bsp/\libucosii_bsp.a(alt_fstat.o)
 .data          0x00810cac        0x0 ../SynthesizerUnitTest_bsp/\libucosii_bsp.a(alt_isatty.o)
 .data          0x00810cac        0x0 ../SynthesizerUnitTest_bsp/\libucosii_bsp.a(alt_load.o)
 .data          0x00810cac        0x0 ../SynthesizerUnitTest_bsp/\libucosii_bsp.a(alt_lseek.o)
 .data          0x00810cac        0x0 ../SynthesizerUnitTest_bsp/\libucosii_bsp.a(alt_main.o)
 .data          0x00810cac        0x0 ../SynthesizerUnitTest_bsp/\libucosii_bsp.a(alt_read.o)
 .data          0x00810cac        0x0 ../SynthesizerUnitTest_bsp/\libucosii_bsp.a(alt_release_fd.o)
 .data          0x00810cac        0x0 ../SynthesizerUnitTest_bsp/\libucosii_bsp.a(alt_sbrk.o)
 .data          0x00810cac        0x0 ../SynthesizerUnitTest_bsp/\libucosii_bsp.a(alt_write.o)
 .data          0x00810cac        0x0 ../SynthesizerUnitTest_bsp/\libucosii_bsp.a(alt_env_lock.o)
 .data          0x00810cac        0x0 ../SynthesizerUnitTest_bsp/\libucosii_bsp.a(alt_malloc_lock.o)
 .data          0x00810cac        0x0 ../SynthesizerUnitTest_bsp/\libucosii_bsp.a(os_core.o)
 .data          0x00810cac        0x0 ../SynthesizerUnitTest_bsp/\libucosii_bsp.a(os_dbg.o)
 .data          0x00810cac        0x0 ../SynthesizerUnitTest_bsp/\libucosii_bsp.a(os_flag.o)
 .data          0x00810cac        0x0 ../SynthesizerUnitTest_bsp/\libucosii_bsp.a(os_mem.o)
 .data          0x00810cac        0x0 ../SynthesizerUnitTest_bsp/\libucosii_bsp.a(os_q.o)
 .data          0x00810cac        0x0 ../SynthesizerUnitTest_bsp/\libucosii_bsp.a(os_sem.o)
 .data          0x00810cac        0x0 ../SynthesizerUnitTest_bsp/\libucosii_bsp.a(os_task.o)
 .data          0x00810cac        0x0 ../SynthesizerUnitTest_bsp/\libucosii_bsp.a(os_time.o)
 .data          0x00810cac     0x10f8 ../SynthesizerUnitTest_bsp/\libucosii_bsp.a(alt_sys_init.o)
 .data          0x00811da4        0x0 ../SynthesizerUnitTest_bsp/\libucosii_bsp.a(altera_avalon_fifo_util.o)
 .data          0x00811da4        0x0 ../SynthesizerUnitTest_bsp/\libucosii_bsp.a(altera_avalon_jtag_uart_fd.o)
 .data          0x00811da4        0x0 ../SynthesizerUnitTest_bsp/\libucosii_bsp.a(altera_avalon_jtag_uart_init.o)
 .data          0x00811da4        0x0 ../SynthesizerUnitTest_bsp/\libucosii_bsp.a(altera_avalon_jtag_uart_ioctl.o)
 .data          0x00811da4        0x0 ../SynthesizerUnitTest_bsp/\libucosii_bsp.a(altera_avalon_jtag_uart_read.o)
 .data          0x00811da4        0x0 ../SynthesizerUnitTest_bsp/\libucosii_bsp.a(altera_avalon_jtag_uart_write.o)
 .data          0x00811da4        0x0 ../SynthesizerUnitTest_bsp/\libucosii_bsp.a(altera_avalon_timer_sc.o)
 .data          0x00811da4        0x0 ../SynthesizerUnitTest_bsp/\libucosii_bsp.a(altera_up_avalon_audio.o)
 .data          0x00811da4        0x0 ../SynthesizerUnitTest_bsp/\libucosii_bsp.a(altera_up_avalon_audio_and_video_config.o)
 .data          0x00811da4        0x0 ../SynthesizerUnitTest_bsp/\libucosii_bsp.a(altera_up_avalon_character_lcd.o)
 .data          0x00811da4        0x0 ../SynthesizerUnitTest_bsp/\libucosii_bsp.a(alt_alarm_start.o)
 .data          0x00811da4        0x0 ../SynthesizerUnitTest_bsp/\libucosii_bsp.a(alt_dcache_flush_all.o)
 .data          0x00811da4        0x0 ../SynthesizerUnitTest_bsp/\libucosii_bsp.a(alt_dev_llist_insert.o)
 .data          0x00811da4        0x0 ../SynthesizerUnitTest_bsp/\libucosii_bsp.a(alt_do_ctors.o)
 .data          0x00811da4        0x0 ../SynthesizerUnitTest_bsp/\libucosii_bsp.a(alt_do_dtors.o)
 .data          0x00811da4        0x0 ../SynthesizerUnitTest_bsp/\libucosii_bsp.a(alt_find_dev.o)
 .data          0x00811da4        0x0 ../SynthesizerUnitTest_bsp/\libucosii_bsp.a(alt_icache_flush_all.o)
 .data          0x00811da4        0x0 ../SynthesizerUnitTest_bsp/\libucosii_bsp.a(alt_io_redirect.o)
 .data          0x00811da4        0x0 ../SynthesizerUnitTest_bsp/\libucosii_bsp.a(alt_irq_register.o)
 .data          0x00811da4        0x0 ../SynthesizerUnitTest_bsp/\libucosii_bsp.a(alt_irq_vars.o)
 .data          0x00811da4        0x0 ../SynthesizerUnitTest_bsp/\libucosii_bsp.a(alt_open.o)
 .data          0x00811da4        0x0 ../SynthesizerUnitTest_bsp/\libucosii_bsp.a(alt_tick.o)
 .data          0x00811da4        0x0 ../SynthesizerUnitTest_bsp/\libucosii_bsp.a(altera_nios2_qsys_irq.o)
 .data          0x00811da4        0x0 ../SynthesizerUnitTest_bsp/\libucosii_bsp.a(os_cpu_a.o)
 .data          0x00811da4        0x0 ../SynthesizerUnitTest_bsp/\libucosii_bsp.a(os_cpu_c.o)
 .data          0x00811da4        0x0 ../SynthesizerUnitTest_bsp/\libucosii_bsp.a(alt_find_file.o)
 .data          0x00811da4        0x0 ../SynthesizerUnitTest_bsp/\libucosii_bsp.a(alt_get_fd.o)
 .data          0x00811da4        0x0 ../SynthesizerUnitTest_bsp/\libucosii_bsp.a(alt_icache_flush.o)
 .data          0x00811da4        0x0 ../SynthesizerUnitTest_bsp/\libucosii_bsp.a(alt_irq_entry.o)
 .data          0x00811da4        0x0 ../SynthesizerUnitTest_bsp/\libucosii_bsp.a(alt_irq_handler.o)
 .data          0x00811da4        0x0 ../SynthesizerUnitTest_bsp/\libucosii_bsp.a(alt_exception_entry.o)
 .data          0x00811da4        0x0 c:/altera/12.1sp1/nios2eds/bin/gnu/h-i686-mingw32/bin/../lib/gcc/nios2-elf/4.1.2/../../../../nios2-elf/lib\libc.a(lib_a-atexit.o)
 .data          0x00811da4        0x0 c:/altera/12.1sp1/nios2eds/bin/gnu/h-i686-mingw32/bin/../lib/gcc/nios2-elf/4.1.2/../../../../nios2-elf/lib\libc.a(lib_a-exit.o)
 .data          0x00811da4        0x0 c:/altera/12.1sp1/nios2eds/bin/gnu/h-i686-mingw32/bin/../lib/gcc/nios2-elf/4.1.2/../../../../nios2-elf/lib\libc.a(lib_a-memcmp.o)
 .data          0x00811da4        0x0 c:/altera/12.1sp1/nios2eds/bin/gnu/h-i686-mingw32/bin/../lib/gcc/nios2-elf/4.1.2/../../../../nios2-elf/lib\libc.a(lib_a-__atexit.o)
 .data          0x00811da4        0x0 c:/altera/12.1sp1/nios2eds/bin/gnu/h-i686-mingw32/bin/../lib/gcc/nios2-elf/4.1.2/../../../../nios2-elf/lib\libc.a(lib_a-__call_atexit.o)
 .data          0x00811da4        0x0 c:/altera/12.1sp1/nios2eds/bin/gnu/h-i686-mingw32/bin/../lib/gcc/nios2-elf/4.1.2\libgcc.a(lib2-divmod.o)
 .data          0x00811da4        0x0 ../SynthesizerUnitTest_bsp/\libucosii_bsp.a(alt_exit.o)
                0x00819da4                _gp = ABSOLUTE ((. + 0x8000))
                0x00819da4                PROVIDE (gp, _gp)
 *(.rwdata .rwdata.*)
 *(.sdata .sdata.* .gnu.linkonce.s.*)
 .sdata         0x00811da4        0x8 c:/altera/12.1sp1/nios2eds/bin/gnu/h-i686-mingw32/bin/../lib/gcc/nios2-elf/4.1.2/../../../../nios2-elf/lib\libc.a(lib_a-impure.o)
                0x00811da4                _impure_ptr
                0x00811da8                _global_impure_ptr
 .sdata         0x00811dac        0x8 c:/altera/12.1sp1/nios2eds/bin/gnu/h-i686-mingw32/bin/../lib/gcc/nios2-elf/4.1.2/../../../../nios2-elf/lib\libc.a(lib_a-mallocr.o)
                0x00811dac                __malloc_trim_threshold
                0x00811db0                __malloc_sbrk_base
 .sdata         0x00811db4       0x14 ../SynthesizerUnitTest_bsp/\libucosii_bsp.a(alt_dev.o)
                0x00811db4                alt_fs_list
                0x00811dbc                alt_dev_list
                0x00811dc4                alt_max_fd
 .sdata         0x00811dc8        0x4 ../SynthesizerUnitTest_bsp/\libucosii_bsp.a(alt_errno.o)
                0x00811dc8                alt_errno
 .sdata         0x00811dcc        0x4 ../SynthesizerUnitTest_bsp/\libucosii_bsp.a(alt_sbrk.o)
 .sdata         0x00811dd0        0x4 ../SynthesizerUnitTest_bsp/\libucosii_bsp.a(alt_env_lock.o)
 .sdata         0x00811dd4        0x4 ../SynthesizerUnitTest_bsp/\libucosii_bsp.a(alt_malloc_lock.o)
 .sdata         0x00811dd8       0x74 ../SynthesizerUnitTest_bsp/\libucosii_bsp.a(os_dbg.o)
                0x00811dd8                OSDebugEn
                0x00811ddc                OSEndiannessTest
                0x00811de0                OSEventEn
                0x00811de2                OSEventMax
                0x00811de4                OSEventNameSize
                0x00811de6                OSEventSize
                0x00811de8                OSEventTblSize
                0x00811dea                OSEventMultiEn
                0x00811dec                OSFlagEn
                0x00811dee                OSFlagGrpSize
                0x00811df0                OSFlagNodeSize
                0x00811df2                OSFlagWidth
                0x00811df4                OSFlagMax
                0x00811df6                OSFlagNameSize
                0x00811df8                OSLowestPrio
                0x00811dfa                OSMboxEn
                0x00811dfc                OSMemEn
                0x00811dfe                OSMemMax
                0x00811e00                OSMemNameSize
                0x00811e02                OSMemSize
                0x00811e04                OSMemTblSize
                0x00811e06                OSMutexEn
                0x00811e08                OSPtrSize
                0x00811e0a                OSQEn
                0x00811e0c                OSQMax
                0x00811e0e                OSQSize
                0x00811e10                OSRdyTblSize
                0x00811e12                OSSemEn
                0x00811e14                OSStkWidth
                0x00811e16                OSTaskCreateEn
                0x00811e18                OSTaskCreateExtEn
                0x00811e1a                OSTaskDelEn
                0x00811e1c                OSTaskIdleStkSize
                0x00811e1e                OSTaskProfileEn
                0x00811e20                OSTaskMax
                0x00811e22                OSTaskNameSize
                0x00811e24                OSTaskStatEn
                0x00811e26                OSTaskStatStkSize
                0x00811e28                OSTaskStatStkChkEn
                0x00811e2a                OSTaskSwHookEn
                0x00811e2c                OSTCBPrioTblMax
                0x00811e2e                OSTCBSize
                0x00811e30                OSTicksPerSec
                0x00811e32                OSTimeTickHookEn
                0x00811e34                OSVersionNbr
                0x00811e36                OSTmrEn
                0x00811e38                OSTmrCfgMax
                0x00811e3a                OSTmrCfgNameSize
                0x00811e3c                OSTmrCfgWheelSize
                0x00811e3e                OSTmrCfgTicksPerSec
                0x00811e40                OSTmrSize
                0x00811e42                OSTmrTblSize
                0x00811e44                OSTmrWheelSize
                0x00811e46                OSTmrWheelTblSize
                0x00811e48                OSDataSize
 .sdata         0x00811e4c        0x4 ../SynthesizerUnitTest_bsp/\libucosii_bsp.a(alt_irq_vars.o)
                0x00811e4c                alt_priority_mask
 .sdata         0x00811e50        0x8 ../SynthesizerUnitTest_bsp/\libucosii_bsp.a(alt_tick.o)
                0x00811e50                alt_alarm_list
 *(.sdata2 .sdata2.* .gnu.linkonce.s2.*)
                0x00811e58                . = ALIGN (0x4)
                0x00811e58                _edata = ABSOLUTE (.)
                0x00811e58                PROVIDE (edata, ABSOLUTE (.))
                0x00811e58                PROVIDE (__ram_rwdata_end, ABSOLUTE (.))
                0x00811e58                PROVIDE (__flash_rwdata_start, LOADADDR (.rwdata))

.bss            0x008139b4     0x7568
                0x008139b4                __bss_start = ABSOLUTE (.)
                0x008139b4                PROVIDE (__sbss_start, ABSOLUTE (.))
                0x008139b4                PROVIDE (___sbss_start, ABSOLUTE (.))
 *(.dynsbss)
 *(.sbss .sbss.* .gnu.linkonce.sb.*)
 .sbss          0x008139b4        0xc c:/altera/12.1sp1/nios2eds/bin/gnu/h-i686-mingw32/bin/../lib/gcc/nios2-elf/4.1.2/../../../../nios2-elf/lib\libc.a(lib_a-mallocr.o)
                0x008139b4                __malloc_top_pad
                0x008139b8                __malloc_max_sbrked_mem
                0x008139bc                __malloc_max_total_mem
 .sbss          0x008139c0        0x4 c:/altera/12.1sp1/nios2eds/bin/gnu/h-i686-mingw32/bin/../lib/gcc/nios2-elf/4.1.2/../../../../nios2-elf/lib\libc.a(lib_a-int_errno.o)
                0x008139c0                errno
 .sbss          0x008139c4        0x4 ../SynthesizerUnitTest_bsp/\libucosii_bsp.a(alt_dev.o)
                0x008139c4                alt_fd_list_lock
 .sbss          0x008139c8        0xc ../SynthesizerUnitTest_bsp/\libucosii_bsp.a(alt_main.o)
                0x008139c8                alt_argc
                0x008139cc                alt_argv
                0x008139d0                alt_envp
 .sbss          0x008139d4        0x8 ../SynthesizerUnitTest_bsp/\libucosii_bsp.a(alt_env_lock.o)
                0x008139d8                alt_envsem
 .sbss          0x008139dc        0x8 ../SynthesizerUnitTest_bsp/\libucosii_bsp.a(alt_malloc_lock.o)
                0x008139e0                alt_heapsem
 .sbss          0x008139e4       0x50 ../SynthesizerUnitTest_bsp/\libucosii_bsp.a(os_core.o)
                0x008139e4                OSLockNesting
                0x008139e5                OSRunning
                0x008139e8                OSIdleCtr
                0x008139ec                OSPrioHighRdy
                0x008139ed                OSPrioCur
                0x008139f0                OSTCBList
                0x008139f4                OSTickStepState
                0x008139f8                OSCtxSwCtr
                0x008139fc                OSIdleCtrMax
                0x00813a00                OSTCBFreeList
                0x00813a04                OSCPUUsage
                0x00813a05                OSTaskCtr
                0x00813a08                OSMemFreeList
                0x00813a0c                OSTCBHighRdy
                0x00813a10                OSQFreeList
                0x00813a14                OSRdyGrp
                0x00813a15                OSRdyTbl
                0x00813a18                OSEventFreeList
                0x00813a1c                OSIntNesting
                0x00813a20                OSTCBCur
                0x00813a24                OSTime
                0x00813a28                OSFlagFreeList
                0x00813a2c                OSStatRdy
                0x00813a30                OSIdleCtrRun
 .sbss          0x00813a34        0x4 ../SynthesizerUnitTest_bsp/\libucosii_bsp.a(alt_irq_vars.o)
                0x00813a34                alt_irq_active
 .sbss          0x00813a38        0x8 ../SynthesizerUnitTest_bsp/\libucosii_bsp.a(alt_tick.o)
                0x00813a38                _alt_tick_rate
                0x00813a3c                _alt_nticks
 *(.sbss2 .sbss2.* .gnu.linkonce.sb2.*)
 *(.scommon)
                0x00813a40                PROVIDE (__sbss_end, ABSOLUTE (.))
                0x00813a40                PROVIDE (___sbss_end, ABSOLUTE (.))
 *(.dynbss)
 *(.bss .bss.* .gnu.linkonce.b.*)
 .bss           0x00813a40        0x0 ../SynthesizerUnitTest_bsp//obj/HAL/src/crt0.o
 .bss           0x00813a40        0x0 obj/default/hello_ucosii.o
 .bss           0x00813a40        0x0 c:/altera/12.1sp1/nios2eds/bin/gnu/h-i686-mingw32/bin/../lib/gcc/nios2-elf/4.1.2/../../../../nios2-elf/lib\libc.a(lib_a-puts.o)
 .bss           0x00813a40        0x0 c:/altera/12.1sp1/nios2eds/bin/gnu/h-i686-mingw32/bin/../lib/gcc/nios2-elf/4.1.2/../../../../nios2-elf/lib\libc.a(lib_a-strlen.o)
 .bss           0x00813a40        0x0 c:/altera/12.1sp1/nios2eds/bin/gnu/h-i686-mingw32/bin/../lib/gcc/nios2-elf/4.1.2/../../../../nios2-elf/lib\libc.a(lib_a-fvwrite.o)
 .bss           0x00813a40        0x0 c:/altera/12.1sp1/nios2eds/bin/gnu/h-i686-mingw32/bin/../lib/gcc/nios2-elf/4.1.2/../../../../nios2-elf/lib\libc.a(lib_a-impure.o)
 .bss           0x00813a40       0x28 c:/altera/12.1sp1/nios2eds/bin/gnu/h-i686-mingw32/bin/../lib/gcc/nios2-elf/4.1.2/../../../../nios2-elf/lib\libc.a(lib_a-mallocr.o)
                0x00813a40                __malloc_current_mallinfo
 .bss           0x00813a68        0x0 c:/altera/12.1sp1/nios2eds/bin/gnu/h-i686-mingw32/bin/../lib/gcc/nios2-elf/4.1.2/../../../../nios2-elf/lib\libc.a(lib_a-memchr.o)
 .bss           0x00813a68        0x0 c:/altera/12.1sp1/nios2eds/bin/gnu/h-i686-mingw32/bin/../lib/gcc/nios2-elf/4.1.2/../../../../nios2-elf/lib\libc.a(lib_a-memcpy.o)
 .bss           0x00813a68        0x0 c:/altera/12.1sp1/nios2eds/bin/gnu/h-i686-mingw32/bin/../lib/gcc/nios2-elf/4.1.2/../../../../nios2-elf/lib\libc.a(lib_a-memmove.o)
 .bss           0x00813a68        0x0 c:/altera/12.1sp1/nios2eds/bin/gnu/h-i686-mingw32/bin/../lib/gcc/nios2-elf/4.1.2/../../../../nios2-elf/lib\libc.a(lib_a-reallocr.o)
 .bss           0x00813a68        0x0 c:/altera/12.1sp1/nios2eds/bin/gnu/h-i686-mingw32/bin/../lib/gcc/nios2-elf/4.1.2/../../../../nios2-elf/lib\libc.a(lib_a-sbrkr.o)
 .bss           0x00813a68        0x0 c:/altera/12.1sp1/nios2eds/bin/gnu/h-i686-mingw32/bin/../lib/gcc/nios2-elf/4.1.2/../../../../nios2-elf/lib\libc.a(lib_a-wsetup.o)
 .bss           0x00813a68        0x0 c:/altera/12.1sp1/nios2eds/bin/gnu/h-i686-mingw32/bin/../lib/gcc/nios2-elf/4.1.2/../../../../nios2-elf/lib\libc.a(lib_a-fflush.o)
 .bss           0x00813a68        0x0 c:/altera/12.1sp1/nios2eds/bin/gnu/h-i686-mingw32/bin/../lib/gcc/nios2-elf/4.1.2/../../../../nios2-elf/lib\libc.a(lib_a-findfp.o)
 .bss           0x00813a68        0x0 c:/altera/12.1sp1/nios2eds/bin/gnu/h-i686-mingw32/bin/../lib/gcc/nios2-elf/4.1.2/../../../../nios2-elf/lib\libc.a(lib_a-freer.o)
 .bss           0x00813a68        0x0 c:/altera/12.1sp1/nios2eds/bin/gnu/h-i686-mingw32/bin/../lib/gcc/nios2-elf/4.1.2/../../../../nios2-elf/lib\libc.a(lib_a-fwalk.o)
 .bss           0x00813a68        0x0 c:/altera/12.1sp1/nios2eds/bin/gnu/h-i686-mingw32/bin/../lib/gcc/nios2-elf/4.1.2/../../../../nios2-elf/lib\libc.a(lib_a-int_errno.o)
 .bss           0x00813a68        0x0 c:/altera/12.1sp1/nios2eds/bin/gnu/h-i686-mingw32/bin/../lib/gcc/nios2-elf/4.1.2/../../../../nios2-elf/lib\libc.a(lib_a-makebuf.o)
 .bss           0x00813a68        0x0 c:/altera/12.1sp1/nios2eds/bin/gnu/h-i686-mingw32/bin/../lib/gcc/nios2-elf/4.1.2/../../../../nios2-elf/lib\libc.a(lib_a-memset.o)
 .bss           0x00813a68        0x0 c:/altera/12.1sp1/nios2eds/bin/gnu/h-i686-mingw32/bin/../lib/gcc/nios2-elf/4.1.2/../../../../nios2-elf/lib\libc.a(lib_a-stdio.o)
 .bss           0x00813a68        0x0 c:/altera/12.1sp1/nios2eds/bin/gnu/h-i686-mingw32/bin/../lib/gcc/nios2-elf/4.1.2/../../../../nios2-elf/lib\libc.a(lib_a-writer.o)
 .bss           0x00813a68        0x0 c:/altera/12.1sp1/nios2eds/bin/gnu/h-i686-mingw32/bin/../lib/gcc/nios2-elf/4.1.2/../../../../nios2-elf/lib\libc.a(lib_a-closer.o)
 .bss           0x00813a68        0x0 c:/altera/12.1sp1/nios2eds/bin/gnu/h-i686-mingw32/bin/../lib/gcc/nios2-elf/4.1.2/../../../../nios2-elf/lib\libc.a(lib_a-fclose.o)
 .bss           0x00813a68        0x0 c:/altera/12.1sp1/nios2eds/bin/gnu/h-i686-mingw32/bin/../lib/gcc/nios2-elf/4.1.2/../../../../nios2-elf/lib\libc.a(lib_a-fstatr.o)
 .bss           0x00813a68        0x0 c:/altera/12.1sp1/nios2eds/bin/gnu/h-i686-mingw32/bin/../lib/gcc/nios2-elf/4.1.2/../../../../nios2-elf/lib\libc.a(lib_a-isattyr.o)
 .bss           0x00813a68        0x0 c:/altera/12.1sp1/nios2eds/bin/gnu/h-i686-mingw32/bin/../lib/gcc/nios2-elf/4.1.2/../../../../nios2-elf/lib\libc.a(lib_a-lseekr.o)
 .bss           0x00813a68        0x0 c:/altera/12.1sp1/nios2eds/bin/gnu/h-i686-mingw32/bin/../lib/gcc/nios2-elf/4.1.2/../../../../nios2-elf/lib\libc.a(lib_a-readr.o)
 .bss           0x00813a68        0x0 ../SynthesizerUnitTest_bsp/\libucosii_bsp.a(alt_close.o)
 .bss           0x00813a68        0x0 ../SynthesizerUnitTest_bsp/\libucosii_bsp.a(alt_dev.o)
 .bss           0x00813a68        0x0 ../SynthesizerUnitTest_bsp/\libucosii_bsp.a(alt_errno.o)
 .bss           0x00813a68        0x0 ../SynthesizerUnitTest_bsp/\libucosii_bsp.a(alt_fstat.o)
 .bss           0x00813a68        0x0 ../SynthesizerUnitTest_bsp/\libucosii_bsp.a(alt_isatty.o)
 .bss           0x00813a68        0x0 ../SynthesizerUnitTest_bsp/\libucosii_bsp.a(alt_load.o)
 .bss           0x00813a68        0x0 ../SynthesizerUnitTest_bsp/\libucosii_bsp.a(alt_lseek.o)
 .bss           0x00813a68        0x0 ../SynthesizerUnitTest_bsp/\libucosii_bsp.a(alt_main.o)
 .bss           0x00813a68        0x0 ../SynthesizerUnitTest_bsp/\libucosii_bsp.a(alt_read.o)
 .bss           0x00813a68        0x0 ../SynthesizerUnitTest_bsp/\libucosii_bsp.a(alt_release_fd.o)
 .bss           0x00813a68        0x0 ../SynthesizerUnitTest_bsp/\libucosii_bsp.a(alt_sbrk.o)
 .bss           0x00813a68        0x0 ../SynthesizerUnitTest_bsp/\libucosii_bsp.a(alt_write.o)
 .bss           0x00813a68        0x0 ../SynthesizerUnitTest_bsp/\libucosii_bsp.a(alt_env_lock.o)
 .bss           0x00813a68        0x0 ../SynthesizerUnitTest_bsp/\libucosii_bsp.a(alt_malloc_lock.o)
 .bss           0x00813a68        0x0 ../SynthesizerUnitTest_bsp/\libucosii_bsp.a(os_core.o)
 .bss           0x00813a68        0x0 ../SynthesizerUnitTest_bsp/\libucosii_bsp.a(os_dbg.o)
 .bss           0x00813a68        0x0 ../SynthesizerUnitTest_bsp/\libucosii_bsp.a(os_flag.o)
 .bss           0x00813a68        0x0 ../SynthesizerUnitTest_bsp/\libucosii_bsp.a(os_mem.o)
 .bss           0x00813a68        0x0 ../SynthesizerUnitTest_bsp/\libucosii_bsp.a(os_q.o)
 .bss           0x00813a68        0x0 ../SynthesizerUnitTest_bsp/\libucosii_bsp.a(os_sem.o)
 .bss           0x00813a68        0x0 ../SynthesizerUnitTest_bsp/\libucosii_bsp.a(os_task.o)
 .bss           0x00813a68        0x0 ../SynthesizerUnitTest_bsp/\libucosii_bsp.a(os_time.o)
 .bss           0x00813a68        0x0 ../SynthesizerUnitTest_bsp/\libucosii_bsp.a(alt_sys_init.o)
 .bss           0x00813a68        0x0 ../SynthesizerUnitTest_bsp/\libucosii_bsp.a(altera_avalon_fifo_util.o)
 .bss           0x00813a68        0x0 ../SynthesizerUnitTest_bsp/\libucosii_bsp.a(altera_avalon_jtag_uart_fd.o)
 .bss           0x00813a68        0x0 ../SynthesizerUnitTest_bsp/\libucosii_bsp.a(altera_avalon_jtag_uart_init.o)
 .bss           0x00813a68        0x0 ../SynthesizerUnitTest_bsp/\libucosii_bsp.a(altera_avalon_jtag_uart_ioctl.o)
 .bss           0x00813a68        0x0 ../SynthesizerUnitTest_bsp/\libucosii_bsp.a(altera_avalon_jtag_uart_read.o)
 .bss           0x00813a68        0x0 ../SynthesizerUnitTest_bsp/\libucosii_bsp.a(altera_avalon_jtag_uart_write.o)
 .bss           0x00813a68        0x0 ../SynthesizerUnitTest_bsp/\libucosii_bsp.a(altera_avalon_timer_sc.o)
 .bss           0x00813a68        0x0 ../SynthesizerUnitTest_bsp/\libucosii_bsp.a(altera_up_avalon_audio.o)
 .bss           0x00813a68        0x0 ../SynthesizerUnitTest_bsp/\libucosii_bsp.a(altera_up_avalon_audio_and_video_config.o)
 .bss           0x00813a68        0x0 ../SynthesizerUnitTest_bsp/\libucosii_bsp.a(altera_up_avalon_character_lcd.o)
 .bss           0x00813a68        0x0 ../SynthesizerUnitTest_bsp/\libucosii_bsp.a(alt_alarm_start.o)
 .bss           0x00813a68        0x0 ../SynthesizerUnitTest_bsp/\libucosii_bsp.a(alt_dcache_flush_all.o)
 .bss           0x00813a68        0x0 ../SynthesizerUnitTest_bsp/\libucosii_bsp.a(alt_dev_llist_insert.o)
 .bss           0x00813a68        0x0 ../SynthesizerUnitTest_bsp/\libucosii_bsp.a(alt_do_ctors.o)
 .bss           0x00813a68        0x0 ../SynthesizerUnitTest_bsp/\libucosii_bsp.a(alt_do_dtors.o)
 .bss           0x00813a68        0x0 ../SynthesizerUnitTest_bsp/\libucosii_bsp.a(alt_find_dev.o)
 .bss           0x00813a68        0x0 ../SynthesizerUnitTest_bsp/\libucosii_bsp.a(alt_icache_flush_all.o)
 .bss           0x00813a68        0x0 ../SynthesizerUnitTest_bsp/\libucosii_bsp.a(alt_io_redirect.o)
 .bss           0x00813a68        0x0 ../SynthesizerUnitTest_bsp/\libucosii_bsp.a(alt_irq_register.o)
 .bss           0x00813a68        0x0 ../SynthesizerUnitTest_bsp/\libucosii_bsp.a(alt_irq_vars.o)
 .bss           0x00813a68        0x0 ../SynthesizerUnitTest_bsp/\libucosii_bsp.a(alt_open.o)
 .bss           0x00813a68        0x0 ../SynthesizerUnitTest_bsp/\libucosii_bsp.a(alt_tick.o)
 .bss           0x00813a68        0x0 ../SynthesizerUnitTest_bsp/\libucosii_bsp.a(altera_nios2_qsys_irq.o)
 .bss           0x00813a68        0x0 ../SynthesizerUnitTest_bsp/\libucosii_bsp.a(os_cpu_a.o)
 .bss           0x00813a68        0x0 ../SynthesizerUnitTest_bsp/\libucosii_bsp.a(os_cpu_c.o)
 .bss           0x00813a68        0x0 ../SynthesizerUnitTest_bsp/\libucosii_bsp.a(alt_find_file.o)
 .bss           0x00813a68        0x0 ../SynthesizerUnitTest_bsp/\libucosii_bsp.a(alt_get_fd.o)
 .bss           0x00813a68        0x0 ../SynthesizerUnitTest_bsp/\libucosii_bsp.a(alt_icache_flush.o)
 .bss           0x00813a68        0x0 ../SynthesizerUnitTest_bsp/\libucosii_bsp.a(alt_irq_entry.o)
 .bss           0x00813a68        0x0 ../SynthesizerUnitTest_bsp/\libucosii_bsp.a(alt_irq_handler.o)
 .bss           0x00813a68        0x0 ../SynthesizerUnitTest_bsp/\libucosii_bsp.a(alt_exception_entry.o)
 .bss           0x00813a68        0x0 c:/altera/12.1sp1/nios2eds/bin/gnu/h-i686-mingw32/bin/../lib/gcc/nios2-elf/4.1.2/../../../../nios2-elf/lib\libc.a(lib_a-atexit.o)
 .bss           0x00813a68        0x0 c:/altera/12.1sp1/nios2eds/bin/gnu/h-i686-mingw32/bin/../lib/gcc/nios2-elf/4.1.2/../../../../nios2-elf/lib\libc.a(lib_a-exit.o)
 .bss           0x00813a68        0x0 c:/altera/12.1sp1/nios2eds/bin/gnu/h-i686-mingw32/bin/../lib/gcc/nios2-elf/4.1.2/../../../../nios2-elf/lib\libc.a(lib_a-memcmp.o)
 .bss           0x00813a68        0x0 c:/altera/12.1sp1/nios2eds/bin/gnu/h-i686-mingw32/bin/../lib/gcc/nios2-elf/4.1.2/../../../../nios2-elf/lib\libc.a(lib_a-__atexit.o)
 .bss           0x00813a68        0x0 c:/altera/12.1sp1/nios2eds/bin/gnu/h-i686-mingw32/bin/../lib/gcc/nios2-elf/4.1.2/../../../../nios2-elf/lib\libc.a(lib_a-__call_atexit.o)
 .bss           0x00813a68        0x0 c:/altera/12.1sp1/nios2eds/bin/gnu/h-i686-mingw32/bin/../lib/gcc/nios2-elf/4.1.2\libgcc.a(lib2-divmod.o)
 .bss           0x00813a68        0x0 ../SynthesizerUnitTest_bsp/\libucosii_bsp.a(alt_exit.o)
 *(COMMON)
 COMMON         0x00813a68     0x4000 obj/default/hello_ucosii.o
                0x00813a68                task1_stk
                0x00815a68                task2_stk
 COMMON         0x00817a68     0x3224 ../SynthesizerUnitTest_bsp/\libucosii_bsp.a(os_core.o)
                0x00817a68                OSFlagTbl
                0x00817dd8                OSMemTbl
                0x00818a08                OSTaskStatStk
                0x00819208                OSQTbl
                0x008193e8                OSTaskIdleStk
                0x00819be8                OSEventTbl
                0x0081a728                OSTCBTbl
                0x0081ac38                OSTCBPrioTbl
 COMMON         0x0081ac8c      0x100 ../SynthesizerUnitTest_bsp/\libucosii_bsp.a(alt_irq_handler.o)
                0x0081ac8c                alt_irq
 COMMON         0x0081ad8c      0x190 c:/altera/12.1sp1/nios2eds/bin/gnu/h-i686-mingw32/bin/../lib/gcc/nios2-elf/4.1.2/../../../../nios2-elf/lib\libc.a(lib_a-atexit.o)
                0x0081ad8c                _atexit0
                0x0081af1c                . = ALIGN (0x4)
                0x0081af1c                __bss_end = ABSOLUTE (.)

.sdram_0        0x0081af1c        0x0
                0x0081af1c                PROVIDE (_alt_partition_sdram_0_start, ABSOLUTE (.))
 *(.sdram_0. sdram_0.*)
                0x0081af1c                . = ALIGN (0x4)
                0x0081af1c                PROVIDE (_alt_partition_sdram_0_end, ABSOLUTE (.))
                0x0081af1c                _end = ABSOLUTE (.)
                0x0081af1c                end = ABSOLUTE (.)
                0x0081af1c                __alt_stack_base = ABSOLUTE (.)
                0x0081af1c                PROVIDE (_alt_partition_sdram_0_load_addr, LOADADDR (.sdram_0))

.sram_0         0x01080000        0x0 load address 0x0081af1c
                0x01080000                PROVIDE (_alt_partition_sram_0_start, ABSOLUTE (.))
 *(.sram_0. sram_0.*)
                0x01080000                . = ALIGN (0x4)
                0x01080000                PROVIDE (_alt_partition_sram_0_end, ABSOLUTE (.))
                0x0081af1c                PROVIDE (_alt_partition_sram_0_load_addr, LOADADDR (.sram_0))

.onchip_memory2_0
                0x011041c0        0x0 load address 0x0081af1c
                0x011041c0                PROVIDE (_alt_partition_onchip_memory2_0_start, ABSOLUTE (.))
 *(.onchip_memory2_0. onchip_memory2_0.*)
                0x011041c0                . = ALIGN (0x4)
                0x011041c0                PROVIDE (_alt_partition_onchip_memory2_0_end, ABSOLUTE (.))
                0x0081af1c                PROVIDE (_alt_partition_onchip_memory2_0_load_addr, LOADADDR (.onchip_memory2_0))

.stab
 *(.stab)

.stabstr
 *(.stabstr)

.stab.excl
 *(.stab.excl)

.stab.exclstr
 *(.stab.exclstr)

.stab.index
 *(.stab.index)

.stab.indexstr
 *(.stab.indexstr)

.comment        0x00000000       0x26
 *(.comment)
 .comment       0x00000000       0x26 obj/default/hello_ucosii.o
                                 0x27 (size before relaxing)
 .comment       0x00000000       0x27 c:/altera/12.1sp1/nios2eds/bin/gnu/h-i686-mingw32/bin/../lib/gcc/nios2-elf/4.1.2/../../../../nios2-elf/lib\libc.a(lib_a-puts.o)
 .comment       0x00000000       0x27 c:/altera/12.1sp1/nios2eds/bin/gnu/h-i686-mingw32/bin/../lib/gcc/nios2-elf/4.1.2/../../../../nios2-elf/lib\libc.a(lib_a-strlen.o)
 .comment       0x00000000       0x27 c:/altera/12.1sp1/nios2eds/bin/gnu/h-i686-mingw32/bin/../lib/gcc/nios2-elf/4.1.2/../../../../nios2-elf/lib\libc.a(lib_a-fvwrite.o)
 .comment       0x00000000       0x27 c:/altera/12.1sp1/nios2eds/bin/gnu/h-i686-mingw32/bin/../lib/gcc/nios2-elf/4.1.2/../../../../nios2-elf/lib\libc.a(lib_a-impure.o)
 .comment       0x00000000       0x27 c:/altera/12.1sp1/nios2eds/bin/gnu/h-i686-mingw32/bin/../lib/gcc/nios2-elf/4.1.2/../../../../nios2-elf/lib\libc.a(lib_a-mallocr.o)
 .comment       0x00000000       0x27 c:/altera/12.1sp1/nios2eds/bin/gnu/h-i686-mingw32/bin/../lib/gcc/nios2-elf/4.1.2/../../../../nios2-elf/lib\libc.a(lib_a-memchr.o)
 .comment       0x00000000       0x27 c:/altera/12.1sp1/nios2eds/bin/gnu/h-i686-mingw32/bin/../lib/gcc/nios2-elf/4.1.2/../../../../nios2-elf/lib\libc.a(lib_a-memcpy.o)
 .comment       0x00000000       0x27 c:/altera/12.1sp1/nios2eds/bin/gnu/h-i686-mingw32/bin/../lib/gcc/nios2-elf/4.1.2/../../../../nios2-elf/lib\libc.a(lib_a-memmove.o)
 .comment       0x00000000       0x27 c:/altera/12.1sp1/nios2eds/bin/gnu/h-i686-mingw32/bin/../lib/gcc/nios2-elf/4.1.2/../../../../nios2-elf/lib\libc.a(lib_a-reallocr.o)
 .comment       0x00000000       0x27 c:/altera/12.1sp1/nios2eds/bin/gnu/h-i686-mingw32/bin/../lib/gcc/nios2-elf/4.1.2/../../../../nios2-elf/lib\libc.a(lib_a-sbrkr.o)
 .comment       0x00000000       0x27 c:/altera/12.1sp1/nios2eds/bin/gnu/h-i686-mingw32/bin/../lib/gcc/nios2-elf/4.1.2/../../../../nios2-elf/lib\libc.a(lib_a-wsetup.o)
 .comment       0x00000000       0x27 c:/altera/12.1sp1/nios2eds/bin/gnu/h-i686-mingw32/bin/../lib/gcc/nios2-elf/4.1.2/../../../../nios2-elf/lib\libc.a(lib_a-fflush.o)
 .comment       0x00000000       0x27 c:/altera/12.1sp1/nios2eds/bin/gnu/h-i686-mingw32/bin/../lib/gcc/nios2-elf/4.1.2/../../../../nios2-elf/lib\libc.a(lib_a-findfp.o)
 .comment       0x00000000       0x27 c:/altera/12.1sp1/nios2eds/bin/gnu/h-i686-mingw32/bin/../lib/gcc/nios2-elf/4.1.2/../../../../nios2-elf/lib\libc.a(lib_a-freer.o)
 .comment       0x00000000       0x27 c:/altera/12.1sp1/nios2eds/bin/gnu/h-i686-mingw32/bin/../lib/gcc/nios2-elf/4.1.2/../../../../nios2-elf/lib\libc.a(lib_a-fwalk.o)
 .comment       0x00000000       0x27 c:/altera/12.1sp1/nios2eds/bin/gnu/h-i686-mingw32/bin/../lib/gcc/nios2-elf/4.1.2/../../../../nios2-elf/lib\libc.a(lib_a-int_errno.o)
 .comment       0x00000000       0x27 c:/altera/12.1sp1/nios2eds/bin/gnu/h-i686-mingw32/bin/../lib/gcc/nios2-elf/4.1.2/../../../../nios2-elf/lib\libc.a(lib_a-makebuf.o)
 .comment       0x00000000       0x27 c:/altera/12.1sp1/nios2eds/bin/gnu/h-i686-mingw32/bin/../lib/gcc/nios2-elf/4.1.2/../../../../nios2-elf/lib\libc.a(lib_a-memset.o)
 .comment       0x00000000       0x27 c:/altera/12.1sp1/nios2eds/bin/gnu/h-i686-mingw32/bin/../lib/gcc/nios2-elf/4.1.2/../../../../nios2-elf/lib\libc.a(lib_a-stdio.o)
 .comment       0x00000000       0x27 c:/altera/12.1sp1/nios2eds/bin/gnu/h-i686-mingw32/bin/../lib/gcc/nios2-elf/4.1.2/../../../../nios2-elf/lib\libc.a(lib_a-writer.o)
 .comment       0x00000000       0x27 c:/altera/12.1sp1/nios2eds/bin/gnu/h-i686-mingw32/bin/../lib/gcc/nios2-elf/4.1.2/../../../../nios2-elf/lib\libc.a(lib_a-closer.o)
 .comment       0x00000000       0x27 c:/altera/12.1sp1/nios2eds/bin/gnu/h-i686-mingw32/bin/../lib/gcc/nios2-elf/4.1.2/../../../../nios2-elf/lib\libc.a(lib_a-fclose.o)
 .comment       0x00000000       0x27 c:/altera/12.1sp1/nios2eds/bin/gnu/h-i686-mingw32/bin/../lib/gcc/nios2-elf/4.1.2/../../../../nios2-elf/lib\libc.a(lib_a-fstatr.o)
 .comment       0x00000000       0x27 c:/altera/12.1sp1/nios2eds/bin/gnu/h-i686-mingw32/bin/../lib/gcc/nios2-elf/4.1.2/../../../../nios2-elf/lib\libc.a(lib_a-isattyr.o)
 .comment       0x00000000       0x27 c:/altera/12.1sp1/nios2eds/bin/gnu/h-i686-mingw32/bin/../lib/gcc/nios2-elf/4.1.2/../../../../nios2-elf/lib\libc.a(lib_a-lseekr.o)
 .comment       0x00000000       0x27 c:/altera/12.1sp1/nios2eds/bin/gnu/h-i686-mingw32/bin/../lib/gcc/nios2-elf/4.1.2/../../../../nios2-elf/lib\libc.a(lib_a-readr.o)
 .comment       0x00000000       0x27 ../SynthesizerUnitTest_bsp/\libucosii_bsp.a(alt_close.o)
 .comment       0x00000000       0x27 ../SynthesizerUnitTest_bsp/\libucosii_bsp.a(alt_dev.o)
 .comment       0x00000000       0x27 ../SynthesizerUnitTest_bsp/\libucosii_bsp.a(alt_errno.o)
 .comment       0x00000000       0x27 ../SynthesizerUnitTest_bsp/\libucosii_bsp.a(alt_fstat.o)
 .comment       0x00000000       0x27 ../SynthesizerUnitTest_bsp/\libucosii_bsp.a(alt_isatty.o)
 .comment       0x00000000       0x27 ../SynthesizerUnitTest_bsp/\libucosii_bsp.a(alt_load.o)
 .comment       0x00000000       0x27 ../SynthesizerUnitTest_bsp/\libucosii_bsp.a(alt_lseek.o)
 .comment       0x00000000       0x27 ../SynthesizerUnitTest_bsp/\libucosii_bsp.a(alt_main.o)
 .comment       0x00000000       0x27 ../SynthesizerUnitTest_bsp/\libucosii_bsp.a(alt_read.o)
 .comment       0x00000000       0x27 ../SynthesizerUnitTest_bsp/\libucosii_bsp.a(alt_release_fd.o)
 .comment       0x00000000       0x27 ../SynthesizerUnitTest_bsp/\libucosii_bsp.a(alt_sbrk.o)
 .comment       0x00000000       0x27 ../SynthesizerUnitTest_bsp/\libucosii_bsp.a(alt_write.o)
 .comment       0x00000000       0x27 ../SynthesizerUnitTest_bsp/\libucosii_bsp.a(alt_env_lock.o)
 .comment       0x00000000       0x27 ../SynthesizerUnitTest_bsp/\libucosii_bsp.a(alt_malloc_lock.o)
 .comment       0x00000000       0x27 ../SynthesizerUnitTest_bsp/\libucosii_bsp.a(os_core.o)
 .comment       0x00000000       0x27 ../SynthesizerUnitTest_bsp/\libucosii_bsp.a(os_dbg.o)
 .comment       0x00000000       0x27 ../SynthesizerUnitTest_bsp/\libucosii_bsp.a(os_flag.o)
 .comment       0x00000000       0x27 ../SynthesizerUnitTest_bsp/\libucosii_bsp.a(os_mem.o)
 .comment       0x00000000       0x27 ../SynthesizerUnitTest_bsp/\libucosii_bsp.a(os_q.o)
 .comment       0x00000000       0x27 ../SynthesizerUnitTest_bsp/\libucosii_bsp.a(os_sem.o)
 .comment       0x00000000       0x27 ../SynthesizerUnitTest_bsp/\libucosii_bsp.a(os_task.o)
 .comment       0x00000000       0x27 ../SynthesizerUnitTest_bsp/\libucosii_bsp.a(os_time.o)
 .comment       0x00000000       0x27 ../SynthesizerUnitTest_bsp/\libucosii_bsp.a(alt_sys_init.o)
 .comment       0x00000000       0x27 ../SynthesizerUnitTest_bsp/\libucosii_bsp.a(altera_avalon_fifo_util.o)
 .comment       0x00000000       0x27 ../SynthesizerUnitTest_bsp/\libucosii_bsp.a(altera_avalon_jtag_uart_fd.o)
 .comment       0x00000000       0x27 ../SynthesizerUnitTest_bsp/\libucosii_bsp.a(altera_avalon_jtag_uart_init.o)
 .comment       0x00000000       0x27 ../SynthesizerUnitTest_bsp/\libucosii_bsp.a(altera_avalon_jtag_uart_ioctl.o)
 .comment       0x00000000       0x27 ../SynthesizerUnitTest_bsp/\libucosii_bsp.a(altera_avalon_jtag_uart_read.o)
 .comment       0x00000000       0x27 ../SynthesizerUnitTest_bsp/\libucosii_bsp.a(altera_avalon_jtag_uart_write.o)
 .comment       0x00000000       0x27 ../SynthesizerUnitTest_bsp/\libucosii_bsp.a(altera_avalon_timer_sc.o)
 .comment       0x00000000       0x27 ../SynthesizerUnitTest_bsp/\libucosii_bsp.a(altera_up_avalon_audio.o)
 .comment       0x00000000       0x27 ../SynthesizerUnitTest_bsp/\libucosii_bsp.a(altera_up_avalon_audio_and_video_config.o)
 .comment       0x00000000       0x27 ../SynthesizerUnitTest_bsp/\libucosii_bsp.a(altera_up_avalon_character_lcd.o)
 .comment       0x00000000       0x27 ../SynthesizerUnitTest_bsp/\libucosii_bsp.a(alt_alarm_start.o)
 .comment       0x00000000       0x27 ../SynthesizerUnitTest_bsp/\libucosii_bsp.a(alt_dcache_flush_all.o)
 .comment       0x00000000       0x27 ../SynthesizerUnitTest_bsp/\libucosii_bsp.a(alt_dev_llist_insert.o)
 .comment       0x00000000       0x27 ../SynthesizerUnitTest_bsp/\libucosii_bsp.a(alt_do_ctors.o)
 .comment       0x00000000       0x27 ../SynthesizerUnitTest_bsp/\libucosii_bsp.a(alt_do_dtors.o)
 .comment       0x00000000       0x27 ../SynthesizerUnitTest_bsp/\libucosii_bsp.a(alt_find_dev.o)
 .comment       0x00000000       0x27 ../SynthesizerUnitTest_bsp/\libucosii_bsp.a(alt_icache_flush_all.o)
 .comment       0x00000000       0x27 ../SynthesizerUnitTest_bsp/\libucosii_bsp.a(alt_io_redirect.o)
 .comment       0x00000000       0x27 ../SynthesizerUnitTest_bsp/\libucosii_bsp.a(alt_irq_register.o)
 .comment       0x00000000       0x27 ../SynthesizerUnitTest_bsp/\libucosii_bsp.a(alt_irq_vars.o)
 .comment       0x00000000       0x27 ../SynthesizerUnitTest_bsp/\libucosii_bsp.a(alt_open.o)
 .comment       0x00000000       0x27 ../SynthesizerUnitTest_bsp/\libucosii_bsp.a(alt_tick.o)
 .comment       0x00000000       0x27 ../SynthesizerUnitTest_bsp/\libucosii_bsp.a(altera_nios2_qsys_irq.o)
 .comment       0x00000000       0x27 ../SynthesizerUnitTest_bsp/\libucosii_bsp.a(os_cpu_c.o)
 .comment       0x00000000       0x27 ../SynthesizerUnitTest_bsp/\libucosii_bsp.a(alt_find_file.o)
 .comment       0x00000000       0x27 ../SynthesizerUnitTest_bsp/\libucosii_bsp.a(alt_get_fd.o)
 .comment       0x00000000       0x27 ../SynthesizerUnitTest_bsp/\libucosii_bsp.a(alt_icache_flush.o)
 .comment       0x00000000       0x27 ../SynthesizerUnitTest_bsp/\libucosii_bsp.a(alt_irq_handler.o)
 .comment       0x00000000       0x27 c:/altera/12.1sp1/nios2eds/bin/gnu/h-i686-mingw32/bin/../lib/gcc/nios2-elf/4.1.2/../../../../nios2-elf/lib\libc.a(lib_a-atexit.o)
 .comment       0x00000000       0x27 c:/altera/12.1sp1/nios2eds/bin/gnu/h-i686-mingw32/bin/../lib/gcc/nios2-elf/4.1.2/../../../../nios2-elf/lib\libc.a(lib_a-exit.o)
 .comment       0x00000000       0x27 c:/altera/12.1sp1/nios2eds/bin/gnu/h-i686-mingw32/bin/../lib/gcc/nios2-elf/4.1.2/../../../../nios2-elf/lib\libc.a(lib_a-memcmp.o)
 .comment       0x00000000       0x27 c:/altera/12.1sp1/nios2eds/bin/gnu/h-i686-mingw32/bin/../lib/gcc/nios2-elf/4.1.2/../../../../nios2-elf/lib\libc.a(lib_a-__atexit.o)
 .comment       0x00000000       0x27 c:/altera/12.1sp1/nios2eds/bin/gnu/h-i686-mingw32/bin/../lib/gcc/nios2-elf/4.1.2/../../../../nios2-elf/lib\libc.a(lib_a-__call_atexit.o)
 .comment       0x00000000       0x27 c:/altera/12.1sp1/nios2eds/bin/gnu/h-i686-mingw32/bin/../lib/gcc/nios2-elf/4.1.2\libgcc.a(lib2-divmod.o)
 .comment       0x00000000       0x27 ../SynthesizerUnitTest_bsp/\libucosii_bsp.a(alt_exit.o)

.debug
 *(.debug)

.line
 *(.line)

.debug_srcinfo
 *(.debug_srcinfo)

.debug_sfnames
 *(.debug_sfnames)

.debug_aranges  0x00000000      0xad8
 *(.debug_aranges)
 .debug_aranges
                0x00000000       0x28 ../SynthesizerUnitTest_bsp//obj/HAL/src/crt0.o
 .debug_aranges
                0x00000028       0x20 obj/default/hello_ucosii.o
 .debug_aranges
                0x00000048       0x20 c:/altera/12.1sp1/nios2eds/bin/gnu/h-i686-mingw32/bin/../lib/gcc/nios2-elf/4.1.2/../../../../nios2-elf/lib\libc.a(lib_a-puts.o)
 .debug_aranges
                0x00000068       0x20 c:/altera/12.1sp1/nios2eds/bin/gnu/h-i686-mingw32/bin/../lib/gcc/nios2-elf/4.1.2/../../../../nios2-elf/lib\libc.a(lib_a-strlen.o)
 .debug_aranges
                0x00000088       0x20 c:/altera/12.1sp1/nios2eds/bin/gnu/h-i686-mingw32/bin/../lib/gcc/nios2-elf/4.1.2/../../../../nios2-elf/lib\libc.a(lib_a-fvwrite.o)
 .debug_aranges
                0x000000a8       0x20 c:/altera/12.1sp1/nios2eds/bin/gnu/h-i686-mingw32/bin/../lib/gcc/nios2-elf/4.1.2/../../../../nios2-elf/lib\libc.a(lib_a-mallocr.o)
 .debug_aranges
                0x000000c8       0x20 c:/altera/12.1sp1/nios2eds/bin/gnu/h-i686-mingw32/bin/../lib/gcc/nios2-elf/4.1.2/../../../../nios2-elf/lib\libc.a(lib_a-memchr.o)
 .debug_aranges
                0x000000e8       0x20 c:/altera/12.1sp1/nios2eds/bin/gnu/h-i686-mingw32/bin/../lib/gcc/nios2-elf/4.1.2/../../../../nios2-elf/lib\libc.a(lib_a-memcpy.o)
 .debug_aranges
                0x00000108       0x20 c:/altera/12.1sp1/nios2eds/bin/gnu/h-i686-mingw32/bin/../lib/gcc/nios2-elf/4.1.2/../../../../nios2-elf/lib\libc.a(lib_a-memmove.o)
 .debug_aranges
                0x00000128       0x20 c:/altera/12.1sp1/nios2eds/bin/gnu/h-i686-mingw32/bin/../lib/gcc/nios2-elf/4.1.2/../../../../nios2-elf/lib\libc.a(lib_a-reallocr.o)
 .debug_aranges
                0x00000148       0x20 c:/altera/12.1sp1/nios2eds/bin/gnu/h-i686-mingw32/bin/../lib/gcc/nios2-elf/4.1.2/../../../../nios2-elf/lib\libc.a(lib_a-sbrkr.o)
 .debug_aranges
                0x00000168       0x20 c:/altera/12.1sp1/nios2eds/bin/gnu/h-i686-mingw32/bin/../lib/gcc/nios2-elf/4.1.2/../../../../nios2-elf/lib\libc.a(lib_a-wsetup.o)
 .debug_aranges
                0x00000188       0x20 c:/altera/12.1sp1/nios2eds/bin/gnu/h-i686-mingw32/bin/../lib/gcc/nios2-elf/4.1.2/../../../../nios2-elf/lib\libc.a(lib_a-fflush.o)
 .debug_aranges
                0x000001a8       0x20 c:/altera/12.1sp1/nios2eds/bin/gnu/h-i686-mingw32/bin/../lib/gcc/nios2-elf/4.1.2/../../../../nios2-elf/lib\libc.a(lib_a-findfp.o)
 .debug_aranges
                0x000001c8       0x20 c:/altera/12.1sp1/nios2eds/bin/gnu/h-i686-mingw32/bin/../lib/gcc/nios2-elf/4.1.2/../../../../nios2-elf/lib\libc.a(lib_a-freer.o)
 .debug_aranges
                0x000001e8       0x20 c:/altera/12.1sp1/nios2eds/bin/gnu/h-i686-mingw32/bin/../lib/gcc/nios2-elf/4.1.2/../../../../nios2-elf/lib\libc.a(lib_a-fwalk.o)
 .debug_aranges
                0x00000208       0x20 c:/altera/12.1sp1/nios2eds/bin/gnu/h-i686-mingw32/bin/../lib/gcc/nios2-elf/4.1.2/../../../../nios2-elf/lib\libc.a(lib_a-makebuf.o)
 .debug_aranges
                0x00000228       0x20 c:/altera/12.1sp1/nios2eds/bin/gnu/h-i686-mingw32/bin/../lib/gcc/nios2-elf/4.1.2/../../../../nios2-elf/lib\libc.a(lib_a-memset.o)
 .debug_aranges
                0x00000248       0x20 c:/altera/12.1sp1/nios2eds/bin/gnu/h-i686-mingw32/bin/../lib/gcc/nios2-elf/4.1.2/../../../../nios2-elf/lib\libc.a(lib_a-stdio.o)
 .debug_aranges
                0x00000268       0x20 c:/altera/12.1sp1/nios2eds/bin/gnu/h-i686-mingw32/bin/../lib/gcc/nios2-elf/4.1.2/../../../../nios2-elf/lib\libc.a(lib_a-writer.o)
 .debug_aranges
                0x00000288       0x20 c:/altera/12.1sp1/nios2eds/bin/gnu/h-i686-mingw32/bin/../lib/gcc/nios2-elf/4.1.2/../../../../nios2-elf/lib\libc.a(lib_a-closer.o)
 .debug_aranges
                0x000002a8       0x20 c:/altera/12.1sp1/nios2eds/bin/gnu/h-i686-mingw32/bin/../lib/gcc/nios2-elf/4.1.2/../../../../nios2-elf/lib\libc.a(lib_a-fclose.o)
 .debug_aranges
                0x000002c8       0x20 c:/altera/12.1sp1/nios2eds/bin/gnu/h-i686-mingw32/bin/../lib/gcc/nios2-elf/4.1.2/../../../../nios2-elf/lib\libc.a(lib_a-fstatr.o)
 .debug_aranges
                0x000002e8       0x20 c:/altera/12.1sp1/nios2eds/bin/gnu/h-i686-mingw32/bin/../lib/gcc/nios2-elf/4.1.2/../../../../nios2-elf/lib\libc.a(lib_a-isattyr.o)
 .debug_aranges
                0x00000308       0x20 c:/altera/12.1sp1/nios2eds/bin/gnu/h-i686-mingw32/bin/../lib/gcc/nios2-elf/4.1.2/../../../../nios2-elf/lib\libc.a(lib_a-lseekr.o)
 .debug_aranges
                0x00000328       0x20 c:/altera/12.1sp1/nios2eds/bin/gnu/h-i686-mingw32/bin/../lib/gcc/nios2-elf/4.1.2/../../../../nios2-elf/lib\libc.a(lib_a-readr.o)
 .debug_aranges
                0x00000348       0x20 ../SynthesizerUnitTest_bsp/\libucosii_bsp.a(alt_close.o)
 .debug_aranges
                0x00000368       0x20 ../SynthesizerUnitTest_bsp/\libucosii_bsp.a(alt_dev.o)
 .debug_aranges
                0x00000388       0x20 ../SynthesizerUnitTest_bsp/\libucosii_bsp.a(alt_fstat.o)
 .debug_aranges
                0x000003a8       0x20 ../SynthesizerUnitTest_bsp/\libucosii_bsp.a(alt_isatty.o)
 .debug_aranges
                0x000003c8       0x20 ../SynthesizerUnitTest_bsp/\libucosii_bsp.a(alt_load.o)
 .debug_aranges
                0x000003e8       0x20 ../SynthesizerUnitTest_bsp/\libucosii_bsp.a(alt_lseek.o)
 .debug_aranges
                0x00000408       0x20 ../SynthesizerUnitTest_bsp/\libucosii_bsp.a(alt_main.o)
 .debug_aranges
                0x00000428       0x20 ../SynthesizerUnitTest_bsp/\libucosii_bsp.a(alt_read.o)
 .debug_aranges
                0x00000448       0x20 ../SynthesizerUnitTest_bsp/\libucosii_bsp.a(alt_release_fd.o)
 .debug_aranges
                0x00000468       0x20 ../SynthesizerUnitTest_bsp/\libucosii_bsp.a(alt_sbrk.o)
 .debug_aranges
                0x00000488       0x20 ../SynthesizerUnitTest_bsp/\libucosii_bsp.a(alt_write.o)
 .debug_aranges
                0x000004a8       0x20 ../SynthesizerUnitTest_bsp/\libucosii_bsp.a(alt_env_lock.o)
 .debug_aranges
                0x000004c8       0x20 ../SynthesizerUnitTest_bsp/\libucosii_bsp.a(alt_malloc_lock.o)
 .debug_aranges
                0x000004e8       0x20 ../SynthesizerUnitTest_bsp/\libucosii_bsp.a(os_core.o)
 .debug_aranges
                0x00000508       0x20 ../SynthesizerUnitTest_bsp/\libucosii_bsp.a(os_dbg.o)
 .debug_aranges
                0x00000528       0x20 ../SynthesizerUnitTest_bsp/\libucosii_bsp.a(os_flag.o)
 .debug_aranges
                0x00000548       0x20 ../SynthesizerUnitTest_bsp/\libucosii_bsp.a(os_mem.o)
 .debug_aranges
                0x00000568       0x20 ../SynthesizerUnitTest_bsp/\libucosii_bsp.a(os_q.o)
 .debug_aranges
                0x00000588       0x20 ../SynthesizerUnitTest_bsp/\libucosii_bsp.a(os_sem.o)
 .debug_aranges
                0x000005a8       0x20 ../SynthesizerUnitTest_bsp/\libucosii_bsp.a(os_task.o)
 .debug_aranges
                0x000005c8       0x20 ../SynthesizerUnitTest_bsp/\libucosii_bsp.a(os_time.o)
 .debug_aranges
                0x000005e8       0x20 ../SynthesizerUnitTest_bsp/\libucosii_bsp.a(alt_sys_init.o)
 .debug_aranges
                0x00000608       0x20 ../SynthesizerUnitTest_bsp/\libucosii_bsp.a(altera_avalon_fifo_util.o)
 .debug_aranges
                0x00000628       0x20 ../SynthesizerUnitTest_bsp/\libucosii_bsp.a(altera_avalon_jtag_uart_fd.o)
 .debug_aranges
                0x00000648       0x20 ../SynthesizerUnitTest_bsp/\libucosii_bsp.a(altera_avalon_jtag_uart_init.o)
 .debug_aranges
                0x00000668       0x20 ../SynthesizerUnitTest_bsp/\libucosii_bsp.a(altera_avalon_jtag_uart_ioctl.o)
 .debug_aranges
                0x00000688       0x20 ../SynthesizerUnitTest_bsp/\libucosii_bsp.a(altera_avalon_jtag_uart_read.o)
 .debug_aranges
                0x000006a8       0x20 ../SynthesizerUnitTest_bsp/\libucosii_bsp.a(altera_avalon_jtag_uart_write.o)
 .debug_aranges
                0x000006c8       0x20 ../SynthesizerUnitTest_bsp/\libucosii_bsp.a(altera_avalon_timer_sc.o)
 .debug_aranges
                0x000006e8       0x20 ../SynthesizerUnitTest_bsp/\libucosii_bsp.a(altera_up_avalon_audio.o)
 .debug_aranges
                0x00000708       0x20 ../SynthesizerUnitTest_bsp/\libucosii_bsp.a(altera_up_avalon_audio_and_video_config.o)
 .debug_aranges
                0x00000728       0x20 ../SynthesizerUnitTest_bsp/\libucosii_bsp.a(altera_up_avalon_character_lcd.o)
 .debug_aranges
                0x00000748       0x20 ../SynthesizerUnitTest_bsp/\libucosii_bsp.a(alt_alarm_start.o)
 .debug_aranges
                0x00000768       0x20 ../SynthesizerUnitTest_bsp/\libucosii_bsp.a(alt_dcache_flush_all.o)
 .debug_aranges
                0x00000788       0x20 ../SynthesizerUnitTest_bsp/\libucosii_bsp.a(alt_dev_llist_insert.o)
 .debug_aranges
                0x000007a8       0x20 ../SynthesizerUnitTest_bsp/\libucosii_bsp.a(alt_do_ctors.o)
 .debug_aranges
                0x000007c8       0x20 ../SynthesizerUnitTest_bsp/\libucosii_bsp.a(alt_do_dtors.o)
 .debug_aranges
                0x000007e8       0x20 ../SynthesizerUnitTest_bsp/\libucosii_bsp.a(alt_find_dev.o)
 .debug_aranges
                0x00000808       0x20 ../SynthesizerUnitTest_bsp/\libucosii_bsp.a(alt_icache_flush_all.o)
 .debug_aranges
                0x00000828       0x20 ../SynthesizerUnitTest_bsp/\libucosii_bsp.a(alt_io_redirect.o)
 .debug_aranges
                0x00000848       0x20 ../SynthesizerUnitTest_bsp/\libucosii_bsp.a(alt_irq_register.o)
 .debug_aranges
                0x00000868       0x20 ../SynthesizerUnitTest_bsp/\libucosii_bsp.a(alt_open.o)
 .debug_aranges
                0x00000888       0x20 ../SynthesizerUnitTest_bsp/\libucosii_bsp.a(alt_tick.o)
 .debug_aranges
                0x000008a8       0x20 ../SynthesizerUnitTest_bsp/\libucosii_bsp.a(altera_nios2_qsys_irq.o)
 .debug_aranges
                0x000008c8       0x20 ../SynthesizerUnitTest_bsp/\libucosii_bsp.a(os_cpu_a.o)
 .debug_aranges
                0x000008e8       0x20 ../SynthesizerUnitTest_bsp/\libucosii_bsp.a(os_cpu_c.o)
 .debug_aranges
                0x00000908       0x20 ../SynthesizerUnitTest_bsp/\libucosii_bsp.a(alt_find_file.o)
 .debug_aranges
                0x00000928       0x20 ../SynthesizerUnitTest_bsp/\libucosii_bsp.a(alt_get_fd.o)
 .debug_aranges
                0x00000948       0x20 ../SynthesizerUnitTest_bsp/\libucosii_bsp.a(alt_icache_flush.o)
 .debug_aranges
                0x00000968       0x30 ../SynthesizerUnitTest_bsp/\libucosii_bsp.a(alt_irq_entry.o)
 .debug_aranges
                0x00000998       0x28 ../SynthesizerUnitTest_bsp/\libucosii_bsp.a(alt_irq_handler.o)
 .debug_aranges
                0x000009c0       0x38 ../SynthesizerUnitTest_bsp/\libucosii_bsp.a(alt_exception_entry.o)
 .debug_aranges
                0x000009f8       0x20 c:/altera/12.1sp1/nios2eds/bin/gnu/h-i686-mingw32/bin/../lib/gcc/nios2-elf/4.1.2/../../../../nios2-elf/lib\libc.a(lib_a-atexit.o)
 .debug_aranges
                0x00000a18       0x20 c:/altera/12.1sp1/nios2eds/bin/gnu/h-i686-mingw32/bin/../lib/gcc/nios2-elf/4.1.2/../../../../nios2-elf/lib\libc.a(lib_a-exit.o)
 .debug_aranges
                0x00000a38       0x20 c:/altera/12.1sp1/nios2eds/bin/gnu/h-i686-mingw32/bin/../lib/gcc/nios2-elf/4.1.2/../../../../nios2-elf/lib\libc.a(lib_a-memcmp.o)
 .debug_aranges
                0x00000a58       0x20 c:/altera/12.1sp1/nios2eds/bin/gnu/h-i686-mingw32/bin/../lib/gcc/nios2-elf/4.1.2/../../../../nios2-elf/lib\libc.a(lib_a-__atexit.o)
 .debug_aranges
                0x00000a78       0x20 c:/altera/12.1sp1/nios2eds/bin/gnu/h-i686-mingw32/bin/../lib/gcc/nios2-elf/4.1.2/../../../../nios2-elf/lib\libc.a(lib_a-__call_atexit.o)
 .debug_aranges
                0x00000a98       0x20 c:/altera/12.1sp1/nios2eds/bin/gnu/h-i686-mingw32/bin/../lib/gcc/nios2-elf/4.1.2\libgcc.a(lib2-divmod.o)
 .debug_aranges
                0x00000ab8       0x20 ../SynthesizerUnitTest_bsp/\libucosii_bsp.a(alt_exit.o)

.debug_pubnames
                0x00000000     0x235b
 *(.debug_pubnames)
 .debug_pubnames
                0x00000000       0x4b obj/default/hello_ucosii.o
 .debug_pubnames
                0x0000004b       0x27 c:/altera/12.1sp1/nios2eds/bin/gnu/h-i686-mingw32/bin/../lib/gcc/nios2-elf/4.1.2/../../../../nios2-elf/lib\libc.a(lib_a-puts.o)
 .debug_pubnames
                0x00000072       0x1d c:/altera/12.1sp1/nios2eds/bin/gnu/h-i686-mingw32/bin/../lib/gcc/nios2-elf/4.1.2/../../../../nios2-elf/lib\libc.a(lib_a-strlen.o)
 .debug_pubnames
                0x0000008f       0x23 c:/altera/12.1sp1/nios2eds/bin/gnu/h-i686-mingw32/bin/../lib/gcc/nios2-elf/4.1.2/../../../../nios2-elf/lib\libc.a(lib_a-fvwrite.o)
 .debug_pubnames
                0x000000b2       0x39 c:/altera/12.1sp1/nios2eds/bin/gnu/h-i686-mingw32/bin/../lib/gcc/nios2-elf/4.1.2/../../../../nios2-elf/lib\libc.a(lib_a-impure.o)
 .debug_pubnames
                0x000000eb       0xce c:/altera/12.1sp1/nios2eds/bin/gnu/h-i686-mingw32/bin/../lib/gcc/nios2-elf/4.1.2/../../../../nios2-elf/lib\libc.a(lib_a-mallocr.o)
 .debug_pubnames
                0x000001b9       0x1d c:/altera/12.1sp1/nios2eds/bin/gnu/h-i686-mingw32/bin/../lib/gcc/nios2-elf/4.1.2/../../../../nios2-elf/lib\libc.a(lib_a-memchr.o)
 .debug_pubnames
                0x000001d6       0x1d c:/altera/12.1sp1/nios2eds/bin/gnu/h-i686-mingw32/bin/../lib/gcc/nios2-elf/4.1.2/../../../../nios2-elf/lib\libc.a(lib_a-memcpy.o)
 .debug_pubnames
                0x000001f3       0x1e c:/altera/12.1sp1/nios2eds/bin/gnu/h-i686-mingw32/bin/../lib/gcc/nios2-elf/4.1.2/../../../../nios2-elf/lib\libc.a(lib_a-memmove.o)
 .debug_pubnames
                0x00000211       0x21 c:/altera/12.1sp1/nios2eds/bin/gnu/h-i686-mingw32/bin/../lib/gcc/nios2-elf/4.1.2/../../../../nios2-elf/lib\libc.a(lib_a-reallocr.o)
 .debug_pubnames
                0x00000232       0x1e c:/altera/12.1sp1/nios2eds/bin/gnu/h-i686-mingw32/bin/../lib/gcc/nios2-elf/4.1.2/../../../../nios2-elf/lib\libc.a(lib_a-sbrkr.o)
 .debug_pubnames
                0x00000250       0x22 c:/altera/12.1sp1/nios2eds/bin/gnu/h-i686-mingw32/bin/../lib/gcc/nios2-elf/4.1.2/../../../../nios2-elf/lib\libc.a(lib_a-wsetup.o)
 .debug_pubnames
                0x00000272       0x2b c:/altera/12.1sp1/nios2eds/bin/gnu/h-i686-mingw32/bin/../lib/gcc/nios2-elf/4.1.2/../../../../nios2-elf/lib\libc.a(lib_a-fflush.o)
 .debug_pubnames
                0x0000029d       0xdb c:/altera/12.1sp1/nios2eds/bin/gnu/h-i686-mingw32/bin/../lib/gcc/nios2-elf/4.1.2/../../../../nios2-elf/lib\libc.a(lib_a-findfp.o)
 .debug_pubnames