Archive member included because of file (symbol)

c:/altera/12.1sp1/nios2eds/bin/gnu/h-i686-mingw32/bin/../lib/gcc/nios2-elf/4.1.2\libgcc.a(lib2-divmod.o)
                              obj/default/hello_ucosii.o (__modsi3)
c:/altera/12.1sp1/nios2eds/bin/gnu/h-i686-mingw32/bin/../lib/gcc/nios2-elf/4.1.2/../../../../nios2-elf/lib\libc.a(lib_a-putchar.o)
                              obj/default/hello_ucosii.o (putchar)
c:/altera/12.1sp1/nios2eds/bin/gnu/h-i686-mingw32/bin/../lib/gcc/nios2-elf/4.1.2/../../../../nios2-elf/lib\libc.a(lib_a-impure.o)
                              c:/altera/12.1sp1/nios2eds/bin/gnu/h-i686-mingw32/bin/../lib/gcc/nios2-elf/4.1.2/../../../../nios2-elf/lib\libc.a(lib_a-putchar.o) (_impure_ptr)
c:/altera/12.1sp1/nios2eds/bin/gnu/h-i686-mingw32/bin/../lib/gcc/nios2-elf/4.1.2/../../../../nios2-elf/lib\libc.a(lib_a-putc.o)
                              c:/altera/12.1sp1/nios2eds/bin/gnu/h-i686-mingw32/bin/../lib/gcc/nios2-elf/4.1.2/../../../../nios2-elf/lib\libc.a(lib_a-putchar.o) (_putc_r)
c:/altera/12.1sp1/nios2eds/bin/gnu/h-i686-mingw32/bin/../lib/gcc/nios2-elf/4.1.2/../../../../nios2-elf/lib\libc.a(lib_a-wbuf.o)
                              c:/altera/12.1sp1/nios2eds/bin/gnu/h-i686-mingw32/bin/../lib/gcc/nios2-elf/4.1.2/../../../../nios2-elf/lib\libc.a(lib_a-putc.o) (__swbuf_r)
c:/altera/12.1sp1/nios2eds/bin/gnu/h-i686-mingw32/bin/../lib/gcc/nios2-elf/4.1.2/../../../../nios2-elf/lib\libc.a(lib_a-wsetup.o)
                              c:/altera/12.1sp1/nios2eds/bin/gnu/h-i686-mingw32/bin/../lib/gcc/nios2-elf/4.1.2/../../../../nios2-elf/lib\libc.a(lib_a-wbuf.o) (__swsetup_r)
c:/altera/12.1sp1/nios2eds/bin/gnu/h-i686-mingw32/bin/../lib/gcc/nios2-elf/4.1.2/../../../../nios2-elf/lib\libc.a(lib_a-fflush.o)
                              c:/altera/12.1sp1/nios2eds/bin/gnu/h-i686-mingw32/bin/../lib/gcc/nios2-elf/4.1.2/../../../../nios2-elf/lib\libc.a(lib_a-wbuf.o) (_fflush_r)
c:/altera/12.1sp1/nios2eds/bin/gnu/h-i686-mingw32/bin/../lib/gcc/nios2-elf/4.1.2/../../../../nios2-elf/lib\libc.a(lib_a-findfp.o)
                              c:/altera/12.1sp1/nios2eds/bin/gnu/h-i686-mingw32/bin/../lib/gcc/nios2-elf/4.1.2/../../../../nios2-elf/lib\libc.a(lib_a-putc.o) (__sinit)
c:/altera/12.1sp1/nios2eds/bin/gnu/h-i686-mingw32/bin/../lib/gcc/nios2-elf/4.1.2/../../../../nios2-elf/lib\libc.a(lib_a-freer.o)
                              c:/altera/12.1sp1/nios2eds/bin/gnu/h-i686-mingw32/bin/../lib/gcc/nios2-elf/4.1.2/../../../../nios2-elf/lib\libc.a(lib_a-wsetup.o) (_free_r)
c:/altera/12.1sp1/nios2eds/bin/gnu/h-i686-mingw32/bin/../lib/gcc/nios2-elf/4.1.2/../../../../nios2-elf/lib\libc.a(lib_a-fwalk.o)
                              c:/altera/12.1sp1/nios2eds/bin/gnu/h-i686-mingw32/bin/../lib/gcc/nios2-elf/4.1.2/../../../../nios2-elf/lib\libc.a(lib_a-fflush.o) (_fwalk_reent)
c:/altera/12.1sp1/nios2eds/bin/gnu/h-i686-mingw32/bin/../lib/gcc/nios2-elf/4.1.2/../../../../nios2-elf/lib\libc.a(lib_a-makebuf.o)
                              c:/altera/12.1sp1/nios2eds/bin/gnu/h-i686-mingw32/bin/../lib/gcc/nios2-elf/4.1.2/../../../../nios2-elf/lib\libc.a(lib_a-wsetup.o) (__smakebuf_r)
c:/altera/12.1sp1/nios2eds/bin/gnu/h-i686-mingw32/bin/../lib/gcc/nios2-elf/4.1.2/../../../../nios2-elf/lib\libc.a(lib_a-mallocr.o)
                              c:/altera/12.1sp1/nios2eds/bin/gnu/h-i686-mingw32/bin/../lib/gcc/nios2-elf/4.1.2/../../../../nios2-elf/lib\libc.a(lib_a-findfp.o) (_malloc_r)
c:/altera/12.1sp1/nios2eds/bin/gnu/h-i686-mingw32/bin/../lib/gcc/nios2-elf/4.1.2/../../../../nios2-elf/lib\libc.a(lib_a-memset.o)
                              c:/altera/12.1sp1/nios2eds/bin/gnu/h-i686-mingw32/bin/../lib/gcc/nios2-elf/4.1.2/../../../../nios2-elf/lib\libc.a(lib_a-findfp.o) (memset)
c:/altera/12.1sp1/nios2eds/bin/gnu/h-i686-mingw32/bin/../lib/gcc/nios2-elf/4.1.2/../../../../nios2-elf/lib\libc.a(lib_a-sbrkr.o)
                              c:/altera/12.1sp1/nios2eds/bin/gnu/h-i686-mingw32/bin/../lib/gcc/nios2-elf/4.1.2/../../../../nios2-elf/lib\libc.a(lib_a-freer.o) (_sbrk_r)
c:/altera/12.1sp1/nios2eds/bin/gnu/h-i686-mingw32/bin/../lib/gcc/nios2-elf/4.1.2/../../../../nios2-elf/lib\libc.a(lib_a-stdio.o)
                              c:/altera/12.1sp1/nios2eds/bin/gnu/h-i686-mingw32/bin/../lib/gcc/nios2-elf/4.1.2/../../../../nios2-elf/lib\libc.a(lib_a-findfp.o) (__sclose)
c:/altera/12.1sp1/nios2eds/bin/gnu/h-i686-mingw32/bin/../lib/gcc/nios2-elf/4.1.2/../../../../nios2-elf/lib\libc.a(lib_a-writer.o)
                              c:/altera/12.1sp1/nios2eds/bin/gnu/h-i686-mingw32/bin/../lib/gcc/nios2-elf/4.1.2/../../../../nios2-elf/lib\libc.a(lib_a-stdio.o) (_write_r)
c:/altera/12.1sp1/nios2eds/bin/gnu/h-i686-mingw32/bin/../lib/gcc/nios2-elf/4.1.2/../../../../nios2-elf/lib\libc.a(lib_a-closer.o)
                              c:/altera/12.1sp1/nios2eds/bin/gnu/h-i686-mingw32/bin/../lib/gcc/nios2-elf/4.1.2/../../../../nios2-elf/lib\libc.a(lib_a-stdio.o) (_close_r)
[...]
Memory Configuration

Name             Origin             Length             Attributes
sdram_0          0x00800000         0x00800000
sram_0           0x01080000         0x00080000
reset            0x01104000         0x00000020
onchip_memory2_0 0x01104020         0x00003fe0
*default*        0x00000000         0xffffffff

Linker script and memory map

LOAD ../SynthesizerUnitTest_bsp//obj/HAL/src/crt0.o
LOAD obj/default/hello_ucosii.o
LOAD c:/altera/12.1sp1/nios2eds/bin/gnu/h-i686-mingw32/bin/../lib/gcc/nios2-elf/4.1.2/../../../../nios2-elf/lib\libstdc++.a
LOAD c:/altera/12.1sp1/nios2eds/bin/gnu/h-i686-mingw32/bin/../lib/gcc/nios2-elf/4.1.2/../../../../nios2-elf/lib\libm.a
LOAD c:/altera/12.1sp1/nios2eds/bin/gnu/h-i686-mingw32/bin/../lib/gcc/nios2-elf/4.1.2\libgcc.a
START GROUP
LOAD c:/altera/12.1sp1/nios2eds/bin/gnu/h-i686-mingw32/bin/../lib/gcc/nios2-elf/4.1.2/../../../../nios2-elf/lib\libc.a
LOAD c:/altera/12.1sp1/nios2eds/bin/gnu/h-i686-mingw32/bin/../lib/gcc/nios2-elf/4.1.2\libgcc.a
LOAD ../SynthesizerUnitTest_bsp/\libucosii_bsp.a
END GROUP
LOAD c:/altera/12.1sp1/nios2eds/bin/gnu/h-i686-mingw32/bin/../lib/gcc/nios2-elf/4.1.2\libgcc.a
                0x00800000                __alt_mem_sdram_0 = 0x800000
                0x01080000                __alt_mem_sram_0 = 0x1080000
                0x01104000                __alt_mem_onchip_memory2_0 = 0x1104000

.entry          0x01104000       0x20
 *(.entry)
 .entry         0x01104000       0x20 ../SynthesizerUnitTest_bsp//obj/HAL/src/crt0.o
                0x01104000                __reset

.exceptions     0x01104020      0x19c load address 0x00800000
                0x01104020                PROVIDE (__ram_exceptions_start, ABSOLUTE (.))
                0x01104020                . = ALIGN (0x20)
 *(.irq)
 *(.exceptions.entry.label)
 .exceptions.entry.label
                0x01104020        0x0 ../SynthesizerUnitTest_bsp/\libucosii_bsp.a(alt_irq_entry.o)
                0x01104020                alt_irq_entry
 .exceptions.entry.label
                0x01104020        0x0 ../SynthesizerUnitTest_bsp/\libucosii_bsp.a(alt_exception_entry.o)
                0x01104020                alt_exception
 *(.exceptions.entry.user)
 *(.exceptions.entry)
 .exceptions.entry
                0x01104020       0x54 ../SynthesizerUnitTest_bsp/\libucosii_bsp.a(alt_exception_entry.o)
 *(.exceptions.irqtest.user)
 *(.exceptions.irqtest)
 .exceptions.irqtest
                0x01104074       0x10 ../SynthesizerUnitTest_bsp/\libucosii_bsp.a(alt_irq_entry.o)
 *(.exceptions.irqhandler.user)
 *(.exceptions.irqhandler)
 .exceptions.irqhandler
                0x01104084        0x4 ../SynthesizerUnitTest_bsp/\libucosii_bsp.a(alt_irq_entry.o)
 *(.exceptions.irqreturn.user)
 *(.exceptions.irqreturn)
 .exceptions.irqreturn
                0x01104088        0x4 ../SynthesizerUnitTest_bsp/\libucosii_bsp.a(alt_irq_entry.o)
 *(.exceptions.notirq.label)
 .exceptions.notirq.label
                0x0110408c        0x0 ../SynthesizerUnitTest_bsp/\libucosii_bsp.a(alt_irq_entry.o)
 *(.exceptions.notirq.user)
 *(.exceptions.notirq)
 .exceptions.notirq
                0x0110408c        0x8 ../SynthesizerUnitTest_bsp/\libucosii_bsp.a(alt_exception_entry.o)
 *(.exceptions.soft.user)
 *(.exceptions.soft)
 *(.exceptions.unknown.user)
 *(.exceptions.unknown)
 .exceptions.unknown
                0x01104094        0x4 ../SynthesizerUnitTest_bsp/\libucosii_bsp.a(alt_exception_entry.o)
 *(.exceptions.exit.label)
 .exceptions.exit.label
                0x01104098        0x0 ../SynthesizerUnitTest_bsp/\libucosii_bsp.a(alt_irq_entry.o)
 .exceptions.exit.label
                0x01104098        0x0 ../SynthesizerUnitTest_bsp/\libucosii_bsp.a(alt_exception_entry.o)
 *(.exceptions.exit.user)
 *(.exceptions.exit)
 .exceptions.exit
                0x01104098       0x54 ../SynthesizerUnitTest_bsp/\libucosii_bsp.a(alt_exception_entry.o)
 *(.exceptions)
 .exceptions    0x011040ec       0xd0 ../SynthesizerUnitTest_bsp/\libucosii_bsp.a(alt_irq_handler.o)
                0x011040ec                alt_irq_handler
                0x011041bc                PROVIDE (__ram_exceptions_end, ABSOLUTE (.))
                0x00800000                PROVIDE (__flash_exceptions_start, LOADADDR (.exceptions))

.text           0x0080019c     0xe4ec
                0x0080019c                PROVIDE (stext, ABSOLUTE (.))
 *(.interp)
 *(.hash)
 *(.dynsym)
 *(.dynstr)
 *(.gnu.version)
 *(.gnu.version_d)
 *(.gnu.version_r)
 *(.rel.init)
 *(.rela.init)
 *(.rel.text .rel.text.* .rel.gnu.linkonce.t.*)
 *(.rela.text .rela.text.* .rela.gnu.linkonce.t.*)
 *(.rel.fini)
 *(.rela.fini)
 *(.rel.rodata .rel.rodata.* .rel.gnu.linkonce.r.*)
 *(.rela.rodata .rela.rodata.* .rela.gnu.linkonce.r.*)
 *(.rel.data .rel.data.* .rel.gnu.linkonce.d.*)
 *(.rela.data .rela.data.* .rela.gnu.linkonce.d.*)
 *(.rel.tdata .rel.tdata.* .rel.gnu.linkonce.td.*)
 *(.rela.tdata .rela.tdata.* .rela.gnu.linkonce.td.*)
 *(.rel.tbss .rel.tbss.* .rel.gnu.linkonce.tb.*)
 *(.rela.tbss .rela.tbss.* .rela.gnu.linkonce.tb.*)
 *(.rel.ctors)
 *(.rela.ctors)
 *(.rel.dtors)
 *(.rela.dtors)
 *(.rel.got)
 *(.rela.got)
 *(.rel.sdata .rel.sdata.* .rel.gnu.linkonce.s.*)
 *(.rela.sdata .rela.sdata.* .rela.gnu.linkonce.s.*)
 *(.rel.sbss .rel.sbss.* .rel.gnu.linkonce.sb.*)
 *(.rela.sbss .rela.sbss.* .rela.gnu.linkonce.sb.*)
 *(.rel.sdata2 .rel.sdata2.* .rel.gnu.linkonce.s2.*)
 *(.rela.sdata2 .rela.sdata2.* .rela.gnu.linkonce.s2.*)
 *(.rel.sbss2 .rel.sbss2.* .rel.gnu.linkonce.sb2.*)
 *(.rela.sbss2 .rela.sbss2.* .rela.gnu.linkonce.sb2.*)
 *(.rel.bss .rel.bss.* .rel.gnu.linkonce.b.*)
 *(.rela.bss .rela.bss.* .rela.gnu.linkonce.b.*)
 *(.rel.plt)
 *(.rela.plt)
 *(.rel.dyn)
 *(.init)
 *(.plt)
 *(.text .stub .text.* .gnu.linkonce.t.*)
 .text          0x0080019c       0x4c ../SynthesizerUnitTest_bsp//obj/HAL/src/crt0.o
                0x0080019c                _start
 .text          0x008001e8      0x10c obj/default/hello_ucosii.o
                0x008001e8                task1
                0x00800288                main
 .text          0x008002f4      0x14c c:/altera/12.1sp1/nios2eds/bin/gnu/h-i686-mingw32/bin/../lib/gcc/nios2-elf/4.1.2\libgcc.a(lib2-divmod.o)
                0x00800370                __divsi3
                0x008003d0                __modsi3
                0x00800430                __udivsi3
                0x00800438                __umodsi3
 .text          0x00800440       0x24 c:/altera/12.1sp1/nios2eds/bin/gnu/h-i686-mingw32/bin/../lib/gcc/nios2-elf/4.1.2/../../../../nios2-elf/lib\libc.a(lib_a-putchar.o)
                0x00800440                putchar
                0x0080045c                _putchar_r
 .text          0x00800464        0x0 c:/altera/12.1sp1/nios2eds/bin/gnu/h-i686-mingw32/bin/../lib/gcc/nios2-elf/4.1.2/../../../../nios2-elf/lib\libc.a(lib_a-impure.o)
 .text          0x00800464      0x1ec c:/altera/12.1sp1/nios2eds/bin/gnu/h-i686-mingw32/bin/../lib/gcc/nios2-elf/4.1.2/../../../../nios2-elf/lib\libc.a(lib_a-putc.o)
                0x00800464                putc
                0x00800568                _putc_r
 .text          0x00800650      0x14c c:/altera/12.1sp1/nios2eds/bin/gnu/h-i686-mingw32/bin/../lib/gcc/nios2-elf/4.1.2/../../../../nios2-elf/lib\libc.a(lib_a-wbuf.o)
                0x00800650                __swbuf_r
                0x00800780                __swbuf
 .text          0x0080079c      0x13c c:/altera/12.1sp1/nios2eds/bin/gnu/h-i686-mingw32/bin/../lib/gcc/nios2-elf/4.1.2/../../../../nios2-elf/lib\libc.a(lib_a-wsetup.o)
                0x0080079c                __swsetup_r
 .text          0x008008d8      0x230 c:/altera/12.1sp1/nios2eds/bin/gnu/h-i686-mingw32/bin/../lib/gcc/nios2-elf/4.1.2/../../../../nios2-elf/lib\libc.a(lib_a-fflush.o)
                0x008008d8                _fflush_r
                0x00800ad4                fflush
 .text          0x00800b08      0x2c0 c:/altera/12.1sp1/nios2eds/bin/gnu/h-i686-mingw32/bin/../lib/gcc/nios2-elf/4.1.2/../../../../nios2-elf/lib\libc.a(lib_a-findfp.o)
                0x00800b60                __sfp_lock_acquire
                0x00800b64                __sfp_lock_release
                0x00800b68                __sinit_lock_acquire
                0x00800b6c                __sinit_lock_release
                0x00800b70                __sinit
                0x00800c24                __fp_unlock_all
                0x00800c3c                __fp_lock_all
                0x00800c54                _cleanup_r
                0x00800c60                _cleanup
                0x00800c70                __sfmoreglue
                0x00800cd8                __sfp
 .text          0x00800dc8      0x440 c:/altera/12.1sp1/nios2eds/bin/gnu/h-i686-mingw32/bin/../lib/gcc/nios2-elf/4.1.2/../../../../nios2-elf/lib\libc.a(lib_a-freer.o)
                0x00800dc8                _malloc_trim_r
                0x00800ef4                _free_r
 .text          0x00801208      0x180 c:/altera/12.1sp1/nios2eds/bin/gnu/h-i686-mingw32/bin/../lib/gcc/nios2-elf/4.1.2/../../../../nios2-elf/lib\libc.a(lib_a-fwalk.o)
                0x00801208                _fwalk_reent
                0x008012d0                _fwalk
 .text          0x00801388      0x194 c:/altera/12.1sp1/nios2eds/bin/gnu/h-i686-mingw32/bin/../lib/gcc/nios2-elf/4.1.2/../../../../nios2-elf/lib\libc.a(lib_a-makebuf.o)
                0x00801388                __smakebuf_r
 .text          0x0080151c      0x740 c:/altera/12.1sp1/nios2eds/bin/gnu/h-i686-mingw32/bin/../lib/gcc/nios2-elf/4.1.2/../../../../nios2-elf/lib\libc.a(lib_a-mallocr.o)
                0x0080151c                _malloc_r
 .text          0x00801c5c       0x98 c:/altera/12.1sp1/nios2eds/bin/gnu/h-i686-mingw32/bin/../lib/gcc/nios2-elf/4.1.2/../../../../nios2-elf/lib\libc.a(lib_a-memset.o)
                0x00801c5c                memset
 .text          0x00801cf4       0x70 c:/altera/12.1sp1/nios2eds/bin/gnu/h-i686-mingw32/bin/../lib/gcc/nios2-elf/4.1.2/../../../../nios2-elf/lib\libc.a(lib_a-sbrkr.o)
                0x00801cf4                _sbrk_r
 .text          0x00801d64      0x14c c:/altera/12.1sp1/nios2eds/bin/gnu/h-i686-mingw32/bin/../lib/gcc/nios2-elf/4.1.2/../../../../nios2-elf/lib\libc.a(lib_a-stdio.o)
                0x00801d64                __sclose
                0x00801d6c                __sseek
                0x00801dd4                __swrite
                0x00801e50                __sread
 .text          0x00801eb0       0x78 c:/altera/12.1sp1/nios2eds/bin/gnu/h-i686-mingw32/bin/../lib/gcc/nios2-elf/4.1.2/../../../../nios2-elf/lib\libc.a(lib_a-writer.o)
                0x00801eb0                _write_r
 .text          0x00801f28       0x70 c:/altera/12.1sp1/nios2eds/bin/gnu/h-i686-mingw32/bin/../lib/gcc/nios2-elf/4.1.2/../../../../nios2-elf/lib\libc.a(lib_a-closer.o)
                0x00801f28                _close_r
 .text          0x00801f98      0x124 c:/altera/12.1sp1/nios2eds/bin/gnu/h-i686-mingw32/bin/../lib/gcc/nios2-elf/4.1.2/../../../../nios2-elf/lib\libc.a(lib_a-fclose.o)
                0x00801f98                _fclose_r
                0x008020a8                fclose
 .text          0x008020bc       0x74 c:/altera/12.1sp1/nios2eds/bin/gnu/h-i686-mingw32/bin/../lib/gcc/nios2-elf/4.1.2/../../../../nios2-elf/lib\libc.a(lib_a-fstatr.o)
                0x008020bc                _fstat_r
 .text          0x00802130        0x0 c:/altera/12.1sp1/nios2eds/bin/gnu/h-i686-mingw32/bin/../lib/gcc/nios2-elf/4.1.2/../../../../nios2-elf/lib\libc.a(lib_a-int_errno.o)
 .text          0x00802130       0x70 c:/altera/12.1sp1/nios2eds/bin/gnu/h-i686-mingw32/bin/../lib/gcc/nios2-elf/4.1.2/../../../../nios2-elf/lib\libc.a(lib_a-isattyr.o)
                0x00802130                _isatty_r
 .text          0x008021a0       0x78 c:/altera/12.1sp1/nios2eds/bin/gnu/h-i686-mingw32/bin/../lib/gcc/nios2-elf/4.1.2/../../../../nios2-elf/lib\libc.a(lib_a-lseekr.o)
                0x008021a0                _lseek_r
 .text          0x00802218       0x78 c:/altera/12.1sp1/nios2eds/bin/gnu/h-i686-mingw32/bin/../lib/gcc/nios2-elf/4.1.2/../../../../nios2-elf/lib\libc.a(lib_a-readr.o)
                0x00802218                _read_r
 .text          0x00802290      0x15c ../SynthesizerUnitTest_bsp/\libucosii_bsp.a(alt_close.o)
                0x00802290                close
 .text          0x008023ec       0x2c ../SynthesizerUnitTest_bsp/\libucosii_bsp.a(alt_dev.o)
 .text          0x00802418        0x0 ../SynthesizerUnitTest_bsp/\libucosii_bsp.a(alt_errno.o)
 .text          0x00802418      0x134 ../SynthesizerUnitTest_bsp/\libucosii_bsp.a(alt_fstat.o)
                0x00802418                fstat
 .text          0x0080254c      0x120 ../SynthesizerUnitTest_bsp/\libucosii_bsp.a(alt_isatty.o)
                0x0080254c                isatty
 .text          0x0080266c       0xec ../SynthesizerUnitTest_bsp/\libucosii_bsp.a(alt_load.o)
                0x0080266c                alt_load
 .text          0x00802758      0x150 ../SynthesizerUnitTest_bsp/\libucosii_bsp.a(alt_lseek.o)
                0x00802758                lseek
 .text          0x008028a8       0xc8 ../SynthesizerUnitTest_bsp/\libucosii_bsp.a(alt_main.o)
                0x008028a8                alt_main
 .text          0x00802970      0x180 ../SynthesizerUnitTest_bsp/\libucosii_bsp.a(alt_read.o)
                0x00802970                read
 .text          0x00802af0       0x60 ../SynthesizerUnitTest_bsp/\libucosii_bsp.a(alt_release_fd.o)
                0x00802af0                alt_release_fd
 .text          0x00802b50       0xbc ../SynthesizerUnitTest_bsp/\libucosii_bsp.a(alt_sbrk.o)
                0x00802b50                sbrk
 .text          0x00802c0c      0x180 ../SynthesizerUnitTest_bsp/\libucosii_bsp.a(alt_write.o)
                0x00802c0c                write
 .text          0x00802d8c      0x108 ../SynthesizerUnitTest_bsp/\libucosii_bsp.a(alt_env_lock.o)
                0x00802d8c                __env_lock
                0x00802e38                __env_unlock
 .text          0x00802e94      0x1d8 ../SynthesizerUnitTest_bsp/\libucosii_bsp.a(alt_malloc_lock.o)
                0x00802e94                __malloc_lock
                0x00802f9c                __malloc_unlock
 .text          0x0080306c     0x2128 ../SynthesizerUnitTest_bsp/\libucosii_bsp.a(os_core.o)
                0x0080306c                OSEventNameGet
                0x0080319c                OSEventNameSet
                0x008032e0                OSEventPendMulti
                0x00803994                OSInit
                0x008039e8                OSIntEnter
                0x00803a64                OSIntExit
                0x00803b64                OSSchedLock
                0x00803bf0                OSSchedUnlock
                0x00803cd4                OSStart
                0x00803d44                OSStatInit
                0x00803df0                OSTimeTick
                0x00804030                OSVersion
                0x00804050                OS_Dummy
                0x0080406c                OS_EventTaskRdy
                0x00804200                OS_EventTaskWait
                0x00804310                OS_EventTaskWaitMulti
                0x00804464                OS_EventTaskRemove
                0x0080451c                OS_EventTaskRemoveMulti
                0x00804620                OS_EventWaitListInit
                0x008049ec                OS_MemClr
                0x00804a40                OS_MemCopy
                0x00804aac                OS_Sched
                0x00804bf0                OS_StrCopy
                0x00804c70                OS_StrLen
                0x00804cc8                OS_TaskIdle
                0x00804d24                OS_TaskStat
                0x00804dec                OS_TaskStatStkChk
                0x00804eb4                OS_TCBInit
 .text          0x00805194      0x18c ../SynthesizerUnitTest_bsp/\libucosii_bsp.a(os_dbg.o)
                0x00805194                OSDebugInit
 .text          0x00805320     0x193c ../SynthesizerUnitTest_bsp/\libucosii_bsp.a(os_flag.o)
                0x00805320                OSFlagAccept
                0x00805654                OSFlagCreate
                0x00805790                OSFlagDel
                0x00805a38                OSFlagNameGet
                0x00805b7c                OSFlagNameSet
                0x00805cd0                OSFlagPend
                0x00806314                OSFlagPendGetFlagsRdy
                0x0080637c                OSFlagPost
                0x00806724                OSFlagQuery
                0x008069bc                OS_FlagInit
                0x00806bb0                OS_FlagUnlink
 .text          0x00806c5c      0x808 ../SynthesizerUnitTest_bsp/\libucosii_bsp.a(os_mem.o)
                0x00806c5c                OSMemCreate
                0x00806e78                OSMemGet
                0x00806f7c                OSMemNameGet
                0x00807088                OSMemNameSet
                0x008071a8                OSMemPut
                0x00807298                OSMemQuery
                0x00807394                OS_MemInit
 .text          0x00807464     0x1334 ../SynthesizerUnitTest_bsp/\libucosii_bsp.a(os_q.o)
                0x00807464                OSQAccept
                0x008075b8                OSQCreate
                0x008077cc                OSQDel
                0x00807acc                OSQFlush
                0x00807b94                OSQPend
                0x00807eb4                OSQPendAbort
                0x00808030                OSQPost
                0x008081b0                OSQPostFront
                0x00808338                OSQPostOpt
                0x0080856c                OSQQuery
                0x008086ec                OS_QInit
 .text          0x00808798      0xbc8 ../SynthesizerUnitTest_bsp/\libucosii_bsp.a(os_sem.o)
                0x00808798                OSSemAccept
                0x00808858                OSSemCreate
                0x0080896c                OSSemDel
                0x00808c0c                OSSemPend
                0x00808e88                OSSemPendAbort
                0x00809004                OSSemPost
                0x0080912c                OSSemQuery
                0x0080925c                OSSemSet
 .text          0x00809360     0x1a40 ../SynthesizerUnitTest_bsp/\libucosii_bsp.a(os_task.o)
                0x00809360                OSTaskChangePrio
                0x008098d4                OSTaskCreate
                0x00809aa8                OSTaskCreateExt
                0x00809ca8                OSTaskDel
                0x0080a0b4                OSTaskDelReq
                0x0080a224                OSTaskNameGet
                0x0080a3dc                OSTaskNameSet
                0x0080a5a0                OSTaskResume
                0x0080a7b8                OSTaskStkChk
                0x0080a9b4                OSTaskSuspend
                0x0080abe0                OSTaskQuery
                0x0080ad24                OS_TaskStkClr
 .text          0x0080ada0      0x598 ../SynthesizerUnitTest_bsp/\libucosii_bsp.a(os_time.o)
                0x0080ada0                OSTimeDly
                0x0080aeec                OSTimeDlyHMSM
                0x0080b060                OSTimeDlyResume
                0x0080b270                OSTimeGet
                0x0080b2d4                OSTimeSet
 .text          0x0080b338       0xe0 ../SynthesizerUnitTest_bsp/\libucosii_bsp.a(alt_sys_init.o)
                0x0080b338                alt_irq_init
                0x0080b36c                alt_sys_init
 .text          0x0080b418      0x560 ../SynthesizerUnitTest_bsp/\libucosii_bsp.a(altera_avalon_fifo_util.o)
                0x0080b418                altera_avalon_fifo_init
                0x0080b4d4                altera_avalon_fifo_read_status
                0x0080b510                altera_avalon_fifo_read_ienable
                0x0080b54c                altera_avalon_fifo_read_almostfull
                0x0080b578                altera_avalon_fifo_read_almostempty
                0x0080b5a4                altera_avalon_fifo_read_event
                0x0080b5e0                altera_avalon_fifo_read_level
                0x0080b608                altera_avalon_fifo_clear_event
                0x0080b670                altera_avalon_fifo_write_ienable
                0x0080b6d0                altera_avalon_fifo_write_almostfull
                0x0080b730                altera_avalon_fifo_write_almostempty
                0x0080b790                altera_avalon_fifo_write_fifo
                0x0080b7f4                altera_avalon_read_fifo
                0x0080b864                altera_avalon_fifo_read_fifo
                0x0080b8bc                altera_avalon_fifo_write_other_info
                0x0080b924                altera_avalon_fifo_read_other_info
                0x0080b950                altera_avalon_fifo_read_backpressure
 .text          0x0080b978      0x148 ../SynthesizerUnitTest_bsp/\libucosii_bsp.a(altera_avalon_jtag_uart_fd.o)
                0x0080b978                altera_avalon_jtag_uart_read_fd
                0x0080b9d0                altera_avalon_jtag_uart_write_fd
                0x0080ba28                altera_avalon_jtag_uart_close_fd
                0x0080ba70                altera_avalon_jtag_uart_ioctl_fd
 .text          0x0080bac0      0x584 ../SynthesizerUnitTest_bsp/\libucosii_bsp.a(altera_avalon_jtag_uart_init.o)
                0x0080bac0                altera_avalon_jtag_uart_init
                0x0080bfd0                altera_avalon_jtag_uart_close
 .text          0x0080c044       0xf4 ../SynthesizerUnitTest_bsp/\libucosii_bsp.a(altera_avalon_jtag_uart_ioctl.o)
                0x0080c044                altera_avalon_jtag_uart_ioctl
 .text          0x0080c138      0x2c0 ../SynthesizerUnitTest_bsp/\libucosii_bsp.a(altera_avalon_jtag_uart_read.o)
                0x0080c138                altera_avalon_jtag_uart_read
 .text          0x0080c3f8      0x2dc ../SynthesizerUnitTest_bsp/\libucosii_bsp.a(altera_avalon_jtag_uart_write.o)
                0x0080c3f8                altera_avalon_jtag_uart_write
 .text          0x0080c6d4      0x100 ../SynthesizerUnitTest_bsp/\libucosii_bsp.a(altera_avalon_timer_sc.o)
                0x0080c744                alt_avalon_timer_sc_init
 .text          0x0080c7d4      0x530 ../SynthesizerUnitTest_bsp/\libucosii_bsp.a(altera_up_avalon_character_lcd.o)
                0x0080c7d4                get_DDRAM_addr
                0x0080c850                alt_up_character_lcd_send_cmd
                0x0080c884                alt_up_character_lcd_init
                0x0080c8b8                alt_up_character_lcd_open_dev
                0x0080c8f8                alt_up_character_lcd_write
                0x0080c970                alt_up_character_lcd_string
                0x0080c9e8                alt_up_character_lcd_write_fd
                0x0080ca34                alt_up_character_lcd_set_cursor_pos
                0x0080caac                alt_up_character_lcd_shift_cursor
                0x0080cb5c                alt_up_character_lcd_shift_display
                0x0080cc0c                alt_up_character_lcd_erase_pos
                0x0080cc9c                alt_up_character_lcd_cursor_off
                0x0080ccd0                alt_up_character_lcd_cursor_blink_on
 .text          0x0080cd04      0x154 ../SynthesizerUnitTest_bsp/\libucosii_bsp.a(alt_alarm_start.o)
                0x0080cd04                alt_alarm_start
 .text          0x0080ce58       0x44 ../SynthesizerUnitTest_bsp/\libucosii_bsp.a(alt_dcache_flush_all.o)
                0x0080ce58                alt_dcache_flush_all
 .text          0x0080ce9c      0x114 ../SynthesizerUnitTest_bsp/\libucosii_bsp.a(alt_dev_llist_insert.o)
                0x0080ce9c                alt_dev_llist_insert
 .text          0x0080cfb0       0x64 ../SynthesizerUnitTest_bsp/\libucosii_bsp.a(alt_do_ctors.o)
                0x0080cfb0                _do_ctors
 .text          0x0080d014       0x64 ../SynthesizerUnitTest_bsp/\libucosii_bsp.a(alt_do_dtors.o)
                0x0080d014                _do_dtors
 .text          0x0080d078       0x94 ../SynthesizerUnitTest_bsp/\libucosii_bsp.a(alt_find_dev.o)
                0x0080d078                alt_find_dev
 .text          0x0080d10c       0x30 ../SynthesizerUnitTest_bsp/\libucosii_bsp.a(alt_icache_flush_all.o)
                0x0080d10c                alt_icache_flush_all
 .text          0x0080d13c      0x1d4 ../SynthesizerUnitTest_bsp/\libucosii_bsp.a(alt_iic.o)
                0x0080d13c                alt_ic_isr_register
                0x0080d18c                alt_ic_irq_enable
                0x0080d228                alt_ic_irq_disable
                0x0080d2c8                alt_ic_irq_enabled
 .text          0x0080d310       0xf8 ../SynthesizerUnitTest_bsp/\libucosii_bsp.a(alt_iic_isr_register.o)
                0x0080d310                alt_iic_isr_register
 .text          0x0080d408      0x13c ../SynthesizerUnitTest_bsp/\libucosii_bsp.a(alt_io_redirect.o)
                0x0080d4cc                alt_io_redirect
 .text          0x0080d544        0x0 ../SynthesizerUnitTest_bsp/\libucosii_bsp.a(alt_irq_entry.o)
 .text          0x0080d544        0x0 ../SynthesizerUnitTest_bsp/\libucosii_bsp.a(alt_irq_handler.o)
 .text          0x0080d544        0x0 ../SynthesizerUnitTest_bsp/\libucosii_bsp.a(alt_irq_vars.o)
 .text          0x0080d544      0x2c4 ../SynthesizerUnitTest_bsp/\libucosii_bsp.a(alt_open.o)
                0x0080d620                open
 .text          0x0080d808      0x1a8 ../SynthesizerUnitTest_bsp/\libucosii_bsp.a(alt_tick.o)
                0x0080d808                alt_alarm_stop
                0x0080d8a0                alt_tick
 .text          0x0080d9b0       0x20 ../SynthesizerUnitTest_bsp/\libucosii_bsp.a(altera_nios2_qsys_irq.o)
                0x0080d9b0                altera_nios2_qsys_irq_init
 .text          0x0080d9d0       0xd0 ../SynthesizerUnitTest_bsp/\libucosii_bsp.a(os_cpu_a.o)
                0x0080d9d0                OSCtxSw
                0x0080d9d0                OSIntCtxSw
                0x0080da5c                OSStartHighRdy
                0x0080da7c                OSStartTsk
 .text          0x0080daa0      0x418 ../SynthesizerUnitTest_bsp/\libucosii_bsp.a(os_cpu_c.o)
                0x0080daa0                OSTaskStkInit
                0x0080ddb0                OSTaskCreateHook
                0x0080ddd0                OSTaskDelHook
                0x0080ddf0                OSTaskSwHook
                0x0080de0c                OSTaskStatHook
                0x0080de28                OSTimeTickHook
                0x0080de44                OSInitHookBegin
                0x0080de60                OSInitHookEnd
                0x0080de7c                OSTaskIdleHook
                0x0080de98                OSTCBInitHook
 .text          0x0080deb8        0x0 ../SynthesizerUnitTest_bsp/\libucosii_bsp.a(alt_exception_entry.o)
 .text          0x0080deb8      0x120 ../SynthesizerUnitTest_bsp/\libucosii_bsp.a(alt_find_file.o)
                0x0080deb8                alt_find_file
 .text          0x0080dfd8       0xf4 ../SynthesizerUnitTest_bsp/\libucosii_bsp.a(alt_get_fd.o)
                0x0080dfd8                alt_get_fd
 .text          0x0080e0cc       0x90 ../SynthesizerUnitTest_bsp/\libucosii_bsp.a(alt_icache_flush.o)
                0x0080e0cc                alt_icache_flush
 .text          0x0080e15c       0x14 c:/altera/12.1sp1/nios2eds/bin/gnu/h-i686-mingw32/bin/../lib/gcc/nios2-elf/4.1.2/../../../../nios2-elf/lib\libc.a(lib_a-atexit.o)
                0x0080e15c                atexit
 .text          0x0080e170       0x38 c:/altera/12.1sp1/nios2eds/bin/gnu/h-i686-mingw32/bin/../lib/gcc/nios2-elf/4.1.2/../../../../nios2-elf/lib\libc.a(lib_a-exit.o)
                0x0080e170                exit
 .text          0x0080e1a8       0x74 c:/altera/12.1sp1/nios2eds/bin/gnu/h-i686-mingw32/bin/../lib/gcc/nios2-elf/4.1.2/../../../../nios2-elf/lib\libc.a(lib_a-memcmp.o)
                0x0080e1a8                memcmp
 .text          0x0080e21c       0xa0 c:/altera/12.1sp1/nios2eds/bin/gnu/h-i686-mingw32/bin/../lib/gcc/nios2-elf/4.1.2/../../../../nios2-elf/lib\libc.a(lib_a-memcpy.o)
                0x0080e21c                memcpy
 .text          0x0080e2bc       0x74 c:/altera/12.1sp1/nios2eds/bin/gnu/h-i686-mingw32/bin/../lib/gcc/nios2-elf/4.1.2/../../../../nios2-elf/lib\libc.a(lib_a-strlen.o)
                0x0080e2bc                strlen
 .text          0x0080e330      0x134 c:/altera/12.1sp1/nios2eds/bin/gnu/h-i686-mingw32/bin/../lib/gcc/nios2-elf/4.1.2/../../../../nios2-elf/lib\libc.a(lib_a-__atexit.o)
                0x0080e330                __register_exitproc
 .text          0x0080e464      0x1b4 c:/altera/12.1sp1/nios2eds/bin/gnu/h-i686-mingw32/bin/../lib/gcc/nios2-elf/4.1.2/../../../../nios2-elf/lib\libc.a(lib_a-__call_atexit.o)
                0x0080e468                __call_exitprocs
 .text          0x0080e618       0x6c ../SynthesizerUnitTest_bsp/\libucosii_bsp.a(alt_exit.o)
                0x0080e658                _exit
 *(.gnu.warning.*)
 *(.fini)
                0x0080e684                PROVIDE (__etext, ABSOLUTE (.))
                0x0080e684                PROVIDE (_etext, ABSOLUTE (.))
                0x0080e684                PROVIDE (etext, ABSOLUTE (.))
 *(.eh_frame_hdr)
                0x0080e684                . = ALIGN (0x4)
                0x0080e684                PROVIDE (__preinit_array_start, ABSOLUTE (.))
 *(.preinit_array)
                0x0080e684                PROVIDE (__preinit_array_end, ABSOLUTE (.))
                0x0080e684                PROVIDE (__init_array_start, ABSOLUTE (.))
 *(.init_array)
                0x0080e684                PROVIDE (__init_array_end, ABSOLUTE (.))
                0x0080e684                PROVIDE (__fini_array_start, ABSOLUTE (.))
 *(.fini_array)
                0x0080e684                PROVIDE (__fini_array_end, ABSOLUTE (.))
 *(.eh_frame)
 *(.gcc_except_table)
 *(.dynamic)
                0x0080e684                PROVIDE (__CTOR_LIST__, ABSOLUTE (.))
 *(.ctors)
 *(SORT(.ctors.*))
 .ctors.65535   0x0080e684        0x4 c:/altera/12.1sp1/nios2eds/bin/gnu/h-i686-mingw32/bin/../lib/gcc/nios2-elf/4.1.2/../../../../nios2-elf/lib\libc.a(lib_a-__call_atexit.o)
                0x0080e688                PROVIDE (__CTOR_END__, ABSOLUTE (.))
                0x0080e688                PROVIDE (__DTOR_LIST__, ABSOLUTE (.))
 *(.dtors)
 *(SORT(.dtors.*))
                0x0080e688                PROVIDE (__DTOR_END__, ABSOLUTE (.))
 *(.jcr)
                0x0080e688                . = ALIGN (0x4)

.rodata         0x0080e688      0x174
                0x0080e688                PROVIDE (__ram_rodata_start, ABSOLUTE (.))
                0x0080e688                . = ALIGN (0x4)
 *(.rodata .rodata.* .gnu.linkonce.r.*)
 .rodata.str1.4
                0x0080e688        0x4 c:/altera/12.1sp1/nios2eds/bin/gnu/h-i686-mingw32/bin/../lib/gcc/nios2-elf/4.1.2/../../../../nios2-elf/lib\libc.a(lib_a-impure.o)
 .rodata        0x0080e68c        0xc ../SynthesizerUnitTest_bsp/\libucosii_bsp.a(alt_dev.o)
 .rodata        0x0080e698       0x14 ../SynthesizerUnitTest_bsp/\libucosii_bsp.a(alt_main.o)
 .rodata        0x0080e6ac      0x120 ../SynthesizerUnitTest_bsp/\libucosii_bsp.a(os_core.o)
                0x0080e6ac                OSUnMapTbl
 .rodata        0x0080e7cc       0x2c ../SynthesizerUnitTest_bsp/\libucosii_bsp.a(alt_sys_init.o)
 .rodata        0x0080e7f8        0x4 ../SynthesizerUnitTest_bsp/\libucosii_bsp.a(os_cpu_c.o)
 *(.rodata1)
                0x0080e7fc                . = ALIGN (0x4)
                0x0080e7fc                PROVIDE (__ram_rodata_end, ABSOLUTE (.))
                0x0080e688                PROVIDE (__flash_rodata_start, LOADADDR (.rodata))

.rwdata         0x0080e7fc     0x1afc load address 0x008102f8
                0x0080e7fc                PROVIDE (__ram_rwdata_start, ABSOLUTE (.))
                0x0080e7fc                . = ALIGN (0x4)
 *(.got.plt)
 *(.got)
 *(.data1)
 *(.data .data.* .gnu.linkonce.d.*)
 .data          0x0080e7fc        0x0 ../SynthesizerUnitTest_bsp//obj/HAL/src/crt0.o
 .data          0x0080e7fc        0x0 obj/default/hello_ucosii.o
 .data          0x0080e7fc        0x0 c:/altera/12.1sp1/nios2eds/bin/gnu/h-i686-mingw32/bin/../lib/gcc/nios2-elf/4.1.2\libgcc.a(lib2-divmod.o)
 .data          0x0080e7fc        0x0 c:/altera/12.1sp1/nios2eds/bin/gnu/h-i686-mingw32/bin/../lib/gcc/nios2-elf/4.1.2/../../../../nios2-elf/lib\libc.a(lib_a-putchar.o)
 .data          0x0080e7fc      0x400 c:/altera/12.1sp1/nios2eds/bin/gnu/h-i686-mingw32/bin/../lib/gcc/nios2-elf/4.1.2/../../../../nios2-elf/lib\libc.a(lib_a-impure.o)
 .data          0x0080ebfc        0x0 c:/altera/12.1sp1/nios2eds/bin/gnu/h-i686-mingw32/bin/../lib/gcc/nios2-elf/4.1.2/../../../../nios2-elf/lib\libc.a(lib_a-putc.o)
 .data          0x0080ebfc        0x0 c:/altera/12.1sp1/nios2eds/bin/gnu/h-i686-mingw32/bin/../lib/gcc/nios2-elf/4.1.2/../../../../nios2-elf/lib\libc.a(lib_a-wbuf.o)
 .data          0x0080ebfc        0x0 c:/altera/12.1sp1/nios2eds/bin/gnu/h-i686-mingw32/bin/../lib/gcc/nios2-elf/4.1.2/../../../../nios2-elf/lib\libc.a(lib_a-wsetup.o)
 .data          0x0080ebfc        0x0 c:/altera/12.1sp1/nios2eds/bin/gnu/h-i686-mingw32/bin/../lib/gcc/nios2-elf/4.1.2/../../../../nios2-elf/lib\libc.a(lib_a-fflush.o)
 .data          0x0080ebfc        0x0 c:/altera/12.1sp1/nios2eds/bin/gnu/h-i686-mingw32/bin/../lib/gcc/nios2-elf/4.1.2/../../../../nios2-elf/lib\libc.a(lib_a-findfp.o)
 .data          0x0080ebfc        0x0 c:/altera/12.1sp1/nios2eds/bin/gnu/h-i686-mingw32/bin/../lib/gcc/nios2-elf/4.1.2/../../../../nios2-elf/lib\libc.a(lib_a-freer.o)
 .data          0x0080ebfc        0x0 c:/altera/12.1sp1/nios2eds/bin/gnu/h-i686-mingw32/bin/../lib/gcc/nios2-elf/4.1.2/../../../../nios2-elf/lib\libc.a(lib_a-fwalk.o)
 .data          0x0080ebfc        0x0 c:/altera/12.1sp1/nios2eds/bin/gnu/h-i686-mingw32/bin/../lib/gcc/nios2-elf/4.1.2/../../../../nios2-elf/lib\libc.a(lib_a-makebuf.o)
 .data          0x0080ebfc      0x408 c:/altera/12.1sp1/nios2eds/bin/gnu/h-i686-mingw32/bin/../lib/gcc/nios2-elf/4.1.2/../../../../nios2-elf/lib\libc.a(lib_a-mallocr.o)
                0x0080ebfc                __malloc_av_
 .data          0x0080f004        0x0 c:/altera/12.1sp1/nios2eds/bin/gnu/h-i686-mingw32/bin/../lib/gcc/nios2-elf/4.1.2/../../../../nios2-elf/lib\libc.a(lib_a-memset.o)
 .data          0x0080f004        0x0 c:/altera/12.1sp1/nios2eds/bin/gnu/h-i686-mingw32/bin/../lib/gcc/nios2-elf/4.1.2/../../../../nios2-elf/lib\libc.a(lib_a-sbrkr.o)
 .data          0x0080f004        0x0 c:/altera/12.1sp1/nios2eds/bin/gnu/h-i686-mingw32/bin/../lib/gcc/nios2-elf/4.1.2/../../../../nios2-elf/lib\libc.a(lib_a-stdio.o)
 .data          0x0080f004        0x0 c:/altera/12.1sp1/nios2eds/bin/gnu/h-i686-mingw32/bin/../lib/gcc/nios2-elf/4.1.2/../../../../nios2-elf/lib\libc.a(lib_a-writer.o)
 .data          0x0080f004        0x0 c:/altera/12.1sp1/nios2eds/bin/gnu/h-i686-mingw32/bin/../lib/gcc/nios2-elf/4.1.2/../../../../nios2-elf/lib\libc.a(lib_a-closer.o)
 .data          0x0080f004        0x0 c:/altera/12.1sp1/nios2eds/bin/gnu/h-i686-mingw32/bin/../lib/gcc/nios2-elf/4.1.2/../../../../nios2-elf/lib\libc.a(lib_a-fclose.o)
 .data          0x0080f004        0x0 c:/altera/12.1sp1/nios2eds/bin/gnu/h-i686-mingw32/bin/../lib/gcc/nios2-elf/4.1.2/../../../../nios2-elf/lib\libc.a(lib_a-fstatr.o)
 .data          0x0080f004        0x0 c:/altera/12.1sp1/nios2eds/bin/gnu/h-i686-mingw32/bin/../lib/gcc/nios2-elf/4.1.2/../../../../nios2-elf/lib\libc.a(lib_a-int_errno.o)
 .data          0x0080f004        0x0 c:/altera/12.1sp1/nios2eds/bin/gnu/h-i686-mingw32/bin/../lib/gcc/nios2-elf/4.1.2/../../../../nios2-elf/lib\libc.a(lib_a-isattyr.o)
 .data          0x0080f004        0x0 c:/altera/12.1sp1/nios2eds/bin/gnu/h-i686-mingw32/bin/../lib/gcc/nios2-elf/4.1.2/../../../../nios2-elf/lib\libc.a(lib_a-lseekr.o)
 .data          0x0080f004        0x0 c:/altera/12.1sp1/nios2eds/bin/gnu/h-i686-mingw32/bin/../lib/gcc/nios2-elf/4.1.2/../../../../nios2-elf/lib\libc.a(lib_a-readr.o)
 .data          0x0080f004        0x0 ../SynthesizerUnitTest_bsp/\libucosii_bsp.a(alt_close.o)
 .data          0x0080f004      0x1a8 ../SynthesizerUnitTest_bsp/\libucosii_bsp.a(alt_dev.o)
                0x0080f004                alt_dev_null
                0x0080f02c                alt_fd_list
 .data          0x0080f1ac        0x0 ../SynthesizerUnitTest_bsp/\libucosii_bsp.a(alt_errno.o)
 .data          0x0080f1ac        0x0 ../SynthesizerUnitTest_bsp/\libucosii_bsp.a(alt_fstat.o)
 .data          0x0080f1ac        0x0 ../SynthesizerUnitTest_bsp/\libucosii_bsp.a(alt_isatty.o)
 .data          0x0080f1ac        0x0 ../SynthesizerUnitTest_bsp/\libucosii_bsp.a(alt_load.o)
 .data          0x0080f1ac        0x0 ../SynthesizerUnitTest_bsp/\libucosii_bsp.a(alt_lseek.o)
 .data          0x0080f1ac        0x0 ../SynthesizerUnitTest_bsp/\libucosii_bsp.a(alt_main.o)
 .data          0x0080f1ac        0x0 ../SynthesizerUnitTest_bsp/\libucosii_bsp.a(alt_read.o)
 .data          0x0080f1ac        0x0 ../SynthesizerUnitTest_bsp/\libucosii_bsp.a(alt_release_fd.o)
 .data          0x0080f1ac        0x0 ../SynthesizerUnitTest_bsp/\libucosii_bsp.a(alt_sbrk.o)
 .data          0x0080f1ac        0x0 ../SynthesizerUnitTest_bsp/\libucosii_bsp.a(alt_write.o)
 .data          0x0080f1ac        0x0 ../SynthesizerUnitTest_bsp/\libucosii_bsp.a(alt_env_lock.o)
 .data          0x0080f1ac        0x0 ../SynthesizerUnitTest_bsp/\libucosii_bsp.a(alt_malloc_lock.o)
 .data          0x0080f1ac        0x0 ../SynthesizerUnitTest_bsp/\libucosii_bsp.a(os_core.o)
 .data          0x0080f1ac        0x0 ../SynthesizerUnitTest_bsp/\libucosii_bsp.a(os_dbg.o)
 .data          0x0080f1ac        0x0 ../SynthesizerUnitTest_bsp/\libucosii_bsp.a(os_flag.o)
 .data          0x0080f1ac        0x0 ../SynthesizerUnitTest_bsp/\libucosii_bsp.a(os_mem.o)
 .data          0x0080f1ac        0x0 ../SynthesizerUnitTest_bsp/\libucosii_bsp.a(os_q.o)
 .data          0x0080f1ac        0x0 ../SynthesizerUnitTest_bsp/\libucosii_bsp.a(os_sem.o)
 .data          0x0080f1ac        0x0 ../SynthesizerUnitTest_bsp/\libucosii_bsp.a(os_task.o)
 .data          0x0080f1ac        0x0 ../SynthesizerUnitTest_bsp/\libucosii_bsp.a(os_time.o)
 .data          0x0080f1ac     0x1098 ../SynthesizerUnitTest_bsp/\libucosii_bsp.a(alt_sys_init.o)
 .data          0x00810244        0x0 ../SynthesizerUnitTest_bsp/\libucosii_bsp.a(altera_avalon_fifo_util.o)
 .data          0x00810244        0x0 ../SynthesizerUnitTest_bsp/\libucosii_bsp.a(altera_avalon_jtag_uart_fd.o)
 .data          0x00810244        0x0 ../SynthesizerUnitTest_bsp/\libucosii_bsp.a(altera_avalon_jtag_uart_init.o)
 .data          0x00810244        0x0 ../SynthesizerUnitTest_bsp/\libucosii_bsp.a(altera_avalon_jtag_uart_ioctl.o)
 .data          0x00810244        0x0 ../SynthesizerUnitTest_bsp/\libucosii_bsp.a(altera_avalon_jtag_uart_read.o)
 .data          0x00810244        0x0 ../SynthesizerUnitTest_bsp/\libucosii_bsp.a(altera_avalon_jtag_uart_write.o)
 .data          0x00810244        0x0 ../SynthesizerUnitTest_bsp/\libucosii_bsp.a(altera_avalon_timer_sc.o)
 .data          0x00810244        0x0 ../SynthesizerUnitTest_bsp/\libucosii_bsp.a(altera_up_avalon_character_lcd.o)
 .data          0x00810244        0x0 ../SynthesizerUnitTest_bsp/\libucosii_bsp.a(alt_alarm_start.o)
 .data          0x00810244        0x0 ../SynthesizerUnitTest_bsp/\libucosii_bsp.a(alt_dcache_flush_all.o)
 .data          0x00810244        0x0 ../SynthesizerUnitTest_bsp/\libucosii_bsp.a(alt_dev_llist_insert.o)
 .data          0x00810244        0x0 ../SynthesizerUnitTest_bsp/\libucosii_bsp.a(alt_do_ctors.o)
 .data          0x00810244        0x0 ../SynthesizerUnitTest_bsp/\libucosii_bsp.a(alt_do_dtors.o)
 .data          0x00810244        0x0 ../SynthesizerUnitTest_bsp/\libucosii_bsp.a(alt_find_dev.o)
 .data          0x00810244        0x0 ../SynthesizerUnitTest_bsp/\libucosii_bsp.a(alt_icache_flush_all.o)
 .data          0x00810244        0x0 ../SynthesizerUnitTest_bsp/\libucosii_bsp.a(alt_iic.o)
 .data          0x00810244        0x0 ../SynthesizerUnitTest_bsp/\libucosii_bsp.a(alt_iic_isr_register.o)
 .data          0x00810244        0x0 ../SynthesizerUnitTest_bsp/\libucosii_bsp.a(alt_io_redirect.o)
 .data          0x00810244        0x0 ../SynthesizerUnitTest_bsp/\libucosii_bsp.a(alt_irq_entry.o)
 .data          0x00810244        0x0 ../SynthesizerUnitTest_bsp/\libucosii_bsp.a(alt_irq_handler.o)
 .data          0x00810244        0x0 ../SynthesizerUnitTest_bsp/\libucosii_bsp.a(alt_irq_vars.o)
 .data          0x00810244        0x0 ../SynthesizerUnitTest_bsp/\libucosii_bsp.a(alt_open.o)
 .data          0x00810244        0x0 ../SynthesizerUnitTest_bsp/\libucosii_bsp.a(alt_tick.o)
 .data          0x00810244        0x0 ../SynthesizerUnitTest_bsp/\libucosii_bsp.a(altera_nios2_qsys_irq.o)
 .data          0x00810244        0x0 ../SynthesizerUnitTest_bsp/\libucosii_bsp.a(os_cpu_a.o)
 .data          0x00810244        0x0 ../SynthesizerUnitTest_bsp/\libucosii_bsp.a(os_cpu_c.o)
 .data          0x00810244        0x0 ../SynthesizerUnitTest_bsp/\libucosii_bsp.a(alt_exception_entry.o)
 .data          0x00810244        0x0 ../SynthesizerUnitTest_bsp/\libucosii_bsp.a(alt_find_file.o)
 .data          0x00810244        0x0 ../SynthesizerUnitTest_bsp/\libucosii_bsp.a(alt_get_fd.o)
 .data          0x00810244        0x0 ../SynthesizerUnitTest_bsp/\libucosii_bsp.a(alt_icache_flush.o)
 .data          0x00810244        0x0 c:/altera/12.1sp1/nios2eds/bin/gnu/h-i686-mingw32/bin/../lib/gcc/nios2-elf/4.1.2/../../../../nios2-elf/lib\libc.a(lib_a-atexit.o)
 .data          0x00810244        0x0 c:/altera/12.1sp1/nios2eds/bin/gnu/h-i686-mingw32/bin/../lib/gcc/nios2-elf/4.1.2/../../../../nios2-elf/lib\libc.a(lib_a-exit.o)
 .data          0x00810244        0x0 c:/altera/12.1sp1/nios2eds/bin/gnu/h-i686-mingw32/bin/../lib/gcc/nios2-elf/4.1.2/../../../../nios2-elf/lib\libc.a(lib_a-memcmp.o)
 .data          0x00810244        0x0 c:/altera/12.1sp1/nios2eds/bin/gnu/h-i686-mingw32/bin/../lib/gcc/nios2-elf/4.1.2/../../../../nios2-elf/lib\libc.a(lib_a-memcpy.o)
 .data          0x00810244        0x0 c:/altera/12.1sp1/nios2eds/bin/gnu/h-i686-mingw32/bin/../lib/gcc/nios2-elf/4.1.2/../../../../nios2-elf/lib\libc.a(lib_a-strlen.o)
 .data          0x00810244        0x0 c:/altera/12.1sp1/nios2eds/bin/gnu/h-i686-mingw32/bin/../lib/gcc/nios2-elf/4.1.2/../../../../nios2-elf/lib\libc.a(lib_a-__atexit.o)
 .data          0x00810244        0x0 c:/altera/12.1sp1/nios2eds/bin/gnu/h-i686-mingw32/bin/../lib/gcc/nios2-elf/4.1.2/../../../../nios2-elf/lib\libc.a(lib_a-__call_atexit.o)
 .data          0x00810244        0x0 ../SynthesizerUnitTest_bsp/\libucosii_bsp.a(alt_exit.o)
                0x00818244                _gp = ABSOLUTE ((. + 0x8000))
                0x00818244                PROVIDE (gp, _gp)
 *(.rwdata .rwdata.*)
 *(.sdata .sdata.* .gnu.linkonce.s.*)
 .sdata         0x00810244        0x8 c:/altera/12.1sp1/nios2eds/bin/gnu/h-i686-mingw32/bin/../lib/gcc/nios2-elf/4.1.2/../../../../nios2-elf/lib\libc.a(lib_a-impure.o)
                0x00810244                _impure_ptr
                0x00810248                _global_impure_ptr
 .sdata         0x0081024c        0x8 c:/altera/12.1sp1/nios2eds/bin/gnu/h-i686-mingw32/bin/../lib/gcc/nios2-elf/4.1.2/../../../../nios2-elf/lib\libc.a(lib_a-mallocr.o)
                0x0081024c                __malloc_trim_threshold
                0x00810250                __malloc_sbrk_base
 .sdata         0x00810254       0x14 ../SynthesizerUnitTest_bsp/\libucosii_bsp.a(alt_dev.o)
                0x00810254                alt_fs_list
                0x0081025c                alt_dev_list
                0x00810264                alt_max_fd
 .sdata         0x00810268        0x4 ../SynthesizerUnitTest_bsp/\libucosii_bsp.a(alt_errno.o)
                0x00810268                alt_errno
 .sdata         0x0081026c        0x4 ../SynthesizerUnitTest_bsp/\libucosii_bsp.a(alt_sbrk.o)
 .sdata         0x00810270        0x4 ../SynthesizerUnitTest_bsp/\libucosii_bsp.a(alt_env_lock.o)
 .sdata         0x00810274        0x4 ../SynthesizerUnitTest_bsp/\libucosii_bsp.a(alt_malloc_lock.o)
 .sdata         0x00810278       0x74 ../SynthesizerUnitTest_bsp/\libucosii_bsp.a(os_dbg.o)
                0x00810278                OSDebugEn
                0x0081027c                OSEndiannessTest
                0x00810280                OSEventEn
                0x00810282                OSEventMax
                0x00810284                OSEventNameSize
                0x00810286                OSEventSize
                0x00810288                OSEventTblSize
                0x0081028a                OSEventMultiEn
                0x0081028c                OSFlagEn
                0x0081028e                OSFlagGrpSize
                0x00810290                OSFlagNodeSize
                0x00810292                OSFlagWidth
                0x00810294                OSFlagMax
                0x00810296                OSFlagNameSize
                0x00810298                OSLowestPrio
                0x0081029a                OSMboxEn
                0x0081029c                OSMemEn
                0x0081029e                OSMemMax
                0x008102a0                OSMemNameSize
                0x008102a2                OSMemSize
                0x008102a4                OSMemTblSize
                0x008102a6                OSMutexEn
                0x008102a8                OSPtrSize
                0x008102aa                OSQEn
                0x008102ac                OSQMax
                0x008102ae                OSQSize
                0x008102b0                OSRdyTblSize
                0x008102b2                OSSemEn
                0x008102b4                OSStkWidth
                0x008102b6                OSTaskCreateEn
                0x008102b8                OSTaskCreateExtEn
                0x008102ba                OSTaskDelEn
                0x008102bc                OSTaskIdleStkSize
                0x008102be                OSTaskProfileEn
                0x008102c0                OSTaskMax
                0x008102c2                OSTaskNameSize
                0x008102c4                OSTaskStatEn
                0x008102c6                OSTaskStatStkSize
                0x008102c8                OSTaskStatStkChkEn
                0x008102ca                OSTaskSwHookEn
                0x008102cc                OSTCBPrioTblMax
                0x008102ce                OSTCBSize
                0x008102d0                OSTicksPerSec
                0x008102d2                OSTimeTickHookEn
                0x008102d4                OSVersionNbr
                0x008102d6                OSTmrEn
                0x008102d8                OSTmrCfgMax
                0x008102da                OSTmrCfgNameSize
                0x008102dc                OSTmrCfgWheelSize
                0x008102de                OSTmrCfgTicksPerSec
                0x008102e0                OSTmrSize
                0x008102e2                OSTmrTblSize
                0x008102e4                OSTmrWheelSize
                0x008102e6                OSTmrWheelTblSize
                0x008102e8                OSDataSize
 .sdata         0x008102ec        0x4 ../SynthesizerUnitTest_bsp/\libucosii_bsp.a(alt_irq_vars.o)
                0x008102ec                alt_priority_mask
 .sdata         0x008102f0        0x8 ../SynthesizerUnitTest_bsp/\libucosii_bsp.a(alt_tick.o)
                0x008102f0                alt_alarm_list
 *(.sdata2 .sdata2.* .gnu.linkonce.s2.*)
                0x008102f8                . = ALIGN (0x4)
                0x008102f8                _edata = ABSOLUTE (.)
                0x008102f8                PROVIDE (edata, ABSOLUTE (.))
                0x008102f8                PROVIDE (__ram_rwdata_end, ABSOLUTE (.))
                0x008102f8                PROVIDE (__flash_rwdata_start, LOADADDR (.rwdata))

.bss            0x00811df4     0x5568
                0x00811df4                __bss_start = ABSOLUTE (.)
                0x00811df4                PROVIDE (__sbss_start, ABSOLUTE (.))
                0x00811df4                PROVIDE (___sbss_start, ABSOLUTE (.))
 *(.dynsbss)
 *(.sbss .sbss.* .gnu.linkonce.sb.*)
 .sbss          0x00811df4        0xc c:/altera/12.1sp1/nios2eds/bin/gnu/h-i686-mingw32/bin/../lib/gcc/nios2-elf/4.1.2/../../../../nios2-elf/lib\libc.a(lib_a-mallocr.o)
                0x00811df4                __malloc_top_pad
                0x00811df8                __malloc_max_sbrked_mem
                0x00811dfc                __malloc_max_total_mem
 .sbss          0x00811e00        0x4 c:/altera/12.1sp1/nios2eds/bin/gnu/h-i686-mingw32/bin/../lib/gcc/nios2-elf/4.1.2/../../../../nios2-elf/lib\libc.a(lib_a-int_errno.o)
                0x00811e00                errno
 .sbss          0x00811e04        0x4 ../SynthesizerUnitTest_bsp/\libucosii_bsp.a(alt_dev.o)
                0x00811e04                alt_fd_list_lock
 .sbss          0x00811e08        0xc ../SynthesizerUnitTest_bsp/\libucosii_bsp.a(alt_main.o)
                0x00811e08                alt_argc
                0x00811e0c                alt_argv
                0x00811e10                alt_envp
 .sbss          0x00811e14        0x8 ../SynthesizerUnitTest_bsp/\libucosii_bsp.a(alt_env_lock.o)
                0x00811e18                alt_envsem
 .sbss          0x00811e1c        0x8 ../SynthesizerUnitTest_bsp/\libucosii_bsp.a(alt_malloc_lock.o)
                0x00811e20                alt_heapsem
 .sbss          0x00811e24       0x50 ../SynthesizerUnitTest_bsp/\libucosii_bsp.a(os_core.o)
                0x00811e24                OSLockNesting
                0x00811e25                OSRunning
                0x00811e28                OSIdleCtr
                0x00811e2c                OSPrioHighRdy
                0x00811e2d                OSPrioCur
                0x00811e30                OSTCBList
                0x00811e34                OSTickStepState
                0x00811e38                OSCtxSwCtr
                0x00811e3c                OSIdleCtrMax
                0x00811e40                OSTCBFreeList
                0x00811e44                OSCPUUsage
                0x00811e45                OSTaskCtr
                0x00811e48                OSMemFreeList
                0x00811e4c                OSTCBHighRdy
                0x00811e50                OSQFreeList
                0x00811e54                OSRdyGrp
                0x00811e55                OSRdyTbl
                0x00811e58                OSEventFreeList
                0x00811e5c                OSIntNesting
                0x00811e60                OSTCBCur
                0x00811e64                OSTime
                0x00811e68                OSFlagFreeList
                0x00811e6c                OSStatRdy
                0x00811e70                OSIdleCtrRun
 .sbss          0x00811e74        0x4 ../SynthesizerUnitTest_bsp/\libucosii_bsp.a(alt_irq_vars.o)
                0x00811e74                alt_irq_active
 .sbss          0x00811e78        0x8 ../SynthesizerUnitTest_bsp/\libucosii_bsp.a(alt_tick.o)
                0x00811e78                _alt_tick_rate
                0x00811e7c                _alt_nticks
 *(.sbss2 .sbss2.* .gnu.linkonce.sb2.*)
 *(.scommon)
                0x00811e80                PROVIDE (__sbss_end, ABSOLUTE (.))
                0x00811e80                PROVIDE (___sbss_end, ABSOLUTE (.))
 *(.dynbss)
 *(.bss .bss.* .gnu.linkonce.b.*)
 .bss           0x00811e80        0x0 ../SynthesizerUnitTest_bsp//obj/HAL/src/crt0.o
 .bss           0x00811e80        0x0 obj/default/hello_ucosii.o
 .bss           0x00811e80        0x0 c:/altera/12.1sp1/nios2eds/bin/gnu/h-i686-mingw32/bin/../lib/gcc/nios2-elf/4.1.2\libgcc.a(lib2-divmod.o)
 .bss           0x00811e80        0x0 c:/altera/12.1sp1/nios2eds/bin/gnu/h-i686-mingw32/bin/../lib/gcc/nios2-elf/4.1.2/../../../../nios2-elf/lib\libc.a(lib_a-putchar.o)
 .bss           0x00811e80        0x0 c:/altera/12.1sp1/nios2eds/bin/gnu/h-i686-mingw32/bin/../lib/gcc/nios2-elf/4.1.2/../../../../nios2-elf/lib\libc.a(lib_a-impure.o)
 .bss           0x00811e80        0x0 c:/altera/12.1sp1/nios2eds/bin/gnu/h-i686-mingw32/bin/../lib/gcc/nios2-elf/4.1.2/../../../../nios2-elf/lib\libc.a(lib_a-putc.o)
 .bss           0x00811e80        0x0 c:/altera/12.1sp1/nios2eds/bin/gnu/h-i686-mingw32/bin/../lib/gcc/nios2-elf/4.1.2/../../../../nios2-elf/lib\libc.a(lib_a-wbuf.o)
 .bss           0x00811e80        0x0 c:/altera/12.1sp1/nios2eds/bin/gnu/h-i686-mingw32/bin/../lib/gcc/nios2-elf/4.1.2/../../../../nios2-elf/lib\libc.a(lib_a-wsetup.o)
 .bss           0x00811e80        0x0 c:/altera/12.1sp1/nios2eds/bin/gnu/h-i686-mingw32/bin/../lib/gcc/nios2-elf/4.1.2/../../../../nios2-elf/lib\libc.a(lib_a-fflush.o)
 .bss           0x00811e80        0x0 c:/altera/12.1sp1/nios2eds/bin/gnu/h-i686-mingw32/bin/../lib/gcc/nios2-elf/4.1.2/../../../../nios2-elf/lib\libc.a(lib_a-findfp.o)
 .bss           0x00811e80        0x0 c:/altera/12.1sp1/nios2eds/bin/gnu/h-i686-mingw32/bin/../lib/gcc/nios2-elf/4.1.2/../../../../nios2-elf/lib\libc.a(lib_a-freer.o)
 .bss           0x00811e80        0x0 c:/altera/12.1sp1/nios2eds/bin/gnu/h-i686-mingw32/bin/../lib/gcc/nios2-elf/4.1.2/../../../../nios2-elf/lib\libc.a(lib_a-fwalk.o)
 .bss           0x00811e80        0x0 c:/altera/12.1sp1/nios2eds/bin/gnu/h-i686-mingw32/bin/../lib/gcc/nios2-elf/4.1.2/../../../../nios2-elf/lib\libc.a(lib_a-makebuf.o)
 .bss           0x00811e80       0x28 c:/altera/12.1sp1/nios2eds/bin/gnu/h-i686-mingw32/bin/../lib/gcc/nios2-elf/4.1.2/../../../../nios2-elf/lib\libc.a(lib_a-mallocr.o)
                0x00811e80                __malloc_current_mallinfo
 .bss           0x00811ea8        0x0 c:/altera/12.1sp1/nios2eds/bin/gnu/h-i686-mingw32/bin/../lib/gcc/nios2-elf/4.1.2/../../../../nios2-elf/lib\libc.a(lib_a-memset.o)
 .bss           0x00811ea8        0x0 c:/altera/12.1sp1/nios2eds/bin/gnu/h-i686-mingw32/bin/../lib/gcc/nios2-elf/4.1.2/../../../../nios2-elf/lib\libc.a(lib_a-sbrkr.o)
 .bss           0x00811ea8        0x0 c:/altera/12.1sp1/nios2eds/bin/gnu/h-i686-mingw32/bin/../lib/gcc/nios2-elf/4.1.2/../../../../nios2-elf/lib\libc.a(lib_a-stdio.o)
 .bss           0x00811ea8        0x0 c:/altera/12.1sp1/nios2eds/bin/gnu/h-i686-mingw32/bin/../lib/gcc/nios2-elf/4.1.2/../../../../nios2-elf/lib\libc.a(lib_a-writer.o)
 .bss           0x00811ea8        0x0 c:/altera/12.1sp1/nios2eds/bin/gnu/h-i686-mingw32/bin/../lib/gcc/nios2-elf/4.1.2/../../../../nios2-elf/lib\libc.a(lib_a-closer.o)
 .bss           0x00811ea8        0x0 c:/altera/12.1sp1/nios2eds/bin/gnu/h-i686-mingw32/bin/../lib/gcc/nios2-elf/4.1.2/../../../../nios2-elf/lib\libc.a(lib_a-fclose.o)
 .bss           0x00811ea8        0x0 c:/altera/12.1sp1/nios2eds/bin/gnu/h-i686-mingw32/bin/../lib/gcc/nios2-elf/4.1.2/../../../../nios2-elf/lib\libc.a(lib_a-fstatr.o)
 .bss           0x00811ea8        0x0 c:/altera/12.1sp1/nios2eds/bin/gnu/h-i686-mingw32/bin/../lib/gcc/nios2-elf/4.1.2/../../../../nios2-elf/lib\libc.a(lib_a-int_errno.o)
 .bss           0x00811ea8        0x0 c:/altera/12.1sp1/nios2eds/bin/gnu/h-i686-mingw32/bin/../lib/gcc/nios2-elf/4.1.2/../../../../nios2-elf/lib\libc.a(lib_a-isattyr.o)
 .bss           0x00811ea8        0x0 c:/altera/12.1sp1/nios2eds/bin/gnu/h-i686-mingw32/bin/../lib/gcc/nios2-elf/4.1.2/../../../../nios2-elf/lib\libc.a(lib_a-lseekr.o)
 .bss           0x00811ea8        0x0 c:/altera/12.1sp1/nios2eds/bin/gnu/h-i686-mingw32/bin/../lib/gcc/nios2-elf/4.1.2/../../../../nios2-elf/lib\libc.a(lib_a-readr.o)
 .bss           0x00811ea8        0x0 ../SynthesizerUnitTest_bsp/\libucosii_bsp.a(alt_close.o)
 .bss           0x00811ea8        0x0 ../SynthesizerUnitTest_bsp/\libucosii_bsp.a(alt_dev.o)
 .bss           0x00811ea8        0x0 ../SynthesizerUnitTest_bsp/\libucosii_bsp.a(alt_errno.o)
 .bss           0x00811ea8        0x0 ../SynthesizerUnitTest_bsp/\libucosii_bsp.a(alt_fstat.o)
 .bss           0x00811ea8        0x0 ../SynthesizerUnitTest_bsp/\libucosii_bsp.a(alt_isatty.o)
 .bss           0x00811ea8        0x0 ../SynthesizerUnitTest_bsp/\libucosii_bsp.a(alt_load.o)
 .bss           0x00811ea8        0x0 ../SynthesizerUnitTest_bsp/\libucosii_bsp.a(alt_lseek.o)
 .bss           0x00811ea8        0x0 ../SynthesizerUnitTest_bsp/\libucosii_bsp.a(alt_main.o)
 .bss           0x00811ea8        0x0 ../SynthesizerUnitTest_bsp/\libucosii_bsp.a(alt_read.o)
 .bss           0x00811ea8        0x0 ../SynthesizerUnitTest_bsp/\libucosii_bsp.a(alt_release_fd.o)
 .bss           0x00811ea8        0x0 ../SynthesizerUnitTest_bsp/\libucosii_bsp.a(alt_sbrk.o)
 .bss           0x00811ea8        0x0 ../SynthesizerUnitTest_bsp/\libucosii_bsp.a(alt_write.o)
 .bss           0x00811ea8        0x0 ../SynthesizerUnitTest_bsp/\libucosii_bsp.a(alt_env_lock.o)
 .bss           0x00811ea8        0x0 ../SynthesizerUnitTest_bsp/\libucosii_bsp.a(alt_malloc_lock.o)
 .bss           0x00811ea8        0x0 ../SynthesizerUnitTest_bsp/\libucosii_bsp.a(os_core.o)
 .bss           0x00811ea8        0x0 ../SynthesizerUnitTest_bsp/\libucosii_bsp.a(os_dbg.o)
 .bss           0x00811ea8        0x0 ../SynthesizerUnitTest_bsp/\libucosii_bsp.a(os_flag.o)
 .bss           0x00811ea8        0x0 ../SynthesizerUnitTest_bsp/\libucosii_bsp.a(os_mem.o)
 .bss           0x00811ea8        0x0 ../SynthesizerUnitTest_bsp/\libucosii_bsp.a(os_q.o)
 .bss           0x00811ea8        0x0 ../SynthesizerUnitTest_bsp/\libucosii_bsp.a(os_sem.o)
 .bss           0x00811ea8        0x0 ../SynthesizerUnitTest_bsp/\libucosii_bsp.a(os_task.o)
 .bss           0x00811ea8        0x0 ../SynthesizerUnitTest_bsp/\libucosii_bsp.a(os_time.o)
 .bss           0x00811ea8        0x0 ../SynthesizerUnitTest_bsp/\libucosii_bsp.a(alt_sys_init.o)
 .bss           0x00811ea8        0x0 ../SynthesizerUnitTest_bsp/\libucosii_bsp.a(altera_avalon_fifo_util.o)
 .bss           0x00811ea8        0x0 ../SynthesizerUnitTest_bsp/\libucosii_bsp.a(altera_avalon_jtag_uart_fd.o)
 .bss           0x00811ea8        0x0 ../SynthesizerUnitTest_bsp/\libucosii_bsp.a(altera_avalon_jtag_uart_init.o)
 .bss           0x00811ea8        0x0 ../SynthesizerUnitTest_bsp/\libucosii_bsp.a(altera_avalon_jtag_uart_ioctl.o)
 .bss           0x00811ea8        0x0 ../SynthesizerUnitTest_bsp/\libucosii_bsp.a(altera_avalon_jtag_uart_read.o)
 .bss           0x00811ea8        0x0 ../SynthesizerUnitTest_bsp/\libucosii_bsp.a(altera_avalon_jtag_uart_write.o)
 .bss           0x00811ea8        0x0 ../SynthesizerUnitTest_bsp/\libucosii_bsp.a(altera_avalon_timer_sc.o)
 .bss           0x00811ea8        0x0 ../SynthesizerUnitTest_bsp/\libucosii_bsp.a(altera_up_avalon_character_lcd.o)
 .bss           0x00811ea8        0x0 ../SynthesizerUnitTest_bsp/\libucosii_bsp.a(alt_alarm_start.o)
 .bss           0x00811ea8        0x0 ../SynthesizerUnitTest_bsp/\libucosii_bsp.a(alt_dcache_flush_all.o)
 .bss           0x00811ea8        0x0 ../SynthesizerUnitTest_bsp/\libucosii_bsp.a(alt_dev_llist_insert.o)
 .bss           0x00811ea8        0x0 ../SynthesizerUnitTest_bsp/\libucosii_bsp.a(alt_do_ctors.o)
 .bss           0x00811ea8        0x0 ../SynthesizerUnitTest_bsp/\libucosii_bsp.a(alt_do_dtors.o)
 .bss           0x00811ea8        0x0 ../SynthesizerUnitTest_bsp/\libucosii_bsp.a(alt_find_dev.o)
 .bss           0x00811ea8        0x0 ../SynthesizerUnitTest_bsp/\libucosii_bsp.a(alt_icache_flush_all.o)
 .bss           0x00811ea8        0x0 ../SynthesizerUnitTest_bsp/\libucosii_bsp.a(alt_iic.o)
 .bss           0x00811ea8        0x0 ../SynthesizerUnitTest_bsp/\libucosii_bsp.a(alt_iic_isr_register.o)
 .bss           0x00811ea8        0x0 ../SynthesizerUnitTest_bsp/\libucosii_bsp.a(alt_io_redirect.o)
 .bss           0x00811ea8        0x0 ../SynthesizerUnitTest_bsp/\libucosii_bsp.a(alt_irq_entry.o)
 .bss           0x00811ea8        0x0 ../SynthesizerUnitTest_bsp/\libucosii_bsp.a(alt_irq_handler.o)
 .bss           0x00811ea8        0x0 ../SynthesizerUnitTest_bsp/\libucosii_bsp.a(alt_irq_vars.o)
 .bss           0x00811ea8        0x0 ../SynthesizerUnitTest_bsp/\libucosii_bsp.a(alt_open.o)
 .bss           0x00811ea8        0x0 ../SynthesizerUnitTest_bsp/\libucosii_bsp.a(alt_tick.o)
 .bss           0x00811ea8        0x0 ../SynthesizerUnitTest_bsp/\libucosii_bsp.a(altera_nios2_qsys_irq.o)
 .bss           0x00811ea8        0x0 ../SynthesizerUnitTest_bsp/\libucosii_bsp.a(os_cpu_a.o)
 .bss           0x00811ea8        0x0 ../SynthesizerUnitTest_bsp/\libucosii_bsp.a(os_cpu_c.o)
 .bss           0x00811ea8        0x0 ../SynthesizerUnitTest_bsp/\libucosii_bsp.a(alt_exception_entry.o)
 .bss           0x00811ea8        0x0 ../SynthesizerUnitTest_bsp/\libucosii_bsp.a(alt_find_file.o)
 .bss           0x00811ea8        0x0 ../SynthesizerUnitTest_bsp/\libucosii_bsp.a(alt_get_fd.o)
 .bss           0x00811ea8        0x0 ../SynthesizerUnitTest_bsp/\libucosii_bsp.a(alt_icache_flush.o)
 .bss           0x00811ea8        0x0 c:/altera/12.1sp1/nios2eds/bin/gnu/h-i686-mingw32/bin/../lib/gcc/nios2-elf/4.1.2/../../../../nios2-elf/lib\libc.a(lib_a-atexit.o)
 .bss           0x00811ea8        0x0 c:/altera/12.1sp1/nios2eds/bin/gnu/h-i686-mingw32/bin/../lib/gcc/nios2-elf/4.1.2/../../../../nios2-elf/lib\libc.a(lib_a-exit.o)
 .bss           0x00811ea8        0x0 c:/altera/12.1sp1/nios2eds/bin/gnu/h-i686-mingw32/bin/../lib/gcc/nios2-elf/4.1.2/../../../../nios2-elf/lib\libc.a(lib_a-memcmp.o)
 .bss           0x00811ea8        0x0 c:/altera/12.1sp1/nios2eds/bin/gnu/h-i686-mingw32/bin/../lib/gcc/nios2-elf/4.1.2/../../../../nios2-elf/lib\libc.a(lib_a-memcpy.o)
 .bss           0x00811ea8        0x0 c:/altera/12.1sp1/nios2eds/bin/gnu/h-i686-mingw32/bin/../lib/gcc/nios2-elf/4.1.2/../../../../nios2-elf/lib\libc.a(lib_a-strlen.o)
 .bss           0x00811ea8        0x0 c:/altera/12.1sp1/nios2eds/bin/gnu/h-i686-mingw32/bin/../lib/gcc/nios2-elf/4.1.2/../../../../nios2-elf/lib\libc.a(lib_a-__atexit.o)
 .bss           0x00811ea8        0x0 c:/altera/12.1sp1/nios2eds/bin/gnu/h-i686-mingw32/bin/../lib/gcc/nios2-elf/4.1.2/../../../../nios2-elf/lib\libc.a(lib_a-__call_atexit.o)
 .bss           0x00811ea8        0x0 ../SynthesizerUnitTest_bsp/\libucosii_bsp.a(alt_exit.o)
 *(COMMON)
 COMMON         0x00811ea8     0x2000 obj/default/hello_ucosii.o
                0x00811ea8                task1_stk
 COMMON         0x00813ea8     0x3224 ../SynthesizerUnitTest_bsp/\libucosii_bsp.a(os_core.o)
                0x00813ea8                OSFlagTbl
                0x00814218                OSMemTbl
                0x00814e48                OSTaskStatStk
                0x00815648                OSQTbl
                0x00815828                OSTaskIdleStk
                0x00816028                OSEventTbl
                0x00816b68                OSTCBTbl
                0x00817078                OSTCBPrioTbl
 COMMON         0x008170cc      0x100 ../SynthesizerUnitTest_bsp/\libucosii_bsp.a(alt_irq_handler.o)
                0x008170cc                alt_irq
 COMMON         0x008171cc      0x190 c:/altera/12.1sp1/nios2eds/bin/gnu/h-i686-mingw32/bin/../lib/gcc/nios2-elf/4.1.2/../../../../nios2-elf/lib\libc.a(lib_a-atexit.o)
                0x008171cc                _atexit0
                0x0081735c                . = ALIGN (0x4)
                0x0081735c                __bss_end = ABSOLUTE (.)

.sdram_0        0x0081735c        0x0
                0x0081735c                PROVIDE (_alt_partition_sdram_0_start, ABSOLUTE (.))
 *(.sdram_0. sdram_0.*)
                0x0081735c                . = ALIGN (0x4)
                0x0081735c                PROVIDE (_alt_partition_sdram_0_end, ABSOLUTE (.))
                0x0081735c                _end = ABSOLUTE (.)
                0x0081735c                end = ABSOLUTE (.)
                0x0081735c                __alt_stack_base = ABSOLUTE (.)
                0x0081735c                PROVIDE (_alt_partition_sdram_0_load_addr, LOADADDR (.sdram_0))

.sram_0         0x01080000        0x0 load address 0x0081735c
                0x01080000                PROVIDE (_alt_partition_sram_0_start, ABSOLUTE (.))
 *(.sram_0. sram_0.*)
                0x01080000                . = ALIGN (0x4)
                0x01080000                PROVIDE (_alt_partition_sram_0_end, ABSOLUTE (.))
                0x0081735c                PROVIDE (_alt_partition_sram_0_load_addr, LOADADDR (.sram_0))

.onchip_memory2_0
                0x011041bc        0x0 load address 0x0081735c
                0x011041bc                PROVIDE (_alt_partition_onchip_memory2_0_start, ABSOLUTE (.))
 *(.onchip_memory2_0. onchip_memory2_0.*)
                0x011041bc                . = ALIGN (0x4)
                0x011041bc                PROVIDE (_alt_partition_onchip_memory2_0_end, ABSOLUTE (.))
                0x0081735c                PROVIDE (_alt_partition_onchip_memory2_0_load_addr, LOADADDR (.onchip_memory2_0))

.stab
 *(.stab)

.stabstr
 *(.stabstr)

.stab.excl
 *(.stab.excl)

.stab.exclstr
 *(.stab.exclstr)

.stab.index
 *(.stab.index)

.stab.indexstr
 *(.stab.indexstr)

.comment        0x00000000       0x26
 *(.comment)
 .comment       0x00000000       0x26 obj/default/hello_ucosii.o
                                 0x27 (size before relaxing)
 .comment       0x00000000       0x27 c:/altera/12.1sp1/nios2eds/bin/gnu/h-i686-mingw32/bin/../lib/gcc/nios2-elf/4.1.2\libgcc.a(lib2-divmod.o)
 .comment       0x00000000       0x27 c:/altera/12.1sp1/nios2eds/bin/gnu/h-i686-mingw32/bin/../lib/gcc/nios2-elf/4.1.2/../../../../nios2-elf/lib\libc.a(lib_a-putchar.o)
 .comment       0x00000000       0x27 c:/altera/12.1sp1/nios2eds/bin/gnu/h-i686-mingw32/bin/../lib/gcc/nios2-elf/4.1.2/../../../../nios2-elf/lib\libc.a(lib_a-impure.o)
 .comment       0x00000000       0x27 c:/altera/12.1sp1/nios2eds/bin/gnu/h-i686-mingw32/bin/../lib/gcc/nios2-elf/4.1.2/../../../../nios2-elf/lib\libc.a(lib_a-putc.o)
 .comment       0x00000000       0x27 c:/altera/12.1sp1/nios2eds/bin/gnu/h-i686-mingw32/bin/../lib/gcc/nios2-elf/4.1.2/../../../../nios2-elf/lib\libc.a(lib_a-wbuf.o)
 .comment       0x00000000       0x27 c:/altera/12.1sp1/nios2eds/bin/gnu/h-i686-mingw32/bin/../lib/gcc/nios2-elf/4.1.2/../../../../nios2-elf/lib\libc.a(lib_a-wsetup.o)
 .comment       0x00000000       0x27 c:/altera/12.1sp1/nios2eds/bin/gnu/h-i686-mingw32/bin/../lib/gcc/nios2-elf/4.1.2/../../../../nios2-elf/lib\libc.a(lib_a-fflush.o)
 .comment       0x00000000       0x27 c:/altera/12.1sp1/nios2eds/bin/gnu/h-i686-mingw32/bin/../lib/gcc/nios2-elf/4.1.2/../../../../nios2-elf/lib\libc.a(lib_a-findfp.o)
 .comment       0x00000000       0x27 c:/altera/12.1sp1/nios2eds/bin/gnu/h-i686-mingw32/bin/../lib/gcc/nios2-elf/4.1.2/../../../../nios2-elf/lib\libc.a(lib_a-freer.o)
 .comment       0x00000000       0x27 c:/altera/12.1sp1/nios2eds/bin/gnu/h-i686-mingw32/bin/../lib/gcc/nios2-elf/4.1.2/../../../../nios2-elf/lib\libc.a(lib_a-fwalk.o)
 .comment       0x00000000       0x27 c:/altera/12.1sp1/nios2eds/bin/gnu/h-i686-mingw32/bin/../lib/gcc/nios2-elf/4.1.2/../../../../nios2-elf/lib\libc.a(lib_a-makebuf.o)
 .comment       0x00000000       0x27 c:/altera/12.1sp1/nios2eds/bin/gnu/h-i686-mingw32/bin/../lib/gcc/nios2-elf/4.1.2/../../../../nios2-elf/lib\libc.a(lib_a-mallocr.o)
 .comment       0x00000000       0x27 c:/altera/12.1sp1/nios2eds/bin/gnu/h-i686-mingw32/bin/../lib/gcc/nios2-elf/4.1.2/../../../../nios2-elf/lib\libc.a(lib_a-memset.o)
 .comment       0x00000000       0x27 c:/altera/12.1sp1/nios2eds/bin/gnu/h-i686-mingw32/bin/../lib/gcc/nios2-elf/4.1.2/../../../../nios2-elf/lib\libc.a(lib_a-sbrkr.o)
 .comment       0x00000000       0x27 c:/altera/12.1sp1/nios2eds/bin/gnu/h-i686-mingw32/bin/../lib/gcc/nios2-elf/4.1.2/../../../../nios2-elf/lib\libc.a(lib_a-stdio.o)
 .comment       0x00000000       0x27 c:/altera/12.1sp1/nios2eds/bin/gnu/h-i686-mingw32/bin/../lib/gcc/nios2-elf/4.1.2/../../../../nios2-elf/lib\libc.a(lib_a-writer.o)
 .comment       0x00000000       0x27 c:/altera/12.1sp1/nios2eds/bin/gnu/h-i686-mingw32/bin/../lib/gcc/nios2-elf/4.1.2/../../../../nios2-elf/lib\libc.a(lib_a-closer.o)
 .comment       0x00000000       0x27 c:/altera/12.1sp1/nios2eds/bin/gnu/h-i686-mingw32/bin/../lib/gcc/nios2-elf/4.1.2/../../../../nios2-elf/lib\libc.a(lib_a-fclose.o)
 .comment       0x00000000       0x27 c:/altera/12.1sp1/nios2eds/bin/gnu/h-i686-mingw32/bin/../lib/gcc/nios2-elf/4.1.2/../../../../nios2-elf/lib\libc.a(lib_a-fstatr.o)
 .comment       0x00000000       0x27 c:/altera/12.1sp1/nios2eds/bin/gnu/h-i686-mingw32/bin/../lib/gcc/nios2-elf/4.1.2/../../../../nios2-elf/lib\libc.a(lib_a-int_errno.o)
 .comment       0x00000000       0x27 c:/altera/12.1sp1/nios2eds/bin/gnu/h-i686-mingw32/bin/../lib/gcc/nios2-elf/4.1.2/../../../../nios2-elf/lib\libc.a(lib_a-isattyr.o)
 .comment       0x00000000       0x27 c:/altera/12.1sp1/nios2eds/bin/gnu/h-i686-mingw32/bin/../lib/gcc/nios2-elf/4.1.2/../../../../nios2-elf/lib\libc.a(lib_a-lseekr.o)
 .comment       0x00000000       0x27 c:/altera/12.1sp1/nios2eds/bin/gnu/h-i686-mingw32/bin/../lib/gcc/nios2-elf/4.1.2/../../../../nios2-elf/lib\libc.a(lib_a-readr.o)
 .comment       0x00000000       0x27 ../SynthesizerUnitTest_bsp/\libucosii_bsp.a(alt_close.o)
 .comment       0x00000000       0x27 ../SynthesizerUnitTest_bsp/\libucosii_bsp.a(alt_dev.o)
 .comment       0x00000000       0x27 ../SynthesizerUnitTest_bsp/\libucosii_bsp.a(alt_errno.o)
 .comment       0x00000000       0x27 ../SynthesizerUnitTest_bsp/\libucosii_bsp.a(alt_fstat.o)
 .comment       0x00000000       0x27 ../SynthesizerUnitTest_bsp/\libucosii_bsp.a(alt_isatty.o)
 .comment       0x00000000       0x27 ../SynthesizerUnitTest_bsp/\libucosii_bsp.a(alt_load.o)
 .comment       0x00000000       0x27 ../SynthesizerUnitTest_bsp/\libucosii_bsp.a(alt_lseek.o)
 .comment       0x00000000       0x27 ../SynthesizerUnitTest_bsp/\libucosii_bsp.a(alt_main.o)
 .comment       0x00000000       0x27 ../SynthesizerUnitTest_bsp/\libucosii_bsp.a(alt_read.o)
 .comment       0x00000000       0x27 ../SynthesizerUnitTest_bsp/\libucosii_bsp.a(alt_release_fd.o)
 .comment       0x00000000       0x27 ../SynthesizerUnitTest_bsp/\libucosii_bsp.a(alt_sbrk.o)
 .comment       0x00000000       0x27 ../SynthesizerUnitTest_bsp/\libucosii_bsp.a(alt_write.o)
 .comment       0x00000000       0x27 ../SynthesizerUnitTest_bsp/\libucosii_bsp.a(alt_env_lock.o)
 .comment       0x00000000       0x27 ../SynthesizerUnitTest_bsp/\libucosii_bsp.a(alt_malloc_lock.o)
 .comment       0x00000000       0x27 ../SynthesizerUnitTest_bsp/\libucosii_bsp.a(os_core.o)
 .comment       0x00000000       0x27 ../SynthesizerUnitTest_bsp/\libucosii_bsp.a(os_dbg.o)
 .comment       0x00000000       0x27 ../SynthesizerUnitTest_bsp/\libucosii_bsp.a(os_flag.o)
 .comment       0x00000000       0x27 ../SynthesizerUnitTest_bsp/\libucosii_bsp.a(os_mem.o)
 .comment       0x00000000       0x27 ../SynthesizerUnitTest_bsp/\libucosii_bsp.a(os_q.o)
 .comment       0x00000000       0x27 ../SynthesizerUnitTest_bsp/\libucosii_bsp.a(os_sem.o)
 .comment       0x00000000       0x27 ../SynthesizerUnitTest_bsp/\libucosii_bsp.a(os_task.o)
 .comment       0x00000000       0x27 ../SynthesizerUnitTest_bsp/\libucosii_bsp.a(os_time.o)
 .comment       0x00000000       0x27 ../SynthesizerUnitTest_bsp/\libucosii_bsp.a(alt_sys_init.o)
 .comment       0x00000000       0x27 ../SynthesizerUnitTest_bsp/\libucosii_bsp.a(altera_avalon_fifo_util.o)
 .comment       0x00000000       0x27 ../SynthesizerUnitTest_bsp/\libucosii_bsp.a(altera_avalon_jtag_uart_fd.o)
 .comment       0x00000000       0x27 ../SynthesizerUnitTest_bsp/\libucosii_bsp.a(altera_avalon_jtag_uart_init.o)
 .comment       0x00000000       0x27 ../SynthesizerUnitTest_bsp/\libucosii_bsp.a(altera_avalon_jtag_uart_ioctl.o)
 .comment       0x00000000       0x27 ../SynthesizerUnitTest_bsp/\libucosii_bsp.a(altera_avalon_jtag_uart_read.o)
 .comment       0x00000000       0x27 ../SynthesizerUnitTest_bsp/\libucosii_bsp.a(altera_avalon_jtag_uart_write.o)
 .comment       0x00000000       0x27 ../SynthesizerUnitTest_bsp/\libucosii_bsp.a(altera_avalon_timer_sc.o)
 .comment       0x00000000       0x27 ../SynthesizerUnitTest_bsp/\libucosii_bsp.a(altera_up_avalon_character_lcd.o)
 .comment       0x00000000       0x27 ../SynthesizerUnitTest_bsp/\libucosii_bsp.a(alt_alarm_start.o)
 .comment       0x00000000       0x27 ../SynthesizerUnitTest_bsp/\libucosii_bsp.a(alt_dcache_flush_all.o)
 .comment       0x00000000       0x27 ../SynthesizerUnitTest_bsp/\libucosii_bsp.a(alt_dev_llist_insert.o)
 .comment       0x00000000       0x27 ../SynthesizerUnitTest_bsp/\libucosii_bsp.a(alt_do_ctors.o)
 .comment       0x00000000       0x27 ../SynthesizerUnitTest_bsp/\libucosii_bsp.a(alt_do_dtors.o)
 .comment       0x00000000       0x27 ../SynthesizerUnitTest_bsp/\libucosii_bsp.a(alt_find_dev.o)
 .comment       0x00000000       0x27 ../SynthesizerUnitTest_bsp/\libucosii_bsp.a(alt_icache_flush_all.o)
 .comment       0x00000000       0x27 ../SynthesizerUnitTest_bsp/\libucosii_bsp.a(alt_iic.o)
 .comment       0x00000000       0x27 ../SynthesizerUnitTest_bsp/\libucosii_bsp.a(alt_iic_isr_register.o)
 .comment       0x00000000       0x27 ../SynthesizerUnitTest_bsp/\libucosii_bsp.a(alt_io_redirect.o)
 .comment       0x00000000       0x27 ../SynthesizerUnitTest_bsp/\libucosii_bsp.a(alt_irq_handler.o)
 .comment       0x00000000       0x27 ../SynthesizerUnitTest_bsp/\libucosii_bsp.a(alt_irq_vars.o)
 .comment       0x00000000       0x27 ../SynthesizerUnitTest_bsp/\libucosii_bsp.a(alt_open.o)
 .comment       0x00000000       0x27 ../SynthesizerUnitTest_bsp/\libucosii_bsp.a(alt_tick.o)
 .comment       0x00000000       0x27 ../SynthesizerUnitTest_bsp/\libucosii_bsp.a(altera_nios2_qsys_irq.o)
 .comment       0x00000000       0x27 ../SynthesizerUnitTest_bsp/\libucosii_bsp.a(os_cpu_c.o)
 .comment       0x00000000       0x27 ../SynthesizerUnitTest_bsp/\libucosii_bsp.a(alt_find_file.o)
 .comment       0x00000000       0x27 ../SynthesizerUnitTest_bsp/\libucosii_bsp.a(alt_get_fd.o)
 .comment       0x00000000       0x27 ../SynthesizerUnitTest_bsp/\libucosii_bsp.a(alt_icache_flush.o)
 .comment       0x00000000       0x27 c:/altera/12.1sp1/nios2eds/bin/gnu/h-i686-mingw32/bin/../lib/gcc/nios2-elf/4.1.2/../../../../nios2-elf/lib\libc.a(lib_a-atexit.o)
 .comment       0x00000000       0x27 c:/altera/12.1sp1/nios2eds/bin/gnu/h-i686-mingw32/bin/../lib/gcc/nios2-elf/4.1.2/../../../../nios2-elf/lib\libc.a(lib_a-exit.o)
 .comment       0x00000000       0x27 c:/altera/12.1sp1/nios2eds/bin/gnu/h-i686-mingw32/bin/../lib/gcc/nios2-elf/4.1.2/../../../../nios2-elf/lib\libc.a(lib_a-memcmp.o)
 .comment       0x00000000       0x27 c:/altera/12.1sp1/nios2eds/bin/gnu/h-i686-mingw32/bin/../lib/gcc/nios2-elf/4.1.2/../../../../nios2-elf/lib\libc.a(lib_a-memcpy.o)
 .comment       0x00000000       0x27 c:/altera/12.1sp1/nios2eds/bin/gnu/h-i686-mingw32/bin/../lib/gcc/nios2-elf/4.1.2/../../../../nios2-elf/lib\libc.a(lib_a-strlen.o)
 .comment       0x00000000       0x27 c:/altera/12.1sp1/nios2eds/bin/gnu/h-i686-mingw32/bin/../lib/gcc/nios2-elf/4.1.2/../../../../nios2-elf/lib\libc.a(lib_a-__atexit.o)
 .comment       0x00000000       0x27 c:/altera/12.1sp1/nios2eds/bin/gnu/h-i686-mingw32/bin/../lib/gcc/nios2-elf/4.1.2/../../../../nios2-elf/lib\libc.a(lib_a-__call_atexit.o)
 .comment       0x00000000       0x27 ../SynthesizerUnitTest_bsp/\libucosii_bsp.a(alt_exit.o)

.debug
 *(.debug)

.line
 *(.line)

.debug_srcinfo
 *(.debug_srcinfo)

.debug_sfnames
 *(.debug_sfnames)

.debug_aranges  0x00000000      0xa78
 *(.debug_aranges)
 .debug_aranges
                0x00000000       0x28 ../SynthesizerUnitTest_bsp//obj/HAL/src/crt0.o
 .debug_aranges
                0x00000028       0x20 obj/default/hello_ucosii.o
 .debug_aranges
                0x00000048       0x20 c:/altera/12.1sp1/nios2eds/bin/gnu/h-i686-mingw32/bin/../lib/gcc/nios2-elf/4.1.2\libgcc.a(lib2-divmod.o)
 .debug_aranges
                0x00000068       0x20 c:/altera/12.1sp1/nios2eds/bin/gnu/h-i686-mingw32/bin/../lib/gcc/nios2-elf/4.1.2/../../../../nios2-elf/lib\libc.a(lib_a-putchar.o)
 .debug_aranges
                0x00000088       0x20 c:/altera/12.1sp1/nios2eds/bin/gnu/h-i686-mingw32/bin/../lib/gcc/nios2-elf/4.1.2/../../../../nios2-elf/lib\libc.a(lib_a-putc.o)
 .debug_aranges
                0x000000a8       0x20 c:/altera/12.1sp1/nios2eds/bin/gnu/h-i686-mingw32/bin/../lib/gcc/nios2-elf/4.1.2/../../../../nios2-elf/lib\libc.a(lib_a-wbuf.o)
 .debug_aranges
                0x000000c8       0x20 c:/altera/12.1sp1/nios2eds/bin/gnu/h-i686-mingw32/bin/../lib/gcc/nios2-elf/4.1.2/../../../../nios2-elf/lib\libc.a(lib_a-wsetup.o)
 .debug_aranges
                0x000000e8       0x20 c:/altera/12.1sp1/nios2eds/bin/gnu/h-i686-mingw32/bin/../lib/gcc/nios2-elf/4.1.2/../../../../nios2-elf/lib\libc.a(lib_a-fflush.o)
 .debug_aranges
                0x00000108       0x20 c:/altera/12.1sp1/nios2eds/bin/gnu/h-i686-mingw32/bin/../lib/gcc/nios2-elf/4.1.2/../../../../nios2-elf/lib\libc.a(lib_a-findfp.o)
 .debug_aranges
                0x00000128       0x20 c:/altera/12.1sp1/nios2eds/bin/gnu/h-i686-mingw32/bin/../lib/gcc/nios2-elf/4.1.2/../../../../nios2-elf/lib\libc.a(lib_a-freer.o)
 .debug_aranges
                0x00000148       0x20 c:/altera/12.1sp1/nios2eds/bin/gnu/h-i686-mingw32/bin/../lib/gcc/nios2-elf/4.1.2/../../../../nios2-elf/lib\libc.a(lib_a-fwalk.o)
 .debug_aranges
                0x00000168       0x20 c:/altera/12.1sp1/nios2eds/bin/gnu/h-i686-mingw32/bin/../lib/gcc/nios2-elf/4.1.2/../../../../nios2-elf/lib\libc.a(lib_a-makebuf.o)
 .debug_aranges
                0x00000188       0x20 c:/altera/12.1sp1/nios2eds/bin/gnu/h-i686-mingw32/bin/../lib/gcc/nios2-elf/4.1.2/../../../../nios2-elf/lib\libc.a(lib_a-mallocr.o)
 .debug_aranges
                0x000001a8       0x20 c:/altera/12.1sp1/nios2eds/bin/gnu/h-i686-mingw32/bin/../lib/gcc/nios2-elf/4.1.2/../../../../nios2-elf/lib\libc.a(lib_a-memset.o)
 .debug_aranges
                0x000001c8       0x20 c:/altera/12.1sp1/nios2eds/bin/gnu/h-i686-mingw32/bin/../lib/gcc/nios2-elf/4.1.2/../../../../nios2-elf/lib\libc.a(lib_a-sbrkr.o)
 .debug_aranges
                0x000001e8       0x20 c:/altera/12.1sp1/nios2eds/bin/gnu/h-i686-mingw32/bin/../lib/gcc/nios2-elf/4.1.2/../../../../nios2-elf/lib\libc.a(lib_a-stdio.o)
 .debug_aranges
                0x00000208       0x20 c:/altera/12.1sp1/nios2eds/bin/gnu/h-i686-mingw32/bin/../lib/gcc/nios2-elf/4.1.2/../../../../nios2-elf/lib\libc.a(lib_a-writer.o)
 .debug_aranges
                0x00000228       0x20 c:/altera/12.1sp1/nios2eds/bin/gnu/h-i686-mingw32/bin/../lib/gcc/nios2-elf/4.1.2/../../../../nios2-elf/lib\libc.a(lib_a-closer.o)
 .debug_aranges
                0x00000248       0x20 c:/altera/12.1sp1/nios2eds/bin/gnu/h-i686-mingw32/bin/../lib/gcc/nios2-elf/4.1.2/../../../../nios2-elf/lib\libc.a(lib_a-fclose.o)
 .debug_aranges
                0x00000268       0x20 c:/altera/12.1sp1/nios2eds/bin/gnu/h-i686-mingw32/bin/../lib/gcc/nios2-elf/4.1.2/../../../../nios2-elf/lib\libc.a(lib_a-fstatr.o)
 .debug_aranges
                0x00000288       0x20 c:/altera/12.1sp1/nios2eds/bin/gnu/h-i686-mingw32/bin/../lib/gcc/nios2-elf/4.1.2/../../../../nios2-elf/lib\libc.a(lib_a-isattyr.o)
 .debug_aranges
                0x000002a8       0x20 c:/altera/12.1sp1/nios2eds/bin/gnu/h-i686-mingw32/bin/../lib/gcc/nios2-elf/4.1.2/../../../../nios2-elf/lib\libc.a(lib_a-lseekr.o)
 .debug_aranges
                0x000002c8       0x20 c:/altera/12.1sp1/nios2eds/bin/gnu/h-i686-mingw32/bin/../lib/gcc/nios2-elf/4.1.2/../../../../nios2-elf/lib\libc.a(lib_a-readr.o)
 .debug_aranges
                0x000002e8       0x20 ../SynthesizerUnitTest_bsp/\libucosii_bsp.a(alt_close.o)
 .debug_aranges
                0x00000308       0x20 ../SynthesizerUnitTest_bsp/\libucosii_bsp.a(alt_dev.o)
 .debug_aranges
                0x00000328       0x20 ../SynthesizerUnitTest_bsp/\libucosii_bsp.a(alt_fstat.o)
 .debug_aranges
                0x00000348       0x20 ../SynthesizerUnitTest_bsp/\libucosii_bsp.a(alt_isatty.o)
 .debug_aranges
                0x00000368       0x20 ../SynthesizerUnitTest_bsp/\libucosii_bsp.a(alt_load.o)
 .debug_aranges
                0x00000388       0x20 ../SynthesizerUnitTest_bsp/\libucosii_bsp.a(alt_lseek.o)
 .debug_aranges
                0x000003a8       0x20 ../SynthesizerUnitTest_bsp/\libucosii_bsp.a(alt_main.o)
 .debug_aranges
                0x000003c8       0x20 ../SynthesizerUnitTest_bsp/\libucosii_bsp.a(alt_read.o)
 .debug_aranges
                0x000003e8       0x20 ../SynthesizerUnitTest_bsp/\libucosii_bsp.a(alt_release_fd.o)
 .debug_aranges
                0x00000408       0x20 ../SynthesizerUnitTest_bsp/\libucosii_bsp.a(alt_sbrk.o)
 .debug_aranges
                0x00000428       0x20 ../SynthesizerUnitTest_bsp/\libucosii_bsp.a(alt_write.o)
 .debug_aranges
                0x00000448       0x20 ../SynthesizerUnitTest_bsp/\libucosii_bsp.a(alt_env_lock.o)
 .debug_aranges
                0x00000468       0x20 ../SynthesizerUnitTest_bsp/\libucosii_bsp.a(alt_malloc_lock.o)
 .debug_aranges
                0x00000488       0x20 ../SynthesizerUnitTest_bsp/\libucosii_bsp.a(os_core.o)
 .debug_aranges
                0x000004a8       0x20 ../SynthesizerUnitTest_bsp/\libucosii_bsp.a(os_dbg.o)
 .debug_aranges
                0x000004c8       0x20 ../SynthesizerUnitTest_bsp/\libucosii_bsp.a(os_flag.o)
 .debug_aranges
                0x000004e8       0x20 ../SynthesizerUnitTest_bsp/\libucosii_bsp.a(os_mem.o)
 .debug_aranges
                0x00000508       0x20 ../SynthesizerUnitTest_bsp/\libucosii_bsp.a(os_q.o)
 .debug_aranges
                0x00000528       0x20 ../SynthesizerUnitTest_bsp/\libucosii_bsp.a(os_sem.o)
 .debug_aranges
                0x00000548       0x20 ../SynthesizerUnitTest_bsp/\libucosii_bsp.a(os_task.o)
 .debug_aranges
                0x00000568       0x20 ../SynthesizerUnitTest_bsp/\libucosii_bsp.a(os_time.o)
 .debug_aranges
                0x00000588       0x20 ../SynthesizerUnitTest_bsp/\libucosii_bsp.a(alt_sys_init.o)
 .debug_aranges
                0x000005a8       0x20 ../SynthesizerUnitTest_bsp/\libucosii_bsp.a(altera_avalon_fifo_util.o)
 .debug_aranges
                0x000005c8       0x20 ../SynthesizerUnitTest_bsp/\libucosii_bsp.a(altera_avalon_jtag_uart_fd.o)
 .debug_aranges
                0x000005e8       0x20 ../SynthesizerUnitTest_bsp/\libucosii_bsp.a(altera_avalon_jtag_uart_init.o)
 .debug_aranges
                0x00000608       0x20 ../SynthesizerUnitTest_bsp/\libucosii_bsp.a(altera_avalon_jtag_uart_ioctl.o)
 .debug_aranges
                0x00000628       0x20 ../SynthesizerUnitTest_bsp/\libucosii_bsp.a(altera_avalon_jtag_uart_read.o)
 .debug_aranges
                0x00000648       0x20 ../SynthesizerUnitTest_bsp/\libucosii_bsp.a(altera_avalon_jtag_uart_write.o)
 .debug_aranges
                0x00000668       0x20 ../SynthesizerUnitTest_bsp/\libucosii_bsp.a(altera_avalon_timer_sc.o)
 .debug_aranges
                0x00000688       0x20 ../SynthesizerUnitTest_bsp/\libucosii_bsp.a(altera_up_avalon_character_lcd.o)
 .debug_aranges
                0x000006a8       0x20 ../SynthesizerUnitTest_bsp/\libucosii_bsp.a(alt_alarm_start.o)
 .debug_aranges
                0x000006c8       0x20 ../SynthesizerUnitTest_bsp/\libucosii_bsp.a(alt_dcache_flush_all.o)
 .debug_aranges
                0x000006e8       0x20 ../SynthesizerUnitTest_bsp/\libucosii_bsp.a(alt_dev_llist_insert.o)
 .debug_aranges
                0x00000708       0x20 ../SynthesizerUnitTest_bsp/\libucosii_bsp.a(alt_do_ctors.o)
 .debug_aranges
                0x00000728       0x20 ../SynthesizerUnitTest_bsp/\libucosii_bsp.a(alt_do_dtors.o)
 .debug_aranges
                0x00000748       0x20 ../SynthesizerUnitTest_bsp/\libucosii_bsp.a(alt_find_dev.o)
 .debug_aranges
                0x00000768       0x20 ../SynthesizerUnitTest_bsp/\libucosii_bsp.a(alt_icache_flush_all.o)
 .debug_aranges
                0x00000788       0x20 ../SynthesizerUnitTest_bsp/\libucosii_bsp.a(alt_iic.o)
 .debug_aranges
                0x000007a8       0x20 ../SynthesizerUnitTest_bsp/\libucosii_bsp.a(alt_iic_isr_register.o)
 .debug_aranges
                0x000007c8       0x20 ../SynthesizerUnitTest_bsp/\libucosii_bsp.a(alt_io_redirect.o)
 .debug_aranges
                0x000007e8       0x30 ../SynthesizerUnitTest_bsp/\libucosii_bsp.a(alt_irq_entry.o)
 .debug_aranges
                0x00000818       0x28 ../SynthesizerUnitTest_bsp/\libucosii_bsp.a(alt_irq_handler.o)
 .debug_aranges
                0x00000840       0x20 ../SynthesizerUnitTest_bsp/\libucosii_bsp.a(alt_open.o)
 .debug_aranges
                0x00000860       0x20 ../SynthesizerUnitTest_bsp/\libucosii_bsp.a(alt_tick.o)
 .debug_aranges
                0x00000880       0x20 ../SynthesizerUnitTest_bsp/\libucosii_bsp.a(altera_nios2_qsys_irq.o)
 .debug_aranges
                0x000008a0       0x20 ../SynthesizerUnitTest_bsp/\libucosii_bsp.a(os_cpu_a.o)
 .debug_aranges
                0x000008c0       0x20 ../SynthesizerUnitTest_bsp/\libucosii_bsp.a(os_cpu_c.o)
 .debug_aranges
                0x000008e0       0x38 ../SynthesizerUnitTest_bsp/\libucosii_bsp.a(alt_exception_entry.o)
 .debug_aranges
                0x00000918       0x20 ../SynthesizerUnitTest_bsp/\libucosii_bsp.a(alt_find_file.o)
 .debug_aranges
                0x00000938       0x20 ../SynthesizerUnitTest_bsp/\libucosii_bsp.a(alt_get_fd.o)
 .debug_aranges
                0x00000958       0x20 ../SynthesizerUnitTest_bsp/\libucosii_bsp.a(alt_icache_flush.o)
 .debug_aranges
                0x00000978       0x20 c:/altera/12.1sp1/nios2eds/bin/gnu/h-i686-mingw32/bin/../lib/gcc/nios2-elf/4.1.2/../../../../nios2-elf/lib\libc.a(lib_a-atexit.o)
 .debug_aranges
                0x00000998       0x20 c:/altera/12.1sp1/nios2eds/bin/gnu/h-i686-mingw32/bin/../lib/gcc/nios2-elf/4.1.2/../../../../nios2-elf/lib\libc.a(lib_a-exit.o)
 .debug_aranges
                0x000009b8       0x20 c:/altera/12.1sp1/nios2eds/bin/gnu/h-i686-mingw32/bin/../lib/gcc/nios2-elf/4.1.2/../../../../nios2-elf/lib\libc.a(lib_a-memcmp.o)
 .debug_aranges
                0x000009d8       0x20 c:/altera/12.1sp1/nios2eds/bin/gnu/h-i686-mingw32/bin/../lib/gcc/nios2-elf/4.1.2/../../../../nios2-elf/lib\libc.a(lib_a-memcpy.o)
 .debug_aranges
                0x000009f8       0x20 c:/altera/12.1sp1/nios2eds/bin/gnu/h-i686-mingw32/bin/../lib/gcc/nios2-elf/4.1.2/../../../../nios2-elf/lib\libc.a(lib_a-strlen.o)
 .debug_aranges
                0x00000a18       0x20 c:/altera/12.1sp1/nios2eds/bin/gnu/h-i686-mingw32/bin/../lib/gcc/nios2-elf/4.1.2/../../../../nios2-elf/lib\libc.a(lib_a-__atexit.o)
 .debug_aranges
                0x00000a38       0x20 c:/altera/12.1sp1/nios2eds/bin/gnu/h-i686-mingw32/bin/../lib/gcc/nios2-elf/4.1.2/../../../../nios2-elf/lib\libc.a(lib_a-__call_atexit.o)
 .debug_aranges
                0x00000a58       0x20 ../SynthesizerUnitTest_bsp/\libucosii_bsp.a(alt_exit.o)

.debug_pubnames
                0x00000000     0x1e86
 *(.debug_pubnames)
 .debug_pubnames
                0x00000000       0x33 obj/default/hello_ucosii.o
 .debug_pubnames
                0x00000033       0x48 c:/altera/12.1sp1/nios2eds/bin/gnu/h-i686-mingw32/bin/../lib/gcc/nios2-elf/4.1.2\libgcc.a(lib2-divmod.o)
 .debug_pubnames
                0x0000007b       0x2d c:/altera/12.1sp1/nios2eds/bin/gnu/h-i686-mingw32/bin/../lib/gcc/nios2-elf/4.1.2/../../../../nios2-elf/lib\libc.a(lib_a-putchar.o)
 .debug_pubnames
                0x000000a8       0x39 c:/altera/12.1sp1/nios2eds/bin/gnu/h-i686-mingw32/bin/../lib/gcc/nios2-elf/4.1.2/../../../../nios2-elf/lib\libc.a(lib_a-impure.o)
 .debug_pubnames
                0x000000e1       0x27 c:/altera/12.1sp1/nios2eds/bin/gnu/h-i686-mingw32/bin/../lib/gcc/nios2-elf/4.1.2/../../../../nios2-elf/lib\libc.a(lib_a-putc.o)
 .debug_pubnames
                0x00000108       0x2c c:/altera/12.1sp1/nios2eds/bin/gnu/h-i686-mingw32/bin/../lib/gcc/nios2-elf/4.1.2/../../../../nios2-elf/lib\libc.a(lib_a-wbuf.o)
 .debug_pubnames
                0x00000134       0x22 c:/altera/12.1sp1/nios2eds/bin/gnu/h-i686-mingw32/bin/../lib/gcc/nios2-elf/4.1.2/../../../../nios2-elf/lib\libc.a(lib_a-wsetup.o)
 .debug_pubnames
                0x00000156       0x2b c:/altera/12.1sp1/nios2eds/bin/gnu/h-i686-mingw32/bin/../lib/gcc/nios2-elf/4.1.2/../../../../nios2-elf/lib\libc.a(lib_a-fflush.o)
 .debug_pubnames
                0x00000181       0xdb c:/altera/12.1sp1/nios2eds/bin/gnu/h-i686-mingw32/bin/../lib/gcc/nios2-elf/4.1.2/../../../../nios2-elf/lib\libc.a(lib_a-findfp.o)
 .debug_pubnames
                0x0000025c       0x31 c:/altera/12.1sp1/nios2eds/bin/gnu/h-i686-mingw32/bin/../lib/gcc/nios2-elf/4.1.2/../../../../nios2-elf/lib\libc.a(lib_a-freer.o)
 .debug_pubnames
                0x0000028d       0x2e c:/altera/12.1sp1/nios2eds/bin/gnu/h-i686-mingw32/bin/../lib/gcc/nios2-elf/4.1.2/../../../../nios2-elf/lib\libc.a(lib_a-fwalk.o)
 .debug_pubnames
                0x000002bb       0x23 c:/altera/12.1sp1/nios2eds/bin/gnu/h-i686-mingw32/bin/../lib/gcc/nios2-elf/4.1.2/../../../../nios2-elf/lib\libc.a(lib_a-makebuf.o)
 .debug_pubnames
                0x000002de       0xce c:/altera/12.1sp1/nios2eds/bin/gnu/h-i686-mingw32/bin/../lib/gcc/nios2-elf/4.1.2/../../../../nios2-elf/lib\libc.a(lib_a-mallocr.o)
 .debug_pubnames
                0x000003ac       0x1d c:/altera/12.1sp1/nios2eds/bin/gnu/h-i686-mingw32/bin/../lib/gcc/nios2-elf/4.1.2/../../../../nios2-elf/lib\libc.a(lib_a-memset.o)
 .debug_pubnames
                0x000003c9       0x1e c:/altera/12.1sp1/nios2eds/bin/gnu/h-i686-mingw32/bin/../lib/gcc/nios2-elf/4.1.2/../../../../nios2-elf/lib\libc.a(lib_a-sbrkr.o)
 .debug_pubnames
                0x000003e7       0x44 c:/altera/12.1sp1/nios2eds/bin/gnu/h-i686-mingw32/bin/../lib/gcc/nios2-elf/4.1.2/../../../../nios2-elf/lib\libc.a(lib_a-stdio.o)
 .debug_pubnames
                0x0000042b       0x1f c:/altera/12.1sp1/nios2eds/bin/gnu/h-i686-mingw32/bin/../lib/gcc/nios2-elf/4.1.2/../../../../nios2-elf/lib\libc.a(lib_a-writer.o)
 .debug_pubnames
                0x0000044a       0x1f c:/altera/12.1sp1/nios2eds/bin/gnu/h-i686-mingw32/bin/../lib/gcc/nios2-elf/4.1.2/../../../../nios2-elf/lib\libc.a(lib_a-closer.o)
 .debug_pubnames
                0x00000469       0x2b c:/altera/12.1sp1/nios2eds/bin/gnu/h-i686-mingw32/bin/../lib/gcc/nios2-elf/4.1.2/../../../../nios2-elf/lib\libc.a(lib_a-fclose.o)
 .debug_pubnames
                0x00000494       0x1f c:/altera/12.1sp1/nios2eds/bin/gnu/h-i686-mingw32/bin/../lib/gcc/nios2-elf/4.1.2/../../../../nios2-elf/lib\libc.a(lib_a-fstatr.o)
 .debug_pubnames
                0x000004b3       0x1c c:/altera/12.1sp1/nios2eds/bin/gnu/h-i686-mingw32/bin/../lib/gcc/nios2-elf/4.1.2/../../../../nios2-elf/lib\libc.a(lib_a-int_errno.o)
 .debug_pubnames
                0x000004cf       0x20 c:/altera/12.1sp1/nios2eds/bin/gnu/h-i686-mingw32/bin/../lib/gcc/nios2-elf/4.1.2/../../../../nios2-elf/lib\libc.a(lib_a-isattyr.o)
 .debug_pubnames
                0x000004ef       0x1f c:/altera/12.1sp1/nios2eds/bin/gnu/h-i686-mingw32/bin/../lib/gcc/nios2-elf/4.1.2/../../../../nios2-elf/lib\libc.a(lib_a-lseekr.o)
 .debug_pubnames
                0x0000050e       0x1e c:/altera/12.1sp1/nios2eds/bin/gnu/h-i686-mingw32/bin/../lib/gcc/nios2-elf/4.1.2/../../../../nios2-elf/lib\libc.a(lib_a-readr.o)
 .debug_pubnames
                0x0000052c       0x1c ../SynthesizerUnitTest_bsp/\libucosii_bsp.a(alt_close.o)
 .debug_pubnames
                0x00000548       0x78 ../SynthesizerUnitTest_bsp/\libucosii_bsp.a(alt_dev.o)
 .debug_pubnames
                0x000005c0       0x20 ../SynthesizerUnitTest_bsp/\libucosii_bsp.a(alt_errno.o)
 .debug_pubnames
                0x000005e0       0x1c ../SynthesizerUnitTest_bsp/\libucosii_bsp.a(alt_fstat.o)
 .debug_pubnames
                0x000005fc       0x1d ../SynthesizerUnitTest_bsp/\libucosii_bsp.a(alt_isatty.o)
 .debug_pubnames
                0x00000619       0x1f ../SynthesizerUnitTest_bsp/\libucosii_bsp.a(alt_load.o)
 .debug_pubnames
                0x00000638       0x1c ../SynthesizerUnitTest_bsp/\libucosii_bsp.a(alt_lseek.o)
 .debug_pubnames
                0x00000654       0x46 ../SynthesizerUnitTest_bsp/\libucosii_bsp.a(alt_main.o)
 .debug_pubnames
                0x0000069a       0x1b ../SynthesizerUnitTest_bsp/\libucosii_bsp.a(alt_read.o)
 .debug_pubnames
                0x000006b5       0x25 ../SynthesizerUnitTest_bsp/\libucosii_bsp.a(alt_release_fd.o)
 .debug_pubnames
                0x000006da       0x1b ../SynthesizerUnitTest_bsp/\libucosii_bsp.a(alt_sbrk.o)
 .debug_pubnames
                0x000006f5       0x1c ../SynthesizerUnitTest_bsp/\libucosii_bsp.a(alt_write.o)
 .debug_pubnames
                0x00000711       0x41 ../SynthesizerUnitTest_bsp/\libucosii_bsp.a(alt_env_lock.o)
 .debug_pubnames
                0x00000752       0x48 ../SynthesizerUnitTest_bsp/\libucosii_bsp.a(alt_malloc_lock.o)
 .debug_pubnames
                0x0000079a      0x3f8 ../SynthesizerUnitTest_bsp/\libucosii_bsp.a(os_core.o)
 .debug_pubnames
                0x00000b92      0x3c5 ../SynthesizerUnitTest_bsp/\libucosii_bsp.a(os_dbg.o)
 .debug_pubnames
                0x00000f57       0xd0 ../SynthesizerUnitTest_bsp/\libucosii_bsp.a(os_flag.o)
 .debug_pubnames
                0x00001027       0x7c ../SynthesizerUnitTest_bsp/\libucosii_bsp.a(os_mem.o)
 .debug_pubnames
                0x000010a3       0xa9 ../SynthesizerUnitTest_bsp/\libucosii_bsp.a(os_q.o)
 .debug_pubnames
                0x0000114c       0x8a ../SynthesizerUnitTest_bsp/\libucosii_bsp.a(os_sem.o)
 .debug_pubnames
                0x000011d6       0xe5 ../SynthesizerUnitTest_bsp/\libucosii_bsp.a(os_task.o)
 .debug_pubnames
                0x000012bb       0x62 ../SynthesizerUnitTest_bsp/\libucosii_bsp.a(os_time.o)
 .debug_pubnames
                0x0000131d       0x34 ../SynthesizerUnitTest_bsp/\libucosii_bsp.a(alt_sys_init.o)
 .debug_pubnames
                0x00001351      0x278 ../SynthesizerUnitTest_bsp/\libucosii_bsp.a(altera_avalon_fifo_util.o)
 .debug_pubnames
                0x000015c9       0xa5 ../SynthesizerUnitTest_bsp/\libucosii_bsp.a(altera_avalon_jtag_uart_fd.o)
 .debug_pubnames
                0x0000166e       0x55 ../SynthesizerUnitTest_bsp/\libucosii_bsp.a(altera_avalon_jtag_uart_init.o)
 .debug_pubnames
                0x000016c3       0x34 ../SynthesizerUnitTest_bsp/\libucosii_bsp.a(altera_avalon_jtag_uart_ioctl.o)
 .debug_pubnames
                0x000016f7       0x33 ../SynthesizerUnitTest_bsp/\libucosii_bsp.a(altera_avalon_jtag_uart_read.o)
 .debug_pubnames
                0x0000172a       0x34 ../SynthesizerUnitTest_bsp/\libucosii_bsp.a(altera_avalon_jtag_uart_write.o)
 .debug_pubnames