Archive member included because of file (symbol)

c:/altera/12.1sp1/nios2eds/bin/gnu/h-i686-mingw32/bin/../lib/gcc/nios2-elf/4.1.2/../../../../nios2-elf/lib\libc.a(lib_a-puts.o)
                              obj/default/hello_ucosii.o (puts)
c:/altera/12.1sp1/nios2eds/bin/gnu/h-i686-mingw32/bin/../lib/gcc/nios2-elf/4.1.2/../../../../nios2-elf/lib\libc.a(lib_a-strlen.o)
                              c:/altera/12.1sp1/nios2eds/bin/gnu/h-i686-mingw32/bin/../lib/gcc/nios2-elf/4.1.2/../../../../nios2-elf/lib\libc.a(lib_a-puts.o) (strlen)
c:/altera/12.1sp1/nios2eds/bin/gnu/h-i686-mingw32/bin/../lib/gcc/nios2-elf/4.1.2/../../../../nios2-elf/lib\libc.a(lib_a-fvwrite.o)
                              c:/altera/12.1sp1/nios2eds/bin/gnu/h-i686-mingw32/bin/../lib/gcc/nios2-elf/4.1.2/../../../../nios2-elf/lib\libc.a(lib_a-puts.o) (__sfvwrite_r)
c:/altera/12.1sp1/nios2eds/bin/gnu/h-i686-mingw32/bin/../lib/gcc/nios2-elf/4.1.2/../../../../nios2-elf/lib\libc.a(lib_a-impure.o)
                              c:/altera/12.1sp1/nios2eds/bin/gnu/h-i686-mingw32/bin/../lib/gcc/nios2-elf/4.1.2/../../../../nios2-elf/lib\libc.a(lib_a-puts.o) (_impure_ptr)
c:/altera/12.1sp1/nios2eds/bin/gnu/h-i686-mingw32/bin/../lib/gcc/nios2-elf/4.1.2/../../../../nios2-elf/lib\libc.a(lib_a-mallocr.o)
                              c:/altera/12.1sp1/nios2eds/bin/gnu/h-i686-mingw32/bin/../lib/gcc/nios2-elf/4.1.2/../../../../nios2-elf/lib\libc.a(lib_a-fvwrite.o) (_malloc_r)
c:/altera/12.1sp1/nios2eds/bin/gnu/h-i686-mingw32/bin/../lib/gcc/nios2-elf/4.1.2/../../../../nios2-elf/lib\libc.a(lib_a-memchr.o)
                              c:/altera/12.1sp1/nios2eds/bin/gnu/h-i686-mingw32/bin/../lib/gcc/nios2-elf/4.1.2/../../../../nios2-elf/lib\libc.a(lib_a-fvwrite.o) (memchr)
c:/altera/12.1sp1/nios2eds/bin/gnu/h-i686-mingw32/bin/../lib/gcc/nios2-elf/4.1.2/../../../../nios2-elf/lib\libc.a(lib_a-memcpy.o)
                              c:/altera/12.1sp1/nios2eds/bin/gnu/h-i686-mingw32/bin/../lib/gcc/nios2-elf/4.1.2/../../../../nios2-elf/lib\libc.a(lib_a-fvwrite.o) (memcpy)
c:/altera/12.1sp1/nios2eds/bin/gnu/h-i686-mingw32/bin/../lib/gcc/nios2-elf/4.1.2/../../../../nios2-elf/lib\libc.a(lib_a-memmove.o)
                              c:/altera/12.1sp1/nios2eds/bin/gnu/h-i686-mingw32/bin/../lib/gcc/nios2-elf/4.1.2/../../../../nios2-elf/lib\libc.a(lib_a-fvwrite.o) (memmove)
c:/altera/12.1sp1/nios2eds/bin/gnu/h-i686-mingw32/bin/../lib/gcc/nios2-elf/4.1.2/../../../../nios2-elf/lib\libc.a(lib_a-reallocr.o)
                              c:/altera/12.1sp1/nios2eds/bin/gnu/h-i686-mingw32/bin/../lib/gcc/nios2-elf/4.1.2/../../../../nios2-elf/lib\libc.a(lib_a-fvwrite.o) (_realloc_r)
c:/altera/12.1sp1/nios2eds/bin/gnu/h-i686-mingw32/bin/../lib/gcc/nios2-elf/4.1.2/../../../../nios2-elf/lib\libc.a(lib_a-sbrkr.o)
                              c:/altera/12.1sp1/nios2eds/bin/gnu/h-i686-mingw32/bin/../lib/gcc/nios2-elf/4.1.2/../../../../nios2-elf/lib\libc.a(lib_a-mallocr.o) (_sbrk_r)
c:/altera/12.1sp1/nios2eds/bin/gnu/h-i686-mingw32/bin/../lib/gcc/nios2-elf/4.1.2/../../../../nios2-elf/lib\libc.a(lib_a-wsetup.o)
                              c:/altera/12.1sp1/nios2eds/bin/gnu/h-i686-mingw32/bin/../lib/gcc/nios2-elf/4.1.2/../../../../nios2-elf/lib\libc.a(lib_a-fvwrite.o) (__swsetup_r)
c:/altera/12.1sp1/nios2eds/bin/gnu/h-i686-mingw32/bin/../lib/gcc/nios2-elf/4.1.2/../../../../nios2-elf/lib\libc.a(lib_a-fflush.o)
                              c:/altera/12.1sp1/nios2eds/bin/gnu/h-i686-mingw32/bin/../lib/gcc/nios2-elf/4.1.2/../../../../nios2-elf/lib\libc.a(lib_a-fvwrite.o) (_fflush_r)
c:/altera/12.1sp1/nios2eds/bin/gnu/h-i686-mingw32/bin/../lib/gcc/nios2-elf/4.1.2/../../../../nios2-elf/lib\libc.a(lib_a-findfp.o)
                              c:/altera/12.1sp1/nios2eds/bin/gnu/h-i686-mingw32/bin/../lib/gcc/nios2-elf/4.1.2/../../../../nios2-elf/lib\libc.a(lib_a-wsetup.o) (__sinit)
c:/altera/12.1sp1/nios2eds/bin/gnu/h-i686-mingw32/bin/../lib/gcc/nios2-elf/4.1.2/../../../../nios2-elf/lib\libc.a(lib_a-freer.o)
                              c:/altera/12.1sp1/nios2eds/bin/gnu/h-i686-mingw32/bin/../lib/gcc/nios2-elf/4.1.2/../../../../nios2-elf/lib\libc.a(lib_a-fvwrite.o) (_free_r)
c:/altera/12.1sp1/nios2eds/bin/gnu/h-i686-mingw32/bin/../lib/gcc/nios2-elf/4.1.2/../../../../nios2-elf/lib\libc.a(lib_a-fwalk.o)
                              c:/altera/12.1sp1/nios2eds/bin/gnu/h-i686-mingw32/bin/../lib/gcc/nios2-elf/4.1.2/../../../../nios2-elf/lib\libc.a(lib_a-fflush.o) (_fwalk_reent)
c:/altera/12.1sp1/nios2eds/bin/gnu/h-i686-mingw32/bin/../lib/gcc/nios2-elf/4.1.2/../../../../nios2-elf/lib\libc.a(lib_a-int_errno.o)
                              c:/altera/12.1sp1/nios2eds/bin/gnu/h-i686-mingw32/bin/../lib/gcc/nios2-elf/4.1.2/../../../../nios2-elf/lib\libc.a(lib_a-sbrkr.o) (errno)
c:/altera/12.1sp1/nios2eds/bin/gnu/h-i686-mingw32/bin/../lib/gcc/nios2-elf/4.1.2/../../../../nios2-elf/lib\libc.a(lib_a-makebuf.o)
[...]
Memory Configuration

Name             Origin             Length             Attributes
sdram_0          0x00800000         0x00800000
sram_0           0x01080000         0x00080000
reset            0x01104000         0x00000020
onchip_memory2_0 0x01104020         0x00003fe0
*default*        0x00000000         0xffffffff

Linker script and memory map

LOAD ../Polyv4_bsp//obj/HAL/src/crt0.o
LOAD obj/default/hello_ucosii.o
LOAD c:/altera/12.1sp1/nios2eds/bin/gnu/h-i686-mingw32/bin/../lib/gcc/nios2-elf/4.1.2/../../../../nios2-elf/lib\libstdc++.a
LOAD c:/altera/12.1sp1/nios2eds/bin/gnu/h-i686-mingw32/bin/../lib/gcc/nios2-elf/4.1.2/../../../../nios2-elf/lib\libm.a
LOAD c:/altera/12.1sp1/nios2eds/bin/gnu/h-i686-mingw32/bin/../lib/gcc/nios2-elf/4.1.2\libgcc.a
START GROUP
LOAD c:/altera/12.1sp1/nios2eds/bin/gnu/h-i686-mingw32/bin/../lib/gcc/nios2-elf/4.1.2/../../../../nios2-elf/lib\libc.a
LOAD c:/altera/12.1sp1/nios2eds/bin/gnu/h-i686-mingw32/bin/../lib/gcc/nios2-elf/4.1.2\libgcc.a
LOAD ../Polyv4_bsp/\libucosii_bsp.a
END GROUP
LOAD c:/altera/12.1sp1/nios2eds/bin/gnu/h-i686-mingw32/bin/../lib/gcc/nios2-elf/4.1.2\libgcc.a
                0x00800000                __alt_mem_sdram_0 = 0x800000
                0x01080000                __alt_mem_sram_0 = 0x1080000
                0x01104000                __alt_mem_onchip_memory2_0 = 0x1104000

.entry          0x01104000       0x20
 *(.entry)
 .entry         0x01104000       0x20 ../Polyv4_bsp//obj/HAL/src/crt0.o
                0x01104000                __reset

.exceptions     0x01104020      0x1a0 load address 0x00800000
                0x01104020                PROVIDE (__ram_exceptions_start, ABSOLUTE (.))
                0x01104020                . = ALIGN (0x20)
 *(.irq)
 *(.exceptions.entry.label)
 .exceptions.entry.label
                0x01104020        0x0 ../Polyv4_bsp/\libucosii_bsp.a(alt_irq_entry.o)
                0x01104020                alt_irq_entry
 .exceptions.entry.label
                0x01104020        0x0 ../Polyv4_bsp/\libucosii_bsp.a(alt_exception_entry.o)
                0x01104020                alt_exception
 *(.exceptions.entry.user)
 *(.exceptions.entry)
 .exceptions.entry
                0x01104020       0x54 ../Polyv4_bsp/\libucosii_bsp.a(alt_exception_entry.o)
 *(.exceptions.irqtest.user)
 *(.exceptions.irqtest)
 .exceptions.irqtest
                0x01104074       0x10 ../Polyv4_bsp/\libucosii_bsp.a(alt_irq_entry.o)
 *(.exceptions.irqhandler.user)
 *(.exceptions.irqhandler)
 .exceptions.irqhandler
                0x01104084        0x4 ../Polyv4_bsp/\libucosii_bsp.a(alt_irq_entry.o)
 *(.exceptions.irqreturn.user)
 *(.exceptions.irqreturn)
 .exceptions.irqreturn
                0x01104088        0x4 ../Polyv4_bsp/\libucosii_bsp.a(alt_irq_entry.o)
 *(.exceptions.notirq.label)
 .exceptions.notirq.label
                0x0110408c        0x0 ../Polyv4_bsp/\libucosii_bsp.a(alt_irq_entry.o)
 *(.exceptions.notirq.user)
 *(.exceptions.notirq)
 .exceptions.notirq
                0x0110408c        0x8 ../Polyv4_bsp/\libucosii_bsp.a(alt_exception_entry.o)
 *(.exceptions.soft.user)
 *(.exceptions.soft)
 *(.exceptions.unknown.user)
 *(.exceptions.unknown)
 .exceptions.unknown
                0x01104094        0x4 ../Polyv4_bsp/\libucosii_bsp.a(alt_exception_entry.o)
 *(.exceptions.exit.label)
 .exceptions.exit.label
                0x01104098        0x0 ../Polyv4_bsp/\libucosii_bsp.a(alt_irq_entry.o)
 .exceptions.exit.label
                0x01104098        0x0 ../Polyv4_bsp/\libucosii_bsp.a(alt_exception_entry.o)
 *(.exceptions.exit.user)
 *(.exceptions.exit)
 .exceptions.exit
                0x01104098       0x54 ../Polyv4_bsp/\libucosii_bsp.a(alt_exception_entry.o)
 *(.exceptions)
 .exceptions    0x011040ec       0xd4 ../Polyv4_bsp/\libucosii_bsp.a(alt_irq_handler.o)
                0x011040ec                alt_irq_handler
                0x011041c0                PROVIDE (__ram_exceptions_end, ABSOLUTE (.))
                0x00800000                PROVIDE (__flash_exceptions_start, LOADADDR (.exceptions))

.text           0x008001a0     0xff68
                0x008001a0                PROVIDE (stext, ABSOLUTE (.))
 *(.interp)
 *(.hash)
 *(.dynsym)
 *(.dynstr)
 *(.gnu.version)
 *(.gnu.version_d)
 *(.gnu.version_r)
 *(.rel.init)
 *(.rela.init)
 *(.rel.text .rel.text.* .rel.gnu.linkonce.t.*)
 *(.rela.text .rela.text.* .rela.gnu.linkonce.t.*)
 *(.rel.fini)
 *(.rela.fini)
 *(.rel.rodata .rel.rodata.* .rel.gnu.linkonce.r.*)
 *(.rela.rodata .rela.rodata.* .rela.gnu.linkonce.r.*)
 *(.rel.data .rel.data.* .rel.gnu.linkonce.d.*)
 *(.rela.data .rela.data.* .rela.gnu.linkonce.d.*)
 *(.rel.tdata .rel.tdata.* .rel.gnu.linkonce.td.*)
 *(.rela.tdata .rela.tdata.* .rela.gnu.linkonce.td.*)
 *(.rel.tbss .rel.tbss.* .rel.gnu.linkonce.tb.*)
 *(.rela.tbss .rela.tbss.* .rela.gnu.linkonce.tb.*)
 *(.rel.ctors)
 *(.rela.ctors)
 *(.rel.dtors)
 *(.rela.dtors)
 *(.rel.got)
 *(.rela.got)
 *(.rel.sdata .rel.sdata.* .rel.gnu.linkonce.s.*)
 *(.rela.sdata .rela.sdata.* .rela.gnu.linkonce.s.*)
 *(.rel.sbss .rel.sbss.* .rel.gnu.linkonce.sb.*)
 *(.rela.sbss .rela.sbss.* .rela.gnu.linkonce.sb.*)
 *(.rel.sdata2 .rel.sdata2.* .rel.gnu.linkonce.s2.*)
 *(.rela.sdata2 .rela.sdata2.* .rela.gnu.linkonce.s2.*)
 *(.rel.sbss2 .rel.sbss2.* .rel.gnu.linkonce.sb2.*)
 *(.rela.sbss2 .rela.sbss2.* .rela.gnu.linkonce.sb2.*)
 *(.rel.bss .rel.bss.* .rel.gnu.linkonce.b.*)
 *(.rela.bss .rela.bss.* .rela.gnu.linkonce.b.*)
 *(.rel.plt)
 *(.rela.plt)
 *(.rel.dyn)
 *(.init)
 *(.plt)
 *(.text .stub .text.* .gnu.linkonce.t.*)
 .text          0x008001a0       0x4c ../Polyv4_bsp//obj/HAL/src/crt0.o
                0x008001a0                _start
 .text          0x008001ec      0x344 obj/default/hello_ucosii.o
                0x008001ec                task1
                0x008003dc                task2
                0x00800484                main
 .text          0x00800530       0xb4 c:/altera/12.1sp1/nios2eds/bin/gnu/h-i686-mingw32/bin/../lib/gcc/nios2-elf/4.1.2/../../../../nios2-elf/lib\libc.a(lib_a-puts.o)
                0x00800530                _puts_r
                0x008005d0                puts
 .text          0x008005e4       0x74 c:/altera/12.1sp1/nios2eds/bin/gnu/h-i686-mingw32/bin/../lib/gcc/nios2-elf/4.1.2/../../../../nios2-elf/lib\libc.a(lib_a-strlen.o)
                0x008005e4                strlen
 .text          0x00800658      0x49c c:/altera/12.1sp1/nios2eds/bin/gnu/h-i686-mingw32/bin/../lib/gcc/nios2-elf/4.1.2/../../../../nios2-elf/lib\libc.a(lib_a-fvwrite.o)
                0x00800658                __sfvwrite_r
 .text          0x00800af4        0x0 c:/altera/12.1sp1/nios2eds/bin/gnu/h-i686-mingw32/bin/../lib/gcc/nios2-elf/4.1.2/../../../../nios2-elf/lib\libc.a(lib_a-impure.o)
 .text          0x00800af4      0x740 c:/altera/12.1sp1/nios2eds/bin/gnu/h-i686-mingw32/bin/../lib/gcc/nios2-elf/4.1.2/../../../../nios2-elf/lib\libc.a(lib_a-mallocr.o)
                0x00800af4                _malloc_r
 .text          0x00801234       0xe4 c:/altera/12.1sp1/nios2eds/bin/gnu/h-i686-mingw32/bin/../lib/gcc/nios2-elf/4.1.2/../../../../nios2-elf/lib\libc.a(lib_a-memchr.o)
                0x00801234                memchr
 .text          0x00801318       0xa0 c:/altera/12.1sp1/nios2eds/bin/gnu/h-i686-mingw32/bin/../lib/gcc/nios2-elf/4.1.2/../../../../nios2-elf/lib\libc.a(lib_a-memcpy.o)
                0x00801318                memcpy
 .text          0x008013b8       0xe0 c:/altera/12.1sp1/nios2eds/bin/gnu/h-i686-mingw32/bin/../lib/gcc/nios2-elf/4.1.2/../../../../nios2-elf/lib\libc.a(lib_a-memmove.o)
                0x008013b8                memmove
 .text          0x00801498      0x5f4 c:/altera/12.1sp1/nios2eds/bin/gnu/h-i686-mingw32/bin/../lib/gcc/nios2-elf/4.1.2/../../../../nios2-elf/lib\libc.a(lib_a-reallocr.o)
                0x00801498                _realloc_r
 .text          0x00801a8c       0x70 c:/altera/12.1sp1/nios2eds/bin/gnu/h-i686-mingw32/bin/../lib/gcc/nios2-elf/4.1.2/../../../../nios2-elf/lib\libc.a(lib_a-sbrkr.o)
                0x00801a8c                _sbrk_r
 .text          0x00801afc      0x13c c:/altera/12.1sp1/nios2eds/bin/gnu/h-i686-mingw32/bin/../lib/gcc/nios2-elf/4.1.2/../../../../nios2-elf/lib\libc.a(lib_a-wsetup.o)
                0x00801afc                __swsetup_r
 .text          0x00801c38      0x230 c:/altera/12.1sp1/nios2eds/bin/gnu/h-i686-mingw32/bin/../lib/gcc/nios2-elf/4.1.2/../../../../nios2-elf/lib\libc.a(lib_a-fflush.o)
                0x00801c38                _fflush_r
                0x00801e34                fflush
 .text          0x00801e68      0x2c0 c:/altera/12.1sp1/nios2eds/bin/gnu/h-i686-mingw32/bin/../lib/gcc/nios2-elf/4.1.2/../../../../nios2-elf/lib\libc.a(lib_a-findfp.o)
                0x00801ec0                __sfp_lock_acquire
                0x00801ec4                __sfp_lock_release
                0x00801ec8                __sinit_lock_acquire
                0x00801ecc                __sinit_lock_release
                0x00801ed0                __sinit
                0x00801f84                __fp_unlock_all
                0x00801f9c                __fp_lock_all
                0x00801fb4                _cleanup_r
                0x00801fc0                _cleanup
                0x00801fd0                __sfmoreglue
                0x00802038                __sfp
 .text          0x00802128      0x440 c:/altera/12.1sp1/nios2eds/bin/gnu/h-i686-mingw32/bin/../lib/gcc/nios2-elf/4.1.2/../../../../nios2-elf/lib\libc.a(lib_a-freer.o)
                0x00802128                _malloc_trim_r
                0x00802254                _free_r
 .text          0x00802568      0x180 c:/altera/12.1sp1/nios2eds/bin/gnu/h-i686-mingw32/bin/../lib/gcc/nios2-elf/4.1.2/../../../../nios2-elf/lib\libc.a(lib_a-fwalk.o)
                0x00802568                _fwalk_reent
                0x00802630                _fwalk
 .text          0x008026e8        0x0 c:/altera/12.1sp1/nios2eds/bin/gnu/h-i686-mingw32/bin/../lib/gcc/nios2-elf/4.1.2/../../../../nios2-elf/lib\libc.a(lib_a-int_errno.o)
 .text          0x008026e8      0x194 c:/altera/12.1sp1/nios2eds/bin/gnu/h-i686-mingw32/bin/../lib/gcc/nios2-elf/4.1.2/../../../../nios2-elf/lib\libc.a(lib_a-makebuf.o)
                0x008026e8                __smakebuf_r
 .text          0x0080287c       0x98 c:/altera/12.1sp1/nios2eds/bin/gnu/h-i686-mingw32/bin/../lib/gcc/nios2-elf/4.1.2/../../../../nios2-elf/lib\libc.a(lib_a-memset.o)
                0x0080287c                memset
 .text          0x00802914      0x14c c:/altera/12.1sp1/nios2eds/bin/gnu/h-i686-mingw32/bin/../lib/gcc/nios2-elf/4.1.2/../../../../nios2-elf/lib\libc.a(lib_a-stdio.o)
                0x00802914                __sclose
                0x0080291c                __sseek
                0x00802984                __swrite
                0x00802a00                __sread
 .text          0x00802a60       0x78 c:/altera/12.1sp1/nios2eds/bin/gnu/h-i686-mingw32/bin/../lib/gcc/nios2-elf/4.1.2/../../../../nios2-elf/lib\libc.a(lib_a-writer.o)
                0x00802a60                _write_r
 .text          0x00802ad8       0x70 c:/altera/12.1sp1/nios2eds/bin/gnu/h-i686-mingw32/bin/../lib/gcc/nios2-elf/4.1.2/../../../../nios2-elf/lib\libc.a(lib_a-closer.o)
                0x00802ad8                _close_r
 .text          0x00802b48      0x124 c:/altera/12.1sp1/nios2eds/bin/gnu/h-i686-mingw32/bin/../lib/gcc/nios2-elf/4.1.2/../../../../nios2-elf/lib\libc.a(lib_a-fclose.o)
                0x00802b48                _fclose_r
                0x00802c58                fclose
 .text          0x00802c6c       0x74 c:/altera/12.1sp1/nios2eds/bin/gnu/h-i686-mingw32/bin/../lib/gcc/nios2-elf/4.1.2/../../../../nios2-elf/lib\libc.a(lib_a-fstatr.o)
                0x00802c6c                _fstat_r
 .text          0x00802ce0       0x70 c:/altera/12.1sp1/nios2eds/bin/gnu/h-i686-mingw32/bin/../lib/gcc/nios2-elf/4.1.2/../../../../nios2-elf/lib\libc.a(lib_a-isattyr.o)
                0x00802ce0                _isatty_r
 .text          0x00802d50       0x78 c:/altera/12.1sp1/nios2eds/bin/gnu/h-i686-mingw32/bin/../lib/gcc/nios2-elf/4.1.2/../../../../nios2-elf/lib\libc.a(lib_a-lseekr.o)
                0x00802d50                _lseek_r
 .text          0x00802dc8       0x78 c:/altera/12.1sp1/nios2eds/bin/gnu/h-i686-mingw32/bin/../lib/gcc/nios2-elf/4.1.2/../../../../nios2-elf/lib\libc.a(lib_a-readr.o)
                0x00802dc8                _read_r
 .text          0x00802e40      0x15c ../Polyv4_bsp/\libucosii_bsp.a(alt_close.o)
                0x00802e40                close
 .text          0x00802f9c       0x2c ../Polyv4_bsp/\libucosii_bsp.a(alt_dev.o)
 .text          0x00802fc8        0x0 ../Polyv4_bsp/\libucosii_bsp.a(alt_errno.o)
 .text          0x00802fc8      0x134 ../Polyv4_bsp/\libucosii_bsp.a(alt_fstat.o)
                0x00802fc8                fstat
 .text          0x008030fc      0x120 ../Polyv4_bsp/\libucosii_bsp.a(alt_isatty.o)
                0x008030fc                isatty
 .text          0x0080321c       0xec ../Polyv4_bsp/\libucosii_bsp.a(alt_load.o)
                0x0080321c                alt_load
 .text          0x00803308      0x150 ../Polyv4_bsp/\libucosii_bsp.a(alt_lseek.o)
                0x00803308                lseek
 .text          0x00803458       0xc8 ../Polyv4_bsp/\libucosii_bsp.a(alt_main.o)
                0x00803458                alt_main
 .text          0x00803520      0x180 ../Polyv4_bsp/\libucosii_bsp.a(alt_read.o)
                0x00803520                read
 .text          0x008036a0       0x60 ../Polyv4_bsp/\libucosii_bsp.a(alt_release_fd.o)
                0x008036a0                alt_release_fd
 .text          0x00803700       0xbc ../Polyv4_bsp/\libucosii_bsp.a(alt_sbrk.o)
                0x00803700                sbrk
 .text          0x008037bc      0x180 ../Polyv4_bsp/\libucosii_bsp.a(alt_write.o)
                0x008037bc                write
 .text          0x0080393c      0x108 ../Polyv4_bsp/\libucosii_bsp.a(alt_env_lock.o)
                0x0080393c                __env_lock
                0x008039e8                __env_unlock
 .text          0x00803a44      0x1d8 ../Polyv4_bsp/\libucosii_bsp.a(alt_malloc_lock.o)
                0x00803a44                __malloc_lock
                0x00803b4c                __malloc_unlock
 .text          0x00803c1c     0x2128 ../Polyv4_bsp/\libucosii_bsp.a(os_core.o)
                0x00803c1c                OSEventNameGet
                0x00803d4c                OSEventNameSet
                0x00803e90                OSEventPendMulti
                0x00804544                OSInit
                0x00804598                OSIntEnter
                0x00804614                OSIntExit
                0x00804714                OSSchedLock
                0x008047a0                OSSchedUnlock
                0x00804884                OSStart
                0x008048f4                OSStatInit
                0x008049a0                OSTimeTick
                0x00804be0                OSVersion
                0x00804c00                OS_Dummy
                0x00804c1c                OS_EventTaskRdy
                0x00804db0                OS_EventTaskWait
                0x00804ec0                OS_EventTaskWaitMulti
                0x00805014                OS_EventTaskRemove
                0x008050cc                OS_EventTaskRemoveMulti
                0x008051d0                OS_EventWaitListInit
                0x0080559c                OS_MemClr
                0x008055f0                OS_MemCopy
                0x0080565c                OS_Sched
                0x008057a0                OS_StrCopy
                0x00805820                OS_StrLen
                0x00805878                OS_TaskIdle
                0x008058d4                OS_TaskStat
                0x0080599c                OS_TaskStatStkChk
                0x00805a64                OS_TCBInit
 .text          0x00805d44      0x18c ../Polyv4_bsp/\libucosii_bsp.a(os_dbg.o)
                0x00805d44                OSDebugInit
 .text          0x00805ed0     0x193c ../Polyv4_bsp/\libucosii_bsp.a(os_flag.o)
                0x00805ed0                OSFlagAccept
                0x00806204                OSFlagCreate
                0x00806340                OSFlagDel
                0x008065e8                OSFlagNameGet
                0x0080672c                OSFlagNameSet
                0x00806880                OSFlagPend
                0x00806ec4                OSFlagPendGetFlagsRdy
                0x00806f2c                OSFlagPost
                0x008072d4                OSFlagQuery
                0x0080756c                OS_FlagInit
                0x00807760                OS_FlagUnlink
 .text          0x0080780c      0x808 ../Polyv4_bsp/\libucosii_bsp.a(os_mem.o)
                0x0080780c                OSMemCreate
                0x00807a28                OSMemGet
                0x00807b2c                OSMemNameGet
                0x00807c38                OSMemNameSet
                0x00807d58                OSMemPut
                0x00807e48                OSMemQuery
                0x00807f44                OS_MemInit
 .text          0x00808014     0x1334 ../Polyv4_bsp/\libucosii_bsp.a(os_q.o)
                0x00808014                OSQAccept
                0x00808168                OSQCreate
                0x0080837c                OSQDel
                0x0080867c                OSQFlush
                0x00808744                OSQPend
                0x00808a64                OSQPendAbort
                0x00808be0                OSQPost
                0x00808d60                OSQPostFront
                0x00808ee8                OSQPostOpt
                0x0080911c                OSQQuery
                0x0080929c                OS_QInit
 .text          0x00809348      0xbc8 ../Polyv4_bsp/\libucosii_bsp.a(os_sem.o)
                0x00809348                OSSemAccept
                0x00809408                OSSemCreate
                0x0080951c                OSSemDel
                0x008097bc                OSSemPend
                0x00809a38                OSSemPendAbort
                0x00809bb4                OSSemPost
                0x00809cdc                OSSemQuery
                0x00809e0c                OSSemSet
 .text          0x00809f10     0x1a40 ../Polyv4_bsp/\libucosii_bsp.a(os_task.o)
                0x00809f10                OSTaskChangePrio
                0x0080a484                OSTaskCreate
                0x0080a658                OSTaskCreateExt
                0x0080a858                OSTaskDel
                0x0080ac64                OSTaskDelReq
                0x0080add4                OSTaskNameGet
                0x0080af8c                OSTaskNameSet
                0x0080b150                OSTaskResume
                0x0080b368                OSTaskStkChk
                0x0080b564                OSTaskSuspend
                0x0080b790                OSTaskQuery
                0x0080b8d4                OS_TaskStkClr
 .text          0x0080b950      0x598 ../Polyv4_bsp/\libucosii_bsp.a(os_time.o)
                0x0080b950                OSTimeDly
                0x0080ba9c                OSTimeDlyHMSM
                0x0080bc10                OSTimeDlyResume
                0x0080be20                OSTimeGet
                0x0080be84                OSTimeSet
 .text          0x0080bee8       0xf8 ../Polyv4_bsp/\libucosii_bsp.a(alt_sys_init.o)
                0x0080bee8                alt_irq_init
                0x0080bf1c                alt_sys_init
 .text          0x0080bfe0      0x560 ../Polyv4_bsp/\libucosii_bsp.a(altera_avalon_fifo_util.o)
                0x0080bfe0                altera_avalon_fifo_init
                0x0080c09c                altera_avalon_fifo_read_status
                0x0080c0d8                altera_avalon_fifo_read_ienable
                0x0080c114                altera_avalon_fifo_read_almostfull
                0x0080c140                altera_avalon_fifo_read_almostempty
                0x0080c16c                altera_avalon_fifo_read_event
                0x0080c1a8                altera_avalon_fifo_read_level
                0x0080c1d0                altera_avalon_fifo_clear_event
                0x0080c238                altera_avalon_fifo_write_ienable
                0x0080c298                altera_avalon_fifo_write_almostfull
                0x0080c2f8                altera_avalon_fifo_write_almostempty
                0x0080c358                altera_avalon_fifo_write_fifo
                0x0080c3bc                altera_avalon_read_fifo
                0x0080c42c                altera_avalon_fifo_read_fifo
                0x0080c484                altera_avalon_fifo_write_other_info
                0x0080c4ec                altera_avalon_fifo_read_other_info
                0x0080c518                altera_avalon_fifo_read_backpressure
 .text          0x0080c540      0x148 ../Polyv4_bsp/\libucosii_bsp.a(altera_avalon_jtag_uart_fd.o)
                0x0080c540                altera_avalon_jtag_uart_read_fd
                0x0080c598                altera_avalon_jtag_uart_write_fd
                0x0080c5f0                altera_avalon_jtag_uart_close_fd
                0x0080c638                altera_avalon_jtag_uart_ioctl_fd
 .text          0x0080c688      0x580 ../Polyv4_bsp/\libucosii_bsp.a(altera_avalon_jtag_uart_init.o)
                0x0080c688                altera_avalon_jtag_uart_init
                0x0080cb94                altera_avalon_jtag_uart_close
 .text          0x0080cc08       0xf4 ../Polyv4_bsp/\libucosii_bsp.a(altera_avalon_jtag_uart_ioctl.o)
                0x0080cc08                altera_avalon_jtag_uart_ioctl
 .text          0x0080ccfc      0x2c0 ../Polyv4_bsp/\libucosii_bsp.a(altera_avalon_jtag_uart_read.o)
                0x0080ccfc                altera_avalon_jtag_uart_read
 .text          0x0080cfbc      0x2dc ../Polyv4_bsp/\libucosii_bsp.a(altera_avalon_jtag_uart_write.o)
                0x0080cfbc                altera_avalon_jtag_uart_write
 .text          0x0080d298       0xfc ../Polyv4_bsp/\libucosii_bsp.a(altera_avalon_timer_sc.o)
                0x0080d30c                alt_avalon_timer_sc_init
 .text          0x0080d394      0x80c ../Polyv4_bsp/\libucosii_bsp.a(altera_up_avalon_audio.o)
                0x0080d394                alt_up_audio_open_dev
                0x0080d3d4                alt_up_audio_enable_read_interrupt
                0x0080d420                alt_up_audio_disable_read_interrupt
                0x0080d470                alt_up_audio_enable_write_interrupt
                0x0080d4bc                alt_up_audio_disable_write_interrupt
                0x0080d50c                alt_up_audio_read_interrupt_pending
                0x0080d548                alt_up_audio_write_interrupt_pending
                0x0080d584                alt_up_audio_reset_audio_core
                0x0080d60c                alt_up_audio_read_fifo_avail
                0x0080d67c                alt_up_audio_record_r
                0x0080d6ec                alt_up_audio_record_l
                0x0080d75c                alt_up_audio_write_fifo_space
                0x0080d7d0                alt_up_audio_play_r
                0x0080d840                alt_up_audio_play_l
                0x0080d8b0                alt_up_audio_read_fifo
                0x0080d9b4                alt_up_audio_write_fifo
                0x0080dae0                alt_up_audio_read_fifo_head
                0x0080db40                alt_up_audio_write_fifo_head
 .text          0x0080dba0      0x788 ../Polyv4_bsp/\libucosii_bsp.a(altera_up_avalon_audio_and_video_config.o)
                0x0080dba0                alt_up_av_config_open_dev
                0x0080dc04                alt_up_av_config_write_data
                0x0080dc68                alt_up_av_config_read_data
                0x0080dcf4                alt_up_av_config_reset
                0x0080dd2c                alt_up_av_config_enable_interrupt
                0x0080dd64                alt_up_av_config_disable_interrupt
                0x0080dd94                alt_up_av_config_read_acknowledge
                0x0080ddfc                alt_up_av_config_read_ready
                0x0080de34                alt_up_av_config_write_audio_cfg_register
                0x0080dee0                alt_up_av_config_read_video_cfg_register
                0x0080dfd8                alt_up_av_config_write_video_cfg_register
                0x0080e0d0                alt_up_av_config_read_DC2_cfg_register
                0x0080e134                alt_up_av_config_write_DC2_cfg_register
                0x0080e198                alt_up_av_config_read_D5M_cfg_register
                0x0080e1fc                alt_up_av_config_write_D5M_cfg_register
                0x0080e260                alt_up_av_config_read_LTM_cfg_register
                0x0080e2c4                alt_up_av_config_write_LTM_cfg_register
 .text          0x0080e328      0x530 ../Polyv4_bsp/\libucosii_bsp.a(altera_up_avalon_character_lcd.o)
                0x0080e328                get_DDRAM_addr
                0x0080e3a4                alt_up_character_lcd_send_cmd
                0x0080e3d8                alt_up_character_lcd_init
                0x0080e40c                alt_up_character_lcd_open_dev
                0x0080e44c                alt_up_character_lcd_write
                0x0080e4c4                alt_up_character_lcd_string
                0x0080e53c                alt_up_character_lcd_write_fd
                0x0080e588                alt_up_character_lcd_set_cursor_pos
                0x0080e600                alt_up_character_lcd_shift_cursor
                0x0080e6b0                alt_up_character_lcd_shift_display
                0x0080e760                alt_up_character_lcd_erase_pos
                0x0080e7f0                alt_up_character_lcd_cursor_off
                0x0080e824                alt_up_character_lcd_cursor_blink_on
 .text          0x0080e858      0x154 ../Polyv4_bsp/\libucosii_bsp.a(alt_alarm_start.o)
                0x0080e858                alt_alarm_start
 .text          0x0080e9ac       0x44 ../Polyv4_bsp/\libucosii_bsp.a(alt_dcache_flush_all.o)
                0x0080e9ac                alt_dcache_flush_all
 .text          0x0080e9f0      0x114 ../Polyv4_bsp/\libucosii_bsp.a(alt_dev_llist_insert.o)
                0x0080e9f0                alt_dev_llist_insert
 .text          0x0080eb04       0x64 ../Polyv4_bsp/\libucosii_bsp.a(alt_do_ctors.o)
                0x0080eb04                _do_ctors
 .text          0x0080eb68       0x64 ../Polyv4_bsp/\libucosii_bsp.a(alt_do_dtors.o)
                0x0080eb68                _do_dtors
 .text          0x0080ebcc       0x94 ../Polyv4_bsp/\libucosii_bsp.a(alt_find_dev.o)
                0x0080ebcc                alt_find_dev
 .text          0x0080ec60       0x30 ../Polyv4_bsp/\libucosii_bsp.a(alt_icache_flush_all.o)
                0x0080ec60                alt_icache_flush_all
 .text          0x0080ec90      0x13c ../Polyv4_bsp/\libucosii_bsp.a(alt_io_redirect.o)
                0x0080ed54                alt_io_redirect
 .text          0x0080edcc      0x1c0 ../Polyv4_bsp/\libucosii_bsp.a(alt_irq_register.o)
                0x0080edcc                alt_irq_register
 .text          0x0080ef8c        0x0 ../Polyv4_bsp/\libucosii_bsp.a(alt_irq_vars.o)
 .text          0x0080ef8c      0x2c4 ../Polyv4_bsp/\libucosii_bsp.a(alt_open.o)
                0x0080f068                open
 .text          0x0080f250      0x1a8 ../Polyv4_bsp/\libucosii_bsp.a(alt_tick.o)
                0x0080f250                alt_alarm_stop
                0x0080f2e8                alt_tick
 .text          0x0080f3f8       0x20 ../Polyv4_bsp/\libucosii_bsp.a(altera_nios2_qsys_irq.o)
                0x0080f3f8                altera_nios2_qsys_irq_init
 .text          0x0080f418       0xd0 ../Polyv4_bsp/\libucosii_bsp.a(os_cpu_a.o)
                0x0080f418                OSCtxSw
                0x0080f418                OSIntCtxSw
                0x0080f4a4                OSStartHighRdy
                0x0080f4c4                OSStartTsk
 .text          0x0080f4e8      0x418 ../Polyv4_bsp/\libucosii_bsp.a(os_cpu_c.o)
                0x0080f4e8                OSTaskStkInit
                0x0080f7f8                OSTaskCreateHook
                0x0080f818                OSTaskDelHook
                0x0080f838                OSTaskSwHook
                0x0080f854                OSTaskStatHook
                0x0080f870                OSTimeTickHook
                0x0080f88c                OSInitHookBegin
                0x0080f8a8                OSInitHookEnd
                0x0080f8c4                OSTaskIdleHook
                0x0080f8e0                OSTCBInitHook
 .text          0x0080f900      0x120 ../Polyv4_bsp/\libucosii_bsp.a(alt_find_file.o)
                0x0080f900                alt_find_file
 .text          0x0080fa20       0xf4 ../Polyv4_bsp/\libucosii_bsp.a(alt_get_fd.o)
                0x0080fa20                alt_get_fd
 .text          0x0080fb14       0x90 ../Polyv4_bsp/\libucosii_bsp.a(alt_icache_flush.o)
                0x0080fb14                alt_icache_flush
 .text          0x0080fba4        0x0 ../Polyv4_bsp/\libucosii_bsp.a(alt_irq_entry.o)
 .text          0x0080fba4        0x0 ../Polyv4_bsp/\libucosii_bsp.a(alt_irq_handler.o)
 .text          0x0080fba4        0x0 ../Polyv4_bsp/\libucosii_bsp.a(alt_exception_entry.o)
 .text          0x0080fba4       0x14 c:/altera/12.1sp1/nios2eds/bin/gnu/h-i686-mingw32/bin/../lib/gcc/nios2-elf/4.1.2/../../../../nios2-elf/lib\libc.a(lib_a-atexit.o)
                0x0080fba4                atexit
 .text          0x0080fbb8       0x38 c:/altera/12.1sp1/nios2eds/bin/gnu/h-i686-mingw32/bin/../lib/gcc/nios2-elf/4.1.2/../../../../nios2-elf/lib\libc.a(lib_a-exit.o)
                0x0080fbb8                exit
 .text          0x0080fbf0       0x74 c:/altera/12.1sp1/nios2eds/bin/gnu/h-i686-mingw32/bin/../lib/gcc/nios2-elf/4.1.2/../../../../nios2-elf/lib\libc.a(lib_a-memcmp.o)
                0x0080fbf0                memcmp
 .text          0x0080fc64      0x134 c:/altera/12.1sp1/nios2eds/bin/gnu/h-i686-mingw32/bin/../lib/gcc/nios2-elf/4.1.2/../../../../nios2-elf/lib\libc.a(lib_a-__atexit.o)
                0x0080fc64                __register_exitproc
 .text          0x0080fd98      0x1b4 c:/altera/12.1sp1/nios2eds/bin/gnu/h-i686-mingw32/bin/../lib/gcc/nios2-elf/4.1.2/../../../../nios2-elf/lib\libc.a(lib_a-__call_atexit.o)
                0x0080fd9c                __call_exitprocs
 .text          0x0080ff4c      0x14c c:/altera/12.1sp1/nios2eds/bin/gnu/h-i686-mingw32/bin/../lib/gcc/nios2-elf/4.1.2\libgcc.a(lib2-divmod.o)
                0x0080ffc8                __divsi3
                0x00810028                __modsi3
                0x00810088                __udivsi3
                0x00810090                __umodsi3
 .text          0x00810098       0x6c ../Polyv4_bsp/\libucosii_bsp.a(alt_exit.o)
                0x008100d8                _exit
 *(.gnu.warning.*)
 *(.fini)
                0x00810104                PROVIDE (__etext, ABSOLUTE (.))
                0x00810104                PROVIDE (_etext, ABSOLUTE (.))
                0x00810104                PROVIDE (etext, ABSOLUTE (.))
 *(.eh_frame_hdr)
                0x00810104                . = ALIGN (0x4)
                0x00810104                PROVIDE (__preinit_array_start, ABSOLUTE (.))
 *(.preinit_array)
                0x00810104                PROVIDE (__preinit_array_end, ABSOLUTE (.))
                0x00810104                PROVIDE (__init_array_start, ABSOLUTE (.))
 *(.init_array)
                0x00810104                PROVIDE (__init_array_end, ABSOLUTE (.))
                0x00810104                PROVIDE (__fini_array_start, ABSOLUTE (.))
 *(.fini_array)
                0x00810104                PROVIDE (__fini_array_end, ABSOLUTE (.))
 *(.eh_frame)
 *(.gcc_except_table)
 *(.dynamic)
                0x00810104                PROVIDE (__CTOR_LIST__, ABSOLUTE (.))
 *(.ctors)
 *(SORT(.ctors.*))
 .ctors.65535   0x00810104        0x4 c:/altera/12.1sp1/nios2eds/bin/gnu/h-i686-mingw32/bin/../lib/gcc/nios2-elf/4.1.2/../../../../nios2-elf/lib\libc.a(lib_a-__call_atexit.o)
                0x00810108                PROVIDE (__CTOR_END__, ABSOLUTE (.))
                0x00810108                PROVIDE (__DTOR_LIST__, ABSOLUTE (.))
 *(.dtors)
 *(SORT(.dtors.*))
                0x00810108                PROVIDE (__DTOR_END__, ABSOLUTE (.))
 *(.jcr)
                0x00810108                . = ALIGN (0x4)

.rodata         0x00810108      0x25c
                0x00810108                PROVIDE (__ram_rodata_start, ABSOLUTE (.))
                0x00810108                . = ALIGN (0x4)
 *(.rodata .rodata.* .gnu.linkonce.r.*)
 .rodata        0x00810108       0xb4 obj/default/hello_ucosii.o
 .rodata.str1.4
                0x008101bc        0x2 c:/altera/12.1sp1/nios2eds/bin/gnu/h-i686-mingw32/bin/../lib/gcc/nios2-elf/4.1.2/../../../../nios2-elf/lib\libc.a(lib_a-puts.o)
                                  0x4 (size before relaxing)
 *fill*         0x008101be        0x2 00
 .rodata.str1.4
                0x008101c0        0x4 c:/altera/12.1sp1/nios2eds/bin/gnu/h-i686-mingw32/bin/../lib/gcc/nios2-elf/4.1.2/../../../../nios2-elf/lib\libc.a(lib_a-impure.o)
 .rodata        0x008101c4        0xc ../Polyv4_bsp/\libucosii_bsp.a(alt_dev.o)
 .rodata        0x008101d0       0x14 ../Polyv4_bsp/\libucosii_bsp.a(alt_main.o)
 .rodata        0x008101e4      0x120 ../Polyv4_bsp/\libucosii_bsp.a(os_core.o)
                0x008101e4                OSUnMapTbl
 .rodata        0x00810304       0x5c ../Polyv4_bsp/\libucosii_bsp.a(alt_sys_init.o)
 .rodata        0x00810360        0x4 ../Polyv4_bsp/\libucosii_bsp.a(os_cpu_c.o)
 *(.rodata1)
                0x00810364                . = ALIGN (0x4)
                0x00810364                PROVIDE (__ram_rodata_end, ABSOLUTE (.))
                0x00810108                PROVIDE (__flash_rodata_start, LOADADDR (.rodata))

.rwdata         0x00810364     0x1b5c load address 0x00811ec0
                0x00810364                PROVIDE (__ram_rwdata_start, ABSOLUTE (.))
                0x00810364                . = ALIGN (0x4)
 *(.got.plt)
 *(.got)
 *(.data1)
 *(.data .data.* .gnu.linkonce.d.*)
 .data          0x00810364        0x0 ../Polyv4_bsp//obj/HAL/src/crt0.o
 .data          0x00810364        0x0 obj/default/hello_ucosii.o
 .data          0x00810364        0x0 c:/altera/12.1sp1/nios2eds/bin/gnu/h-i686-mingw32/bin/../lib/gcc/nios2-elf/4.1.2/../../../../nios2-elf/lib\libc.a(lib_a-puts.o)
 .data          0x00810364        0x0 c:/altera/12.1sp1/nios2eds/bin/gnu/h-i686-mingw32/bin/../lib/gcc/nios2-elf/4.1.2/../../../../nios2-elf/lib\libc.a(lib_a-strlen.o)
 .data          0x00810364        0x0 c:/altera/12.1sp1/nios2eds/bin/gnu/h-i686-mingw32/bin/../lib/gcc/nios2-elf/4.1.2/../../../../nios2-elf/lib\libc.a(lib_a-fvwrite.o)
 .data          0x00810364      0x400 c:/altera/12.1sp1/nios2eds/bin/gnu/h-i686-mingw32/bin/../lib/gcc/nios2-elf/4.1.2/../../../../nios2-elf/lib\libc.a(lib_a-impure.o)
 .data          0x00810764      0x408 c:/altera/12.1sp1/nios2eds/bin/gnu/h-i686-mingw32/bin/../lib/gcc/nios2-elf/4.1.2/../../../../nios2-elf/lib\libc.a(lib_a-mallocr.o)
                0x00810764                __malloc_av_
 .data          0x00810b6c        0x0 c:/altera/12.1sp1/nios2eds/bin/gnu/h-i686-mingw32/bin/../lib/gcc/nios2-elf/4.1.2/../../../../nios2-elf/lib\libc.a(lib_a-memchr.o)
 .data          0x00810b6c        0x0 c:/altera/12.1sp1/nios2eds/bin/gnu/h-i686-mingw32/bin/../lib/gcc/nios2-elf/4.1.2/../../../../nios2-elf/lib\libc.a(lib_a-memcpy.o)
 .data          0x00810b6c        0x0 c:/altera/12.1sp1/nios2eds/bin/gnu/h-i686-mingw32/bin/../lib/gcc/nios2-elf/4.1.2/../../../../nios2-elf/lib\libc.a(lib_a-memmove.o)
 .data          0x00810b6c        0x0 c:/altera/12.1sp1/nios2eds/bin/gnu/h-i686-mingw32/bin/../lib/gcc/nios2-elf/4.1.2/../../../../nios2-elf/lib\libc.a(lib_a-reallocr.o)
 .data          0x00810b6c        0x0 c:/altera/12.1sp1/nios2eds/bin/gnu/h-i686-mingw32/bin/../lib/gcc/nios2-elf/4.1.2/../../../../nios2-elf/lib\libc.a(lib_a-sbrkr.o)
 .data          0x00810b6c        0x0 c:/altera/12.1sp1/nios2eds/bin/gnu/h-i686-mingw32/bin/../lib/gcc/nios2-elf/4.1.2/../../../../nios2-elf/lib\libc.a(lib_a-wsetup.o)
 .data          0x00810b6c        0x0 c:/altera/12.1sp1/nios2eds/bin/gnu/h-i686-mingw32/bin/../lib/gcc/nios2-elf/4.1.2/../../../../nios2-elf/lib\libc.a(lib_a-fflush.o)
 .data          0x00810b6c        0x0 c:/altera/12.1sp1/nios2eds/bin/gnu/h-i686-mingw32/bin/../lib/gcc/nios2-elf/4.1.2/../../../../nios2-elf/lib\libc.a(lib_a-findfp.o)
 .data          0x00810b6c        0x0 c:/altera/12.1sp1/nios2eds/bin/gnu/h-i686-mingw32/bin/../lib/gcc/nios2-elf/4.1.2/../../../../nios2-elf/lib\libc.a(lib_a-freer.o)
 .data          0x00810b6c        0x0 c:/altera/12.1sp1/nios2eds/bin/gnu/h-i686-mingw32/bin/../lib/gcc/nios2-elf/4.1.2/../../../../nios2-elf/lib\libc.a(lib_a-fwalk.o)
 .data          0x00810b6c        0x0 c:/altera/12.1sp1/nios2eds/bin/gnu/h-i686-mingw32/bin/../lib/gcc/nios2-elf/4.1.2/../../../../nios2-elf/lib\libc.a(lib_a-int_errno.o)
 .data          0x00810b6c        0x0 c:/altera/12.1sp1/nios2eds/bin/gnu/h-i686-mingw32/bin/../lib/gcc/nios2-elf/4.1.2/../../../../nios2-elf/lib\libc.a(lib_a-makebuf.o)
 .data          0x00810b6c        0x0 c:/altera/12.1sp1/nios2eds/bin/gnu/h-i686-mingw32/bin/../lib/gcc/nios2-elf/4.1.2/../../../../nios2-elf/lib\libc.a(lib_a-memset.o)
 .data          0x00810b6c        0x0 c:/altera/12.1sp1/nios2eds/bin/gnu/h-i686-mingw32/bin/../lib/gcc/nios2-elf/4.1.2/../../../../nios2-elf/lib\libc.a(lib_a-stdio.o)
 .data          0x00810b6c        0x0 c:/altera/12.1sp1/nios2eds/bin/gnu/h-i686-mingw32/bin/../lib/gcc/nios2-elf/4.1.2/../../../../nios2-elf/lib\libc.a(lib_a-writer.o)
 .data          0x00810b6c        0x0 c:/altera/12.1sp1/nios2eds/bin/gnu/h-i686-mingw32/bin/../lib/gcc/nios2-elf/4.1.2/../../../../nios2-elf/lib\libc.a(lib_a-closer.o)
 .data          0x00810b6c        0x0 c:/altera/12.1sp1/nios2eds/bin/gnu/h-i686-mingw32/bin/../lib/gcc/nios2-elf/4.1.2/../../../../nios2-elf/lib\libc.a(lib_a-fclose.o)
 .data          0x00810b6c        0x0 c:/altera/12.1sp1/nios2eds/bin/gnu/h-i686-mingw32/bin/../lib/gcc/nios2-elf/4.1.2/../../../../nios2-elf/lib\libc.a(lib_a-fstatr.o)
 .data          0x00810b6c        0x0 c:/altera/12.1sp1/nios2eds/bin/gnu/h-i686-mingw32/bin/../lib/gcc/nios2-elf/4.1.2/../../../../nios2-elf/lib\libc.a(lib_a-isattyr.o)
 .data          0x00810b6c        0x0 c:/altera/12.1sp1/nios2eds/bin/gnu/h-i686-mingw32/bin/../lib/gcc/nios2-elf/4.1.2/../../../../nios2-elf/lib\libc.a(lib_a-lseekr.o)
 .data          0x00810b6c        0x0 c:/altera/12.1sp1/nios2eds/bin/gnu/h-i686-mingw32/bin/../lib/gcc/nios2-elf/4.1.2/../../../../nios2-elf/lib\libc.a(lib_a-readr.o)
 .data          0x00810b6c        0x0 ../Polyv4_bsp/\libucosii_bsp.a(alt_close.o)
 .data          0x00810b6c      0x1a8 ../Polyv4_bsp/\libucosii_bsp.a(alt_dev.o)
                0x00810b6c                alt_dev_null
                0x00810b94                alt_fd_list
 .data          0x00810d14        0x0 ../Polyv4_bsp/\libucosii_bsp.a(alt_errno.o)
 .data          0x00810d14        0x0 ../Polyv4_bsp/\libucosii_bsp.a(alt_fstat.o)
 .data          0x00810d14        0x0 ../Polyv4_bsp/\libucosii_bsp.a(alt_isatty.o)
 .data          0x00810d14        0x0 ../Polyv4_bsp/\libucosii_bsp.a(alt_load.o)
 .data          0x00810d14        0x0 ../Polyv4_bsp/\libucosii_bsp.a(alt_lseek.o)
 .data          0x00810d14        0x0 ../Polyv4_bsp/\libucosii_bsp.a(alt_main.o)
 .data          0x00810d14        0x0 ../Polyv4_bsp/\libucosii_bsp.a(alt_read.o)
 .data          0x00810d14        0x0 ../Polyv4_bsp/\libucosii_bsp.a(alt_release_fd.o)
 .data          0x00810d14        0x0 ../Polyv4_bsp/\libucosii_bsp.a(alt_sbrk.o)
 .data          0x00810d14        0x0 ../Polyv4_bsp/\libucosii_bsp.a(alt_write.o)
 .data          0x00810d14        0x0 ../Polyv4_bsp/\libucosii_bsp.a(alt_env_lock.o)
 .data          0x00810d14        0x0 ../Polyv4_bsp/\libucosii_bsp.a(alt_malloc_lock.o)
 .data          0x00810d14        0x0 ../Polyv4_bsp/\libucosii_bsp.a(os_core.o)
 .data          0x00810d14        0x0 ../Polyv4_bsp/\libucosii_bsp.a(os_dbg.o)
 .data          0x00810d14        0x0 ../Polyv4_bsp/\libucosii_bsp.a(os_flag.o)
 .data          0x00810d14        0x0 ../Polyv4_bsp/\libucosii_bsp.a(os_mem.o)
 .data          0x00810d14        0x0 ../Polyv4_bsp/\libucosii_bsp.a(os_q.o)
 .data          0x00810d14        0x0 ../Polyv4_bsp/\libucosii_bsp.a(os_sem.o)
 .data          0x00810d14        0x0 ../Polyv4_bsp/\libucosii_bsp.a(os_task.o)
 .data          0x00810d14        0x0 ../Polyv4_bsp/\libucosii_bsp.a(os_time.o)
 .data          0x00810d14     0x10f8 ../Polyv4_bsp/\libucosii_bsp.a(alt_sys_init.o)
 .data          0x00811e0c        0x0 ../Polyv4_bsp/\libucosii_bsp.a(altera_avalon_fifo_util.o)
 .data          0x00811e0c        0x0 ../Polyv4_bsp/\libucosii_bsp.a(altera_avalon_jtag_uart_fd.o)
 .data          0x00811e0c        0x0 ../Polyv4_bsp/\libucosii_bsp.a(altera_avalon_jtag_uart_init.o)
 .data          0x00811e0c        0x0 ../Polyv4_bsp/\libucosii_bsp.a(altera_avalon_jtag_uart_ioctl.o)
 .data          0x00811e0c        0x0 ../Polyv4_bsp/\libucosii_bsp.a(altera_avalon_jtag_uart_read.o)
 .data          0x00811e0c        0x0 ../Polyv4_bsp/\libucosii_bsp.a(altera_avalon_jtag_uart_write.o)
 .data          0x00811e0c        0x0 ../Polyv4_bsp/\libucosii_bsp.a(altera_avalon_timer_sc.o)
 .data          0x00811e0c        0x0 ../Polyv4_bsp/\libucosii_bsp.a(altera_up_avalon_audio.o)
 .data          0x00811e0c        0x0 ../Polyv4_bsp/\libucosii_bsp.a(altera_up_avalon_audio_and_video_config.o)
 .data          0x00811e0c        0x0 ../Polyv4_bsp/\libucosii_bsp.a(altera_up_avalon_character_lcd.o)
 .data          0x00811e0c        0x0 ../Polyv4_bsp/\libucosii_bsp.a(alt_alarm_start.o)
 .data          0x00811e0c        0x0 ../Polyv4_bsp/\libucosii_bsp.a(alt_dcache_flush_all.o)
 .data          0x00811e0c        0x0 ../Polyv4_bsp/\libucosii_bsp.a(alt_dev_llist_insert.o)
 .data          0x00811e0c        0x0 ../Polyv4_bsp/\libucosii_bsp.a(alt_do_ctors.o)
 .data          0x00811e0c        0x0 ../Polyv4_bsp/\libucosii_bsp.a(alt_do_dtors.o)
 .data          0x00811e0c        0x0 ../Polyv4_bsp/\libucosii_bsp.a(alt_find_dev.o)
 .data          0x00811e0c        0x0 ../Polyv4_bsp/\libucosii_bsp.a(alt_icache_flush_all.o)
 .data          0x00811e0c        0x0 ../Polyv4_bsp/\libucosii_bsp.a(alt_io_redirect.o)
 .data          0x00811e0c        0x0 ../Polyv4_bsp/\libucosii_bsp.a(alt_irq_register.o)
 .data          0x00811e0c        0x0 ../Polyv4_bsp/\libucosii_bsp.a(alt_irq_vars.o)
 .data          0x00811e0c        0x0 ../Polyv4_bsp/\libucosii_bsp.a(alt_open.o)
 .data          0x00811e0c        0x0 ../Polyv4_bsp/\libucosii_bsp.a(alt_tick.o)
 .data          0x00811e0c        0x0 ../Polyv4_bsp/\libucosii_bsp.a(altera_nios2_qsys_irq.o)
 .data          0x00811e0c        0x0 ../Polyv4_bsp/\libucosii_bsp.a(os_cpu_a.o)
 .data          0x00811e0c        0x0 ../Polyv4_bsp/\libucosii_bsp.a(os_cpu_c.o)
 .data          0x00811e0c        0x0 ../Polyv4_bsp/\libucosii_bsp.a(alt_find_file.o)
 .data          0x00811e0c        0x0 ../Polyv4_bsp/\libucosii_bsp.a(alt_get_fd.o)
 .data          0x00811e0c        0x0 ../Polyv4_bsp/\libucosii_bsp.a(alt_icache_flush.o)
 .data          0x00811e0c        0x0 ../Polyv4_bsp/\libucosii_bsp.a(alt_irq_entry.o)
 .data          0x00811e0c        0x0 ../Polyv4_bsp/\libucosii_bsp.a(alt_irq_handler.o)
 .data          0x00811e0c        0x0 ../Polyv4_bsp/\libucosii_bsp.a(alt_exception_entry.o)
 .data          0x00811e0c        0x0 c:/altera/12.1sp1/nios2eds/bin/gnu/h-i686-mingw32/bin/../lib/gcc/nios2-elf/4.1.2/../../../../nios2-elf/lib\libc.a(lib_a-atexit.o)
 .data          0x00811e0c        0x0 c:/altera/12.1sp1/nios2eds/bin/gnu/h-i686-mingw32/bin/../lib/gcc/nios2-elf/4.1.2/../../../../nios2-elf/lib\libc.a(lib_a-exit.o)
 .data          0x00811e0c        0x0 c:/altera/12.1sp1/nios2eds/bin/gnu/h-i686-mingw32/bin/../lib/gcc/nios2-elf/4.1.2/../../../../nios2-elf/lib\libc.a(lib_a-memcmp.o)
 .data          0x00811e0c        0x0 c:/altera/12.1sp1/nios2eds/bin/gnu/h-i686-mingw32/bin/../lib/gcc/nios2-elf/4.1.2/../../../../nios2-elf/lib\libc.a(lib_a-__atexit.o)
 .data          0x00811e0c        0x0 c:/altera/12.1sp1/nios2eds/bin/gnu/h-i686-mingw32/bin/../lib/gcc/nios2-elf/4.1.2/../../../../nios2-elf/lib\libc.a(lib_a-__call_atexit.o)
 .data          0x00811e0c        0x0 c:/altera/12.1sp1/nios2eds/bin/gnu/h-i686-mingw32/bin/../lib/gcc/nios2-elf/4.1.2\libgcc.a(lib2-divmod.o)
 .data          0x00811e0c        0x0 ../Polyv4_bsp/\libucosii_bsp.a(alt_exit.o)
                0x00819e0c                _gp = ABSOLUTE ((. + 0x8000))
                0x00819e0c                PROVIDE (gp, _gp)
 *(.rwdata .rwdata.*)
 *(.sdata .sdata.* .gnu.linkonce.s.*)
 .sdata         0x00811e0c        0x8 c:/altera/12.1sp1/nios2eds/bin/gnu/h-i686-mingw32/bin/../lib/gcc/nios2-elf/4.1.2/../../../../nios2-elf/lib\libc.a(lib_a-impure.o)
                0x00811e0c                _impure_ptr
                0x00811e10                _global_impure_ptr
 .sdata         0x00811e14        0x8 c:/altera/12.1sp1/nios2eds/bin/gnu/h-i686-mingw32/bin/../lib/gcc/nios2-elf/4.1.2/../../../../nios2-elf/lib\libc.a(lib_a-mallocr.o)
                0x00811e14                __malloc_trim_threshold
                0x00811e18                __malloc_sbrk_base
 .sdata         0x00811e1c       0x14 ../Polyv4_bsp/\libucosii_bsp.a(alt_dev.o)
                0x00811e1c                alt_fs_list
                0x00811e24                alt_dev_list
                0x00811e2c                alt_max_fd
 .sdata         0x00811e30        0x4 ../Polyv4_bsp/\libucosii_bsp.a(alt_errno.o)
                0x00811e30                alt_errno
 .sdata         0x00811e34        0x4 ../Polyv4_bsp/\libucosii_bsp.a(alt_sbrk.o)
 .sdata         0x00811e38        0x4 ../Polyv4_bsp/\libucosii_bsp.a(alt_env_lock.o)
 .sdata         0x00811e3c        0x4 ../Polyv4_bsp/\libucosii_bsp.a(alt_malloc_lock.o)
 .sdata         0x00811e40       0x74 ../Polyv4_bsp/\libucosii_bsp.a(os_dbg.o)
                0x00811e40                OSDebugEn
                0x00811e44                OSEndiannessTest
                0x00811e48                OSEventEn
                0x00811e4a                OSEventMax
                0x00811e4c                OSEventNameSize
                0x00811e4e                OSEventSize
                0x00811e50                OSEventTblSize
                0x00811e52                OSEventMultiEn
                0x00811e54                OSFlagEn
                0x00811e56                OSFlagGrpSize
                0x00811e58                OSFlagNodeSize
                0x00811e5a                OSFlagWidth
                0x00811e5c                OSFlagMax
                0x00811e5e                OSFlagNameSize
                0x00811e60                OSLowestPrio
                0x00811e62                OSMboxEn
                0x00811e64                OSMemEn
                0x00811e66                OSMemMax
                0x00811e68                OSMemNameSize
                0x00811e6a                OSMemSize
                0x00811e6c                OSMemTblSize
                0x00811e6e                OSMutexEn
                0x00811e70                OSPtrSize
                0x00811e72                OSQEn
                0x00811e74                OSQMax
                0x00811e76                OSQSize
                0x00811e78                OSRdyTblSize
                0x00811e7a                OSSemEn
                0x00811e7c                OSStkWidth
                0x00811e7e                OSTaskCreateEn
                0x00811e80                OSTaskCreateExtEn
                0x00811e82                OSTaskDelEn
                0x00811e84                OSTaskIdleStkSize
                0x00811e86                OSTaskProfileEn
                0x00811e88                OSTaskMax
                0x00811e8a                OSTaskNameSize
                0x00811e8c                OSTaskStatEn
                0x00811e8e                OSTaskStatStkSize
                0x00811e90                OSTaskStatStkChkEn
                0x00811e92                OSTaskSwHookEn
                0x00811e94                OSTCBPrioTblMax
                0x00811e96                OSTCBSize
                0x00811e98                OSTicksPerSec
                0x00811e9a                OSTimeTickHookEn
                0x00811e9c                OSVersionNbr
                0x00811e9e                OSTmrEn
                0x00811ea0                OSTmrCfgMax
                0x00811ea2                OSTmrCfgNameSize
                0x00811ea4                OSTmrCfgWheelSize
                0x00811ea6                OSTmrCfgTicksPerSec
                0x00811ea8                OSTmrSize
                0x00811eaa                OSTmrTblSize
                0x00811eac                OSTmrWheelSize
                0x00811eae                OSTmrWheelTblSize
                0x00811eb0                OSDataSize
 .sdata         0x00811eb4        0x4 ../Polyv4_bsp/\libucosii_bsp.a(alt_irq_vars.o)
                0x00811eb4                alt_priority_mask
 .sdata         0x00811eb8        0x8 ../Polyv4_bsp/\libucosii_bsp.a(alt_tick.o)
                0x00811eb8                alt_alarm_list
 *(.sdata2 .sdata2.* .gnu.linkonce.s2.*)
                0x00811ec0                . = ALIGN (0x4)
                0x00811ec0                _edata = ABSOLUTE (.)
                0x00811ec0                PROVIDE (edata, ABSOLUTE (.))
                0x00811ec0                PROVIDE (__ram_rwdata_end, ABSOLUTE (.))
                0x00811ec0                PROVIDE (__flash_rwdata_start, LOADADDR (.rwdata))

.bss            0x00813a1c     0x7568
                0x00813a1c                __bss_start = ABSOLUTE (.)
                0x00813a1c                PROVIDE (__sbss_start, ABSOLUTE (.))
                0x00813a1c                PROVIDE (___sbss_start, ABSOLUTE (.))
 *(.dynsbss)
 *(.sbss .sbss.* .gnu.linkonce.sb.*)
 .sbss          0x00813a1c        0xc c:/altera/12.1sp1/nios2eds/bin/gnu/h-i686-mingw32/bin/../lib/gcc/nios2-elf/4.1.2/../../../../nios2-elf/lib\libc.a(lib_a-mallocr.o)
                0x00813a1c                __malloc_top_pad
                0x00813a20                __malloc_max_sbrked_mem
                0x00813a24                __malloc_max_total_mem
 .sbss          0x00813a28        0x4 c:/altera/12.1sp1/nios2eds/bin/gnu/h-i686-mingw32/bin/../lib/gcc/nios2-elf/4.1.2/../../../../nios2-elf/lib\libc.a(lib_a-int_errno.o)
                0x00813a28                errno
 .sbss          0x00813a2c        0x4 ../Polyv4_bsp/\libucosii_bsp.a(alt_dev.o)
                0x00813a2c                alt_fd_list_lock
 .sbss          0x00813a30        0xc ../Polyv4_bsp/\libucosii_bsp.a(alt_main.o)
                0x00813a30                alt_argc
                0x00813a34                alt_argv
                0x00813a38                alt_envp
 .sbss          0x00813a3c        0x8 ../Polyv4_bsp/\libucosii_bsp.a(alt_env_lock.o)
                0x00813a40                alt_envsem
 .sbss          0x00813a44        0x8 ../Polyv4_bsp/\libucosii_bsp.a(alt_malloc_lock.o)
                0x00813a48                alt_heapsem
 .sbss          0x00813a4c       0x50 ../Polyv4_bsp/\libucosii_bsp.a(os_core.o)
                0x00813a4c                OSLockNesting
                0x00813a4d                OSRunning
                0x00813a50                OSIdleCtr
                0x00813a54                OSPrioHighRdy
                0x00813a55                OSPrioCur
                0x00813a58                OSTCBList
                0x00813a5c                OSTickStepState
                0x00813a60                OSCtxSwCtr
                0x00813a64                OSIdleCtrMax
                0x00813a68                OSTCBFreeList
                0x00813a6c                OSCPUUsage
                0x00813a6d                OSTaskCtr
                0x00813a70                OSMemFreeList
                0x00813a74                OSTCBHighRdy
                0x00813a78                OSQFreeList
                0x00813a7c                OSRdyGrp
                0x00813a7d                OSRdyTbl
                0x00813a80                OSEventFreeList
                0x00813a84                OSIntNesting
                0x00813a88                OSTCBCur
                0x00813a8c                OSTime
                0x00813a90                OSFlagFreeList
                0x00813a94                OSStatRdy
                0x00813a98                OSIdleCtrRun
 .sbss          0x00813a9c        0x4 ../Polyv4_bsp/\libucosii_bsp.a(alt_irq_vars.o)
                0x00813a9c                alt_irq_active
 .sbss          0x00813aa0        0x8 ../Polyv4_bsp/\libucosii_bsp.a(alt_tick.o)
                0x00813aa0                _alt_tick_rate
                0x00813aa4                _alt_nticks
 *(.sbss2 .sbss2.* .gnu.linkonce.sb2.*)
 *(.scommon)
                0x00813aa8                PROVIDE (__sbss_end, ABSOLUTE (.))
                0x00813aa8                PROVIDE (___sbss_end, ABSOLUTE (.))
 *(.dynbss)
 *(.bss .bss.* .gnu.linkonce.b.*)
 .bss           0x00813aa8        0x0 ../Polyv4_bsp//obj/HAL/src/crt0.o
 .bss           0x00813aa8        0x0 obj/default/hello_ucosii.o
 .bss           0x00813aa8        0x0 c:/altera/12.1sp1/nios2eds/bin/gnu/h-i686-mingw32/bin/../lib/gcc/nios2-elf/4.1.2/../../../../nios2-elf/lib\libc.a(lib_a-puts.o)
 .bss           0x00813aa8        0x0 c:/altera/12.1sp1/nios2eds/bin/gnu/h-i686-mingw32/bin/../lib/gcc/nios2-elf/4.1.2/../../../../nios2-elf/lib\libc.a(lib_a-strlen.o)
 .bss           0x00813aa8        0x0 c:/altera/12.1sp1/nios2eds/bin/gnu/h-i686-mingw32/bin/../lib/gcc/nios2-elf/4.1.2/../../../../nios2-elf/lib\libc.a(lib_a-fvwrite.o)
 .bss           0x00813aa8        0x0 c:/altera/12.1sp1/nios2eds/bin/gnu/h-i686-mingw32/bin/../lib/gcc/nios2-elf/4.1.2/../../../../nios2-elf/lib\libc.a(lib_a-impure.o)
 .bss           0x00813aa8       0x28 c:/altera/12.1sp1/nios2eds/bin/gnu/h-i686-mingw32/bin/../lib/gcc/nios2-elf/4.1.2/../../../../nios2-elf/lib\libc.a(lib_a-mallocr.o)
                0x00813aa8                __malloc_current_mallinfo
 .bss           0x00813ad0        0x0 c:/altera/12.1sp1/nios2eds/bin/gnu/h-i686-mingw32/bin/../lib/gcc/nios2-elf/4.1.2/../../../../nios2-elf/lib\libc.a(lib_a-memchr.o)
 .bss           0x00813ad0        0x0 c:/altera/12.1sp1/nios2eds/bin/gnu/h-i686-mingw32/bin/../lib/gcc/nios2-elf/4.1.2/../../../../nios2-elf/lib\libc.a(lib_a-memcpy.o)
 .bss           0x00813ad0        0x0 c:/altera/12.1sp1/nios2eds/bin/gnu/h-i686-mingw32/bin/../lib/gcc/nios2-elf/4.1.2/../../../../nios2-elf/lib\libc.a(lib_a-memmove.o)
 .bss           0x00813ad0        0x0 c:/altera/12.1sp1/nios2eds/bin/gnu/h-i686-mingw32/bin/../lib/gcc/nios2-elf/4.1.2/../../../../nios2-elf/lib\libc.a(lib_a-reallocr.o)
 .bss           0x00813ad0        0x0 c:/altera/12.1sp1/nios2eds/bin/gnu/h-i686-mingw32/bin/../lib/gcc/nios2-elf/4.1.2/../../../../nios2-elf/lib\libc.a(lib_a-sbrkr.o)
 .bss           0x00813ad0        0x0 c:/altera/12.1sp1/nios2eds/bin/gnu/h-i686-mingw32/bin/../lib/gcc/nios2-elf/4.1.2/../../../../nios2-elf/lib\libc.a(lib_a-wsetup.o)
 .bss           0x00813ad0        0x0 c:/altera/12.1sp1/nios2eds/bin/gnu/h-i686-mingw32/bin/../lib/gcc/nios2-elf/4.1.2/../../../../nios2-elf/lib\libc.a(lib_a-fflush.o)
 .bss           0x00813ad0        0x0 c:/altera/12.1sp1/nios2eds/bin/gnu/h-i686-mingw32/bin/../lib/gcc/nios2-elf/4.1.2/../../../../nios2-elf/lib\libc.a(lib_a-findfp.o)
 .bss           0x00813ad0        0x0 c:/altera/12.1sp1/nios2eds/bin/gnu/h-i686-mingw32/bin/../lib/gcc/nios2-elf/4.1.2/../../../../nios2-elf/lib\libc.a(lib_a-freer.o)
 .bss           0x00813ad0        0x0 c:/altera/12.1sp1/nios2eds/bin/gnu/h-i686-mingw32/bin/../lib/gcc/nios2-elf/4.1.2/../../../../nios2-elf/lib\libc.a(lib_a-fwalk.o)
 .bss           0x00813ad0        0x0 c:/altera/12.1sp1/nios2eds/bin/gnu/h-i686-mingw32/bin/../lib/gcc/nios2-elf/4.1.2/../../../../nios2-elf/lib\libc.a(lib_a-int_errno.o)
 .bss           0x00813ad0        0x0 c:/altera/12.1sp1/nios2eds/bin/gnu/h-i686-mingw32/bin/../lib/gcc/nios2-elf/4.1.2/../../../../nios2-elf/lib\libc.a(lib_a-makebuf.o)
 .bss           0x00813ad0        0x0 c:/altera/12.1sp1/nios2eds/bin/gnu/h-i686-mingw32/bin/../lib/gcc/nios2-elf/4.1.2/../../../../nios2-elf/lib\libc.a(lib_a-memset.o)
 .bss           0x00813ad0        0x0 c:/altera/12.1sp1/nios2eds/bin/gnu/h-i686-mingw32/bin/../lib/gcc/nios2-elf/4.1.2/../../../../nios2-elf/lib\libc.a(lib_a-stdio.o)
 .bss           0x00813ad0        0x0 c:/altera/12.1sp1/nios2eds/bin/gnu/h-i686-mingw32/bin/../lib/gcc/nios2-elf/4.1.2/../../../../nios2-elf/lib\libc.a(lib_a-writer.o)
 .bss           0x00813ad0        0x0 c:/altera/12.1sp1/nios2eds/bin/gnu/h-i686-mingw32/bin/../lib/gcc/nios2-elf/4.1.2/../../../../nios2-elf/lib\libc.a(lib_a-closer.o)
 .bss           0x00813ad0        0x0 c:/altera/12.1sp1/nios2eds/bin/gnu/h-i686-mingw32/bin/../lib/gcc/nios2-elf/4.1.2/../../../../nios2-elf/lib\libc.a(lib_a-fclose.o)
 .bss           0x00813ad0        0x0 c:/altera/12.1sp1/nios2eds/bin/gnu/h-i686-mingw32/bin/../lib/gcc/nios2-elf/4.1.2/../../../../nios2-elf/lib\libc.a(lib_a-fstatr.o)
 .bss           0x00813ad0        0x0 c:/altera/12.1sp1/nios2eds/bin/gnu/h-i686-mingw32/bin/../lib/gcc/nios2-elf/4.1.2/../../../../nios2-elf/lib\libc.a(lib_a-isattyr.o)
 .bss           0x00813ad0        0x0 c:/altera/12.1sp1/nios2eds/bin/gnu/h-i686-mingw32/bin/../lib/gcc/nios2-elf/4.1.2/../../../../nios2-elf/lib\libc.a(lib_a-lseekr.o)
 .bss           0x00813ad0        0x0 c:/altera/12.1sp1/nios2eds/bin/gnu/h-i686-mingw32/bin/../lib/gcc/nios2-elf/4.1.2/../../../../nios2-elf/lib\libc.a(lib_a-readr.o)
 .bss           0x00813ad0        0x0 ../Polyv4_bsp/\libucosii_bsp.a(alt_close.o)
 .bss           0x00813ad0        0x0 ../Polyv4_bsp/\libucosii_bsp.a(alt_dev.o)
 .bss           0x00813ad0        0x0 ../Polyv4_bsp/\libucosii_bsp.a(alt_errno.o)
 .bss           0x00813ad0        0x0 ../Polyv4_bsp/\libucosii_bsp.a(alt_fstat.o)
 .bss           0x00813ad0        0x0 ../Polyv4_bsp/\libucosii_bsp.a(alt_isatty.o)
 .bss           0x00813ad0        0x0 ../Polyv4_bsp/\libucosii_bsp.a(alt_load.o)
 .bss           0x00813ad0        0x0 ../Polyv4_bsp/\libucosii_bsp.a(alt_lseek.o)
 .bss           0x00813ad0        0x0 ../Polyv4_bsp/\libucosii_bsp.a(alt_main.o)
 .bss           0x00813ad0        0x0 ../Polyv4_bsp/\libucosii_bsp.a(alt_read.o)
 .bss           0x00813ad0        0x0 ../Polyv4_bsp/\libucosii_bsp.a(alt_release_fd.o)
 .bss           0x00813ad0        0x0 ../Polyv4_bsp/\libucosii_bsp.a(alt_sbrk.o)
 .bss           0x00813ad0        0x0 ../Polyv4_bsp/\libucosii_bsp.a(alt_write.o)
 .bss           0x00813ad0        0x0 ../Polyv4_bsp/\libucosii_bsp.a(alt_env_lock.o)
 .bss           0x00813ad0        0x0 ../Polyv4_bsp/\libucosii_bsp.a(alt_malloc_lock.o)
 .bss           0x00813ad0        0x0 ../Polyv4_bsp/\libucosii_bsp.a(os_core.o)
 .bss           0x00813ad0        0x0 ../Polyv4_bsp/\libucosii_bsp.a(os_dbg.o)
 .bss           0x00813ad0        0x0 ../Polyv4_bsp/\libucosii_bsp.a(os_flag.o)
 .bss           0x00813ad0        0x0 ../Polyv4_bsp/\libucosii_bsp.a(os_mem.o)
 .bss           0x00813ad0        0x0 ../Polyv4_bsp/\libucosii_bsp.a(os_q.o)
 .bss           0x00813ad0        0x0 ../Polyv4_bsp/\libucosii_bsp.a(os_sem.o)
 .bss           0x00813ad0        0x0 ../Polyv4_bsp/\libucosii_bsp.a(os_task.o)
 .bss           0x00813ad0        0x0 ../Polyv4_bsp/\libucosii_bsp.a(os_time.o)
 .bss           0x00813ad0        0x0 ../Polyv4_bsp/\libucosii_bsp.a(alt_sys_init.o)
 .bss           0x00813ad0        0x0 ../Polyv4_bsp/\libucosii_bsp.a(altera_avalon_fifo_util.o)
 .bss           0x00813ad0        0x0 ../Polyv4_bsp/\libucosii_bsp.a(altera_avalon_jtag_uart_fd.o)
 .bss           0x00813ad0        0x0 ../Polyv4_bsp/\libucosii_bsp.a(altera_avalon_jtag_uart_init.o)
 .bss           0x00813ad0        0x0 ../Polyv4_bsp/\libucosii_bsp.a(altera_avalon_jtag_uart_ioctl.o)
 .bss           0x00813ad0        0x0 ../Polyv4_bsp/\libucosii_bsp.a(altera_avalon_jtag_uart_read.o)
 .bss           0x00813ad0        0x0 ../Polyv4_bsp/\libucosii_bsp.a(altera_avalon_jtag_uart_write.o)
 .bss           0x00813ad0        0x0 ../Polyv4_bsp/\libucosii_bsp.a(altera_avalon_timer_sc.o)
 .bss           0x00813ad0        0x0 ../Polyv4_bsp/\libucosii_bsp.a(altera_up_avalon_audio.o)
 .bss           0x00813ad0        0x0 ../Polyv4_bsp/\libucosii_bsp.a(altera_up_avalon_audio_and_video_config.o)
 .bss           0x00813ad0        0x0 ../Polyv4_bsp/\libucosii_bsp.a(altera_up_avalon_character_lcd.o)
 .bss           0x00813ad0        0x0 ../Polyv4_bsp/\libucosii_bsp.a(alt_alarm_start.o)
 .bss           0x00813ad0        0x0 ../Polyv4_bsp/\libucosii_bsp.a(alt_dcache_flush_all.o)
 .bss           0x00813ad0        0x0 ../Polyv4_bsp/\libucosii_bsp.a(alt_dev_llist_insert.o)
 .bss           0x00813ad0        0x0 ../Polyv4_bsp/\libucosii_bsp.a(alt_do_ctors.o)
 .bss           0x00813ad0        0x0 ../Polyv4_bsp/\libucosii_bsp.a(alt_do_dtors.o)
 .bss           0x00813ad0        0x0 ../Polyv4_bsp/\libucosii_bsp.a(alt_find_dev.o)
 .bss           0x00813ad0        0x0 ../Polyv4_bsp/\libucosii_bsp.a(alt_icache_flush_all.o)
 .bss           0x00813ad0        0x0 ../Polyv4_bsp/\libucosii_bsp.a(alt_io_redirect.o)
 .bss           0x00813ad0        0x0 ../Polyv4_bsp/\libucosii_bsp.a(alt_irq_register.o)
 .bss           0x00813ad0        0x0 ../Polyv4_bsp/\libucosii_bsp.a(alt_irq_vars.o)
 .bss           0x00813ad0        0x0 ../Polyv4_bsp/\libucosii_bsp.a(alt_open.o)
 .bss           0x00813ad0        0x0 ../Polyv4_bsp/\libucosii_bsp.a(alt_tick.o)
 .bss           0x00813ad0        0x0 ../Polyv4_bsp/\libucosii_bsp.a(altera_nios2_qsys_irq.o)
 .bss           0x00813ad0        0x0 ../Polyv4_bsp/\libucosii_bsp.a(os_cpu_a.o)
 .bss           0x00813ad0        0x0 ../Polyv4_bsp/\libucosii_bsp.a(os_cpu_c.o)
 .bss           0x00813ad0        0x0 ../Polyv4_bsp/\libucosii_bsp.a(alt_find_file.o)
 .bss           0x00813ad0        0x0 ../Polyv4_bsp/\libucosii_bsp.a(alt_get_fd.o)
 .bss           0x00813ad0        0x0 ../Polyv4_bsp/\libucosii_bsp.a(alt_icache_flush.o)
 .bss           0x00813ad0        0x0 ../Polyv4_bsp/\libucosii_bsp.a(alt_irq_entry.o)
 .bss           0x00813ad0        0x0 ../Polyv4_bsp/\libucosii_bsp.a(alt_irq_handler.o)
 .bss           0x00813ad0        0x0 ../Polyv4_bsp/\libucosii_bsp.a(alt_exception_entry.o)
 .bss           0x00813ad0        0x0 c:/altera/12.1sp1/nios2eds/bin/gnu/h-i686-mingw32/bin/../lib/gcc/nios2-elf/4.1.2/../../../../nios2-elf/lib\libc.a(lib_a-atexit.o)
 .bss           0x00813ad0        0x0 c:/altera/12.1sp1/nios2eds/bin/gnu/h-i686-mingw32/bin/../lib/gcc/nios2-elf/4.1.2/../../../../nios2-elf/lib\libc.a(lib_a-exit.o)
 .bss           0x00813ad0        0x0 c:/altera/12.1sp1/nios2eds/bin/gnu/h-i686-mingw32/bin/../lib/gcc/nios2-elf/4.1.2/../../../../nios2-elf/lib\libc.a(lib_a-memcmp.o)
 .bss           0x00813ad0        0x0 c:/altera/12.1sp1/nios2eds/bin/gnu/h-i686-mingw32/bin/../lib/gcc/nios2-elf/4.1.2/../../../../nios2-elf/lib\libc.a(lib_a-__atexit.o)
 .bss           0x00813ad0        0x0 c:/altera/12.1sp1/nios2eds/bin/gnu/h-i686-mingw32/bin/../lib/gcc/nios2-elf/4.1.2/../../../../nios2-elf/lib\libc.a(lib_a-__call_atexit.o)
 .bss           0x00813ad0        0x0 c:/altera/12.1sp1/nios2eds/bin/gnu/h-i686-mingw32/bin/../lib/gcc/nios2-elf/4.1.2\libgcc.a(lib2-divmod.o)
 .bss           0x00813ad0        0x0 ../Polyv4_bsp/\libucosii_bsp.a(alt_exit.o)
 *(COMMON)
 COMMON         0x00813ad0     0x4000 obj/default/hello_ucosii.o
                0x00813ad0                task1_stk
                0x00815ad0                task2_stk
 COMMON         0x00817ad0     0x3224 ../Polyv4_bsp/\libucosii_bsp.a(os_core.o)
                0x00817ad0                OSFlagTbl
                0x00817e40                OSMemTbl
                0x00818a70                OSTaskStatStk
                0x00819270                OSQTbl
                0x00819450                OSTaskIdleStk
                0x00819c50                OSEventTbl
                0x0081a790                OSTCBTbl
                0x0081aca0                OSTCBPrioTbl
 COMMON         0x0081acf4      0x100 ../Polyv4_bsp/\libucosii_bsp.a(alt_irq_handler.o)
                0x0081acf4                alt_irq
 COMMON         0x0081adf4      0x190 c:/altera/12.1sp1/nios2eds/bin/gnu/h-i686-mingw32/bin/../lib/gcc/nios2-elf/4.1.2/../../../../nios2-elf/lib\libc.a(lib_a-atexit.o)
                0x0081adf4                _atexit0
                0x0081af84                . = ALIGN (0x4)
                0x0081af84                __bss_end = ABSOLUTE (.)

.sdram_0        0x0081af84        0x0
                0x0081af84                PROVIDE (_alt_partition_sdram_0_start, ABSOLUTE (.))
 *(.sdram_0. sdram_0.*)
                0x0081af84                . = ALIGN (0x4)
                0x0081af84                PROVIDE (_alt_partition_sdram_0_end, ABSOLUTE (.))
                0x0081af84                _end = ABSOLUTE (.)
                0x0081af84                end = ABSOLUTE (.)
                0x0081af84                __alt_stack_base = ABSOLUTE (.)
                0x0081af84                PROVIDE (_alt_partition_sdram_0_load_addr, LOADADDR (.sdram_0))

.sram_0         0x01080000        0x0 load address 0x0081af84
                0x01080000                PROVIDE (_alt_partition_sram_0_start, ABSOLUTE (.))
 *(.sram_0. sram_0.*)
                0x01080000                . = ALIGN (0x4)
                0x01080000                PROVIDE (_alt_partition_sram_0_end, ABSOLUTE (.))
                0x0081af84                PROVIDE (_alt_partition_sram_0_load_addr, LOADADDR (.sram_0))

.onchip_memory2_0
                0x011041c0        0x0 load address 0x0081af84
                0x011041c0                PROVIDE (_alt_partition_onchip_memory2_0_start, ABSOLUTE (.))
 *(.onchip_memory2_0. onchip_memory2_0.*)
                0x011041c0                . = ALIGN (0x4)
                0x011041c0                PROVIDE (_alt_partition_onchip_memory2_0_end, ABSOLUTE (.))
                0x0081af84                PROVIDE (_alt_partition_onchip_memory2_0_load_addr, LOADADDR (.onchip_memory2_0))

.stab
 *(.stab)

.stabstr
 *(.stabstr)

.stab.excl
 *(.stab.excl)

.stab.exclstr
 *(.stab.exclstr)

.stab.index
 *(.stab.index)

.stab.indexstr
 *(.stab.indexstr)

.comment        0x00000000       0x26
 *(.comment)
 .comment       0x00000000       0x26 obj/default/hello_ucosii.o
                                 0x27 (size before relaxing)
 .comment       0x00000000       0x27 c:/altera/12.1sp1/nios2eds/bin/gnu/h-i686-mingw32/bin/../lib/gcc/nios2-elf/4.1.2/../../../../nios2-elf/lib\libc.a(lib_a-puts.o)
 .comment       0x00000000       0x27 c:/altera/12.1sp1/nios2eds/bin/gnu/h-i686-mingw32/bin/../lib/gcc/nios2-elf/4.1.2/../../../../nios2-elf/lib\libc.a(lib_a-strlen.o)
 .comment       0x00000000       0x27 c:/altera/12.1sp1/nios2eds/bin/gnu/h-i686-mingw32/bin/../lib/gcc/nios2-elf/4.1.2/../../../../nios2-elf/lib\libc.a(lib_a-fvwrite.o)
 .comment       0x00000000       0x27 c:/altera/12.1sp1/nios2eds/bin/gnu/h-i686-mingw32/bin/../lib/gcc/nios2-elf/4.1.2/../../../../nios2-elf/lib\libc.a(lib_a-impure.o)
 .comment       0x00000000       0x27 c:/altera/12.1sp1/nios2eds/bin/gnu/h-i686-mingw32/bin/../lib/gcc/nios2-elf/4.1.2/../../../../nios2-elf/lib\libc.a(lib_a-mallocr.o)
 .comment       0x00000000       0x27 c:/altera/12.1sp1/nios2eds/bin/gnu/h-i686-mingw32/bin/../lib/gcc/nios2-elf/4.1.2/../../../../nios2-elf/lib\libc.a(lib_a-memchr.o)
 .comment       0x00000000       0x27 c:/altera/12.1sp1/nios2eds/bin/gnu/h-i686-mingw32/bin/../lib/gcc/nios2-elf/4.1.2/../../../../nios2-elf/lib\libc.a(lib_a-memcpy.o)
 .comment       0x00000000       0x27 c:/altera/12.1sp1/nios2eds/bin/gnu/h-i686-mingw32/bin/../lib/gcc/nios2-elf/4.1.2/../../../../nios2-elf/lib\libc.a(lib_a-memmove.o)
 .comment       0x00000000       0x27 c:/altera/12.1sp1/nios2eds/bin/gnu/h-i686-mingw32/bin/../lib/gcc/nios2-elf/4.1.2/../../../../nios2-elf/lib\libc.a(lib_a-reallocr.o)
 .comment       0x00000000       0x27 c:/altera/12.1sp1/nios2eds/bin/gnu/h-i686-mingw32/bin/../lib/gcc/nios2-elf/4.1.2/../../../../nios2-elf/lib\libc.a(lib_a-sbrkr.o)
 .comment       0x00000000       0x27 c:/altera/12.1sp1/nios2eds/bin/gnu/h-i686-mingw32/bin/../lib/gcc/nios2-elf/4.1.2/../../../../nios2-elf/lib\libc.a(lib_a-wsetup.o)
 .comment       0x00000000       0x27 c:/altera/12.1sp1/nios2eds/bin/gnu/h-i686-mingw32/bin/../lib/gcc/nios2-elf/4.1.2/../../../../nios2-elf/lib\libc.a(lib_a-fflush.o)
 .comment       0x00000000       0x27 c:/altera/12.1sp1/nios2eds/bin/gnu/h-i686-mingw32/bin/../lib/gcc/nios2-elf/4.1.2/../../../../nios2-elf/lib\libc.a(lib_a-findfp.o)
 .comment       0x00000000       0x27 c:/altera/12.1sp1/nios2eds/bin/gnu/h-i686-mingw32/bin/../lib/gcc/nios2-elf/4.1.2/../../../../nios2-elf/lib\libc.a(lib_a-freer.o)
 .comment       0x00000000       0x27 c:/altera/12.1sp1/nios2eds/bin/gnu/h-i686-mingw32/bin/../lib/gcc/nios2-elf/4.1.2/../../../../nios2-elf/lib\libc.a(lib_a-fwalk.o)
 .comment       0x00000000       0x27 c:/altera/12.1sp1/nios2eds/bin/gnu/h-i686-mingw32/bin/../lib/gcc/nios2-elf/4.1.2/../../../../nios2-elf/lib\libc.a(lib_a-int_errno.o)
 .comment       0x00000000       0x27 c:/altera/12.1sp1/nios2eds/bin/gnu/h-i686-mingw32/bin/../lib/gcc/nios2-elf/4.1.2/../../../../nios2-elf/lib\libc.a(lib_a-makebuf.o)
 .comment       0x00000000       0x27 c:/altera/12.1sp1/nios2eds/bin/gnu/h-i686-mingw32/bin/../lib/gcc/nios2-elf/4.1.2/../../../../nios2-elf/lib\libc.a(lib_a-memset.o)
 .comment       0x00000000       0x27 c:/altera/12.1sp1/nios2eds/bin/gnu/h-i686-mingw32/bin/../lib/gcc/nios2-elf/4.1.2/../../../../nios2-elf/lib\libc.a(lib_a-stdio.o)
 .comment       0x00000000       0x27 c:/altera/12.1sp1/nios2eds/bin/gnu/h-i686-mingw32/bin/../lib/gcc/nios2-elf/4.1.2/../../../../nios2-elf/lib\libc.a(lib_a-writer.o)
 .comment       0x00000000       0x27 c:/altera/12.1sp1/nios2eds/bin/gnu/h-i686-mingw32/bin/../lib/gcc/nios2-elf/4.1.2/../../../../nios2-elf/lib\libc.a(lib_a-closer.o)
 .comment       0x00000000       0x27 c:/altera/12.1sp1/nios2eds/bin/gnu/h-i686-mingw32/bin/../lib/gcc/nios2-elf/4.1.2/../../../../nios2-elf/lib\libc.a(lib_a-fclose.o)
 .comment       0x00000000       0x27 c:/altera/12.1sp1/nios2eds/bin/gnu/h-i686-mingw32/bin/../lib/gcc/nios2-elf/4.1.2/../../../../nios2-elf/lib\libc.a(lib_a-fstatr.o)
 .comment       0x00000000       0x27 c:/altera/12.1sp1/nios2eds/bin/gnu/h-i686-mingw32/bin/../lib/gcc/nios2-elf/4.1.2/../../../../nios2-elf/lib\libc.a(lib_a-isattyr.o)
 .comment       0x00000000       0x27 c:/altera/12.1sp1/nios2eds/bin/gnu/h-i686-mingw32/bin/../lib/gcc/nios2-elf/4.1.2/../../../../nios2-elf/lib\libc.a(lib_a-lseekr.o)
 .comment       0x00000000       0x27 c:/altera/12.1sp1/nios2eds/bin/gnu/h-i686-mingw32/bin/../lib/gcc/nios2-elf/4.1.2/../../../../nios2-elf/lib\libc.a(lib_a-readr.o)
 .comment       0x00000000       0x27 ../Polyv4_bsp/\libucosii_bsp.a(alt_close.o)
 .comment       0x00000000       0x27 ../Polyv4_bsp/\libucosii_bsp.a(alt_dev.o)
 .comment       0x00000000       0x27 ../Polyv4_bsp/\libucosii_bsp.a(alt_errno.o)
 .comment       0x00000000       0x27 ../Polyv4_bsp/\libucosii_bsp.a(alt_fstat.o)
 .comment       0x00000000       0x27 ../Polyv4_bsp/\libucosii_bsp.a(alt_isatty.o)
 .comment       0x00000000       0x27 ../Polyv4_bsp/\libucosii_bsp.a(alt_load.o)
 .comment       0x00000000       0x27 ../Polyv4_bsp/\libucosii_bsp.a(alt_lseek.o)
 .comment       0x00000000       0x27 ../Polyv4_bsp/\libucosii_bsp.a(alt_main.o)
 .comment       0x00000000       0x27 ../Polyv4_bsp/\libucosii_bsp.a(alt_read.o)
 .comment       0x00000000       0x27 ../Polyv4_bsp/\libucosii_bsp.a(alt_release_fd.o)
 .comment       0x00000000       0x27 ../Polyv4_bsp/\libucosii_bsp.a(alt_sbrk.o)
 .comment       0x00000000       0x27 ../Polyv4_bsp/\libucosii_bsp.a(alt_write.o)
 .comment       0x00000000       0x27 ../Polyv4_bsp/\libucosii_bsp.a(alt_env_lock.o)
 .comment       0x00000000       0x27 ../Polyv4_bsp/\libucosii_bsp.a(alt_malloc_lock.o)
 .comment       0x00000000       0x27 ../Polyv4_bsp/\libucosii_bsp.a(os_core.o)
 .comment       0x00000000       0x27 ../Polyv4_bsp/\libucosii_bsp.a(os_dbg.o)
 .comment       0x00000000       0x27 ../Polyv4_bsp/\libucosii_bsp.a(os_flag.o)
 .comment       0x00000000       0x27 ../Polyv4_bsp/\libucosii_bsp.a(os_mem.o)
 .comment       0x00000000       0x27 ../Polyv4_bsp/\libucosii_bsp.a(os_q.o)
 .comment       0x00000000       0x27 ../Polyv4_bsp/\libucosii_bsp.a(os_sem.o)
 .comment       0x00000000       0x27 ../Polyv4_bsp/\libucosii_bsp.a(os_task.o)
 .comment       0x00000000       0x27 ../Polyv4_bsp/\libucosii_bsp.a(os_time.o)
 .comment       0x00000000       0x27 ../Polyv4_bsp/\libucosii_bsp.a(alt_sys_init.o)
 .comment       0x00000000       0x27 ../Polyv4_bsp/\libucosii_bsp.a(altera_avalon_fifo_util.o)
 .comment       0x00000000       0x27 ../Polyv4_bsp/\libucosii_bsp.a(altera_avalon_jtag_uart_fd.o)
 .comment       0x00000000       0x27 ../Polyv4_bsp/\libucosii_bsp.a(altera_avalon_jtag_uart_init.o)
 .comment       0x00000000       0x27 ../Polyv4_bsp/\libucosii_bsp.a(altera_avalon_jtag_uart_ioctl.o)
 .comment       0x00000000       0x27 ../Polyv4_bsp/\libucosii_bsp.a(altera_avalon_jtag_uart_read.o)
 .comment       0x00000000       0x27 ../Polyv4_bsp/\libucosii_bsp.a(altera_avalon_jtag_uart_write.o)
 .comment       0x00000000       0x27 ../Polyv4_bsp/\libucosii_bsp.a(altera_avalon_timer_sc.o)
 .comment       0x00000000       0x27 ../Polyv4_bsp/\libucosii_bsp.a(altera_up_avalon_audio.o)
 .comment       0x00000000       0x27 ../Polyv4_bsp/\libucosii_bsp.a(altera_up_avalon_audio_and_video_config.o)
 .comment       0x00000000       0x27 ../Polyv4_bsp/\libucosii_bsp.a(altera_up_avalon_character_lcd.o)
 .comment       0x00000000       0x27 ../Polyv4_bsp/\libucosii_bsp.a(alt_alarm_start.o)
 .comment       0x00000000       0x27 ../Polyv4_bsp/\libucosii_bsp.a(alt_dcache_flush_all.o)
 .comment       0x00000000       0x27 ../Polyv4_bsp/\libucosii_bsp.a(alt_dev_llist_insert.o)
 .comment       0x00000000       0x27 ../Polyv4_bsp/\libucosii_bsp.a(alt_do_ctors.o)
 .comment       0x00000000       0x27 ../Polyv4_bsp/\libucosii_bsp.a(alt_do_dtors.o)
 .comment       0x00000000       0x27 ../Polyv4_bsp/\libucosii_bsp.a(alt_find_dev.o)
 .comment       0x00000000       0x27 ../Polyv4_bsp/\libucosii_bsp.a(alt_icache_flush_all.o)
 .comment       0x00000000       0x27 ../Polyv4_bsp/\libucosii_bsp.a(alt_io_redirect.o)
 .comment       0x00000000       0x27 ../Polyv4_bsp/\libucosii_bsp.a(alt_irq_register.o)
 .comment       0x00000000       0x27 ../Polyv4_bsp/\libucosii_bsp.a(alt_irq_vars.o)
 .comment       0x00000000       0x27 ../Polyv4_bsp/\libucosii_bsp.a(alt_open.o)
 .comment       0x00000000       0x27 ../Polyv4_bsp/\libucosii_bsp.a(alt_tick.o)
 .comment       0x00000000       0x27 ../Polyv4_bsp/\libucosii_bsp.a(altera_nios2_qsys_irq.o)
 .comment       0x00000000       0x27 ../Polyv4_bsp/\libucosii_bsp.a(os_cpu_c.o)
 .comment       0x00000000       0x27 ../Polyv4_bsp/\libucosii_bsp.a(alt_find_file.o)
 .comment       0x00000000       0x27 ../Polyv4_bsp/\libucosii_bsp.a(alt_get_fd.o)
 .comment       0x00000000       0x27 ../Polyv4_bsp/\libucosii_bsp.a(alt_icache_flush.o)
 .comment       0x00000000       0x27 ../Polyv4_bsp/\libucosii_bsp.a(alt_irq_handler.o)
 .comment       0x00000000       0x27 c:/altera/12.1sp1/nios2eds/bin/gnu/h-i686-mingw32/bin/../lib/gcc/nios2-elf/4.1.2/../../../../nios2-elf/lib\libc.a(lib_a-atexit.o)
 .comment       0x00000000       0x27 c:/altera/12.1sp1/nios2eds/bin/gnu/h-i686-mingw32/bin/../lib/gcc/nios2-elf/4.1.2/../../../../nios2-elf/lib\libc.a(lib_a-exit.o)
 .comment       0x00000000       0x27 c:/altera/12.1sp1/nios2eds/bin/gnu/h-i686-mingw32/bin/../lib/gcc/nios2-elf/4.1.2/../../../../nios2-elf/lib\libc.a(lib_a-memcmp.o)
 .comment       0x00000000       0x27 c:/altera/12.1sp1/nios2eds/bin/gnu/h-i686-mingw32/bin/../lib/gcc/nios2-elf/4.1.2/../../../../nios2-elf/lib\libc.a(lib_a-__atexit.o)
 .comment       0x00000000       0x27 c:/altera/12.1sp1/nios2eds/bin/gnu/h-i686-mingw32/bin/../lib/gcc/nios2-elf/4.1.2/../../../../nios2-elf/lib\libc.a(lib_a-__call_atexit.o)
 .comment       0x00000000       0x27 c:/altera/12.1sp1/nios2eds/bin/gnu/h-i686-mingw32/bin/../lib/gcc/nios2-elf/4.1.2\libgcc.a(lib2-divmod.o)
 .comment       0x00000000       0x27 ../Polyv4_bsp/\libucosii_bsp.a(alt_exit.o)

.debug
 *(.debug)

.line
 *(.line)

.debug_srcinfo
 *(.debug_srcinfo)

.debug_sfnames
 *(.debug_sfnames)

.debug_aranges  0x00000000      0xad8
 *(.debug_aranges)
 .debug_aranges
                0x00000000       0x28 ../Polyv4_bsp//obj/HAL/src/crt0.o
 .debug_aranges
                0x00000028       0x20 obj/default/hello_ucosii.o
 .debug_aranges
                0x00000048       0x20 c:/altera/12.1sp1/nios2eds/bin/gnu/h-i686-mingw32/bin/../lib/gcc/nios2-elf/4.1.2/../../../../nios2-elf/lib\libc.a(lib_a-puts.o)
 .debug_aranges
                0x00000068       0x20 c:/altera/12.1sp1/nios2eds/bin/gnu/h-i686-mingw32/bin/../lib/gcc/nios2-elf/4.1.2/../../../../nios2-elf/lib\libc.a(lib_a-strlen.o)
 .debug_aranges
                0x00000088       0x20 c:/altera/12.1sp1/nios2eds/bin/gnu/h-i686-mingw32/bin/../lib/gcc/nios2-elf/4.1.2/../../../../nios2-elf/lib\libc.a(lib_a-fvwrite.o)
 .debug_aranges
                0x000000a8       0x20 c:/altera/12.1sp1/nios2eds/bin/gnu/h-i686-mingw32/bin/../lib/gcc/nios2-elf/4.1.2/../../../../nios2-elf/lib\libc.a(lib_a-mallocr.o)
 .debug_aranges
                0x000000c8       0x20 c:/altera/12.1sp1/nios2eds/bin/gnu/h-i686-mingw32/bin/../lib/gcc/nios2-elf/4.1.2/../../../../nios2-elf/lib\libc.a(lib_a-memchr.o)
 .debug_aranges
                0x000000e8       0x20 c:/altera/12.1sp1/nios2eds/bin/gnu/h-i686-mingw32/bin/../lib/gcc/nios2-elf/4.1.2/../../../../nios2-elf/lib\libc.a(lib_a-memcpy.o)
 .debug_aranges
                0x00000108       0x20 c:/altera/12.1sp1/nios2eds/bin/gnu/h-i686-mingw32/bin/../lib/gcc/nios2-elf/4.1.2/../../../../nios2-elf/lib\libc.a(lib_a-memmove.o)
 .debug_aranges
                0x00000128       0x20 c:/altera/12.1sp1/nios2eds/bin/gnu/h-i686-mingw32/bin/../lib/gcc/nios2-elf/4.1.2/../../../../nios2-elf/lib\libc.a(lib_a-reallocr.o)
 .debug_aranges
                0x00000148       0x20 c:/altera/12.1sp1/nios2eds/bin/gnu/h-i686-mingw32/bin/../lib/gcc/nios2-elf/4.1.2/../../../../nios2-elf/lib\libc.a(lib_a-sbrkr.o)
 .debug_aranges
                0x00000168       0x20 c:/altera/12.1sp1/nios2eds/bin/gnu/h-i686-mingw32/bin/../lib/gcc/nios2-elf/4.1.2/../../../../nios2-elf/lib\libc.a(lib_a-wsetup.o)
 .debug_aranges
                0x00000188       0x20 c:/altera/12.1sp1/nios2eds/bin/gnu/h-i686-mingw32/bin/../lib/gcc/nios2-elf/4.1.2/../../../../nios2-elf/lib\libc.a(lib_a-fflush.o)
 .debug_aranges
                0x000001a8       0x20 c:/altera/12.1sp1/nios2eds/bin/gnu/h-i686-mingw32/bin/../lib/gcc/nios2-elf/4.1.2/../../../../nios2-elf/lib\libc.a(lib_a-findfp.o)
 .debug_aranges
                0x000001c8       0x20 c:/altera/12.1sp1/nios2eds/bin/gnu/h-i686-mingw32/bin/../lib/gcc/nios2-elf/4.1.2/../../../../nios2-elf/lib\libc.a(lib_a-freer.o)
 .debug_aranges
                0x000001e8       0x20 c:/altera/12.1sp1/nios2eds/bin/gnu/h-i686-mingw32/bin/../lib/gcc/nios2-elf/4.1.2/../../../../nios2-elf/lib\libc.a(lib_a-fwalk.o)
 .debug_aranges
                0x00000208       0x20 c:/altera/12.1sp1/nios2eds/bin/gnu/h-i686-mingw32/bin/../lib/gcc/nios2-elf/4.1.2/../../../../nios2-elf/lib\libc.a(lib_a-makebuf.o)
 .debug_aranges
                0x00000228       0x20 c:/altera/12.1sp1/nios2eds/bin/gnu/h-i686-mingw32/bin/../lib/gcc/nios2-elf/4.1.2/../../../../nios2-elf/lib\libc.a(lib_a-memset.o)
 .debug_aranges
                0x00000248       0x20 c:/altera/12.1sp1/nios2eds/bin/gnu/h-i686-mingw32/bin/../lib/gcc/nios2-elf/4.1.2/../../../../nios2-elf/lib\libc.a(lib_a-stdio.o)
 .debug_aranges
                0x00000268       0x20 c:/altera/12.1sp1/nios2eds/bin/gnu/h-i686-mingw32/bin/../lib/gcc/nios2-elf/4.1.2/../../../../nios2-elf/lib\libc.a(lib_a-writer.o)
 .debug_aranges
                0x00000288       0x20 c:/altera/12.1sp1/nios2eds/bin/gnu/h-i686-mingw32/bin/../lib/gcc/nios2-elf/4.1.2/../../../../nios2-elf/lib\libc.a(lib_a-closer.o)
 .debug_aranges
                0x000002a8       0x20 c:/altera/12.1sp1/nios2eds/bin/gnu/h-i686-mingw32/bin/../lib/gcc/nios2-elf/4.1.2/../../../../nios2-elf/lib\libc.a(lib_a-fclose.o)
 .debug_aranges
                0x000002c8       0x20 c:/altera/12.1sp1/nios2eds/bin/gnu/h-i686-mingw32/bin/../lib/gcc/nios2-elf/4.1.2/../../../../nios2-elf/lib\libc.a(lib_a-fstatr.o)
 .debug_aranges
                0x000002e8       0x20 c:/altera/12.1sp1/nios2eds/bin/gnu/h-i686-mingw32/bin/../lib/gcc/nios2-elf/4.1.2/../../../../nios2-elf/lib\libc.a(lib_a-isattyr.o)
 .debug_aranges
                0x00000308       0x20 c:/altera/12.1sp1/nios2eds/bin/gnu/h-i686-mingw32/bin/../lib/gcc/nios2-elf/4.1.2/../../../../nios2-elf/lib\libc.a(lib_a-lseekr.o)
 .debug_aranges
                0x00000328       0x20 c:/altera/12.1sp1/nios2eds/bin/gnu/h-i686-mingw32/bin/../lib/gcc/nios2-elf/4.1.2/../../../../nios2-elf/lib\libc.a(lib_a-readr.o)
 .debug_aranges
                0x00000348       0x20 ../Polyv4_bsp/\libucosii_bsp.a(alt_close.o)
 .debug_aranges
                0x00000368       0x20 ../Polyv4_bsp/\libucosii_bsp.a(alt_dev.o)
 .debug_aranges
                0x00000388       0x20 ../Polyv4_bsp/\libucosii_bsp.a(alt_fstat.o)
 .debug_aranges
                0x000003a8       0x20 ../Polyv4_bsp/\libucosii_bsp.a(alt_isatty.o)
 .debug_aranges
                0x000003c8       0x20 ../Polyv4_bsp/\libucosii_bsp.a(alt_load.o)
 .debug_aranges
                0x000003e8       0x20 ../Polyv4_bsp/\libucosii_bsp.a(alt_lseek.o)
 .debug_aranges
                0x00000408       0x20 ../Polyv4_bsp/\libucosii_bsp.a(alt_main.o)
 .debug_aranges
                0x00000428       0x20 ../Polyv4_bsp/\libucosii_bsp.a(alt_read.o)
 .debug_aranges
                0x00000448       0x20 ../Polyv4_bsp/\libucosii_bsp.a(alt_release_fd.o)
 .debug_aranges
                0x00000468       0x20 ../Polyv4_bsp/\libucosii_bsp.a(alt_sbrk.o)
 .debug_aranges
                0x00000488       0x20 ../Polyv4_bsp/\libucosii_bsp.a(alt_write.o)
 .debug_aranges
                0x000004a8       0x20 ../Polyv4_bsp/\libucosii_bsp.a(alt_env_lock.o)
 .debug_aranges
                0x000004c8       0x20 ../Polyv4_bsp/\libucosii_bsp.a(alt_malloc_lock.o)
 .debug_aranges
                0x000004e8       0x20 ../Polyv4_bsp/\libucosii_bsp.a(os_core.o)
 .debug_aranges
                0x00000508       0x20 ../Polyv4_bsp/\libucosii_bsp.a(os_dbg.o)
 .debug_aranges
                0x00000528       0x20 ../Polyv4_bsp/\libucosii_bsp.a(os_flag.o)
 .debug_aranges
                0x00000548       0x20 ../Polyv4_bsp/\libucosii_bsp.a(os_mem.o)
 .debug_aranges
                0x00000568       0x20 ../Polyv4_bsp/\libucosii_bsp.a(os_q.o)
 .debug_aranges
                0x00000588       0x20 ../Polyv4_bsp/\libucosii_bsp.a(os_sem.o)
 .debug_aranges
                0x000005a8       0x20 ../Polyv4_bsp/\libucosii_bsp.a(os_task.o)
 .debug_aranges
                0x000005c8       0x20 ../Polyv4_bsp/\libucosii_bsp.a(os_time.o)
 .debug_aranges
                0x000005e8       0x20 ../Polyv4_bsp/\libucosii_bsp.a(alt_sys_init.o)
 .debug_aranges
                0x00000608       0x20 ../Polyv4_bsp/\libucosii_bsp.a(altera_avalon_fifo_util.o)
 .debug_aranges
                0x00000628       0x20 ../Polyv4_bsp/\libucosii_bsp.a(altera_avalon_jtag_uart_fd.o)
 .debug_aranges
                0x00000648       0x20 ../Polyv4_bsp/\libucosii_bsp.a(altera_avalon_jtag_uart_init.o)
 .debug_aranges
                0x00000668       0x20 ../Polyv4_bsp/\libucosii_bsp.a(altera_avalon_jtag_uart_ioctl.o)
 .debug_aranges
                0x00000688       0x20 ../Polyv4_bsp/\libucosii_bsp.a(altera_avalon_jtag_uart_read.o)
 .debug_aranges
                0x000006a8       0x20 ../Polyv4_bsp/\libucosii_bsp.a(altera_avalon_jtag_uart_write.o)
 .debug_aranges
                0x000006c8       0x20 ../Polyv4_bsp/\libucosii_bsp.a(altera_avalon_timer_sc.o)
 .debug_aranges
                0x000006e8       0x20 ../Polyv4_bsp/\libucosii_bsp.a(altera_up_avalon_audio.o)
 .debug_aranges
                0x00000708       0x20 ../Polyv4_bsp/\libucosii_bsp.a(altera_up_avalon_audio_and_video_config.o)
 .debug_aranges
                0x00000728       0x20 ../Polyv4_bsp/\libucosii_bsp.a(altera_up_avalon_character_lcd.o)
 .debug_aranges
                0x00000748       0x20 ../Polyv4_bsp/\libucosii_bsp.a(alt_alarm_start.o)
 .debug_aranges
                0x00000768       0x20 ../Polyv4_bsp/\libucosii_bsp.a(alt_dcache_flush_all.o)
 .debug_aranges
                0x00000788       0x20 ../Polyv4_bsp/\libucosii_bsp.a(alt_dev_llist_insert.o)
 .debug_aranges
                0x000007a8       0x20 ../Polyv4_bsp/\libucosii_bsp.a(alt_do_ctors.o)
 .debug_aranges
                0x000007c8       0x20 ../Polyv4_bsp/\libucosii_bsp.a(alt_do_dtors.o)
 .debug_aranges
                0x000007e8       0x20 ../Polyv4_bsp/\libucosii_bsp.a(alt_find_dev.o)
 .debug_aranges
                0x00000808       0x20 ../Polyv4_bsp/\libucosii_bsp.a(alt_icache_flush_all.o)
 .debug_aranges
                0x00000828       0x20 ../Polyv4_bsp/\libucosii_bsp.a(alt_io_redirect.o)
 .debug_aranges
                0x00000848       0x20 ../Polyv4_bsp/\libucosii_bsp.a(alt_irq_register.o)
 .debug_aranges
                0x00000868       0x20 ../Polyv4_bsp/\libucosii_bsp.a(alt_open.o)
 .debug_aranges
                0x00000888       0x20 ../Polyv4_bsp/\libucosii_bsp.a(alt_tick.o)
 .debug_aranges
                0x000008a8       0x20 ../Polyv4_bsp/\libucosii_bsp.a(altera_nios2_qsys_irq.o)
 .debug_aranges
                0x000008c8       0x20 ../Polyv4_bsp/\libucosii_bsp.a(os_cpu_a.o)
 .debug_aranges
                0x000008e8       0x20 ../Polyv4_bsp/\libucosii_bsp.a(os_cpu_c.o)
 .debug_aranges
                0x00000908       0x20 ../Polyv4_bsp/\libucosii_bsp.a(alt_find_file.o)
 .debug_aranges
                0x00000928       0x20 ../Polyv4_bsp/\libucosii_bsp.a(alt_get_fd.o)
 .debug_aranges
                0x00000948       0x20 ../Polyv4_bsp/\libucosii_bsp.a(alt_icache_flush.o)
 .debug_aranges
                0x00000968       0x30 ../Polyv4_bsp/\libucosii_bsp.a(alt_irq_entry.o)
 .debug_aranges
                0x00000998       0x28 ../Polyv4_bsp/\libucosii_bsp.a(alt_irq_handler.o)
 .debug_aranges
                0x000009c0       0x38 ../Polyv4_bsp/\libucosii_bsp.a(alt_exception_entry.o)
 .debug_aranges
                0x000009f8       0x20 c:/altera/12.1sp1/nios2eds/bin/gnu/h-i686-mingw32/bin/../lib/gcc/nios2-elf/4.1.2/../../../../nios2-elf/lib\libc.a(lib_a-atexit.o)
 .debug_aranges
                0x00000a18       0x20 c:/altera/12.1sp1/nios2eds/bin/gnu/h-i686-mingw32/bin/../lib/gcc/nios2-elf/4.1.2/../../../../nios2-elf/lib\libc.a(lib_a-exit.o)
 .debug_aranges
                0x00000a38       0x20 c:/altera/12.1sp1/nios2eds/bin/gnu/h-i686-mingw32/bin/../lib/gcc/nios2-elf/4.1.2/../../../../nios2-elf/lib\libc.a(lib_a-memcmp.o)
 .debug_aranges
                0x00000a58       0x20 c:/altera/12.1sp1/nios2eds/bin/gnu/h-i686-mingw32/bin/../lib/gcc/nios2-elf/4.1.2/../../../../nios2-elf/lib\libc.a(lib_a-__atexit.o)
 .debug_aranges
                0x00000a78       0x20 c:/altera/12.1sp1/nios2eds/bin/gnu/h-i686-mingw32/bin/../lib/gcc/nios2-elf/4.1.2/../../../../nios2-elf/lib\libc.a(lib_a-__call_atexit.o)
 .debug_aranges
                0x00000a98       0x20 c:/altera/12.1sp1/nios2eds/bin/gnu/h-i686-mingw32/bin/../lib/gcc/nios2-elf/4.1.2\libgcc.a(lib2-divmod.o)
 .debug_aranges
                0x00000ab8       0x20 ../Polyv4_bsp/\libucosii_bsp.a(alt_exit.o)

.debug_pubnames
                0x00000000     0x235b
 *(.debug_pubnames)
 .debug_pubnames
                0x00000000       0x4b obj/default/hello_ucosii.o
 .debug_pubnames
                0x0000004b       0x27 c:/altera/12.1sp1/nios2eds/bin/gnu/h-i686-mingw32/bin/../lib/gcc/nios2-elf/4.1.2/../../../../nios2-elf/lib\libc.a(lib_a-puts.o)
 .debug_pubnames
                0x00000072       0x1d c:/altera/12.1sp1/nios2eds/bin/gnu/h-i686-mingw32/bin/../lib/gcc/nios2-elf/4.1.2/../../../../nios2-elf/lib\libc.a(lib_a-strlen.o)
 .debug_pubnames
                0x0000008f       0x23 c:/altera/12.1sp1/nios2eds/bin/gnu/h-i686-mingw32/bin/../lib/gcc/nios2-elf/4.1.2/../../../../nios2-elf/lib\libc.a(lib_a-fvwrite.o)
 .debug_pubnames
                0x000000b2       0x39 c:/altera/12.1sp1/nios2eds/bin/gnu/h-i686-mingw32/bin/../lib/gcc/nios2-elf/4.1.2/../../../../nios2-elf/lib\libc.a(lib_a-impure.o)
 .debug_pubnames
                0x000000eb       0xce c:/altera/12.1sp1/nios2eds/bin/gnu/h-i686-mingw32/bin/../lib/gcc/nios2-elf/4.1.2/../../../../nios2-elf/lib\libc.a(lib_a-mallocr.o)
 .debug_pubnames
                0x000001b9       0x1d c:/altera/12.1sp1/nios2eds/bin/gnu/h-i686-mingw32/bin/../lib/gcc/nios2-elf/4.1.2/../../../../nios2-elf/lib\libc.a(lib_a-memchr.o)
 .debug_pubnames
                0x000001d6       0x1d c:/altera/12.1sp1/nios2eds/bin/gnu/h-i686-mingw32/bin/../lib/gcc/nios2-elf/4.1.2/../../../../nios2-elf/lib\libc.a(lib_a-memcpy.o)
 .debug_pubnames
                0x000001f3       0x1e c:/altera/12.1sp1/nios2eds/bin/gnu/h-i686-mingw32/bin/../lib/gcc/nios2-elf/4.1.2/../../../../nios2-elf/lib\libc.a(lib_a-memmove.o)
 .debug_pubnames
                0x00000211       0x21 c:/altera/12.1sp1/nios2eds/bin/gnu/h-i686-mingw32/bin/../lib/gcc/nios2-elf/4.1.2/../../../../nios2-elf/lib\libc.a(lib_a-reallocr.o)
 .debug_pubnames
                0x00000232       0x1e c:/altera/12.1sp1/nios2eds/bin/gnu/h-i686-mingw32/bin/../lib/gcc/nios2-elf/4.1.2/../../../../nios2-elf/lib\libc.a(lib_a-sbrkr.o)
 .debug_pubnames
                0x00000250       0x22 c:/altera/12.1sp1/nios2eds/bin/gnu/h-i686-mingw32/bin/../lib/gcc/nios2-elf/4.1.2/../../../../nios2-elf/lib\libc.a(lib_a-wsetup.o)
 .debug_pubnames
                0x00000272       0x2b c:/altera/12.1sp1/nios2eds/bin/gnu/h-i686-mingw32/bin/../lib/gcc/nios2-elf/4.1.2/../../../../nios2-elf/lib\libc.a(lib_a-fflush.o)
 .debug_pubnames
                0x0000029d       0xdb c:/altera/12.1sp1/nios2eds/bin/gnu/h-i686-mingw32/bin/../lib/gcc/nios2-elf/4.1.2/../../../../nios2-elf/lib\libc.a(lib_a-findfp.o)
 .debug_pubnames
                0x00000378       0x31 c:/altera/12.1sp1/nios2eds/bin/gnu/h-i686-mingw32/bin/../lib/gcc/nios2-elf/4.1.2/../../../../nios2-elf/lib\libc.a(lib_a-freer.o)
 .debug_pubnames
                0x000003a9       0x2e c:/altera/12.1sp1/nios2eds/bin/gnu/h-i686-mingw32/bin/../lib/gcc/nios2-elf/4.1.2/../../../../nios2-elf/lib\libc.a(lib_a-fwalk.o)
 .debug_pubnames
                0x000003d7       0x1c c:/altera/12.1sp1/nios2eds/bin/gnu/h-i686-mingw32/bin/../lib/gcc/nios2-elf/4.1.2/../../../../nios2-elf/lib\libc.a(lib_a-int_errno.o)
 .debug_pubnames
                0x000003f3       0x23 c:/altera/12.1sp1/nios2eds/bin/gnu/h-i686-mingw32/bin/../lib/gcc/nios2-elf/4.1.2/../../../../nios2-elf/lib\libc.a(lib_a-makebuf.o)
 .debug_pubnames
                0x00000416       0x1d c:/altera/12.1sp1/nios2eds/bin/gnu/h-i686-mingw32/bin/../lib/gcc/nios2-elf/4.1.2/../../../../nios2-elf/lib\libc.a(lib_a-memset.o)
 .debug_pubnames
                0x00000433       0x44 c:/altera/12.1sp1/nios2eds/bin/gnu/h-i686-mingw32/bin/../lib/gcc/nios2-elf/4.1.2/../../../../nios2-elf/lib\libc.a(lib_a-stdio.o)
 .debug_pubnames
                0x00000477       0x1f c:/altera/12.1sp1/nios2eds/bin/gnu/h-i686-mingw32/bin/../lib/gcc/nios2-elf/4.1.2/../../../../nios2-elf/lib\libc.a(lib_a-writer.o)
 .debug_pubnames
                0x00000496       0x1f c:/altera/12.1sp1/nios2eds/bin/gnu/h-i686-mingw32/bin/../lib/gcc/nios2-elf/4.1.2/../../../../nios2-elf/lib\libc.a(lib_a-closer.o)
 .debug_pubnames
                0x000004b5       0x2b c:/altera/12.1sp1/nios2eds/bin/gnu/h-i686-mingw32/bin/../lib/gcc/nios2-elf/4.1.2/../../../../nios2-elf/lib\libc.a(lib_a-fclose.o)
 .debug_pubnames
                0x000004e0       0x1f c:/altera/12.1sp1/nios2eds/bin/gnu/h-i686-mingw32/bin/../lib/gcc/nios2-elf/4.1.2/../../../../nios2-elf/lib\libc.a(lib_a-fstatr.o)
 .debug_pubnames
                0x000004ff       0x20 c:/altera/12.1sp1/nios2eds/bin/gnu/h-i686-mingw32/bin/../lib/gcc/nios2-elf/4.1.2/../../../../nios2-elf/lib\libc.a(lib_a-isattyr.o)
 .debug_pubnames
                0x0000051f       0x1f c:/altera/12.1sp1/nios2eds/bin/gnu/h-i686-mingw32/bin/../lib/gcc/nios2-elf/4.1.2/../../../../nios2-elf/lib\libc.a(lib_a-lseekr.o)
 .debug_pubnames
                0x0000053e       0x1e c:/altera/12.1sp1/nios2eds/bin/gnu/h-i686-mingw32/bin/../lib/gcc/nios2-elf/4.1.2/../../../../nios2-elf/lib\libc.a(lib_a-readr.o)
 .debug_pubnames
                0x0000055c       0x1c ../Polyv4_bsp/\libucosii_bsp.a(alt_close.o)
 .debug_pubnames
                0x00000578       0x78 ../Polyv4_bsp/\libucosii_bsp.a(alt_dev.o)
 .debug_pubnames
                0x000005f0       0x20 ../Polyv4_bsp/\libucosii_bsp.a(alt_errno.o)
 .debug_pubnames
                0x00000610       0x1c ../Polyv4_bsp/\libucosii_bsp.a(alt_fstat.o)
 .debug_pubnames
                0x0000062c       0x1d ../Polyv4_bsp/\libucosii_bsp.a(alt_isatty.o)
 .debug_pubnames
                0x00000649       0x1f ../Polyv4_bsp/\libucosii_bsp.a(alt_load.o)
 .debug_pubnames
                0x00000668       0x1c ../Polyv4_bsp/\libucosii_bsp.a(alt_lseek.o)
 .debug_pubnames
                0x00000684       0x46 ../Polyv4_bsp/\libucosii_bsp.a(alt_main.o)
 .debug_pubnames
                0x000006ca       0x1b ../Polyv4_bsp/\libucosii_bsp.a(alt_read.o)
 .debug_pubnames
                0x000006e5       0x25 ../Polyv4_bsp/\libucosii_bsp.a(alt_release_fd.o)
 .debug_pubnames
                0x0000070a       0x1b ../Polyv4_bsp/\libucosii_bsp.a(alt_sbrk.o)
 .debug_pubnames
                0x00000725       0x1c ../Polyv4_bsp/\libucosii_bsp.a(alt_write.o)
 .debug_pubnames
                0x00000741       0x41 ../Polyv4_bsp/\libucosii_bsp.a(alt_env_lock.o)
 .debug_pubnames
                0x00000782       0x48 ../Polyv4_bsp/\libucosii_bsp.a(alt_malloc_lock.o)
 .debug_pubnames
                0x000007ca      0x3f8 ../Polyv4_bsp/\libucosii_bsp.a(os_core.o)
 .debug_pubnames
                0x00000bc2      0x3c5 ../Polyv4_bsp/\libucosii_bsp.a(os_dbg.o)
 .debug_pubnames
                0x00000f87       0xd0 ../Polyv4_bsp/\libucosii_bsp.a(os_flag.o)
 .debug_pubnames